Java HotSpot(TM) 64-Bit Server VM (25.261-b12) for windows-amd64 JRE (1.8.0_261-b12), built on Jun 18 2020 06:56:32 by "" with unknown MS VC++:1916
Memory: 4k page, physical 16660708k(10508740k free), swap 19151076k(10541560k free)
CommandLine flags: -XX:+AlwaysPreTouch -XX:+ExplicitGCInvokesConcurrent -XX:GCLogFileSize=20971520 -XX:InitialHeapSize=536870912 -XX:MaxGCPauseMillis=250 -XX:MaxHeapSize=536870912 -XX:NumberOfGCLogFiles=9 -XX:-OmitStackTraceInFastThrow -XX:+ParallelRefProcEnabled -XX:+PerfDisableSharedMem -XX:+PrintGC -XX:+PrintGCApplicationStoppedTime -XX:+PrintGCDateStamps -XX:+PrintGCDetails -XX:+PrintGCTimeStamps -XX:+PrintHeapAtGC -XX:+PrintTenuringDistribution -XX:ThreadStackSize=256 -XX:+UseCompressedClassPointers -XX:+UseCompressedOops -XX:+UseG1GC -XX:+UseGCLogFileRotation -XX:-UseLargePages -XX:-UseLargePagesIndividualAllocation 
2021-03-30T09:44:55.180+0800: 0.595: Total time for which application threads were stopped: 0.0001935 seconds, Stopping threads took: 0.0000319 seconds
2021-03-30T09:44:55.358+0800: 0.773: Total time for which application threads were stopped: 0.0001416 seconds, Stopping threads took: 0.0000228 seconds
2021-03-30T09:44:56.117+0800: 1.532: Total time for which application threads were stopped: 0.0001434 seconds, Stopping threads took: 0.0000260 seconds
2021-03-30T09:44:56.232+0800: 1.646: Total time for which application threads were stopped: 0.0001868 seconds, Stopping threads took: 0.0000323 seconds
{Heap before GC invocations=0 (full 0):
 garbage-first heap   total 524288K, used 30720K [0x00000000e0000000, 0x00000000e0101000, 0x0000000100000000)
  region size 1024K, 30 young (30720K), 0 survivors (0K)
 Metaspace       used 10085K, capacity 10384K, committed 10624K, reserved 1058816K
  class space    used 1264K, capacity 1360K, committed 1408K, reserved 1048576K
2021-03-30T09:44:56.511+0800: 1.925: [GC pause (G1 Evacuation Pause) (young)
Desired survivor size 2097152 bytes, new threshold 15 (max 15)
, 0.0071343 secs]
   [Parallel Time: 3.9 ms, GC Workers: 8]
      [GC Worker Start (ms): Min: 1925.3, Avg: 1925.4, Max: 1925.4, Diff: 0.1]
      [Ext Root Scanning (ms): Min: 0.1, Avg: 0.7, Max: 3.6, Diff: 3.5, Sum: 5.9]
      [Update RS (ms): Min: 0.0, Avg: 0.0, Max: 0.0, Diff: 0.0, Sum: 0.0]
         [Processed Buffers: Min: 0, Avg: 0.0, Max: 0, Diff: 0, Sum: 0]
      [Scan RS (ms): Min: 0.0, Avg: 0.0, Max: 0.0, Diff: 0.0, Sum: 0.0]
      [Code Root Scanning (ms): Min: 0.0, Avg: 0.2, Max: 1.0, Diff: 1.0, Sum: 1.6]
      [Object Copy (ms): Min: 0.0, Avg: 2.0, Max: 2.7, Diff: 2.7, Sum: 16.2]
      [Termination (ms): Min: 0.0, Avg: 0.7, Max: 0.9, Diff: 0.9, Sum: 5.7]
         [Termination Attempts: Min: 1, Avg: 37.6, Max: 58, Diff: 57, Sum: 301]
      [GC Worker Other (ms): Min: 0.0, Avg: 0.0, Max: 0.1, Diff: 0.0, Sum: 0.4]
      [GC Worker Total (ms): Min: 3.7, Avg: 3.7, Max: 3.8, Diff: 0.1, Sum: 29.8]
      [GC Worker End (ms): Min: 1929.1, Avg: 1929.1, Max: 1929.1, Diff: 0.0]
   [Code Root Fixup: 0.0 ms]
   [Code Root Purge: 0.0 ms]
   [Clear CT: 0.1 ms]
   [Other: 3.1 ms]
      [Choose CSet: 0.0 ms]
      [Ref Proc: 2.6 ms]
      [Ref Enq: 0.1 ms]
      [Redirty Cards: 0.1 ms]
      [Humongous Register: 0.0 ms]
      [Humongous Reclaim: 0.0 ms]
      [Free CSet: 0.0 ms]
   [Eden: 30.0M(30.0M)->0.0B(49.0M) Survivors: 0.0B->4096.0K Heap: 30.0M(512.0M)->5575.5K(512.0M)]
Heap after GC invocations=1 (full 0):
 garbage-first heap   total 524288K, used 5575K [0x00000000e0000000, 0x00000000e0101000, 0x0000000100000000)
  region size 1024K, 4 young (4096K), 4 survivors (4096K)
 Metaspace       used 10085K, capacity 10384K, committed 10624K, reserved 1058816K
  class space    used 1264K, capacity 1360K, committed 1408K, reserved 1048576K
}
 [Times: user=0.11 sys=0.00, real=0.01 secs] 
2021-03-30T09:44:56.518+0800: 1.933: Total time for which application threads were stopped: 0.0075773 seconds, Stopping threads took: 0.0000243 seconds
2021-03-30T09:44:56.544+0800: 1.958: Total time for which application threads were stopped: 0.0001715 seconds, Stopping threads took: 0.0000240 seconds
2021-03-30T09:44:56.715+0800: 2.129: Total time for which application threads were stopped: 0.0002320 seconds, Stopping threads took: 0.0000283 seconds
2021-03-30T09:44:57.222+0800: 2.637: Total time for which application threads were stopped: 0.0003303 seconds, Stopping threads took: 0.0000382 seconds
2021-03-30T09:44:57.230+0800: 2.644: Total time for which application threads were stopped: 0.0002277 seconds, Stopping threads took: 0.0000293 seconds
2021-03-30T09:44:57.347+0800: 2.761: Total time for which application threads were stopped: 0.0002734 seconds, Stopping threads took: 0.0000270 seconds
{Heap before GC invocations=1 (full 0):
 garbage-first heap   total 524288K, used 54727K [0x00000000e0000000, 0x00000000e0101000, 0x0000000100000000)
  region size 1024K, 50 young (51200K), 4 survivors (4096K)
 Metaspace       used 18432K, capacity 18822K, committed 19072K, reserved 1067008K
  class space    used 2301K, capacity 2404K, committed 2432K, reserved 1048576K
2021-03-30T09:44:58.101+0800: 3.516: [GC pause (G1 Evacuation Pause) (young)
Desired survivor size 3670016 bytes, new threshold 15 (max 15)
- age   1:    2535840 bytes,    2535840 total
, 0.0493306 secs]
   [Parallel Time: 35.7 ms, GC Workers: 8]
      [GC Worker Start (ms): Min: 3516.3, Avg: 3516.4, Max: 3516.6, Diff: 0.2]
      [Ext Root Scanning (ms): Min: 1.5, Avg: 3.9, Max: 6.8, Diff: 5.3, Sum: 31.0]
      [Update RS (ms): Min: 3.3, Avg: 4.1, Max: 7.2, Diff: 4.0, Sum: 33.2]
         [Processed Buffers: Min: 1, Avg: 1.1, Max: 2, Diff: 1, Sum: 9]
      [Scan RS (ms): Min: 0.0, Avg: 0.1, Max: 0.3, Diff: 0.3, Sum: 1.2]
      [Code Root Scanning (ms): Min: 0.0, Avg: 0.6, Max: 3.6, Diff: 3.6, Sum: 5.0]
      [Object Copy (ms): Min: 22.7, Avg: 26.2, Max: 28.6, Diff: 5.9, Sum: 209.4]
      [Termination (ms): Min: 0.0, Avg: 0.3, Max: 0.4, Diff: 0.3, Sum: 2.0]
         [Termination Attempts: Min: 1, Avg: 62.3, Max: 92, Diff: 91, Sum: 498]
      [GC Worker Other (ms): Min: 0.0, Avg: 0.1, Max: 0.1, Diff: 0.1, Sum: 0.4]
      [GC Worker Total (ms): Min: 35.1, Avg: 35.3, Max: 35.4, Diff: 0.3, Sum: 282.2]
      [GC Worker End (ms): Min: 3551.7, Avg: 3551.7, Max: 3551.8, Diff: 0.1]
   [Code Root Fixup: 0.1 ms]
   [Code Root Purge: 0.0 ms]
   [Clear CT: 0.9 ms]
   [Other: 12.5 ms]
      [Choose CSet: 0.0 ms]
      [Ref Proc: 10.6 ms]
      [Ref Enq: 0.6 ms]
      [Redirty Cards: 0.8 ms]
      [Humongous Register: 0.0 ms]
      [Humongous Reclaim: 0.0 ms]
      [Free CSet: 0.2 ms]
   [Eden: 46.0M(46.0M)->0.0B(223.0M) Survivors: 4096.0K->7168.0K Heap: 53.4M(512.0M)->20.4M(512.0M)]
Heap after GC invocations=2 (full 0):
 garbage-first heap   total 524288K, used 20910K [0x00000000e0000000, 0x00000000e0101000, 0x0000000100000000)
  region size 1024K, 7 young (7168K), 7 survivors (7168K)
 Metaspace       used 18432K, capacity 18822K, committed 19072K, reserved 1067008K
  class space    used 2301K, capacity 2404K, committed 2432K, reserved 1048576K
}
 [Times: user=0.23 sys=0.02, real=0.05 secs] 
2021-03-30T09:44:58.152+0800: 3.566: Total time for which application threads were stopped: 0.0508615 seconds, Stopping threads took: 0.0002416 seconds
{Heap before GC invocations=2 (full 0):
 garbage-first heap   total 524288K, used 44462K [0x00000000e0000000, 0x00000000e0101000, 0x0000000100000000)
  region size 1024K, 30 young (30720K), 7 survivors (7168K)
 Metaspace       used 18622K, capacity 19000K, committed 19456K, reserved 1067008K
  class space    used 2318K, capacity 2441K, committed 2560K, reserved 1048576K
2021-03-30T09:44:58.566+0800: 3.980: [GC pause (G1 Evacuation Pause) (young)
Desired survivor size 2097152 bytes, new threshold 1 (max 15)
- age   1:    5155688 bytes,    5155688 total
- age   2:     658024 bytes,    5813712 total
, 0.0361883 secs]
   [Parallel Time: 23.4 ms, GC Workers: 8]
      [GC Worker Start (ms): Min: 3980.2, Avg: 3980.4, Max: 3980.6, Diff: 0.4]
      [Ext Root Scanning (ms): Min: 0.3, Avg: 1.2, Max: 4.4, Diff: 4.1, Sum: 9.2]
      [Update RS (ms): Min: 0.0, Avg: 0.6, Max: 1.0, Diff: 1.0, Sum: 4.7]
         [Processed Buffers: Min: 0, Avg: 1.9, Max: 5, Diff: 5, Sum: 15]
      [Scan RS (ms): Min: 2.7, Avg: 4.7, Max: 5.8, Diff: 3.1, Sum: 37.3]
      [Code Root Scanning (ms): Min: 0.0, Avg: 1.2, Max: 2.7, Diff: 2.7, Sum: 9.3]
      [Object Copy (ms): Min: 13.7, Avg: 14.8, Max: 15.9, Diff: 2.1, Sum: 118.3]
      [Termination (ms): Min: 0.0, Avg: 0.0, Max: 0.1, Diff: 0.1, Sum: 0.3]
         [Termination Attempts: Min: 1, Avg: 69.4, Max: 87, Diff: 86, Sum: 555]
      [GC Worker Other (ms): Min: 0.0, Avg: 0.0, Max: 0.1, Diff: 0.1, Sum: 0.4]
      [GC Worker Total (ms): Min: 22.3, Avg: 22.4, Max: 22.7, Diff: 0.4, Sum: 179.4]
      [GC Worker End (ms): Min: 4002.8, Avg: 4002.8, Max: 4002.8, Diff: 0.0]
   [Code Root Fixup: 0.1 ms]
   [Code Root Purge: 0.0 ms]
   [Clear CT: 1.0 ms]
   [Other: 11.6 ms]
      [Choose CSet: 0.0 ms]
      [Ref Proc: 9.3 ms]
      [Ref Enq: 1.1 ms]
      [Redirty Cards: 0.8 ms]
      [Humongous Register: 0.0 ms]
      [Humongous Reclaim: 0.0 ms]
      [Free CSet: 0.2 ms]
   [Eden: 23.0M(18.0M)->0.0B(303.0M) Survivors: 7168.0K->4096.0K Heap: 43.4M(512.0M)->28.5M(512.0M)]
Heap after GC invocations=3 (full 0):
 garbage-first heap   total 524288K, used 29184K [0x00000000e0000000, 0x00000000e0101000, 0x0000000100000000)
  region size 1024K, 4 young (4096K), 4 survivors (4096K)
 Metaspace       used 18622K, capacity 19000K, committed 19456K, reserved 1067008K
  class space    used 2318K, capacity 2441K, committed 2560K, reserved 1048576K
}
 [Times: user=0.20 sys=0.00, real=0.04 secs] 
2021-03-30T09:44:58.602+0800: 4.017: Total time for which application threads were stopped: 0.0369120 seconds, Stopping threads took: 0.0000633 seconds
2021-03-30T09:44:58.987+0800: 4.401: Total time for which application threads were stopped: 0.0004575 seconds, Stopping threads took: 0.0000464 seconds
2021-03-30T09:44:59.056+0800: 4.470: Total time for which application threads were stopped: 0.0010360 seconds, Stopping threads took: 0.0008154 seconds
{Heap before GC invocations=3 (full 0):
 garbage-first heap   total 524288K, used 50688K [0x00000000e0000000, 0x00000000e0101000, 0x0000000100000000)
  region size 1024K, 26 young (26624K), 4 survivors (4096K)
 Metaspace       used 20631K, capacity 21088K, committed 21248K, reserved 1067008K
  class space    used 2565K, capacity 2725K, committed 2816K, reserved 1048576K
2021-03-30T09:44:59.382+0800: 4.796: [GC pause (Metadata GC Threshold) (young) (initial-mark)
Desired survivor size 20447232 bytes, new threshold 15 (max 15)
- age   1:     460696 bytes,     460696 total
, 0.0109376 secs]
   [Parallel Time: 3.9 ms, GC Workers: 8]
      [GC Worker Start (ms): Min: 4796.3, Avg: 4796.4, Max: 4796.5, Diff: 0.2]
      [Ext Root Scanning (ms): Min: 1.2, Avg: 1.6, Max: 3.4, Diff: 2.1, Sum: 13.0]
      [Update RS (ms): Min: 0.0, Avg: 0.5, Max: 0.9, Diff: 0.9, Sum: 3.9]
         [Processed Buffers: Min: 0, Avg: 2.1, Max: 4, Diff: 4, Sum: 17]
      [Scan RS (ms): Min: 0.0, Avg: 0.1, Max: 0.3, Diff: 0.3, Sum: 0.9]
      [Code Root Scanning (ms): Min: 0.0, Avg: 0.0, Max: 0.2, Diff: 0.2, Sum: 0.2]
      [Object Copy (ms): Min: 0.3, Avg: 1.3, Max: 1.6, Diff: 1.3, Sum: 10.5]
      [Termination (ms): Min: 0.0, Avg: 0.0, Max: 0.1, Diff: 0.0, Sum: 0.4]
         [Termination Attempts: Min: 1, Avg: 37.0, Max: 55, Diff: 54, Sum: 296]
      [GC Worker Other (ms): Min: 0.0, Avg: 0.0, Max: 0.0, Diff: 0.0, Sum: 0.2]
      [GC Worker Total (ms): Min: 3.5, Avg: 3.6, Max: 3.7, Diff: 0.2, Sum: 29.1]
      [GC Worker End (ms): Min: 4800.0, Avg: 4800.0, Max: 4800.0, Diff: 0.0]
   [Code Root Fixup: 0.0 ms]
   [Code Root Purge: 0.0 ms]
   [Clear CT: 0.4 ms]
   [Other: 6.6 ms]
      [Choose CSet: 0.0 ms]
      [Ref Proc: 5.5 ms]
      [Ref Enq: 0.3 ms]
      [Redirty Cards: 0.5 ms]
      [Humongous Register: 0.0 ms]
      [Humongous Reclaim: 0.0 ms]
      [Free CSet: 0.0 ms]
   [Eden: 22.0M(303.0M)->0.0B(303.0M) Survivors: 4096.0K->4096.0K Heap: 50.0M(512.0M)->28.3M(512.0M)]
Heap after GC invocations=4 (full 0):
 garbage-first heap   total 524288K, used 29005K [0x00000000e0000000, 0x00000000e0101000, 0x0000000100000000)
  region size 1024K, 4 young (4096K), 4 survivors (4096K)
 Metaspace       used 20631K, capacity 21088K, committed 21248K, reserved 1067008K
  class space    used 2565K, capacity 2725K, committed 2816K, reserved 1048576K
}
 [Times: user=0.00 sys=0.00, real=0.01 secs] 
2021-03-30T09:44:59.393+0800: 4.807: [GC concurrent-root-region-scan-start]
2021-03-30T09:44:59.393+0800: 4.808: Total time for which application threads were stopped: 0.0117610 seconds, Stopping threads took: 0.0000305 seconds
2021-03-30T09:44:59.395+0800: 4.810: Total time for which application threads were stopped: 0.0003043 seconds, Stopping threads took: 0.0001787 seconds
2021-03-30T09:44:59.396+0800: 4.810: [GC concurrent-root-region-scan-end, 0.0030028 secs]
2021-03-30T09:44:59.396+0800: 4.810: [GC concurrent-mark-start]
2021-03-30T09:44:59.443+0800: 4.858: Total time for which application threads were stopped: 0.0005967 seconds, Stopping threads took: 0.0000592 seconds
2021-03-30T09:44:59.477+0800: 4.892: [GC concurrent-mark-end, 0.0813296 secs]
2021-03-30T09:44:59.478+0800: 4.892: [GC remark 2021-03-30T09:44:59.478+0800: 4.892: [Finalize Marking, 0.0008291 secs] 2021-03-30T09:44:59.479+0800: 4.893: [GC ref-proc, 0.0089344 secs] 2021-03-30T09:44:59.488+0800: 4.902: [Unloading, 0.0063203 secs], 0.0172588 secs]
 [Times: user=0.00 sys=0.02, real=0.02 secs] 
2021-03-30T09:44:59.496+0800: 4.910: Total time for which application threads were stopped: 0.0178816 seconds, Stopping threads took: 0.0002273 seconds
2021-03-30T09:44:59.496+0800: 4.911: [GC cleanup 31M->24M(512M), 0.0030008 secs]
 [Times: user=0.03 sys=0.00, real=0.00 secs] 
2021-03-30T09:44:59.500+0800: 4.914: Total time for which application threads were stopped: 0.0035284 seconds, Stopping threads took: 0.0002420 seconds
2021-03-30T09:44:59.500+0800: 4.914: [GC concurrent-cleanup-start]
2021-03-30T09:44:59.500+0800: 4.914: [GC concurrent-cleanup-end, 0.0000534 secs]
2021-03-30T09:45:00.505+0800: 5.919: Total time for which application threads were stopped: 0.0002538 seconds, Stopping threads took: 0.0001140 seconds
2021-03-30T09:45:01.245+0800: 6.660: Total time for which application threads were stopped: 0.0005038 seconds, Stopping threads took: 0.0000557 seconds
2021-03-30T09:45:01.259+0800: 6.674: Total time for which application threads were stopped: 0.0005735 seconds, Stopping threads took: 0.0000915 seconds
2021-03-30T09:45:01.262+0800: 6.676: Total time for which application threads were stopped: 0.0004485 seconds, Stopping threads took: 0.0000420 seconds
2021-03-30T09:45:01.339+0800: 6.753: Total time for which application threads were stopped: 0.0004961 seconds, Stopping threads took: 0.0000479 seconds
2021-03-30T09:45:01.380+0800: 6.795: Total time for which application threads were stopped: 0.0002136 seconds, Stopping threads took: 0.0000541 seconds
2021-03-30T09:45:01.381+0800: 6.796: Total time for which application threads were stopped: 0.0002167 seconds, Stopping threads took: 0.0000437 seconds
2021-03-30T09:45:01.465+0800: 6.879: Total time for which application threads were stopped: 0.0005146 seconds, Stopping threads took: 0.0000975 seconds
2021-03-30T09:45:01.623+0800: 7.037: Total time for which application threads were stopped: 0.0002130 seconds, Stopping threads took: 0.0000458 seconds
2021-03-30T09:45:01.623+0800: 7.038: Total time for which application threads were stopped: 0.0001544 seconds, Stopping threads took: 0.0000377 seconds
2021-03-30T09:45:01.625+0800: 7.039: Total time for which application threads were stopped: 0.0001406 seconds, Stopping threads took: 0.0000357 seconds
2021-03-30T09:45:01.626+0800: 7.040: Total time for which application threads were stopped: 0.0001401 seconds, Stopping threads took: 0.0000357 seconds
2021-03-30T09:45:01.744+0800: 7.159: Total time for which application threads were stopped: 0.0003296 seconds, Stopping threads took: 0.0000485 seconds
2021-03-30T09:45:02.545+0800: 7.959: Total time for which application threads were stopped: 0.0005197 seconds, Stopping threads took: 0.0000549 seconds
2021-03-30T09:45:02.962+0800: 8.376: Total time for which application threads were stopped: 0.0004238 seconds, Stopping threads took: 0.0001114 seconds
2021-03-30T09:45:02.974+0800: 8.388: Total time for which application threads were stopped: 0.0003334 seconds, Stopping threads took: 0.0001298 seconds
2021-03-30T09:45:03.056+0800: 8.470: Total time for which application threads were stopped: 0.0001776 seconds, Stopping threads took: 0.0000454 seconds
2021-03-30T09:45:03.226+0800: 8.640: Total time for which application threads were stopped: 0.0002220 seconds, Stopping threads took: 0.0000914 seconds
2021-03-30T09:45:03.226+0800: 8.641: Total time for which application threads were stopped: 0.0001391 seconds, Stopping threads took: 0.0000371 seconds
2021-03-30T09:45:03.227+0800: 8.641: Total time for which application threads were stopped: 0.0001250 seconds, Stopping threads took: 0.0000344 seconds
2021-03-30T09:45:03.231+0800: 8.645: Total time for which application threads were stopped: 0.0001402 seconds, Stopping threads took: 0.0000382 seconds
2021-03-30T09:45:03.232+0800: 8.646: Total time for which application threads were stopped: 0.0001378 seconds, Stopping threads took: 0.0000415 seconds
2021-03-30T09:45:03.232+0800: 8.646: Total time for which application threads were stopped: 0.0001100 seconds, Stopping threads took: 0.0000308 seconds
2021-03-30T09:45:03.233+0800: 8.647: Total time for which application threads were stopped: 0.0001177 seconds, Stopping threads took: 0.0000304 seconds
2021-03-30T09:45:03.233+0800: 8.647: Total time for which application threads were stopped: 0.0001158 seconds, Stopping threads took: 0.0000305 seconds
2021-03-30T09:45:03.241+0800: 8.656: Total time for which application threads were stopped: 0.0001697 seconds, Stopping threads took: 0.0000467 seconds
2021-03-30T09:45:03.243+0800: 8.657: Total time for which application threads were stopped: 0.0001186 seconds, Stopping threads took: 0.0000280 seconds
2021-03-30T09:45:03.245+0800: 8.659: Total time for which application threads were stopped: 0.0001316 seconds, Stopping threads took: 0.0000357 seconds
2021-03-30T09:45:03.246+0800: 8.660: Total time for which application threads were stopped: 0.0001090 seconds, Stopping threads took: 0.0000270 seconds
2021-03-30T09:45:03.248+0800: 8.662: Total time for which application threads were stopped: 0.0001723 seconds, Stopping threads took: 0.0000773 seconds
2021-03-30T09:45:03.251+0800: 8.665: Total time for which application threads were stopped: 0.0001613 seconds, Stopping threads took: 0.0000297 seconds
2021-03-30T09:45:03.252+0800: 8.666: Total time for which application threads were stopped: 0.0001138 seconds, Stopping threads took: 0.0000290 seconds
2021-03-30T09:45:03.253+0800: 8.667: Total time for which application threads were stopped: 0.0001167 seconds, Stopping threads took: 0.0000312 seconds
2021-03-30T09:45:03.258+0800: 8.672: Total time for which application threads were stopped: 0.0001451 seconds, Stopping threads took: 0.0000417 seconds
2021-03-30T09:45:03.273+0800: 8.688: Total time for which application threads were stopped: 0.0001602 seconds, Stopping threads took: 0.0000397 seconds
2021-03-30T09:45:03.275+0800: 8.690: Total time for which application threads were stopped: 0.0003515 seconds, Stopping threads took: 0.0000341 seconds
2021-03-30T09:45:03.348+0800: 8.762: Total time for which application threads were stopped: 0.0001461 seconds, Stopping threads took: 0.0000409 seconds
2021-03-30T09:45:03.349+0800: 8.763: Total time for which application threads were stopped: 0.0001077 seconds, Stopping threads took: 0.0000263 seconds
2021-03-30T09:45:03.379+0800: 8.793: Total time for which application threads were stopped: 0.0001735 seconds, Stopping threads took: 0.0000772 seconds
2021-03-30T09:45:03.379+0800: 8.794: Total time for which application threads were stopped: 0.0002144 seconds, Stopping threads took: 0.0001239 seconds
2021-03-30T09:45:03.507+0800: 8.921: Total time for which application threads were stopped: 0.0001886 seconds, Stopping threads took: 0.0000478 seconds
2021-03-30T09:45:03.748+0800: 9.162: Total time for which application threads were stopped: 0.0003119 seconds, Stopping threads took: 0.0000957 seconds
2021-03-30T09:45:03.752+0800: 9.166: Total time for which application threads were stopped: 0.0002169 seconds, Stopping threads took: 0.0000714 seconds
2021-03-30T09:45:03.766+0800: 9.180: Total time for which application threads were stopped: 0.0002656 seconds, Stopping threads took: 0.0000844 seconds
2021-03-30T09:45:03.799+0800: 9.214: Total time for which application threads were stopped: 0.0002467 seconds, Stopping threads took: 0.0000812 seconds
2021-03-30T09:45:03.807+0800: 9.221: Total time for which application threads were stopped: 0.0002638 seconds, Stopping threads took: 0.0000893 seconds
2021-03-30T09:45:03.818+0800: 9.232: Total time for which application threads were stopped: 0.0003776 seconds, Stopping threads took: 0.0001158 seconds
2021-03-30T09:45:03.825+0800: 9.240: Total time for which application threads were stopped: 0.0002333 seconds, Stopping threads took: 0.0000761 seconds
2021-03-30T09:45:03.851+0800: 9.265: Total time for which application threads were stopped: 0.0003091 seconds, Stopping threads took: 0.0001368 seconds
2021-03-30T09:45:03.853+0800: 9.268: Total time for which application threads were stopped: 0.0002544 seconds, Stopping threads took: 0.0000784 seconds
2021-03-30T09:45:03.867+0800: 9.281: Total time for which application threads were stopped: 0.0002446 seconds, Stopping threads took: 0.0000789 seconds
2021-03-30T09:45:03.867+0800: 9.282: Total time for which application threads were stopped: 0.0002520 seconds, Stopping threads took: 0.0000627 seconds
2021-03-30T09:45:03.868+0800: 9.282: Total time for which application threads were stopped: 0.0003133 seconds, Stopping threads took: 0.0000935 seconds
2021-03-30T09:45:03.869+0800: 9.283: Total time for which application threads were stopped: 0.0003133 seconds, Stopping threads took: 0.0001210 seconds
2021-03-30T09:45:03.869+0800: 9.283: Total time for which application threads were stopped: 0.0002833 seconds, Stopping threads took: 0.0000711 seconds
2021-03-30T09:45:03.870+0800: 9.284: Total time for which application threads were stopped: 0.0001812 seconds, Stopping threads took: 0.0000558 seconds
2021-03-30T09:45:03.870+0800: 9.284: Total time for which application threads were stopped: 0.0001723 seconds, Stopping threads took: 0.0000511 seconds
2021-03-30T09:45:03.870+0800: 9.285: Total time for which application threads were stopped: 0.0002338 seconds, Stopping threads took: 0.0000579 seconds
2021-03-30T09:45:03.870+0800: 9.285: Total time for which application threads were stopped: 0.0003153 seconds, Stopping threads took: 0.0000954 seconds
2021-03-30T09:45:03.881+0800: 9.295: Total time for which application threads were stopped: 0.0003818 seconds, Stopping threads took: 0.0001834 seconds
2021-03-30T09:45:03.881+0800: 9.296: Total time for which application threads were stopped: 0.0005583 seconds, Stopping threads took: 0.0000732 seconds
2021-03-30T09:45:03.985+0800: 9.399: Total time for which application threads were stopped: 0.0003546 seconds, Stopping threads took: 0.0001047 seconds
2021-03-30T09:45:04.001+0800: 9.416: Total time for which application threads were stopped: 0.0003966 seconds, Stopping threads took: 0.0001282 seconds
2021-03-30T09:45:04.001+0800: 9.416: Total time for which application threads were stopped: 0.0002477 seconds, Stopping threads took: 0.0000640 seconds
2021-03-30T09:45:04.006+0800: 9.421: Total time for which application threads were stopped: 0.0005565 seconds, Stopping threads took: 0.0002030 seconds
2021-03-30T09:45:04.008+0800: 9.422: Total time for which application threads were stopped: 0.0004309 seconds, Stopping threads took: 0.0001893 seconds
2021-03-30T09:45:04.009+0800: 9.424: Total time for which application threads were stopped: 0.0003992 seconds, Stopping threads took: 0.0001937 seconds
2021-03-30T09:45:04.011+0800: 9.425: Total time for which application threads were stopped: 0.0004296 seconds, Stopping threads took: 0.0001414 seconds
2021-03-30T09:45:04.013+0800: 9.427: Total time for which application threads were stopped: 0.0020155 seconds, Stopping threads took: 0.0017767 seconds
2021-03-30T09:45:04.026+0800: 9.440: Total time for which application threads were stopped: 0.0004041 seconds, Stopping threads took: 0.0001789 seconds
2021-03-30T09:45:04.048+0800: 9.462: Total time for which application threads were stopped: 0.0002884 seconds, Stopping threads took: 0.0001066 seconds
2021-03-30T09:45:04.062+0800: 9.476: Total time for which application threads were stopped: 0.0002899 seconds, Stopping threads took: 0.0001175 seconds
2021-03-30T09:45:04.071+0800: 9.485: Total time for which application threads were stopped: 0.0003023 seconds, Stopping threads took: 0.0001243 seconds
2021-03-30T09:45:04.087+0800: 9.502: Total time for which application threads were stopped: 0.0005047 seconds, Stopping threads took: 0.0002148 seconds
2021-03-30T09:45:04.097+0800: 9.512: Total time for which application threads were stopped: 0.0003376 seconds, Stopping threads took: 0.0000976 seconds
2021-03-30T09:45:04.125+0800: 9.540: Total time for which application threads were stopped: 0.0004381 seconds, Stopping threads took: 0.0002225 seconds
2021-03-30T09:45:04.188+0800: 9.602: Total time for which application threads were stopped: 0.0001133 seconds, Stopping threads took: 0.0000434 seconds
2021-03-30T09:45:04.188+0800: 9.603: Total time for which application threads were stopped: 0.0000633 seconds, Stopping threads took: 0.0000128 seconds
2021-03-30T09:45:04.189+0800: 9.604: Total time for which application threads were stopped: 0.0001225 seconds, Stopping threads took: 0.0000407 seconds
2021-03-30T09:45:04.196+0800: 9.611: Total time for which application threads were stopped: 0.0000810 seconds, Stopping threads took: 0.0000272 seconds
2021-03-30T09:45:04.202+0800: 9.617: Total time for which application threads were stopped: 0.0001214 seconds, Stopping threads took: 0.0000590 seconds
2021-03-30T09:45:04.203+0800: 9.618: Total time for which application threads were stopped: 0.0000956 seconds, Stopping threads took: 0.0000283 seconds
2021-03-30T09:45:04.218+0800: 9.633: Total time for which application threads were stopped: 0.0001267 seconds, Stopping threads took: 0.0000356 seconds
2021-03-30T09:45:04.309+0800: 9.723: Total time for which application threads were stopped: 0.0005439 seconds, Stopping threads took: 0.0000642 seconds
2021-03-30T09:45:04.316+0800: 9.730: Total time for which application threads were stopped: 0.0002473 seconds, Stopping threads took: 0.0000839 seconds
2021-03-30T09:45:04.439+0800: 9.853: Total time for which application threads were stopped: 0.0007721 seconds, Stopping threads took: 0.0004418 seconds
2021-03-30T09:45:04.448+0800: 9.862: Total time for which application threads were stopped: 0.0008722 seconds, Stopping threads took: 0.0001107 seconds
2021-03-30T09:45:04.450+0800: 9.865: Total time for which application threads were stopped: 0.0002860 seconds, Stopping threads took: 0.0000955 seconds
2021-03-30T09:45:04.459+0800: 9.873: Total time for which application threads were stopped: 0.0003778 seconds, Stopping threads took: 0.0001257 seconds
2021-03-30T09:45:05.460+0800: 10.874: Total time for which application threads were stopped: 0.0005455 seconds, Stopping threads took: 0.0001407 seconds
2021-03-30T09:45:05.909+0800: 11.323: Total time for which application threads were stopped: 0.0002305 seconds, Stopping threads took: 0.0000517 seconds
2021-03-30T09:45:05.918+0800: 11.332: Total time for which application threads were stopped: 0.0002273 seconds, Stopping threads took: 0.0000633 seconds
2021-03-30T09:45:06.051+0800: 11.465: Total time for which application threads were stopped: 0.0007421 seconds, Stopping threads took: 0.0000475 seconds
2021-03-30T09:45:06.051+0800: 11.466: Total time for which application threads were stopped: 0.0005013 seconds, Stopping threads took: 0.0000315 seconds
2021-03-30T09:45:06.151+0800: 11.566: Total time for which application threads were stopped: 0.0003457 seconds, Stopping threads took: 0.0001709 seconds
2021-03-30T09:45:06.151+0800: 11.566: Total time for which application threads were stopped: 0.0003026 seconds, Stopping threads took: 0.0001346 seconds
2021-03-30T09:45:06.152+0800: 11.567: Total time for which application threads were stopped: 0.0002659 seconds, Stopping threads took: 0.0000909 seconds
2021-03-30T09:45:06.153+0800: 11.568: Total time for which application threads were stopped: 0.0002764 seconds, Stopping threads took: 0.0001518 seconds
2021-03-30T09:45:06.157+0800: 11.571: Total time for which application threads were stopped: 0.0003114 seconds, Stopping threads took: 0.0000638 seconds
2021-03-30T09:45:06.159+0800: 11.574: Total time for which application threads were stopped: 0.0004927 seconds, Stopping threads took: 0.0003017 seconds
2021-03-30T09:45:06.160+0800: 11.575: Total time for which application threads were stopped: 0.0003131 seconds, Stopping threads took: 0.0001238 seconds
2021-03-30T09:45:06.161+0800: 11.576: Total time for which application threads were stopped: 0.0005922 seconds, Stopping threads took: 0.0001115 seconds
2021-03-30T09:45:06.162+0800: 11.576: Total time for which application threads were stopped: 0.0002999 seconds, Stopping threads took: 0.0001794 seconds
2021-03-30T09:45:06.163+0800: 11.578: Total time for which application threads were stopped: 0.0003415 seconds, Stopping threads took: 0.0001721 seconds
2021-03-30T09:45:06.168+0800: 11.583: Total time for which application threads were stopped: 0.0003437 seconds, Stopping threads took: 0.0001093 seconds
2021-03-30T09:45:06.182+0800: 11.596: Total time for which application threads were stopped: 0.0005103 seconds, Stopping threads took: 0.0003167 seconds
2021-03-30T09:45:06.190+0800: 11.604: Total time for which application threads were stopped: 0.0002524 seconds, Stopping threads took: 0.0001327 seconds
2021-03-30T09:45:06.194+0800: 11.608: Total time for which application threads were stopped: 0.0003225 seconds, Stopping threads took: 0.0001233 seconds
2021-03-30T09:45:06.209+0800: 11.624: Total time for which application threads were stopped: 0.0002933 seconds, Stopping threads took: 0.0000794 seconds
{Heap before GC invocations=5 (full 0):
 garbage-first heap   total 524288K, used 226125K [0x00000000e0000000, 0x00000000e0101000, 0x0000000100000000)
  region size 1024K, 205 young (209920K), 4 survivors (4096K)
 Metaspace       used 35389K, capacity 36414K, committed 36476K, reserved 1081344K
  class space    used 4237K, capacity 4471K, committed 4480K, reserved 1048576K
2021-03-30T09:45:06.258+0800: 11.672: [GC pause (Metadata GC Threshold) (young) (initial-mark)
Desired survivor size 20447232 bytes, new threshold 15 (max 15)
- age   1:     655672 bytes,     655672 total
- age   2:     431280 bytes,    1086952 total
, 0.0189072 secs]
   [Parallel Time: 9.4 ms, GC Workers: 8]
      [GC Worker Start (ms): Min: 11672.1, Avg: 11672.2, Max: 11672.8, Diff: 0.7]
      [Ext Root Scanning (ms): Min: 2.0, Avg: 2.3, Max: 2.7, Diff: 0.7, Sum: 18.3]
      [Update RS (ms): Min: 0.2, Avg: 0.4, Max: 1.0, Diff: 0.8, Sum: 3.6]
         [Processed Buffers: Min: 1, Avg: 2.9, Max: 5, Diff: 4, Sum: 23]
      [Scan RS (ms): Min: 0.0, Avg: 0.0, Max: 0.1, Diff: 0.1, Sum: 0.3]
      [Code Root Scanning (ms): Min: 0.0, Avg: 0.5, Max: 1.8, Diff: 1.8, Sum: 3.8]
      [Object Copy (ms): Min: 4.6, Avg: 5.7, Max: 6.3, Diff: 1.7, Sum: 45.4]
      [Termination (ms): Min: 0.0, Avg: 0.0, Max: 0.0, Diff: 0.0, Sum: 0.0]
         [Termination Attempts: Min: 1, Avg: 11.1, Max: 15, Diff: 14, Sum: 89]
      [GC Worker Other (ms): Min: 0.0, Avg: 0.1, Max: 0.2, Diff: 0.2, Sum: 0.8]
      [GC Worker Total (ms): Min: 8.6, Avg: 9.0, Max: 9.2, Diff: 0.6, Sum: 72.2]
      [GC Worker End (ms): Min: 11681.2, Avg: 11681.3, Max: 11681.4, Diff: 0.2]
   [Code Root Fixup: 0.1 ms]
   [Code Root Purge: 0.0 ms]
   [Clear CT: 0.3 ms]
   [Other: 9.0 ms]
      [Choose CSet: 0.0 ms]
      [Ref Proc: 7.7 ms]
      [Ref Enq: 0.4 ms]
      [Redirty Cards: 0.3 ms]
      [Humongous Register: 0.0 ms]
      [Humongous Reclaim: 0.0 ms]
      [Free CSet: 0.2 ms]
   [Eden: 201.0M(303.0M)->0.0B(283.0M) Survivors: 4096.0K->24.0M Heap: 221.8M(512.0M)->40.3M(512.0M)]
Heap after GC invocations=6 (full 0):
 garbage-first heap   total 524288K, used 41244K [0x00000000e0000000, 0x00000000e0101000, 0x0000000100000000)
  region size 1024K, 24 young (24576K), 24 survivors (24576K)
 Metaspace       used 35389K, capacity 36414K, committed 36476K, reserved 1081344K
  class space    used 4237K, capacity 4471K, committed 4480K, reserved 1048576K
}
 [Times: user=0.13 sys=0.00, real=0.02 secs] 
2021-03-30T09:45:06.277+0800: 11.691: [GC concurrent-root-region-scan-start]
2021-03-30T09:45:06.277+0800: 11.691: Total time for which application threads were stopped: 0.0199585 seconds, Stopping threads took: 0.0001734 seconds
2021-03-30T09:45:06.277+0800: 11.692: Total time for which application threads were stopped: 0.0002819 seconds, Stopping threads took: 0.0001265 seconds
2021-03-30T09:45:06.280+0800: 11.695: Total time for which application threads were stopped: 0.0003953 seconds, Stopping threads took: 0.0002060 seconds
2021-03-30T09:45:06.286+0800: 11.700: Total time for which application threads were stopped: 0.0005747 seconds, Stopping threads took: 0.0003731 seconds
2021-03-30T09:45:06.286+0800: 11.701: Total time for which application threads were stopped: 0.0003930 seconds, Stopping threads took: 0.0001750 seconds
2021-03-30T09:45:06.287+0800: 11.701: Total time for which application threads were stopped: 0.0002712 seconds, Stopping threads took: 0.0001156 seconds
2021-03-30T09:45:06.287+0800: 11.702: Total time for which application threads were stopped: 0.0002729 seconds, Stopping threads took: 0.0001262 seconds
2021-03-30T09:45:06.287+0800: 11.702: [GC concurrent-root-region-scan-end, 0.0107714 secs]
2021-03-30T09:45:06.287+0800: 11.702: [GC concurrent-mark-start]
2021-03-30T09:45:06.289+0800: 11.703: Total time for which application threads were stopped: 0.0003635 seconds, Stopping threads took: 0.0001436 seconds
2021-03-30T09:45:06.289+0800: 11.704: Total time for which application threads were stopped: 0.0005077 seconds, Stopping threads took: 0.0003589 seconds
2021-03-30T09:45:06.317+0800: 11.731: Total time for which application threads were stopped: 0.0011560 seconds, Stopping threads took: 0.0008897 seconds
2021-03-30T09:45:06.331+0800: 11.745: Total time for which application threads were stopped: 0.0004916 seconds, Stopping threads took: 0.0001145 seconds
2021-03-30T09:45:06.340+0800: 11.754: Total time for which application threads were stopped: 0.0003037 seconds, Stopping threads took: 0.0000988 seconds
2021-03-30T09:45:06.340+0800: 11.754: Total time for which application threads were stopped: 0.0002986 seconds, Stopping threads took: 0.0001197 seconds
2021-03-30T09:45:06.344+0800: 11.758: Total time for which application threads were stopped: 0.0002828 seconds, Stopping threads took: 0.0001111 seconds
2021-03-30T09:45:06.348+0800: 11.763: [GC concurrent-mark-end, 0.0607124 secs]
2021-03-30T09:45:06.349+0800: 11.763: [GC remark 2021-03-30T09:45:06.349+0800: 11.763: [Finalize Marking, 0.0004512 secs] 2021-03-30T09:45:06.350+0800: 11.764: [GC ref-proc, 0.0051055 secs] 2021-03-30T09:45:06.355+0800: 11.769: [Unloading, 0.0054059 secs], 0.0115852 secs]
 [Times: user=0.11 sys=0.00, real=0.01 secs] 
2021-03-30T09:45:06.361+0800: 11.775: Total time for which application threads were stopped: 0.0121318 seconds, Stopping threads took: 0.0003337 seconds
2021-03-30T09:45:06.361+0800: 11.775: [GC cleanup 49M->49M(512M), 0.0016521 secs]
 [Times: user=0.00 sys=0.00, real=0.00 secs] 
2021-03-30T09:45:06.363+0800: 11.777: Total time for which application threads were stopped: 0.0019822 seconds, Stopping threads took: 0.0001378 seconds
2021-03-30T09:45:06.398+0800: 11.812: Total time for which application threads were stopped: 0.0002633 seconds, Stopping threads took: 0.0000599 seconds
2021-03-30T09:45:06.469+0800: 11.884: Total time for which application threads were stopped: 0.0003400 seconds, Stopping threads took: 0.0001067 seconds
2021-03-30T09:45:06.499+0800: 11.913: Total time for which application threads were stopped: 0.0002667 seconds, Stopping threads took: 0.0000671 seconds
2021-03-30T09:45:06.831+0800: 12.246: Total time for which application threads were stopped: 0.0004194 seconds, Stopping threads took: 0.0001762 seconds
2021-03-30T09:45:06.833+0800: 12.248: Total time for which application threads were stopped: 0.0002756 seconds, Stopping threads took: 0.0000640 seconds
2021-03-30T09:45:07.464+0800: 12.879: Total time for which application threads were stopped: 0.0002296 seconds, Stopping threads took: 0.0000556 seconds
2021-03-30T09:45:07.467+0800: 12.881: Total time for which application threads were stopped: 0.0001992 seconds, Stopping threads took: 0.0000597 seconds
2021-03-30T09:45:07.468+0800: 12.883: Total time for which application threads were stopped: 0.0001507 seconds, Stopping threads took: 0.0000315 seconds
2021-03-30T09:45:07.470+0800: 12.885: Total time for which application threads were stopped: 0.0001449 seconds, Stopping threads took: 0.0000311 seconds
2021-03-30T09:45:07.472+0800: 12.886: Total time for which application threads were stopped: 0.0002566 seconds, Stopping threads took: 0.0000905 seconds
2021-03-30T09:45:07.475+0800: 12.890: Total time for which application threads were stopped: 0.0002791 seconds, Stopping threads took: 0.0001295 seconds
2021-03-30T09:45:07.476+0800: 12.890: Total time for which application threads were stopped: 0.0002288 seconds, Stopping threads took: 0.0001028 seconds
2021-03-30T09:45:07.504+0800: 12.918: Total time for which application threads were stopped: 0.0002026 seconds, Stopping threads took: 0.0000509 seconds
2021-03-30T09:45:07.504+0800: 12.919: Total time for which application threads were stopped: 0.0001310 seconds, Stopping threads took: 0.0000256 seconds
2021-03-30T09:45:07.535+0800: 12.950: Total time for which application threads were stopped: 0.0003328 seconds, Stopping threads took: 0.0000808 seconds
2021-03-30T09:45:07.536+0800: 12.950: Total time for which application threads were stopped: 0.0002439 seconds, Stopping threads took: 0.0000556 seconds
2021-03-30T09:45:07.708+0800: 13.123: Total time for which application threads were stopped: 0.0003075 seconds, Stopping threads took: 0.0000770 seconds
2021-03-30T09:45:07.709+0800: 13.124: Total time for which application threads were stopped: 0.0002426 seconds, Stopping threads took: 0.0000590 seconds
2021-03-30T09:45:07.755+0800: 13.169: Total time for which application threads were stopped: 0.0005525 seconds, Stopping threads took: 0.0002863 seconds
2021-03-30T09:45:07.758+0800: 13.172: Total time for which application threads were stopped: 0.0024366 seconds, Stopping threads took: 0.0022327 seconds
2021-03-30T09:45:07.761+0800: 13.175: Total time for which application threads were stopped: 0.0002907 seconds, Stopping threads took: 0.0000642 seconds
2021-03-30T09:45:07.762+0800: 13.177: Total time for which application threads were stopped: 0.0003991 seconds, Stopping threads took: 0.0001426 seconds
2021-03-30T09:45:07.764+0800: 13.178: Total time for which application threads were stopped: 0.0003868 seconds, Stopping threads took: 0.0001372 seconds
2021-03-30T09:45:07.785+0800: 13.199: Total time for which application threads were stopped: 0.0005512 seconds, Stopping threads took: 0.0002220 seconds
2021-03-30T09:45:07.785+0800: 13.200: Total time for which application threads were stopped: 0.0005528 seconds, Stopping threads took: 0.0002213 seconds
2021-03-30T09:45:07.786+0800: 13.201: Total time for which application threads were stopped: 0.0003967 seconds, Stopping threads took: 0.0001450 seconds
2021-03-30T09:45:07.809+0800: 13.224: Total time for which application threads were stopped: 0.0004987 seconds, Stopping threads took: 0.0001749 seconds
2021-03-30T09:45:07.812+0800: 13.226: Total time for which application threads were stopped: 0.0010363 seconds, Stopping threads took: 0.0001788 seconds
2021-03-30T09:45:07.924+0800: 13.338: Total time for which application threads were stopped: 0.0005290 seconds, Stopping threads took: 0.0001190 seconds
2021-03-30T09:45:07.931+0800: 13.346: Total time for which application threads were stopped: 0.0003685 seconds, Stopping threads took: 0.0000706 seconds
2021-03-30T09:45:07.956+0800: 13.370: Total time for which application threads were stopped: 0.0004818 seconds, Stopping threads took: 0.0000979 seconds
2021-03-30T09:45:07.982+0800: 13.396: Total time for which application threads were stopped: 0.0002125 seconds, Stopping threads took: 0.0000556 seconds
2021-03-30T09:45:07.989+0800: 13.404: Total time for which application threads were stopped: 0.0002999 seconds, Stopping threads took: 0.0001344 seconds
2021-03-30T09:45:08.001+0800: 13.415: Total time for which application threads were stopped: 0.0004788 seconds, Stopping threads took: 0.0001071 seconds
2021-03-30T09:45:08.016+0800: 13.431: Total time for which application threads were stopped: 0.0002904 seconds, Stopping threads took: 0.0001207 seconds
2021-03-30T09:45:08.049+0800: 13.464: Total time for which application threads were stopped: 0.0008100 seconds, Stopping threads took: 0.0001048 seconds
2021-03-30T09:45:08.067+0800: 13.481: Total time for which application threads were stopped: 0.0003235 seconds, Stopping threads took: 0.0001080 seconds
2021-03-30T09:45:08.068+0800: 13.482: Total time for which application threads were stopped: 0.0002320 seconds, Stopping threads took: 0.0000532 seconds
2021-03-30T09:45:08.068+0800: 13.483: Total time for which application threads were stopped: 0.0003412 seconds, Stopping threads took: 0.0001782 seconds
2021-03-30T09:45:08.068+0800: 13.483: Total time for which application threads were stopped: 0.0002201 seconds, Stopping threads took: 0.0000987 seconds
2021-03-30T09:45:08.069+0800: 13.483: Total time for which application threads were stopped: 0.0002092 seconds, Stopping threads took: 0.0000798 seconds
2021-03-30T09:45:08.069+0800: 13.484: Total time for which application threads were stopped: 0.0002371 seconds, Stopping threads took: 0.0001151 seconds
2021-03-30T09:45:08.071+0800: 13.486: Total time for which application threads were stopped: 0.0002646 seconds, Stopping threads took: 0.0001191 seconds
2021-03-30T09:45:08.072+0800: 13.486: Total time for which application threads were stopped: 0.0002419 seconds, Stopping threads took: 0.0001149 seconds
2021-03-30T09:45:08.072+0800: 13.486: Total time for which application threads were stopped: 0.0002323 seconds, Stopping threads took: 0.0000957 seconds
2021-03-30T09:45:08.072+0800: 13.487: Total time for which application threads were stopped: 0.0002369 seconds, Stopping threads took: 0.0001079 seconds
2021-03-30T09:45:08.073+0800: 13.487: Total time for which application threads were stopped: 0.0002452 seconds, Stopping threads took: 0.0001102 seconds
2021-03-30T09:45:08.073+0800: 13.487: Total time for which application threads were stopped: 0.0002379 seconds, Stopping threads took: 0.0001125 seconds
2021-03-30T09:45:08.074+0800: 13.488: Total time for which application threads were stopped: 0.0002355 seconds, Stopping threads took: 0.0000998 seconds
2021-03-30T09:45:08.074+0800: 13.488: Total time for which application threads were stopped: 0.0002351 seconds, Stopping threads took: 0.0001181 seconds
2021-03-30T09:45:08.222+0800: 13.637: Total time for which application threads were stopped: 0.0002274 seconds, Stopping threads took: 0.0000646 seconds
2021-03-30T09:45:08.314+0800: 13.729: Total time for which application threads were stopped: 0.0003664 seconds, Stopping threads took: 0.0001090 seconds
2021-03-30T09:45:08.315+0800: 13.730: Total time for which application threads were stopped: 0.0002300 seconds, Stopping threads took: 0.0000538 seconds
2021-03-30T09:45:08.315+0800: 13.730: Total time for which application threads were stopped: 0.0002550 seconds, Stopping threads took: 0.0000880 seconds
2021-03-30T09:45:08.315+0800: 13.730: Total time for which application threads were stopped: 0.0002376 seconds, Stopping threads took: 0.0000772 seconds
2021-03-30T09:45:08.316+0800: 13.731: Total time for which application threads were stopped: 0.0002737 seconds, Stopping threads took: 0.0000796 seconds
2021-03-30T09:45:08.316+0800: 13.731: Total time for which application threads were stopped: 0.0002190 seconds, Stopping threads took: 0.0000488 seconds
2021-03-30T09:45:08.318+0800: 13.733: Total time for which application threads were stopped: 0.0002103 seconds, Stopping threads took: 0.0000554 seconds
2021-03-30T09:45:08.319+0800: 13.734: Total time for which application threads were stopped: 0.0003071 seconds, Stopping threads took: 0.0000925 seconds
2021-03-30T09:45:08.319+0800: 13.734: Total time for which application threads were stopped: 0.0001748 seconds, Stopping threads took: 0.0000413 seconds
2021-03-30T09:45:08.319+0800: 13.734: Total time for which application threads were stopped: 0.0002610 seconds, Stopping threads took: 0.0000895 seconds
2021-03-30T09:45:08.320+0800: 13.735: Total time for which application threads were stopped: 0.0009049 seconds, Stopping threads took: 0.0007268 seconds
2021-03-30T09:45:08.321+0800: 13.736: Total time for which application threads were stopped: 0.0007059 seconds, Stopping threads took: 0.0005235 seconds
2021-03-30T09:45:08.721+0800: 14.135: Total time for which application threads were stopped: 0.0004038 seconds, Stopping threads took: 0.0000811 seconds
2021-03-30T09:45:08.721+0800: 14.135: Total time for which application threads were stopped: 0.0002683 seconds, Stopping threads took: 0.0000804 seconds
2021-03-30T09:45:08.721+0800: 14.135: Total time for which application threads were stopped: 0.0002358 seconds, Stopping threads took: 0.0000516 seconds
2021-03-30T09:45:09.721+0800: 15.135: Total time for which application threads were stopped: 0.0003547 seconds, Stopping threads took: 0.0000908 seconds
2021-03-30T09:45:10.721+0800: 16.135: Total time for which application threads were stopped: 0.0003184 seconds, Stopping threads took: 0.0000819 seconds
2021-03-30T09:45:11.722+0800: 17.136: Total time for which application threads were stopped: 0.0004207 seconds, Stopping threads took: 0.0000996 seconds
2021-03-30T09:45:13.722+0800: 19.137: Total time for which application threads were stopped: 0.0003228 seconds, Stopping threads took: 0.0000857 seconds
2021-03-30T09:45:14.724+0800: 20.138: Total time for which application threads were stopped: 0.0004928 seconds, Stopping threads took: 0.0001432 seconds
2021-03-30T09:45:16.733+0800: 22.147: Total time for which application threads were stopped: 0.0003875 seconds, Stopping threads took: 0.0000934 seconds
2021-03-30T09:45:17.734+0800: 23.148: Total time for which application threads were stopped: 0.0004513 seconds, Stopping threads took: 0.0001324 seconds
2021-03-30T09:45:18.739+0800: 24.153: Total time for which application threads were stopped: 0.0001492 seconds, Stopping threads took: 0.0000571 seconds
2021-03-30T09:45:25.762+0800: 31.176: Total time for which application threads were stopped: 0.0003319 seconds, Stopping threads took: 0.0000988 seconds
2021-03-30T09:45:37.767+0800: 43.181: Total time for which application threads were stopped: 0.0003474 seconds, Stopping threads took: 0.0001016 seconds
2021-03-30T09:45:38.767+0800: 44.182: Total time for which application threads were stopped: 0.0003400 seconds, Stopping threads took: 0.0001018 seconds
2021-03-30T09:45:39.768+0800: 45.182: Total time for which application threads were stopped: 0.0002009 seconds, Stopping threads took: 0.0000494 seconds
2021-03-30T09:45:40.769+0800: 46.183: Total time for which application threads were stopped: 0.0003544 seconds, Stopping threads took: 0.0000889 seconds
2021-03-30T09:45:42.483+0800: 47.897: Total time for which application threads were stopped: 0.0002823 seconds, Stopping threads took: 0.0001291 seconds
2021-03-30T09:45:42.483+0800: 47.897: Total time for which application threads were stopped: 0.0001845 seconds, Stopping threads took: 0.0000605 seconds
2021-03-30T09:45:42.483+0800: 47.897: Total time for which application threads were stopped: 0.0001278 seconds, Stopping threads took: 0.0000323 seconds
2021-03-30T09:45:42.484+0800: 47.898: Total time for which application threads were stopped: 0.0002018 seconds, Stopping threads took: 0.0000246 seconds
2021-03-30T09:45:42.484+0800: 47.898: Total time for which application threads were stopped: 0.0002353 seconds, Stopping threads took: 0.0001332 seconds
2021-03-30T09:45:42.486+0800: 47.900: Total time for which application threads were stopped: 0.0001716 seconds, Stopping threads took: 0.0000309 seconds
2021-03-30T09:45:43.486+0800: 48.900: Total time for which application threads were stopped: 0.0003384 seconds, Stopping threads took: 0.0000897 seconds
2021-03-30T09:45:46.505+0800: 51.919: Total time for which application threads were stopped: 0.0002347 seconds, Stopping threads took: 0.0000639 seconds
2021-03-30T09:45:49.507+0800: 54.921: Total time for which application threads were stopped: 0.0003994 seconds, Stopping threads took: 0.0001552 seconds
2021-03-30T09:45:53.521+0800: 58.935: Total time for which application threads were stopped: 0.0004116 seconds, Stopping threads took: 0.0001441 seconds
2021-03-30T09:45:55.531+0800: 60.945: Total time for which application threads were stopped: 0.0003153 seconds, Stopping threads took: 0.0000809 seconds
2021-03-30T09:45:57.532+0800: 62.946: Total time for which application threads were stopped: 0.0003422 seconds, Stopping threads took: 0.0000881 seconds
2021-03-30T09:45:58.532+0800: 63.947: Total time for which application threads were stopped: 0.0003443 seconds, Stopping threads took: 0.0000983 seconds
2021-03-30T09:46:01.534+0800: 66.948: Total time for which application threads were stopped: 0.0002650 seconds, Stopping threads took: 0.0000728 seconds
2021-03-30T09:46:01.567+0800: 66.981: Total time for which application threads were stopped: 0.0004702 seconds, Stopping threads took: 0.0001324 seconds
2021-03-30T09:46:01.591+0800: 67.005: Total time for which application threads were stopped: 0.0002874 seconds, Stopping threads took: 0.0000662 seconds
2021-03-30T09:46:01.678+0800: 67.093: Total time for which application threads were stopped: 0.0002721 seconds, Stopping threads took: 0.0000630 seconds
2021-03-30T09:46:01.685+0800: 67.099: Total time for which application threads were stopped: 0.0002611 seconds, Stopping threads took: 0.0000676 seconds
2021-03-30T09:46:02.590+0800: 68.004: Total time for which application threads were stopped: 0.0002864 seconds, Stopping threads took: 0.0001332 seconds
2021-03-30T09:46:02.590+0800: 68.005: Total time for which application threads were stopped: 0.0001742 seconds, Stopping threads took: 0.0000792 seconds
2021-03-30T09:46:02.591+0800: 68.005: Total time for which application threads were stopped: 0.0000730 seconds, Stopping threads took: 0.0000175 seconds
2021-03-30T09:46:02.591+0800: 68.005: Total time for which application threads were stopped: 0.0001776 seconds, Stopping threads took: 0.0001127 seconds
2021-03-30T09:46:02.591+0800: 68.005: Total time for which application threads were stopped: 0.0001566 seconds, Stopping threads took: 0.0000862 seconds
2021-03-30T09:46:02.594+0800: 68.008: Total time for which application threads were stopped: 0.0001405 seconds, Stopping threads took: 0.0000446 seconds
2021-03-30T09:46:02.606+0800: 68.020: Total time for which application threads were stopped: 0.0001223 seconds, Stopping threads took: 0.0000346 seconds
2021-03-30T09:46:02.617+0800: 68.032: Total time for which application threads were stopped: 0.0001708 seconds, Stopping threads took: 0.0000437 seconds
2021-03-30T09:46:02.618+0800: 68.032: Total time for which application threads were stopped: 0.0000950 seconds, Stopping threads took: 0.0000201 seconds
2021-03-30T09:46:02.624+0800: 68.038: Total time for which application threads were stopped: 0.0001581 seconds, Stopping threads took: 0.0000295 seconds
2021-03-30T09:46:02.633+0800: 68.047: Total time for which application threads were stopped: 0.0001362 seconds, Stopping threads took: 0.0000302 seconds
2021-03-30T09:46:02.647+0800: 68.062: Total time for which application threads were stopped: 0.0002316 seconds, Stopping threads took: 0.0001264 seconds
2021-03-30T09:46:02.651+0800: 68.065: Total time for which application threads were stopped: 0.0001536 seconds, Stopping threads took: 0.0000549 seconds
2021-03-30T09:46:02.754+0800: 68.168: Total time for which application threads were stopped: 0.0003294 seconds, Stopping threads took: 0.0000276 seconds
2021-03-30T09:46:02.756+0800: 68.170: Total time for which application threads were stopped: 0.0001928 seconds, Stopping threads took: 0.0000278 seconds
2021-03-30T09:46:02.903+0800: 68.317: Total time for which application threads were stopped: 0.0001708 seconds, Stopping threads took: 0.0000358 seconds
2021-03-30T09:46:02.905+0800: 68.320: Total time for which application threads were stopped: 0.0001064 seconds, Stopping threads took: 0.0000223 seconds
2021-03-30T09:46:02.905+0800: 68.320: Total time for which application threads were stopped: 0.0000710 seconds, Stopping threads took: 0.0000173 seconds
2021-03-30T09:46:02.906+0800: 68.320: Total time for which application threads were stopped: 0.0000701 seconds, Stopping threads took: 0.0000168 seconds
2021-03-30T09:46:02.906+0800: 68.320: Total time for which application threads were stopped: 0.0000749 seconds, Stopping threads took: 0.0000218 seconds
2021-03-30T09:46:03.002+0800: 68.417: Total time for which application threads were stopped: 0.0001754 seconds, Stopping threads took: 0.0000888 seconds
2021-03-30T09:46:03.003+0800: 68.417: Total time for which application threads were stopped: 0.0002902 seconds, Stopping threads took: 0.0001831 seconds
2021-03-30T09:46:03.003+0800: 68.418: Total time for which application threads were stopped: 0.0000884 seconds, Stopping threads took: 0.0000197 seconds
2021-03-30T09:46:03.014+0800: 68.428: Total time for which application threads were stopped: 0.0004477 seconds, Stopping threads took: 0.0000319 seconds
2021-03-30T09:46:03.023+0800: 68.437: Total time for which application threads were stopped: 0.0001591 seconds, Stopping threads took: 0.0000352 seconds
2021-03-30T09:46:03.045+0800: 68.459: Total time for which application threads were stopped: 0.0002493 seconds, Stopping threads took: 0.0001336 seconds
2021-03-30T09:46:03.047+0800: 68.462: Total time for which application threads were stopped: 0.0005108 seconds, Stopping threads took: 0.0000326 seconds
2021-03-30T09:46:03.057+0800: 68.471: Total time for which application threads were stopped: 0.0003776 seconds, Stopping threads took: 0.0002099 seconds
2021-03-30T09:46:03.062+0800: 68.476: Total time for which application threads were stopped: 0.0002689 seconds, Stopping threads took: 0.0001227 seconds
2021-03-30T09:46:03.071+0800: 68.485: Total time for which application threads were stopped: 0.0002971 seconds, Stopping threads took: 0.0001229 seconds
2021-03-30T09:46:03.072+0800: 68.486: Total time for which application threads were stopped: 0.0002632 seconds, Stopping threads took: 0.0000969 seconds
2021-03-30T09:46:03.082+0800: 68.496: Total time for which application threads were stopped: 0.0003664 seconds, Stopping threads took: 0.0000855 seconds
2021-03-30T09:46:03.087+0800: 68.501: Total time for which application threads were stopped: 0.0002561 seconds, Stopping threads took: 0.0001021 seconds
2021-03-30T09:46:03.133+0800: 68.547: Total time for which application threads were stopped: 0.0009752 seconds, Stopping threads took: 0.0001117 seconds
2021-03-30T09:46:03.239+0800: 68.654: Total time for which application threads were stopped: 0.0004000 seconds, Stopping threads took: 0.0001682 seconds
2021-03-30T09:46:03.242+0800: 68.656: Total time for which application threads were stopped: 0.0003164 seconds, Stopping threads took: 0.0001040 seconds
2021-03-30T09:46:03.242+0800: 68.656: Total time for which application threads were stopped: 0.0002153 seconds, Stopping threads took: 0.0000776 seconds
2021-03-30T09:46:03.242+0800: 68.657: Total time for which application threads were stopped: 0.0002094 seconds, Stopping threads took: 0.0000869 seconds
2021-03-30T09:46:03.286+0800: 68.701: Total time for which application threads were stopped: 0.0002927 seconds, Stopping threads took: 0.0000998 seconds
2021-03-30T09:46:03.387+0800: 68.801: Total time for which application threads were stopped: 0.0002656 seconds, Stopping threads took: 0.0000825 seconds
2021-03-30T09:46:03.445+0800: 68.860: Total time for which application threads were stopped: 0.0006956 seconds, Stopping threads took: 0.0000609 seconds
2021-03-30T09:46:03.486+0800: 68.900: Total time for which application threads were stopped: 0.0002085 seconds, Stopping threads took: 0.0000440 seconds
2021-03-30T09:46:03.516+0800: 68.930: Total time for which application threads were stopped: 0.0002169 seconds, Stopping threads took: 0.0000536 seconds
2021-03-30T09:46:03.543+0800: 68.957: Total time for which application threads were stopped: 0.0002260 seconds, Stopping threads took: 0.0000536 seconds
2021-03-30T09:46:03.634+0800: 69.049: Total time for which application threads were stopped: 0.0003092 seconds, Stopping threads took: 0.0000520 seconds
2021-03-30T09:46:03.635+0800: 69.049: Total time for which application threads were stopped: 0.0002491 seconds, Stopping threads took: 0.0000362 seconds
2021-03-30T09:46:03.640+0800: 69.054: Total time for which application threads were stopped: 0.0002257 seconds, Stopping threads took: 0.0000352 seconds
2021-03-30T09:46:03.640+0800: 69.055: Total time for which application threads were stopped: 0.0002176 seconds, Stopping threads took: 0.0000336 seconds
2021-03-30T09:46:03.700+0800: 69.114: Total time for which application threads were stopped: 0.0003634 seconds, Stopping threads took: 0.0000720 seconds
2021-03-30T09:46:03.700+0800: 69.115: Total time for which application threads were stopped: 0.0002459 seconds, Stopping threads took: 0.0000485 seconds
{Heap before GC invocations=7 (full 0):
 garbage-first heap   total 524288K, used 331036K [0x00000000e0000000, 0x00000000e0101000, 0x0000000100000000)
  region size 1024K, 307 young (314368K), 24 survivors (24576K)
 Metaspace       used 44012K, capacity 45932K, committed 46280K, reserved 1089536K
  class space    used 5372K, capacity 5778K, committed 5888K, reserved 1048576K
2021-03-30T09:46:03.701+0800: 69.115: [GC pause (G1 Evacuation Pause) (young) (initial-mark)
Desired survivor size 20447232 bytes, new threshold 15 (max 15)
- age   1:    7148960 bytes,    7148960 total
- age   2:     545448 bytes,    7694408 total
- age   3:     429456 bytes,    8123864 total
, 0.0243254 secs]
   [Parallel Time: 18.1 ms, GC Workers: 8]
      [GC Worker Start (ms): Min: 69115.5, Avg: 69115.6, Max: 69115.6, Diff: 0.1]
      [Ext Root Scanning (ms): Min: 5.0, Avg: 5.6, Max: 6.0, Diff: 1.1, Sum: 45.0]
      [Update RS (ms): Min: 0.4, Avg: 0.6, Max: 1.0, Diff: 0.7, Sum: 4.7]
         [Processed Buffers: Min: 1, Avg: 3.9, Max: 10, Diff: 9, Sum: 31]
      [Scan RS (ms): Min: 0.0, Avg: 0.0, Max: 0.1, Diff: 0.1, Sum: 0.4]
      [Code Root Scanning (ms): Min: 0.0, Avg: 0.5, Max: 0.8, Diff: 0.8, Sum: 4.3]
      [Object Copy (ms): Min: 10.3, Avg: 10.8, Max: 11.3, Diff: 1.0, Sum: 86.8]
      [Termination (ms): Min: 0.0, Avg: 0.0, Max: 0.0, Diff: 0.0, Sum: 0.2]
         [Termination Attempts: Min: 1, Avg: 55.6, Max: 68, Diff: 67, Sum: 445]
      [GC Worker Other (ms): Min: 0.0, Avg: 0.0, Max: 0.1, Diff: 0.1, Sum: 0.4]
      [GC Worker Total (ms): Min: 17.6, Avg: 17.7, Max: 17.8, Diff: 0.2, Sum: 141.7]
      [GC Worker End (ms): Min: 69133.3, Avg: 69133.3, Max: 69133.3, Diff: 0.1]
   [Code Root Fixup: 0.1 ms]
   [Code Root Purge: 0.1 ms]
   [Clear CT: 0.3 ms]
   [Other: 5.9 ms]
      [Choose CSet: 0.0 ms]
      [Ref Proc: 4.7 ms]
      [Ref Enq: 0.2 ms]
      [Redirty Cards: 0.2 ms]
      [Humongous Register: 0.0 ms]
      [Humongous Reclaim: 0.0 ms]
      [Free CSet: 0.3 ms]
   [Eden: 283.0M(283.0M)->0.0B(282.0M) Survivors: 24.0M->25.0M Heap: 323.3M(512.0M)->41.5M(512.0M)]
Heap after GC invocations=8 (full 0):
 garbage-first heap   total 524288K, used 42496K [0x00000000e0000000, 0x00000000e0101000, 0x0000000100000000)
  region size 1024K, 25 young (25600K), 25 survivors (25600K)
 Metaspace       used 44012K, capacity 45932K, committed 46280K, reserved 1089536K
  class space    used 5372K, capacity 5778K, committed 5888K, reserved 1048576K
}
 [Times: user=0.13 sys=0.00, real=0.02 secs] 
2021-03-30T09:46:03.725+0800: 69.140: Total time for which application threads were stopped: 0.0249495 seconds, Stopping threads took: 0.0000443 seconds
2021-03-30T09:46:03.725+0800: 69.140: [GC concurrent-root-region-scan-start]
2021-03-30T09:46:03.729+0800: 69.143: Total time for which application threads were stopped: 0.0004696 seconds, Stopping threads took: 0.0001898 seconds
2021-03-30T09:46:03.732+0800: 69.147: Total time for which application threads were stopped: 0.0004767 seconds, Stopping threads took: 0.0001085 seconds
2021-03-30T09:46:03.738+0800: 69.153: Total time for which application threads were stopped: 0.0003400 seconds, Stopping threads took: 0.0000783 seconds
2021-03-30T09:46:03.739+0800: 69.153: Total time for which application threads were stopped: 0.0002258 seconds, Stopping threads took: 0.0000521 seconds
2021-03-30T09:46:03.739+0800: 69.153: Total time for which application threads were stopped: 0.0003272 seconds, Stopping threads took: 0.0001069 seconds
2021-03-30T09:46:03.740+0800: 69.154: Total time for which application threads were stopped: 0.0001888 seconds, Stopping threads took: 0.0000503 seconds
2021-03-30T09:46:03.740+0800: 69.154: Total time for which application threads were stopped: 0.0002415 seconds, Stopping threads took: 0.0000771 seconds
2021-03-30T09:46:03.741+0800: 69.155: Total time for which application threads were stopped: 0.0002395 seconds, Stopping threads took: 0.0000901 seconds
2021-03-30T09:46:03.741+0800: 69.155: Total time for which application threads were stopped: 0.0003014 seconds, Stopping threads took: 0.0000913 seconds
2021-03-30T09:46:03.741+0800: 69.156: Total time for which application threads were stopped: 0.0002441 seconds, Stopping threads took: 0.0000580 seconds
2021-03-30T09:46:03.744+0800: 69.158: [GC concurrent-root-region-scan-end, 0.0183415 secs]
2021-03-30T09:46:03.744+0800: 69.158: [GC concurrent-mark-start]
2021-03-30T09:46:03.783+0800: 69.198: [GC concurrent-mark-end, 0.0397314 secs]
2021-03-30T09:46:03.784+0800: 69.198: [GC remark 2021-03-30T09:46:03.784+0800: 69.198: [Finalize Marking, 0.0004255 secs] 2021-03-30T09:46:03.784+0800: 69.199: [GC ref-proc, 0.0042501 secs] 2021-03-30T09:46:03.789+0800: 69.203: [Unloading, 0.0071755 secs], 0.0124597 secs]
 [Times: user=0.13 sys=0.00, real=0.01 secs] 
2021-03-30T09:46:03.796+0800: 69.211: Total time for which application threads were stopped: 0.0128634 seconds, Stopping threads took: 0.0001053 seconds
2021-03-30T09:46:03.797+0800: 69.211: [GC cleanup 47M->47M(512M), 0.0014271 secs]
 [Times: user=0.00 sys=0.00, real=0.00 secs] 
2021-03-30T09:46:03.798+0800: 69.213: Total time for which application threads were stopped: 0.0017956 seconds, Stopping threads took: 0.0001014 seconds
2021-03-30T09:46:03.816+0800: 69.230: Total time for which application threads were stopped: 0.0003164 seconds, Stopping threads took: 0.0000573 seconds
2021-03-30T09:46:03.890+0800: 69.305: Total time for which application threads were stopped: 0.0002791 seconds, Stopping threads took: 0.0000490 seconds
2021-03-30T09:46:03.891+0800: 69.305: Total time for which application threads were stopped: 0.0002957 seconds, Stopping threads took: 0.0000387 seconds
2021-03-30T09:46:03.944+0800: 69.358: Total time for which application threads were stopped: 0.0003406 seconds, Stopping threads took: 0.0000709 seconds
2021-03-30T09:46:03.991+0800: 69.405: Total time for which application threads were stopped: 0.0002639 seconds, Stopping threads took: 0.0000674 seconds
2021-03-30T09:46:04.153+0800: 69.567: Total time for which application threads were stopped: 0.0008209 seconds, Stopping threads took: 0.0000587 seconds
2021-03-30T09:46:04.512+0800: 69.926: Total time for which application threads were stopped: 0.0003836 seconds, Stopping threads took: 0.0001259 seconds
2021-03-30T09:46:04.779+0800: 70.193: Total time for which application threads were stopped: 0.0004718 seconds, Stopping threads took: 0.0001805 seconds
2021-03-30T09:46:04.831+0800: 70.246: Total time for which application threads were stopped: 0.0002087 seconds, Stopping threads took: 0.0000571 seconds
2021-03-30T09:46:04.832+0800: 70.246: Total time for which application threads were stopped: 0.0002605 seconds, Stopping threads took: 0.0000830 seconds
2021-03-30T09:46:04.832+0800: 70.247: Total time for which application threads were stopped: 0.0001689 seconds, Stopping threads took: 0.0000324 seconds
2021-03-30T09:46:04.832+0800: 70.247: Total time for which application threads were stopped: 0.0002020 seconds, Stopping threads took: 0.0001085 seconds
2021-03-30T09:46:04.833+0800: 70.247: Total time for which application threads were stopped: 0.0002303 seconds, Stopping threads took: 0.0001320 seconds
2021-03-30T09:46:04.833+0800: 70.247: Total time for which application threads were stopped: 0.0001142 seconds, Stopping threads took: 0.0000283 seconds
2021-03-30T09:46:04.850+0800: 70.265: Total time for which application threads were stopped: 0.0007096 seconds, Stopping threads took: 0.0000415 seconds
2021-03-30T09:46:05.000+0800: 70.414: Total time for which application threads were stopped: 0.0011460 seconds, Stopping threads took: 0.0000507 seconds
2021-03-30T09:46:05.011+0800: 70.426: Total time for which application threads were stopped: 0.0007248 seconds, Stopping threads took: 0.0004854 seconds
2021-03-30T09:46:05.025+0800: 70.439: Total time for which application threads were stopped: 0.0003349 seconds, Stopping threads took: 0.0000715 seconds
2021-03-30T09:46:05.056+0800: 70.470: Total time for which application threads were stopped: 0.0005244 seconds, Stopping threads took: 0.0002188 seconds
2021-03-30T09:46:05.059+0800: 70.473: Total time for which application threads were stopped: 0.0004587 seconds, Stopping threads took: 0.0001595 seconds
2021-03-30T09:46:05.059+0800: 70.474: Total time for which application threads were stopped: 0.0005527 seconds, Stopping threads took: 0.0002941 seconds
2021-03-30T09:46:05.085+0800: 70.499: Total time for which application threads were stopped: 0.0007587 seconds, Stopping threads took: 0.0003065 seconds
2021-03-30T09:46:05.087+0800: 70.501: Total time for which application threads were stopped: 0.0007558 seconds, Stopping threads took: 0.0003148 seconds
2021-03-30T09:46:05.088+0800: 70.502: Total time for which application threads were stopped: 0.0005687 seconds, Stopping threads took: 0.0002207 seconds
2021-03-30T09:46:05.141+0800: 70.555: Total time for which application threads were stopped: 0.0007087 seconds, Stopping threads took: 0.0002350 seconds
2021-03-30T09:46:05.144+0800: 70.558: Total time for which application threads were stopped: 0.0007266 seconds, Stopping threads took: 0.0003912 seconds
2021-03-30T09:46:05.146+0800: 70.560: Total time for which application threads were stopped: 0.0006557 seconds, Stopping threads took: 0.0002631 seconds
2021-03-30T09:46:05.147+0800: 70.561: Total time for which application threads were stopped: 0.0006349 seconds, Stopping threads took: 0.0002268 seconds
2021-03-30T09:46:05.153+0800: 70.568: Total time for which application threads were stopped: 0.0010802 seconds, Stopping threads took: 0.0005227 seconds
2021-03-30T09:46:05.155+0800: 70.569: Total time for which application threads were stopped: 0.0007236 seconds, Stopping threads took: 0.0002536 seconds
2021-03-30T09:46:05.156+0800: 70.570: Total time for which application threads were stopped: 0.0006843 seconds, Stopping threads took: 0.0002793 seconds
2021-03-30T09:46:05.384+0800: 70.798: Total time for which application threads were stopped: 0.0002379 seconds, Stopping threads took: 0.0000489 seconds
2021-03-30T09:46:05.757+0800: 71.171: Total time for which application threads were stopped: 0.0003700 seconds, Stopping threads took: 0.0000977 seconds
2021-03-30T09:46:05.757+0800: 71.171: Total time for which application threads were stopped: 0.0001672 seconds, Stopping threads took: 0.0000359 seconds
2021-03-30T09:46:05.758+0800: 71.172: Total time for which application threads were stopped: 0.0001900 seconds, Stopping threads took: 0.0000599 seconds
2021-03-30T09:46:05.810+0800: 71.225: Total time for which application threads were stopped: 0.0003015 seconds, Stopping threads took: 0.0001108 seconds
2021-03-30T09:46:05.811+0800: 71.226: Total time for which application threads were stopped: 0.0003167 seconds, Stopping threads took: 0.0000726 seconds
2021-03-30T09:46:05.813+0800: 71.227: Total time for which application threads were stopped: 0.0003420 seconds, Stopping threads took: 0.0001100 seconds
2021-03-30T09:46:05.951+0800: 71.366: Total time for which application threads were stopped: 0.0002580 seconds, Stopping threads took: 0.0000606 seconds
2021-03-30T09:46:05.952+0800: 71.367: Total time for which application threads were stopped: 0.0003151 seconds, Stopping threads took: 0.0000793 seconds
2021-03-30T09:46:05.955+0800: 71.370: Total time for which application threads were stopped: 0.0002511 seconds, Stopping threads took: 0.0000688 seconds
2021-03-30T09:46:05.956+0800: 71.370: Total time for which application threads were stopped: 0.0002143 seconds, Stopping threads took: 0.0000523 seconds
2021-03-30T09:46:05.976+0800: 71.390: Total time for which application threads were stopped: 0.0003355 seconds, Stopping threads took: 0.0001100 seconds
2021-03-30T09:46:05.976+0800: 71.391: Total time for which application threads were stopped: 0.0002224 seconds, Stopping threads took: 0.0000626 seconds
2021-03-30T09:46:05.976+0800: 71.391: Total time for which application threads were stopped: 0.0001986 seconds, Stopping threads took: 0.0000589 seconds
2021-03-30T09:46:05.983+0800: 71.398: Total time for which application threads were stopped: 0.0003543 seconds, Stopping threads took: 0.0000977 seconds
2021-03-30T09:46:05.986+0800: 71.400: Total time for which application threads were stopped: 0.0004479 seconds, Stopping threads took: 0.0000776 seconds
2021-03-30T09:46:05.987+0800: 71.401: Total time for which application threads were stopped: 0.0004292 seconds, Stopping threads took: 0.0000954 seconds
2021-03-30T09:46:05.991+0800: 71.405: Total time for which application threads were stopped: 0.0003705 seconds, Stopping threads took: 0.0000695 seconds
2021-03-30T09:46:05.992+0800: 71.406: Total time for which application threads were stopped: 0.0007917 seconds, Stopping threads took: 0.0000704 seconds
2021-03-30T09:46:06.015+0800: 71.430: Total time for which application threads were stopped: 0.0003592 seconds, Stopping threads took: 0.0001074 seconds
{Heap before GC invocations=9 (full 0):
 garbage-first heap   total 524288K, used 332161K [0x00000000e0000000, 0x00000000e0101000, 0x0000000100000000)
  region size 1024K, 307 young (314368K), 25 survivors (25600K)
 Metaspace       used 50290K, capacity 52862K, committed 53064K, reserved 1095680K
  class space    used 6178K, capacity 6681K, committed 6784K, reserved 1048576K
2021-03-30T09:46:06.015+0800: 71.430: [GC pause (GCLocker Initiated GC) (young)
Desired survivor size 20447232 bytes, new threshold 15 (max 15)
- age   1:    7443768 bytes,    7443768 total
- age   2:    6800672 bytes,   14244440 total
- age   3:     540744 bytes,   14785184 total
- age   4:     425752 bytes,   15210936 total
, 0.0178131 secs]
   [Parallel Time: 14.2 ms, GC Workers: 8]
      [GC Worker Start (ms): Min: 71430.2, Avg: 71430.3, Max: 71430.3, Diff: 0.1]
      [Ext Root Scanning (ms): Min: 0.5, Avg: 1.3, Max: 3.3, Diff: 2.8, Sum: 10.7]
      [Update RS (ms): Min: 0.0, Avg: 0.4, Max: 0.7, Diff: 0.7, Sum: 3.2]
         [Processed Buffers: Min: 0, Avg: 2.4, Max: 5, Diff: 5, Sum: 19]
      [Scan RS (ms): Min: 0.0, Avg: 0.0, Max: 0.1, Diff: 0.0, Sum: 0.3]
      [Code Root Scanning (ms): Min: 0.0, Avg: 0.5, Max: 1.0, Diff: 1.0, Sum: 4.3]
      [Object Copy (ms): Min: 10.8, Avg: 11.8, Max: 12.5, Diff: 1.7, Sum: 94.1]
      [Termination (ms): Min: 0.0, Avg: 0.0, Max: 0.0, Diff: 0.0, Sum: 0.1]
         [Termination Attempts: Min: 1, Avg: 58.0, Max: 70, Diff: 69, Sum: 464]
      [GC Worker Other (ms): Min: 0.0, Avg: 0.0, Max: 0.1, Diff: 0.0, Sum: 0.3]
      [GC Worker Total (ms): Min: 14.1, Avg: 14.1, Max: 14.1, Diff: 0.1, Sum: 112.8]
      [GC Worker End (ms): Min: 71444.3, Avg: 71444.4, Max: 71444.4, Diff: 0.0]
   [Code Root Fixup: 0.1 ms]
   [Code Root Purge: 0.0 ms]
   [Clear CT: 0.1 ms]
   [Other: 3.3 ms]
      [Choose CSet: 0.0 ms]
      [Ref Proc: 2.7 ms]
      [Ref Enq: 0.2 ms]
      [Redirty Cards: 0.1 ms]
      [Humongous Register: 0.0 ms]
      [Humongous Reclaim: 0.0 ms]
      [Free CSet: 0.2 ms]
   [Eden: 282.0M(282.0M)->0.0B(274.0M) Survivors: 25.0M->33.0M Heap: 324.4M(512.0M)->49.5M(512.0M)]
Heap after GC invocations=10 (full 0):
 garbage-first heap   total 524288K, used 50688K [0x00000000e0000000, 0x00000000e0101000, 0x0000000100000000)
  region size 1024K, 33 young (33792K), 33 survivors (33792K)
 Metaspace       used 50290K, capacity 52862K, committed 53064K, reserved 1095680K
  class space    used 6178K, capacity 6681K, committed 6784K, reserved 1048576K
}
 [Times: user=0.13 sys=0.00, real=0.02 secs] 
2021-03-30T09:46:06.034+0800: 71.448: Total time for which application threads were stopped: 0.0183236 seconds, Stopping threads took: 0.0000804 seconds
2021-03-30T09:46:06.424+0800: 71.838: Total time for which application threads were stopped: 0.0005904 seconds, Stopping threads took: 0.0002418 seconds
2021-03-30T09:46:06.424+0800: 71.839: Total time for which application threads were stopped: 0.0006134 seconds, Stopping threads took: 0.0004251 seconds
2021-03-30T09:46:06.469+0800: 71.883: Total time for which application threads were stopped: 0.0002942 seconds, Stopping threads took: 0.0000989 seconds
2021-03-30T09:46:06.471+0800: 71.885: Total time for which application threads were stopped: 0.0007460 seconds, Stopping threads took: 0.0000396 seconds
2021-03-30T09:46:06.475+0800: 71.889: Total time for which application threads were stopped: 0.0007885 seconds, Stopping threads took: 0.0000521 seconds
2021-03-30T09:46:06.480+0800: 71.894: Total time for which application threads were stopped: 0.0004074 seconds, Stopping threads took: 0.0002094 seconds
2021-03-30T09:46:06.482+0800: 71.896: Total time for which application threads were stopped: 0.0008580 seconds, Stopping threads took: 0.0001618 seconds
2021-03-30T09:46:06.483+0800: 71.897: Total time for which application threads were stopped: 0.0003575 seconds, Stopping threads took: 0.0001878 seconds
2021-03-30T09:46:06.483+0800: 71.897: Total time for which application threads were stopped: 0.0002517 seconds, Stopping threads took: 0.0001145 seconds
2021-03-30T09:46:06.548+0800: 71.963: Total time for which application threads were stopped: 0.0008047 seconds, Stopping threads took: 0.0000560 seconds
2021-03-30T09:46:06.575+0800: 71.989: Total time for which application threads were stopped: 0.0002384 seconds, Stopping threads took: 0.0000743 seconds
2021-03-30T09:46:06.599+0800: 72.013: Total time for which application threads were stopped: 0.0003228 seconds, Stopping threads took: 0.0000930 seconds
2021-03-30T09:46:06.601+0800: 72.015: Total time for which application threads were stopped: 0.0003429 seconds, Stopping threads took: 0.0001519 seconds
2021-03-30T09:46:06.603+0800: 72.017: Total time for which application threads were stopped: 0.0004361 seconds, Stopping threads took: 0.0002131 seconds
2021-03-30T09:46:06.604+0800: 72.019: Total time for which application threads were stopped: 0.0003672 seconds, Stopping threads took: 0.0001578 seconds
2021-03-30T09:46:06.644+0800: 72.059: Total time for which application threads were stopped: 0.0003047 seconds, Stopping threads took: 0.0001023 seconds
2021-03-30T09:46:06.646+0800: 72.060: Total time for which application threads were stopped: 0.0003236 seconds, Stopping threads took: 0.0001244 seconds
2021-03-30T09:46:06.663+0800: 72.078: Total time for which application threads were stopped: 0.0003578 seconds, Stopping threads took: 0.0001072 seconds
2021-03-30T09:46:06.665+0800: 72.079: Total time for which application threads were stopped: 0.0003471 seconds, Stopping threads took: 0.0001155 seconds
2021-03-30T09:46:06.667+0800: 72.081: Total time for which application threads were stopped: 0.0003249 seconds, Stopping threads took: 0.0000980 seconds
2021-03-30T09:46:06.673+0800: 72.087: Total time for which application threads were stopped: 0.0003976 seconds, Stopping threads took: 0.0001139 seconds
2021-03-30T09:46:06.680+0800: 72.094: Total time for which application threads were stopped: 0.0004770 seconds, Stopping threads took: 0.0001269 seconds
2021-03-30T09:46:06.681+0800: 72.095: Total time for which application threads were stopped: 0.0002538 seconds, Stopping threads took: 0.0000673 seconds
2021-03-30T09:46:06.687+0800: 72.101: Total time for which application threads were stopped: 0.0003315 seconds, Stopping threads took: 0.0001168 seconds
2021-03-30T09:46:06.687+0800: 72.101: Total time for which application threads were stopped: 0.0002585 seconds, Stopping threads took: 0.0000869 seconds
2021-03-30T09:46:06.688+0800: 72.103: Total time for which application threads were stopped: 0.0002742 seconds, Stopping threads took: 0.0000876 seconds
2021-03-30T09:46:06.693+0800: 72.107: Total time for which application threads were stopped: 0.0003475 seconds, Stopping threads took: 0.0000780 seconds
2021-03-30T09:46:06.701+0800: 72.115: Total time for which application threads were stopped: 0.0003073 seconds, Stopping threads took: 0.0000799 seconds
2021-03-30T09:46:06.711+0800: 72.125: Total time for which application threads were stopped: 0.0002972 seconds, Stopping threads took: 0.0000745 seconds
2021-03-30T09:46:06.716+0800: 72.130: Total time for which application threads were stopped: 0.0003157 seconds, Stopping threads took: 0.0000834 seconds
2021-03-30T09:46:06.721+0800: 72.136: Total time for which application threads were stopped: 0.0012199 seconds, Stopping threads took: 0.0004724 seconds
2021-03-30T09:46:06.725+0800: 72.140: Total time for which application threads were stopped: 0.0002662 seconds, Stopping threads took: 0.0000779 seconds
2021-03-30T09:46:06.730+0800: 72.145: Total time for which application threads were stopped: 0.0005486 seconds, Stopping threads took: 0.0003278 seconds
2021-03-30T09:46:06.734+0800: 72.148: Total time for which application threads were stopped: 0.0004629 seconds, Stopping threads took: 0.0002589 seconds
2021-03-30T09:46:06.737+0800: 72.151: Total time for which application threads were stopped: 0.0008827 seconds, Stopping threads took: 0.0006497 seconds
2021-03-30T09:46:06.741+0800: 72.155: Total time for which application threads were stopped: 0.0003801 seconds, Stopping threads took: 0.0000900 seconds
2021-03-30T09:46:06.744+0800: 72.158: Total time for which application threads were stopped: 0.0005208 seconds, Stopping threads took: 0.0003274 seconds
2021-03-30T09:46:06.747+0800: 72.162: Total time for which application threads were stopped: 0.0003893 seconds, Stopping threads took: 0.0001907 seconds
2021-03-30T09:46:06.750+0800: 72.164: Total time for which application threads were stopped: 0.0002941 seconds, Stopping threads took: 0.0000961 seconds
2021-03-30T09:46:06.754+0800: 72.168: Total time for which application threads were stopped: 0.0027471 seconds, Stopping threads took: 0.0025255 seconds
2021-03-30T09:46:06.760+0800: 72.175: Total time for which application threads were stopped: 0.0003105 seconds, Stopping threads took: 0.0000991 seconds
2021-03-30T09:46:06.766+0800: 72.180: Total time for which application threads were stopped: 0.0011458 seconds, Stopping threads took: 0.0001040 seconds
2021-03-30T09:46:06.796+0800: 72.210: Total time for which application threads were stopped: 0.0003133 seconds, Stopping threads took: 0.0000911 seconds
2021-03-30T09:46:06.796+0800: 72.211: Total time for which application threads were stopped: 0.0002431 seconds, Stopping threads took: 0.0000609 seconds
2021-03-30T09:46:06.797+0800: 72.211: Total time for which application threads were stopped: 0.0002221 seconds, Stopping threads took: 0.0000754 seconds
2021-03-30T09:46:06.800+0800: 72.214: Total time for which application threads were stopped: 0.0002963 seconds, Stopping threads took: 0.0000747 seconds
2021-03-30T09:46:06.800+0800: 72.215: Total time for which application threads were stopped: 0.0003459 seconds, Stopping threads took: 0.0000714 seconds
2021-03-30T09:46:06.806+0800: 72.220: Total time for which application threads were stopped: 0.0002947 seconds, Stopping threads took: 0.0000532 seconds
2021-03-30T09:46:06.834+0800: 72.249: Total time for which application threads were stopped: 0.0003624 seconds, Stopping threads took: 0.0000588 seconds
2021-03-30T09:46:06.836+0800: 72.251: Total time for which application threads were stopped: 0.0002988 seconds, Stopping threads took: 0.0000963 seconds
2021-03-30T09:46:06.949+0800: 72.363: Total time for which application threads were stopped: 0.0004962 seconds, Stopping threads took: 0.0001079 seconds
2021-03-30T09:46:06.985+0800: 72.399: Total time for which application threads were stopped: 0.0004941 seconds, Stopping threads took: 0.0001572 seconds
2021-03-30T09:46:06.986+0800: 72.400: Total time for which application threads were stopped: 0.0004235 seconds, Stopping threads took: 0.0001200 seconds
2021-03-30T09:46:07.091+0800: 72.505: Total time for which application threads were stopped: 0.0003875 seconds, Stopping threads took: 0.0000767 seconds
2021-03-30T09:46:07.793+0800: 73.208: Total time for which application threads were stopped: 0.0006842 seconds, Stopping threads took: 0.0001264 seconds
2021-03-30T09:46:07.798+0800: 73.213: Total time for which application threads were stopped: 0.0007872 seconds, Stopping threads took: 0.0003229 seconds
2021-03-30T09:46:07.808+0800: 73.222: Total time for which application threads were stopped: 0.0004274 seconds, Stopping threads took: 0.0000805 seconds
2021-03-30T09:46:07.809+0800: 73.223: Total time for which application threads were stopped: 0.0003438 seconds, Stopping threads took: 0.0000649 seconds
2021-03-30T09:46:07.821+0800: 73.235: Total time for which application threads were stopped: 0.0006105 seconds, Stopping threads took: 0.0001150 seconds
2021-03-30T09:46:07.929+0800: 73.344: Total time for which application threads were stopped: 0.0006837 seconds, Stopping threads took: 0.0002681 seconds
2021-03-30T09:46:07.935+0800: 73.349: Total time for which application threads were stopped: 0.0004226 seconds, Stopping threads took: 0.0000709 seconds
2021-03-30T09:46:08.104+0800: 73.518: Total time for which application threads were stopped: 0.0004636 seconds, Stopping threads took: 0.0000842 seconds
2021-03-30T09:46:08.104+0800: 73.518: Total time for which application threads were stopped: 0.0003424 seconds, Stopping threads took: 0.0000557 seconds
2021-03-30T09:46:08.124+0800: 73.539: Total time for which application threads were stopped: 0.0007175 seconds, Stopping threads took: 0.0003172 seconds
2021-03-30T09:46:08.129+0800: 73.543: Total time for which application threads were stopped: 0.0010607 seconds, Stopping threads took: 0.0006229 seconds
2021-03-30T09:46:08.131+0800: 73.545: Total time for which application threads were stopped: 0.0006729 seconds, Stopping threads took: 0.0002706 seconds
2021-03-30T09:46:08.132+0800: 73.546: Total time for which application threads were stopped: 0.0007739 seconds, Stopping threads took: 0.0005139 seconds
2021-03-30T09:46:08.133+0800: 73.547: Total time for which application threads were stopped: 0.0006178 seconds, Stopping threads took: 0.0003015 seconds
2021-03-30T09:46:08.255+0800: 73.670: Total time for which application threads were stopped: 0.0009556 seconds, Stopping threads took: 0.0004539 seconds
2021-03-30T09:46:08.257+0800: 73.672: Total time for which application threads were stopped: 0.0009094 seconds, Stopping threads took: 0.0005347 seconds
2021-03-30T09:46:08.258+0800: 73.673: Total time for which application threads were stopped: 0.0007566 seconds, Stopping threads took: 0.0004482 seconds
2021-03-30T09:46:08.274+0800: 73.689: Total time for which application threads were stopped: 0.0013886 seconds, Stopping threads took: 0.0008294 seconds
2021-03-30T09:46:08.294+0800: 73.709: Total time for which application threads were stopped: 0.0006819 seconds, Stopping threads took: 0.0001327 seconds
2021-03-30T09:46:08.358+0800: 73.773: Total time for which application threads were stopped: 0.0004867 seconds, Stopping threads took: 0.0001440 seconds
2021-03-30T09:46:08.365+0800: 73.779: Total time for which application threads were stopped: 0.0005427 seconds, Stopping threads took: 0.0001206 seconds
2021-03-30T09:46:08.365+0800: 73.780: Total time for which application threads were stopped: 0.0002652 seconds, Stopping threads took: 0.0000891 seconds
{Heap before GC invocations=10 (full 0):
 garbage-first heap   total 524288K, used 331264K [0x00000000e0000000, 0x00000000e0101000, 0x0000000100000000)
  region size 1024K, 307 young (314368K), 33 survivors (33792K)
 Metaspace       used 54522K, capacity 58032K, committed 58184K, reserved 1099776K
  class space    used 6836K, capacity 7464K, committed 7552K, reserved 1048576K
2021-03-30T09:46:08.367+0800: 73.782: [GC pause (G1 Evacuation Pause) (young)
Desired survivor size 20447232 bytes, new threshold 3 (max 15)
- age   1:    9666800 bytes,    9666800 total
- age   2:    6900968 bytes,   16567768 total
- age   3:    6787296 bytes,   23355064 total
- age   4:     538328 bytes,   23893392 total
- age   5:     398584 bytes,   24291976 total
, 0.0242985 secs]
   [Parallel Time: 20.8 ms, GC Workers: 8]
      [GC Worker Start (ms): Min: 73781.9, Avg: 73782.0, Max: 73782.0, Diff: 0.1]
      [Ext Root Scanning (ms): Min: 0.8, Avg: 1.4, Max: 3.8, Diff: 3.0, Sum: 11.1]
      [Update RS (ms): Min: 0.0, Avg: 0.4, Max: 0.6, Diff: 0.6, Sum: 3.3]
         [Processed Buffers: Min: 0, Avg: 2.8, Max: 15, Diff: 15, Sum: 22]
      [Scan RS (ms): Min: 0.0, Avg: 0.0, Max: 0.1, Diff: 0.1, Sum: 0.3]
      [Code Root Scanning (ms): Min: 0.0, Avg: 0.6, Max: 0.9, Diff: 0.9, Sum: 4.5]
      [Object Copy (ms): Min: 16.8, Avg: 18.2, Max: 19.0, Diff: 2.2, Sum: 145.7]
      [Termination (ms): Min: 0.0, Avg: 0.0, Max: 0.0, Diff: 0.0, Sum: 0.0]
         [Termination Attempts: Min: 1, Avg: 1.0, Max: 1, Diff: 0, Sum: 8]
      [GC Worker Other (ms): Min: 0.0, Avg: 0.0, Max: 0.1, Diff: 0.1, Sum: 0.3]
      [GC Worker Total (ms): Min: 20.6, Avg: 20.7, Max: 20.7, Diff: 0.1, Sum: 165.2]
      [GC Worker End (ms): Min: 73802.6, Avg: 73802.6, Max: 73802.6, Diff: 0.0]
   [Code Root Fixup: 0.1 ms]
   [Code Root Purge: 0.0 ms]
   [Clear CT: 0.2 ms]
   [Other: 3.2 ms]
      [Choose CSet: 0.0 ms]
      [Ref Proc: 2.4 ms]
      [Ref Enq: 0.1 ms]
      [Redirty Cards: 0.1 ms]
      [Humongous Register: 0.0 ms]
      [Humongous Reclaim: 0.0 ms]
      [Free CSet: 0.2 ms]
   [Eden: 274.0M(274.0M)->0.0B(271.0M) Survivors: 33.0M->36.0M Heap: 323.5M(512.0M)->60.0M(512.0M)]
Heap after GC invocations=11 (full 0):
 garbage-first heap   total 524288K, used 61443K [0x00000000e0000000, 0x00000000e0101000, 0x0000000100000000)
  region size 1024K, 36 young (36864K), 36 survivors (36864K)
 Metaspace       used 54522K, capacity 58032K, committed 58184K, reserved 1099776K
  class space    used 6836K, capacity 7464K, committed 7552K, reserved 1048576K
}
 [Times: user=0.16 sys=0.00, real=0.02 secs] 
2021-03-30T09:46:08.392+0800: 73.806: Total time for which application threads were stopped: 0.0248827 seconds, Stopping threads took: 0.0001015 seconds
2021-03-30T09:46:08.398+0800: 73.813: Total time for which application threads were stopped: 0.0004046 seconds, Stopping threads took: 0.0001884 seconds
2021-03-30T09:46:08.404+0800: 73.819: Total time for which application threads were stopped: 0.0003284 seconds, Stopping threads took: 0.0001014 seconds
2021-03-30T09:46:08.406+0800: 73.820: Total time for which application threads were stopped: 0.0002821 seconds, Stopping threads took: 0.0001112 seconds
2021-03-30T09:46:08.406+0800: 73.820: Total time for which application threads were stopped: 0.0002655 seconds, Stopping threads took: 0.0000948 seconds
2021-03-30T09:46:08.409+0800: 73.823: Total time for which application threads were stopped: 0.0004353 seconds, Stopping threads took: 0.0002543 seconds
2021-03-30T09:46:08.410+0800: 73.824: Total time for which application threads were stopped: 0.0008100 seconds, Stopping threads took: 0.0000927 seconds
2021-03-30T09:46:08.410+0800: 73.825: Total time for which application threads were stopped: 0.0003004 seconds, Stopping threads took: 0.0001499 seconds
2021-03-30T09:46:08.413+0800: 73.827: Total time for which application threads were stopped: 0.0004219 seconds, Stopping threads took: 0.0002073 seconds
2021-03-30T09:46:08.413+0800: 73.828: Total time for which application threads were stopped: 0.0002709 seconds, Stopping threads took: 0.0000925 seconds
2021-03-30T09:46:08.415+0800: 73.830: Total time for which application threads were stopped: 0.0003016 seconds, Stopping threads took: 0.0001019 seconds
2021-03-30T09:46:08.416+0800: 73.830: Total time for which application threads were stopped: 0.0002774 seconds, Stopping threads took: 0.0000960 seconds
2021-03-30T09:46:08.424+0800: 73.839: Total time for which application threads were stopped: 0.0008253 seconds, Stopping threads took: 0.0003568 seconds
2021-03-30T09:46:08.430+0800: 73.844: Total time for which application threads were stopped: 0.0003169 seconds, Stopping threads took: 0.0001134 seconds
2021-03-30T09:46:08.887+0800: 74.301: Total time for which application threads were stopped: 0.0003827 seconds, Stopping threads took: 0.0000752 seconds
2021-03-30T09:46:08.888+0800: 74.303: Total time for which application threads were stopped: 0.0002327 seconds, Stopping threads took: 0.0000480 seconds
2021-03-30T09:46:08.889+0800: 74.303: Total time for which application threads were stopped: 0.0002569 seconds, Stopping threads took: 0.0000376 seconds
2021-03-30T09:46:08.890+0800: 74.305: Total time for which application threads were stopped: 0.0002898 seconds, Stopping threads took: 0.0000934 seconds
2021-03-30T09:46:08.891+0800: 74.305: Total time for which application threads were stopped: 0.0002066 seconds, Stopping threads took: 0.0000428 seconds
2021-03-30T09:46:08.891+0800: 74.306: Total time for which application threads were stopped: 0.0001905 seconds, Stopping threads took: 0.0000343 seconds
2021-03-30T09:46:08.893+0800: 74.307: Total time for which application threads were stopped: 0.0004012 seconds, Stopping threads took: 0.0000611 seconds
2021-03-30T09:46:08.893+0800: 74.308: Total time for which application threads were stopped: 0.0002280 seconds, Stopping threads took: 0.0000473 seconds
2021-03-30T09:46:08.894+0800: 74.309: Total time for which application threads were stopped: 0.0001954 seconds, Stopping threads took: 0.0000343 seconds
2021-03-30T09:46:08.900+0800: 74.314: Total time for which application threads were stopped: 0.0004497 seconds, Stopping threads took: 0.0000645 seconds
2021-03-30T09:46:08.901+0800: 74.315: Total time for which application threads were stopped: 0.0002884 seconds, Stopping threads took: 0.0001016 seconds
2021-03-30T09:46:08.901+0800: 74.316: Total time for which application threads were stopped: 0.0002878 seconds, Stopping threads took: 0.0000947 seconds
2021-03-30T09:46:08.904+0800: 74.318: Total time for which application threads were stopped: 0.0005453 seconds, Stopping threads took: 0.0002858 seconds
2021-03-30T09:46:08.905+0800: 74.320: Total time for which application threads were stopped: 0.0003298 seconds, Stopping threads took: 0.0000589 seconds
2021-03-30T09:46:08.908+0800: 74.323: Total time for which application threads were stopped: 0.0003563 seconds, Stopping threads took: 0.0001002 seconds
2021-03-30T09:46:08.909+0800: 74.323: Total time for which application threads were stopped: 0.0002685 seconds, Stopping threads took: 0.0000980 seconds
2021-03-30T09:46:08.910+0800: 74.324: Total time for which application threads were stopped: 0.0002057 seconds, Stopping threads took: 0.0000357 seconds
2021-03-30T09:46:08.911+0800: 74.325: Total time for which application threads were stopped: 0.0002362 seconds, Stopping threads took: 0.0000341 seconds
2021-03-30T09:46:08.911+0800: 74.326: Total time for which application threads were stopped: 0.0002491 seconds, Stopping threads took: 0.0000731 seconds
2021-03-30T09:46:08.912+0800: 74.327: Total time for which application threads were stopped: 0.0004601 seconds, Stopping threads took: 0.0002465 seconds
2021-03-30T09:46:08.914+0800: 74.328: Total time for which application threads were stopped: 0.0008727 seconds, Stopping threads took: 0.0000573 seconds
2021-03-30T09:46:08.964+0800: 74.378: Total time for which application threads were stopped: 0.0003162 seconds, Stopping threads took: 0.0000796 seconds
2021-03-30T09:46:08.965+0800: 74.379: Total time for which application threads were stopped: 0.0002797 seconds, Stopping threads took: 0.0000799 seconds
2021-03-30T09:46:08.969+0800: 74.383: Total time for which application threads were stopped: 0.0003281 seconds, Stopping threads took: 0.0001373 seconds
2021-03-30T09:46:09.087+0800: 74.502: Total time for which application threads were stopped: 0.0002729 seconds, Stopping threads took: 0.0000511 seconds
2021-03-30T09:46:09.088+0800: 74.502: Total time for which application threads were stopped: 0.0002024 seconds, Stopping threads took: 0.0000309 seconds
2021-03-30T09:46:09.088+0800: 74.502: Total time for which application threads were stopped: 0.0002372 seconds, Stopping threads took: 0.0000259 seconds
2021-03-30T09:46:09.088+0800: 74.502: Total time for which application threads were stopped: 0.0002045 seconds, Stopping threads took: 0.0000575 seconds
2021-03-30T09:46:09.089+0800: 74.503: Total time for which application threads were stopped: 0.0002542 seconds, Stopping threads took: 0.0000464 seconds
2021-03-30T09:46:09.089+0800: 74.503: Total time for which application threads were stopped: 0.0001483 seconds, Stopping threads took: 0.0000329 seconds
2021-03-30T09:46:09.100+0800: 74.515: Total time for which application threads were stopped: 0.0003990 seconds, Stopping threads took: 0.0001792 seconds
2021-03-30T09:46:09.101+0800: 74.515: Total time for which application threads were stopped: 0.0002763 seconds, Stopping threads took: 0.0000747 seconds
2021-03-30T09:46:09.101+0800: 74.515: Total time for which application threads were stopped: 0.0002368 seconds, Stopping threads took: 0.0000612 seconds
2021-03-30T09:46:09.101+0800: 74.516: Total time for which application threads were stopped: 0.0002406 seconds, Stopping threads took: 0.0000696 seconds
2021-03-30T09:46:09.102+0800: 74.516: Total time for which application threads were stopped: 0.0002653 seconds, Stopping threads took: 0.0000625 seconds
2021-03-30T09:46:09.102+0800: 74.516: Total time for which application threads were stopped: 0.0002629 seconds, Stopping threads took: 0.0000760 seconds
2021-03-30T09:46:09.102+0800: 74.517: Total time for which application threads were stopped: 0.0002459 seconds, Stopping threads took: 0.0000552 seconds
2021-03-30T09:46:09.103+0800: 74.517: Total time for which application threads were stopped: 0.0002276 seconds, Stopping threads took: 0.0000627 seconds
2021-03-30T09:46:09.103+0800: 74.517: Total time for which application threads were stopped: 0.0001650 seconds, Stopping threads took: 0.0000380 seconds
2021-03-30T09:46:09.103+0800: 74.517: Total time for which application threads were stopped: 0.0002028 seconds, Stopping threads took: 0.0000797 seconds
2021-03-30T09:46:09.103+0800: 74.518: Total time for which application threads were stopped: 0.0002026 seconds, Stopping threads took: 0.0000614 seconds
2021-03-30T09:46:09.104+0800: 74.518: Total time for which application threads were stopped: 0.0001956 seconds, Stopping threads took: 0.0000629 seconds
2021-03-30T09:46:09.104+0800: 74.518: Total time for which application threads were stopped: 0.0001797 seconds, Stopping threads took: 0.0000600 seconds
2021-03-30T09:46:09.104+0800: 74.518: Total time for which application threads were stopped: 0.0001480 seconds, Stopping threads took: 0.0000323 seconds
2021-03-30T09:46:09.104+0800: 74.519: Total time for which application threads were stopped: 0.0001850 seconds, Stopping threads took: 0.0000604 seconds
2021-03-30T09:46:09.104+0800: 74.519: Total time for which application threads were stopped: 0.0001470 seconds, Stopping threads took: 0.0000327 seconds
2021-03-30T09:46:09.105+0800: 74.519: Total time for which application threads were stopped: 0.0002128 seconds, Stopping threads took: 0.0000908 seconds
2021-03-30T09:46:09.105+0800: 74.519: Total time for which application threads were stopped: 0.0001444 seconds, Stopping threads took: 0.0000312 seconds
2021-03-30T09:46:09.105+0800: 74.520: Total time for which application threads were stopped: 0.0001971 seconds, Stopping threads took: 0.0000665 seconds
2021-03-30T09:46:09.105+0800: 74.520: Total time for which application threads were stopped: 0.0001701 seconds, Stopping threads took: 0.0000481 seconds
2021-03-30T09:46:09.106+0800: 74.520: Total time for which application threads were stopped: 0.0006416 seconds, Stopping threads took: 0.0000624 seconds
2021-03-30T09:46:09.109+0800: 74.523: Total time for which application threads were stopped: 0.0004163 seconds, Stopping threads took: 0.0002184 seconds
2021-03-30T09:46:09.110+0800: 74.524: Total time for which application threads were stopped: 0.0003253 seconds, Stopping threads took: 0.0000816 seconds
2021-03-30T09:46:09.110+0800: 74.525: Total time for which application threads were stopped: 0.0002939 seconds, Stopping threads took: 0.0000703 seconds
2021-03-30T09:46:09.120+0800: 74.534: Total time for which application threads were stopped: 0.0003283 seconds, Stopping threads took: 0.0001025 seconds
2021-03-30T09:46:09.120+0800: 74.535: Total time for which application threads were stopped: 0.0002605 seconds, Stopping threads took: 0.0000859 seconds
2021-03-30T09:46:09.120+0800: 74.535: Total time for which application threads were stopped: 0.0002313 seconds, Stopping threads took: 0.0000672 seconds
2021-03-30T09:46:09.173+0800: 74.587: Total time for which application threads were stopped: 0.0004733 seconds, Stopping threads took: 0.0001846 seconds
2021-03-30T09:46:09.222+0800: 74.636: Total time for which application threads were stopped: 0.0005072 seconds, Stopping threads took: 0.0002439 seconds
2021-03-30T09:46:09.222+0800: 74.636: Total time for which application threads were stopped: 0.0002827 seconds, Stopping threads took: 0.0000720 seconds
2021-03-30T09:46:09.223+0800: 74.637: Total time for which application threads were stopped: 0.0002118 seconds, Stopping threads took: 0.0000672 seconds
2021-03-30T09:46:09.223+0800: 74.637: Total time for which application threads were stopped: 0.0002205 seconds, Stopping threads took: 0.0000510 seconds
2021-03-30T09:46:09.223+0800: 74.638: Total time for which application threads were stopped: 0.0003190 seconds, Stopping threads took: 0.0001437 seconds
2021-03-30T09:46:09.224+0800: 74.638: Total time for which application threads were stopped: 0.0002123 seconds, Stopping threads took: 0.0000357 seconds
2021-03-30T09:46:09.225+0800: 74.639: Total time for which application threads were stopped: 0.0003268 seconds, Stopping threads took: 0.0000955 seconds
2021-03-30T09:46:09.225+0800: 74.639: Total time for which application threads were stopped: 0.0002964 seconds, Stopping threads took: 0.0001015 seconds
2021-03-30T09:46:09.226+0800: 74.640: Total time for which application threads were stopped: 0.0002526 seconds, Stopping threads took: 0.0000646 seconds
2021-03-30T09:46:09.226+0800: 74.640: Total time for which application threads were stopped: 0.0002456 seconds, Stopping threads took: 0.0000733 seconds
2021-03-30T09:46:09.227+0800: 74.641: Total time for which application threads were stopped: 0.0002842 seconds, Stopping threads took: 0.0000825 seconds
2021-03-30T09:46:09.227+0800: 74.641: Total time for which application threads were stopped: 0.0002438 seconds, Stopping threads took: 0.0000732 seconds
2021-03-30T09:46:09.230+0800: 74.644: Total time for which application threads were stopped: 0.0003626 seconds, Stopping threads took: 0.0000795 seconds
2021-03-30T09:46:09.230+0800: 74.645: Total time for which application threads were stopped: 0.0002369 seconds, Stopping threads took: 0.0000393 seconds
2021-03-30T09:46:09.230+0800: 74.645: Total time for which application threads were stopped: 0.0002861 seconds, Stopping threads took: 0.0000648 seconds
2021-03-30T09:46:09.231+0800: 74.645: Total time for which application threads were stopped: 0.0002734 seconds, Stopping threads took: 0.0000693 seconds
2021-03-30T09:46:09.231+0800: 74.646: Total time for which application threads were stopped: 0.0001919 seconds, Stopping threads took: 0.0000622 seconds
2021-03-30T09:46:09.231+0800: 74.646: Total time for which application threads were stopped: 0.0002530 seconds, Stopping threads took: 0.0000724 seconds
2021-03-30T09:46:09.244+0800: 74.659: Total time for which application threads were stopped: 0.0003363 seconds, Stopping threads took: 0.0001011 seconds
2021-03-30T09:46:09.251+0800: 74.665: Total time for which application threads were stopped: 0.0003202 seconds, Stopping threads took: 0.0001207 seconds
2021-03-30T09:46:09.251+0800: 74.666: Total time for which application threads were stopped: 0.0002662 seconds, Stopping threads took: 0.0000823 seconds
2021-03-30T09:46:09.251+0800: 74.666: Total time for which application threads were stopped: 0.0002110 seconds, Stopping threads took: 0.0000803 seconds
2021-03-30T09:46:09.255+0800: 74.669: Total time for which application threads were stopped: 0.0002598 seconds, Stopping threads took: 0.0000768 seconds
2021-03-30T09:46:09.255+0800: 74.670: Total time for which application threads were stopped: 0.0002722 seconds, Stopping threads took: 0.0000894 seconds
2021-03-30T09:46:09.255+0800: 74.670: Total time for which application threads were stopped: 0.0002213 seconds, Stopping threads took: 0.0000713 seconds
2021-03-30T09:46:09.256+0800: 74.670: Total time for which application threads were stopped: 0.0002650 seconds, Stopping threads took: 0.0000671 seconds
2021-03-30T09:46:09.257+0800: 74.671: Total time for which application threads were stopped: 0.0002697 seconds, Stopping threads took: 0.0000601 seconds
2021-03-30T09:46:09.257+0800: 74.672: Total time for which application threads were stopped: 0.0002216 seconds, Stopping threads took: 0.0000672 seconds
2021-03-30T09:46:09.261+0800: 74.676: Total time for which application threads were stopped: 0.0003281 seconds, Stopping threads took: 0.0000678 seconds
2021-03-30T09:46:09.262+0800: 74.676: Total time for which application threads were stopped: 0.0003097 seconds, Stopping threads took: 0.0000704 seconds
2021-03-30T09:46:09.262+0800: 74.676: Total time for which application threads were stopped: 0.0002536 seconds, Stopping threads took: 0.0000546 seconds
2021-03-30T09:46:09.264+0800: 74.678: Total time for which application threads were stopped: 0.0002803 seconds, Stopping threads took: 0.0000923 seconds
2021-03-30T09:46:09.264+0800: 74.678: Total time for which application threads were stopped: 0.0002343 seconds, Stopping threads took: 0.0000807 seconds
2021-03-30T09:46:09.264+0800: 74.679: Total time for which application threads were stopped: 0.0002059 seconds, Stopping threads took: 0.0000357 seconds
2021-03-30T09:46:09.266+0800: 74.680: Total time for which application threads were stopped: 0.0002844 seconds, Stopping threads took: 0.0000828 seconds
2021-03-30T09:46:09.266+0800: 74.680: Total time for which application threads were stopped: 0.0003167 seconds, Stopping threads took: 0.0000575 seconds
2021-03-30T09:46:09.266+0800: 74.681: Total time for which application threads were stopped: 0.0002053 seconds, Stopping threads took: 0.0000623 seconds
2021-03-30T09:46:09.284+0800: 74.698: Total time for which application threads were stopped: 0.0003363 seconds, Stopping threads took: 0.0000793 seconds
2021-03-30T09:46:09.285+0800: 74.699: Total time for which application threads were stopped: 0.0002598 seconds, Stopping threads took: 0.0000568 seconds
2021-03-30T09:46:09.346+0800: 74.760: Total time for which application threads were stopped: 0.0002965 seconds, Stopping threads took: 0.0000621 seconds
2021-03-30T09:46:09.368+0800: 74.783: Total time for which application threads were stopped: 0.0002734 seconds, Stopping threads took: 0.0000711 seconds
2021-03-30T09:46:11.383+0800: 76.798: Total time for which application threads were stopped: 0.0004730 seconds, Stopping threads took: 0.0001086 seconds
2021-03-30T09:46:18.386+0800: 83.801: Total time for which application threads were stopped: 0.0004901 seconds, Stopping threads took: 0.0001040 seconds
2021-03-30T09:46:19.151+0800: 84.565: Total time for which application threads were stopped: 0.0012240 seconds, Stopping threads took: 0.0000629 seconds
2021-03-30T09:46:24.154+0800: 89.568: Total time for which application threads were stopped: 0.0006624 seconds, Stopping threads took: 0.0001258 seconds
2021-03-30T09:46:30.167+0800: 95.582: Total time for which application threads were stopped: 0.0005989 seconds, Stopping threads took: 0.0001028 seconds
2021-03-30T09:46:31.168+0800: 96.582: Total time for which application threads were stopped: 0.0004538 seconds, Stopping threads took: 0.0000960 seconds
2021-03-30T09:46:32.168+0800: 97.583: Total time for which application threads were stopped: 0.0006853 seconds, Stopping threads took: 0.0001591 seconds
2021-03-30T09:46:35.180+0800: 100.594: Total time for which application threads were stopped: 0.0005078 seconds, Stopping threads took: 0.0001210 seconds
2021-03-30T09:46:35.831+0800: 101.245: Total time for which application threads were stopped: 0.0016388 seconds, Stopping threads took: 0.0000599 seconds
2021-03-30T09:46:36.037+0800: 101.451: Total time for which application threads were stopped: 0.0004106 seconds, Stopping threads took: 0.0000929 seconds
2021-03-30T09:46:36.131+0800: 101.545: Total time for which application threads were stopped: 0.0003952 seconds, Stopping threads took: 0.0000637 seconds
2021-03-30T09:46:36.134+0800: 101.548: Total time for which application threads were stopped: 0.0005303 seconds, Stopping threads took: 0.0000992 seconds
2021-03-30T09:46:36.136+0800: 101.550: Total time for which application threads were stopped: 0.0003466 seconds, Stopping threads took: 0.0001070 seconds
2021-03-30T09:46:36.139+0800: 101.553: Total time for which application threads were stopped: 0.0002979 seconds, Stopping threads took: 0.0000590 seconds
2021-03-30T09:46:36.141+0800: 101.555: Total time for which application threads were stopped: 0.0003434 seconds, Stopping threads took: 0.0001146 seconds
2021-03-30T09:46:37.005+0800: 102.420: Total time for which application threads were stopped: 0.0004460 seconds, Stopping threads took: 0.0000670 seconds
2021-03-30T09:46:37.006+0800: 102.420: Total time for which application threads were stopped: 0.0003899 seconds, Stopping threads took: 0.0000866 seconds
2021-03-30T09:46:37.007+0800: 102.421: Total time for which application threads were stopped: 0.0003526 seconds, Stopping threads took: 0.0000862 seconds
2021-03-30T09:46:37.008+0800: 102.422: Total time for which application threads were stopped: 0.0003495 seconds, Stopping threads took: 0.0000768 seconds
2021-03-30T09:46:37.009+0800: 102.423: Total time for which application threads were stopped: 0.0004560 seconds, Stopping threads took: 0.0000473 seconds
2021-03-30T09:46:37.011+0800: 102.425: Total time for which application threads were stopped: 0.0004003 seconds, Stopping threads took: 0.0000700 seconds
2021-03-30T09:46:37.013+0800: 102.427: Total time for which application threads were stopped: 0.0012999 seconds, Stopping threads took: 0.0000526 seconds
2021-03-30T09:46:42.030+0800: 107.444: Total time for which application threads were stopped: 0.0004284 seconds, Stopping threads took: 0.0000786 seconds
2021-03-30T09:46:42.159+0800: 107.573: Total time for which application threads were stopped: 0.0004922 seconds, Stopping threads took: 0.0001270 seconds
2021-03-30T09:46:42.159+0800: 107.574: Total time for which application threads were stopped: 0.0005124 seconds, Stopping threads took: 0.0001338 seconds
2021-03-30T09:46:42.160+0800: 107.574: Total time for which application threads were stopped: 0.0006035 seconds, Stopping threads took: 0.0000677 seconds
2021-03-30T09:46:42.162+0800: 107.576: Total time for which application threads were stopped: 0.0014329 seconds, Stopping threads took: 0.0006412 seconds
2021-03-30T09:46:42.163+0800: 107.577: Total time for which application threads were stopped: 0.0004304 seconds, Stopping threads took: 0.0001245 seconds
2021-03-30T09:46:42.163+0800: 107.577: Total time for which application threads were stopped: 0.0003464 seconds, Stopping threads took: 0.0000719 seconds
2021-03-30T09:46:42.164+0800: 107.578: Total time for which application threads were stopped: 0.0003778 seconds, Stopping threads took: 0.0000986 seconds
2021-03-30T09:46:43.179+0800: 108.593: Total time for which application threads were stopped: 0.0009574 seconds, Stopping threads took: 0.0001501 seconds
2021-03-30T09:46:46.181+0800: 111.596: Total time for which application threads were stopped: 0.0006588 seconds, Stopping threads took: 0.0001439 seconds
2021-03-30T09:46:47.182+0800: 112.596: Total time for which application threads were stopped: 0.0006019 seconds, Stopping threads took: 0.0001140 seconds
2021-03-30T09:46:49.183+0800: 114.597: Total time for which application threads were stopped: 0.0003014 seconds, Stopping threads took: 0.0000569 seconds
2021-03-30T09:46:50.183+0800: 115.597: Total time for which application threads were stopped: 0.0006078 seconds, Stopping threads took: 0.0001920 seconds
2021-03-30T09:46:51.184+0800: 116.598: Total time for which application threads were stopped: 0.0005210 seconds, Stopping threads took: 0.0001045 seconds
2021-03-30T09:46:52.184+0800: 117.599: Total time for which application threads were stopped: 0.0006813 seconds, Stopping threads took: 0.0001185 seconds
2021-03-30T09:46:56.186+0800: 121.601: Total time for which application threads were stopped: 0.0005283 seconds, Stopping threads took: 0.0001068 seconds
2021-03-30T09:46:58.187+0800: 123.601: Total time for which application threads were stopped: 0.0004979 seconds, Stopping threads took: 0.0001033 seconds
2021-03-30T09:47:06.783+0800: 132.197: Total time for which application threads were stopped: 0.0005082 seconds, Stopping threads took: 0.0000952 seconds
2021-03-30T09:47:06.942+0800: 132.357: Total time for which application threads were stopped: 0.0005096 seconds, Stopping threads took: 0.0001002 seconds
2021-03-30T09:47:07.943+0800: 133.358: Total time for which application threads were stopped: 0.0005941 seconds, Stopping threads took: 0.0001490 seconds
2021-03-30T09:47:08.944+0800: 134.358: Total time for which application threads were stopped: 0.0004650 seconds, Stopping threads took: 0.0001013 seconds
2021-03-30T09:47:15.969+0800: 141.384: Total time for which application threads were stopped: 0.0004734 seconds, Stopping threads took: 0.0001020 seconds
2021-03-30T09:47:16.970+0800: 142.384: Total time for which application threads were stopped: 0.0004531 seconds, Stopping threads took: 0.0000889 seconds
2021-03-30T09:47:23.019+0800: 148.433: Total time for which application threads were stopped: 0.0003352 seconds, Stopping threads took: 0.0000583 seconds
2021-03-30T09:47:24.019+0800: 149.434: Total time for which application threads were stopped: 0.0007138 seconds, Stopping threads took: 0.0001058 seconds
2021-03-30T09:47:30.048+0800: 155.462: Total time for which application threads were stopped: 0.0005031 seconds, Stopping threads took: 0.0001048 seconds
2021-03-30T09:47:33.074+0800: 158.488: Total time for which application threads were stopped: 0.0005380 seconds, Stopping threads took: 0.0001288 seconds
2021-03-30T09:47:33.075+0800: 158.489: Total time for which application threads were stopped: 0.0006477 seconds, Stopping threads took: 0.0001204 seconds
2021-03-30T09:47:33.078+0800: 158.492: Total time for which application threads were stopped: 0.0020107 seconds, Stopping threads took: 0.0003758 seconds
2021-03-30T09:47:33.079+0800: 158.493: Total time for which application threads were stopped: 0.0006028 seconds, Stopping threads took: 0.0001164 seconds
2021-03-30T09:47:33.080+0800: 158.495: Total time for which application threads were stopped: 0.0005652 seconds, Stopping threads took: 0.0000894 seconds
2021-03-30T09:47:39.084+0800: 164.498: Total time for which application threads were stopped: 0.0006846 seconds, Stopping threads took: 0.0001577 seconds
2021-03-30T09:47:56.112+0800: 181.527: Total time for which application threads were stopped: 0.0003611 seconds, Stopping threads took: 0.0000643 seconds
2021-03-30T09:47:59.114+0800: 184.529: Total time for which application threads were stopped: 0.0005919 seconds, Stopping threads took: 0.0001760 seconds
2021-03-30T09:48:00.115+0800: 185.529: Total time for which application threads were stopped: 0.0003812 seconds, Stopping threads took: 0.0000650 seconds
2021-03-30T09:48:01.115+0800: 186.529: Total time for which application threads were stopped: 0.0004908 seconds, Stopping threads took: 0.0000878 seconds
2021-03-30T09:48:04.116+0800: 189.530: Total time for which application threads were stopped: 0.0004990 seconds, Stopping threads took: 0.0001035 seconds
2021-03-30T09:48:05.126+0800: 190.540: Total time for which application threads were stopped: 0.0006647 seconds, Stopping threads took: 0.0001341 seconds
2021-03-30T09:48:07.140+0800: 192.554: Total time for which application threads were stopped: 0.0006703 seconds, Stopping threads took: 0.0001468 seconds
2021-03-30T09:48:08.140+0800: 193.555: Total time for which application threads were stopped: 0.0005732 seconds, Stopping threads took: 0.0000831 seconds
2021-03-30T09:48:08.556+0800: 193.970: Total time for which application threads were stopped: 0.0007860 seconds, Stopping threads took: 0.0004925 seconds
{Heap before GC invocations=11 (full 0):
 garbage-first heap   total 524288K, used 338947K [0x00000000e0000000, 0x00000000e0101000, 0x0000000100000000)
  region size 1024K, 307 young (314368K), 36 survivors (36864K)
 Metaspace       used 57214K, capacity 60894K, committed 61000K, reserved 1101824K
  class space    used 7072K, capacity 7710K, committed 7808K, reserved 1048576K
2021-03-30T09:48:08.677+0800: 194.091: [GC pause (G1 Evacuation Pause) (young)
Desired survivor size 20447232 bytes, new threshold 2 (max 15)
- age   1:   12945664 bytes,   12945664 total
- age   2:    9243760 bytes,   22189424 total
- age   3:    6774384 bytes,   28963808 total
, 0.0433111 secs]
   [Parallel Time: 36.8 ms, GC Workers: 8]
      [GC Worker Start (ms): Min: 194091.4, Avg: 194091.6, Max: 194091.8, Diff: 0.4]
      [Ext Root Scanning (ms): Min: 0.7, Avg: 1.4, Max: 4.1, Diff: 3.4, Sum: 11.0]
      [Update RS (ms): Min: 0.0, Avg: 0.5, Max: 0.8, Diff: 0.8, Sum: 4.0]
         [Processed Buffers: Min: 0, Avg: 8.9, Max: 19, Diff: 19, Sum: 71]
      [Scan RS (ms): Min: 0.1, Avg: 0.8, Max: 1.1, Diff: 1.0, Sum: 6.1]
      [Code Root Scanning (ms): Min: 0.0, Avg: 1.1, Max: 3.4, Diff: 3.4, Sum: 8.6]
      [Object Copy (ms): Min: 30.3, Avg: 32.6, Max: 33.7, Diff: 3.4, Sum: 260.9]
      [Termination (ms): Min: 0.0, Avg: 0.0, Max: 0.0, Diff: 0.0, Sum: 0.0]
         [Termination Attempts: Min: 1, Avg: 1.0, Max: 1, Diff: 0, Sum: 8]
      [GC Worker Other (ms): Min: 0.0, Avg: 0.1, Max: 0.1, Diff: 0.1, Sum: 0.7]
      [GC Worker Total (ms): Min: 36.2, Avg: 36.4, Max: 36.7, Diff: 0.4, Sum: 291.3]
      [GC Worker End (ms): Min: 194128.0, Avg: 194128.0, Max: 194128.1, Diff: 0.1]
   [Code Root Fixup: 0.1 ms]
   [Code Root Purge: 0.1 ms]
   [Clear CT: 0.4 ms]
   [Other: 5.9 ms]
      [Choose CSet: 0.0 ms]
      [Ref Proc: 4.5 ms]
      [Ref Enq: 0.5 ms]
      [Redirty Cards: 0.3 ms]
      [Humongous Register: 0.0 ms]
      [Humongous Reclaim: 0.0 ms]
      [Free CSet: 0.3 ms]
   [Eden: 271.0M(271.0M)->0.0B(280.0M) Survivors: 36.0M->27.0M Heap: 331.0M(512.0M)->71.4M(512.0M)]
Heap after GC invocations=12 (full 0):
 garbage-first heap   total 524288K, used 73086K [0x00000000e0000000, 0x00000000e0101000, 0x0000000100000000)
  region size 1024K, 27 young (27648K), 27 survivors (27648K)
 Metaspace       used 57214K, capacity 60894K, committed 61000K, reserved 1101824K
  class space    used 7072K, capacity 7710K, committed 7808K, reserved 1048576K
}
 [Times: user=0.34 sys=0.00, real=0.04 secs] 
2021-03-30T09:48:08.721+0800: 194.135: Total time for which application threads were stopped: 0.0439694 seconds, Stopping threads took: 0.0000720 seconds
2021-03-30T09:48:08.760+0800: 194.175: Total time for which application threads were stopped: 0.0006905 seconds, Stopping threads took: 0.0003561 seconds
2021-03-30T09:48:08.795+0800: 194.210: Total time for which application threads were stopped: 0.0013562 seconds, Stopping threads took: 0.0000522 seconds
2021-03-30T09:48:08.800+0800: 194.214: Total time for which application threads were stopped: 0.0011911 seconds, Stopping threads took: 0.0000474 seconds
2021-03-30T09:48:08.823+0800: 194.238: Total time for which application threads were stopped: 0.0004004 seconds, Stopping threads took: 0.0001217 seconds
2021-03-30T09:48:08.824+0800: 194.238: Total time for which application threads were stopped: 0.0003755 seconds, Stopping threads took: 0.0001005 seconds
2021-03-30T09:48:08.868+0800: 194.282: Total time for which application threads were stopped: 0.0002941 seconds, Stopping threads took: 0.0000637 seconds
2021-03-30T09:48:08.873+0800: 194.287: Total time for which application threads were stopped: 0.0005929 seconds, Stopping threads took: 0.0002615 seconds
2021-03-30T09:48:08.874+0800: 194.288: Total time for which application threads were stopped: 0.0004615 seconds, Stopping threads took: 0.0001097 seconds
2021-03-30T09:48:08.883+0800: 194.297: Total time for which application threads were stopped: 0.0012437 seconds, Stopping threads took: 0.0000756 seconds
2021-03-30T09:48:08.945+0800: 194.359: Total time for which application threads were stopped: 0.0012630 seconds, Stopping threads took: 0.0000982 seconds
2021-03-30T09:48:08.955+0800: 194.370: Total time for which application threads were stopped: 0.0006067 seconds, Stopping threads took: 0.0001422 seconds
2021-03-30T09:48:08.957+0800: 194.372: Total time for which application threads were stopped: 0.0004260 seconds, Stopping threads took: 0.0001030 seconds
2021-03-30T09:48:08.960+0800: 194.375: Total time for which application threads were stopped: 0.0004416 seconds, Stopping threads took: 0.0000796 seconds
2021-03-30T09:48:08.960+0800: 194.375: Total time for which application threads were stopped: 0.0003359 seconds, Stopping threads took: 0.0000526 seconds
2021-03-30T09:48:08.979+0800: 194.393: Total time for which application threads were stopped: 0.0004578 seconds, Stopping threads took: 0.0000946 seconds
2021-03-30T09:48:08.989+0800: 194.403: Total time for which application threads were stopped: 0.0005024 seconds, Stopping threads took: 0.0001112 seconds
2021-03-30T09:48:08.998+0800: 194.413: Total time for which application threads were stopped: 0.0005783 seconds, Stopping threads took: 0.0000803 seconds
2021-03-30T09:48:08.999+0800: 194.413: Total time for which application threads were stopped: 0.0004015 seconds, Stopping threads took: 0.0000775 seconds
2021-03-30T09:48:09.000+0800: 194.414: Total time for which application threads were stopped: 0.0003652 seconds, Stopping threads took: 0.0000509 seconds
2021-03-30T09:48:10.004+0800: 195.419: Total time for which application threads were stopped: 0.0006029 seconds, Stopping threads took: 0.0001466 seconds
2021-03-30T09:48:24.011+0800: 209.425: Total time for which application threads were stopped: 0.0002870 seconds, Stopping threads took: 0.0000576 seconds
2021-03-30T09:48:28.582+0800: 213.996: Total time for which application threads were stopped: 0.0003358 seconds, Stopping threads took: 0.0000891 seconds
2021-03-30T09:48:28.582+0800: 213.997: Total time for which application threads were stopped: 0.0001891 seconds, Stopping threads took: 0.0000345 seconds
2021-03-30T09:48:28.584+0800: 213.998: Total time for which application threads were stopped: 0.0002638 seconds, Stopping threads took: 0.0000691 seconds
2021-03-30T09:48:28.585+0800: 213.999: Total time for which application threads were stopped: 0.0002695 seconds, Stopping threads took: 0.0000971 seconds
2021-03-30T09:48:28.590+0800: 214.004: Total time for which application threads were stopped: 0.0004031 seconds, Stopping threads took: 0.0001143 seconds
2021-03-30T09:48:28.591+0800: 214.005: Total time for which application threads were stopped: 0.0004494 seconds, Stopping threads took: 0.0001874 seconds
2021-03-30T09:48:28.592+0800: 214.006: Total time for which application threads were stopped: 0.0003217 seconds, Stopping threads took: 0.0000807 seconds
2021-03-30T09:48:29.612+0800: 215.026: Total time for which application threads were stopped: 0.0003511 seconds, Stopping threads took: 0.0001040 seconds
2021-03-30T09:48:29.615+0800: 215.029: Total time for which application threads were stopped: 0.0003884 seconds, Stopping threads took: 0.0001503 seconds
2021-03-30T09:48:29.615+0800: 215.030: Total time for which application threads were stopped: 0.0003850 seconds, Stopping threads took: 0.0001263 seconds
2021-03-30T09:48:30.290+0800: 215.704: Total time for which application threads were stopped: 0.0003453 seconds, Stopping threads took: 0.0000892 seconds
2021-03-30T09:48:30.292+0800: 215.707: Total time for which application threads were stopped: 0.0003987 seconds, Stopping threads took: 0.0001573 seconds
2021-03-30T09:48:30.294+0800: 215.708: Total time for which application threads were stopped: 0.0005207 seconds, Stopping threads took: 0.0003229 seconds
2021-03-30T09:48:32.434+0800: 217.849: Total time for which application threads were stopped: 0.0004278 seconds, Stopping threads took: 0.0001248 seconds
2021-03-30T09:48:32.438+0800: 217.852: Total time for which application threads were stopped: 0.0007347 seconds, Stopping threads took: 0.0005084 seconds
2021-03-30T09:48:32.438+0800: 217.853: Total time for which application threads were stopped: 0.0003345 seconds, Stopping threads took: 0.0000920 seconds
2021-03-30T09:48:32.439+0800: 217.854: Total time for which application threads were stopped: 0.0003423 seconds, Stopping threads took: 0.0001036 seconds
2021-03-30T09:48:57.480+0800: 242.894: Total time for which application threads were stopped: 0.0004148 seconds, Stopping threads took: 0.0001105 seconds
2021-03-30T09:49:00.489+0800: 245.903: Total time for which application threads were stopped: 0.0001485 seconds, Stopping threads took: 0.0000309 seconds
2021-03-30T09:49:07.509+0800: 252.924: Total time for which application threads were stopped: 0.0006014 seconds, Stopping threads took: 0.0001260 seconds
2021-03-30T09:49:09.511+0800: 254.925: Total time for which application threads were stopped: 0.0002203 seconds, Stopping threads took: 0.0000431 seconds
2021-03-30T09:50:07.251+0800: 312.665: Total time for which application threads were stopped: 0.0004575 seconds, Stopping threads took: 0.0000936 seconds
2021-03-30T09:50:08.252+0800: 313.666: Total time for which application threads were stopped: 0.0003409 seconds, Stopping threads took: 0.0000588 seconds
2021-03-30T09:50:25.201+0800: 330.615: Total time for which application threads were stopped: 0.0004437 seconds, Stopping threads took: 0.0001634 seconds
2021-03-30T09:50:33.205+0800: 338.620: Total time for which application threads were stopped: 0.0006033 seconds, Stopping threads took: 0.0001527 seconds
2021-03-30T09:50:43.048+0800: 348.462: Total time for which application threads were stopped: 0.0003190 seconds, Stopping threads took: 0.0000615 seconds
2021-03-30T09:50:44.051+0800: 349.465: Total time for which application threads were stopped: 0.0006450 seconds, Stopping threads took: 0.0001508 seconds
2021-03-30T09:50:45.161+0800: 350.575: Total time for which application threads were stopped: 0.0005079 seconds, Stopping threads took: 0.0000913 seconds
2021-03-30T09:50:45.164+0800: 350.578: Total time for which application threads were stopped: 0.0004713 seconds, Stopping threads took: 0.0000865 seconds
2021-03-30T09:50:45.164+0800: 350.579: Total time for which application threads were stopped: 0.0003810 seconds, Stopping threads took: 0.0000580 seconds
2021-03-30T09:50:45.165+0800: 350.579: Total time for which application threads were stopped: 0.0003200 seconds, Stopping threads took: 0.0001186 seconds
2021-03-30T09:50:45.165+0800: 350.580: Total time for which application threads were stopped: 0.0003950 seconds, Stopping threads took: 0.0001496 seconds
2021-03-30T09:50:45.166+0800: 350.580: Total time for which application threads were stopped: 0.0003330 seconds, Stopping threads took: 0.0001343 seconds
2021-03-30T09:50:45.168+0800: 350.582: Total time for which application threads were stopped: 0.0004882 seconds, Stopping threads took: 0.0001565 seconds
2021-03-30T09:50:45.168+0800: 350.583: Total time for which application threads were stopped: 0.0004120 seconds, Stopping threads took: 0.0001099 seconds
2021-03-30T09:50:45.169+0800: 350.583: Total time for which application threads were stopped: 0.0005066 seconds, Stopping threads took: 0.0001513 seconds
2021-03-30T09:50:45.170+0800: 350.584: Total time for which application threads were stopped: 0.0005908 seconds, Stopping threads took: 0.0002337 seconds
2021-03-30T09:50:45.171+0800: 350.585: Total time for which application threads were stopped: 0.0004833 seconds, Stopping threads took: 0.0001414 seconds
2021-03-30T09:50:45.171+0800: 350.585: Total time for which application threads were stopped: 0.0004272 seconds, Stopping threads took: 0.0001284 seconds
2021-03-30T09:50:45.172+0800: 350.586: Total time for which application threads were stopped: 0.0003780 seconds, Stopping threads took: 0.0001340 seconds
2021-03-30T09:50:45.172+0800: 350.587: Total time for which application threads were stopped: 0.0004237 seconds, Stopping threads took: 0.0001176 seconds
2021-03-30T09:50:45.173+0800: 350.587: Total time for which application threads were stopped: 0.0003739 seconds, Stopping threads took: 0.0001352 seconds
2021-03-30T09:50:45.201+0800: 350.616: Total time for which application threads were stopped: 0.0005834 seconds, Stopping threads took: 0.0001429 seconds
2021-03-30T09:50:45.215+0800: 350.629: Total time for which application threads were stopped: 0.0006356 seconds, Stopping threads took: 0.0002345 seconds
2021-03-30T09:50:45.361+0800: 350.775: Total time for which application threads were stopped: 0.0005563 seconds, Stopping threads took: 0.0001321 seconds
2021-03-30T09:50:46.361+0800: 351.775: Total time for which application threads were stopped: 0.0005477 seconds, Stopping threads took: 0.0001146 seconds
2021-03-30T09:51:07.400+0800: 372.814: Total time for which application threads were stopped: 0.0003073 seconds, Stopping threads took: 0.0000754 seconds
2021-03-30T09:51:54.467+0800: 419.882: Total time for which application threads were stopped: 0.0004933 seconds, Stopping threads took: 0.0000975 seconds
2021-03-30T09:52:45.258+0800: 470.673: Total time for which application threads were stopped: 0.0002568 seconds, Stopping threads took: 0.0000480 seconds
2021-03-30T09:52:46.259+0800: 471.673: Total time for which application threads were stopped: 0.0005654 seconds, Stopping threads took: 0.0001044 seconds
2021-03-30T09:53:08.289+0800: 493.704: Total time for which application threads were stopped: 0.0002905 seconds, Stopping threads took: 0.0000548 seconds
2021-03-30T09:54:08.372+0800: 553.786: Total time for which application threads were stopped: 0.0004749 seconds, Stopping threads took: 0.0000955 seconds
2021-03-30T09:55:03.102+0800: 608.517: Total time for which application threads were stopped: 0.0007140 seconds, Stopping threads took: 0.0002584 seconds
2021-03-30T09:55:07.673+0800: 613.088: Total time for which application threads were stopped: 0.0004944 seconds, Stopping threads took: 0.0000850 seconds
2021-03-30T09:55:40.713+0800: 646.128: Total time for which application threads were stopped: 0.0006549 seconds, Stopping threads took: 0.0001334 seconds
2021-03-30T09:56:07.758+0800: 673.172: Total time for which application threads were stopped: 0.0003009 seconds, Stopping threads took: 0.0000523 seconds
2021-03-30T09:57:07.884+0800: 733.298: Total time for which application threads were stopped: 0.0006187 seconds, Stopping threads took: 0.0001635 seconds
2021-03-30T09:58:07.942+0800: 793.357: Total time for which application threads were stopped: 0.0007040 seconds, Stopping threads took: 0.0001528 seconds
2021-03-30T09:58:08.943+0800: 794.358: Total time for which application threads were stopped: 0.0005081 seconds, Stopping threads took: 0.0001033 seconds
2021-03-30T10:00:03.120+0800: 908.534: Total time for which application threads were stopped: 0.0003296 seconds, Stopping threads took: 0.0000826 seconds
2021-03-30T10:00:08.082+0800: 913.497: Total time for which application threads were stopped: 0.0007064 seconds, Stopping threads took: 0.0002075 seconds
2021-03-30T10:00:09.093+0800: 914.507: Total time for which application threads were stopped: 0.0006546 seconds, Stopping threads took: 0.0001474 seconds
2021-03-30T10:00:28.122+0800: 933.536: Total time for which application threads were stopped: 0.0004817 seconds, Stopping threads took: 0.0001046 seconds
2021-03-30T10:00:42.128+0800: 947.542: Total time for which application threads were stopped: 0.0003755 seconds, Stopping threads took: 0.0000638 seconds
2021-03-30T10:01:08.207+0800: 973.622: Total time for which application threads were stopped: 0.0002825 seconds, Stopping threads took: 0.0000484 seconds
2021-03-30T10:02:20.386+0800: 1045.801: Total time for which application threads were stopped: 0.0003925 seconds, Stopping threads took: 0.0000698 seconds
2021-03-30T10:02:28.391+0800: 1053.805: Total time for which application threads were stopped: 0.0003307 seconds, Stopping threads took: 0.0000654 seconds
2021-03-30T10:03:08.483+0800: 1093.897: Total time for which application threads were stopped: 0.0006310 seconds, Stopping threads took: 0.0001148 seconds
2021-03-30T10:04:43.569+0800: 1188.984: Total time for which application threads were stopped: 0.0006460 seconds, Stopping threads took: 0.0001357 seconds
2021-03-30T10:04:45.570+0800: 1190.985: Total time for which application threads were stopped: 0.0004605 seconds, Stopping threads took: 0.0001174 seconds
2021-03-30T10:04:50.594+0800: 1196.008: Total time for which application threads were stopped: 0.0004943 seconds, Stopping threads took: 0.0001038 seconds
2021-03-30T10:04:51.607+0800: 1197.022: Total time for which application threads were stopped: 0.0005276 seconds, Stopping threads took: 0.0001274 seconds
2021-03-30T10:05:03.151+0800: 1208.565: Total time for which application threads were stopped: 0.0006352 seconds, Stopping threads took: 0.0002082 seconds
2021-03-30T10:05:04.154+0800: 1209.569: Total time for which application threads were stopped: 0.0006391 seconds, Stopping threads took: 0.0001716 seconds
2021-03-30T10:05:08.424+0800: 1213.838: Total time for which application threads were stopped: 0.0002398 seconds, Stopping threads took: 0.0000459 seconds
2021-03-30T10:05:28.431+0800: 1233.846: Total time for which application threads were stopped: 0.0005315 seconds, Stopping threads took: 0.0001116 seconds
2021-03-30T10:05:33.433+0800: 1238.848: Total time for which application threads were stopped: 0.0004872 seconds, Stopping threads took: 0.0001076 seconds
2021-03-30T10:05:48.457+0800: 1253.872: Total time for which application threads were stopped: 0.0004667 seconds, Stopping threads took: 0.0000912 seconds
2021-03-30T10:06:08.478+0800: 1273.892: Total time for which application threads were stopped: 0.0002677 seconds, Stopping threads took: 0.0000509 seconds
2021-03-30T10:06:15.493+0800: 1280.907: Total time for which application threads were stopped: 0.0004644 seconds, Stopping threads took: 0.0001000 seconds
2021-03-30T10:06:50.535+0800: 1315.949: Total time for which application threads were stopped: 0.0004901 seconds, Stopping threads took: 0.0000909 seconds
2021-03-30T10:06:53.537+0800: 1318.951: Total time for which application threads were stopped: 0.0005318 seconds, Stopping threads took: 0.0000876 seconds
2021-03-30T10:07:08.560+0800: 1333.974: Total time for which application threads were stopped: 0.0005463 seconds, Stopping threads took: 0.0001020 seconds
2021-03-30T10:07:16.571+0800: 1341.986: Total time for which application threads were stopped: 0.0004585 seconds, Stopping threads took: 0.0000917 seconds
2021-03-30T10:08:05.637+0800: 1391.051: Total time for which application threads were stopped: 0.0005995 seconds, Stopping threads took: 0.0001513 seconds
2021-03-30T10:08:08.639+0800: 1394.053: Total time for which application threads were stopped: 0.0003488 seconds, Stopping threads took: 0.0000778 seconds
2021-03-30T10:08:09.640+0800: 1395.055: Total time for which application threads were stopped: 0.0002949 seconds, Stopping threads took: 0.0000502 seconds
2021-03-30T10:09:48.829+0800: 1494.243: Total time for which application threads were stopped: 0.0003125 seconds, Stopping threads took: 0.0000539 seconds
2021-03-30T10:10:03.183+0800: 1508.597: Total time for which application threads were stopped: 0.0006160 seconds, Stopping threads took: 0.0001502 seconds
2021-03-30T10:10:08.745+0800: 1514.159: Total time for which application threads were stopped: 0.0008479 seconds, Stopping threads took: 0.0000838 seconds
2021-03-30T10:11:08.822+0800: 1574.236: Total time for which application threads were stopped: 0.0001669 seconds, Stopping threads took: 0.0000511 seconds
2021-03-30T10:12:08.965+0800: 1634.380: Total time for which application threads were stopped: 0.0006646 seconds, Stopping threads took: 0.0002211 seconds
2021-03-30T10:13:07.160+0800: 1692.575: Total time for which application threads were stopped: 0.0002842 seconds, Stopping threads took: 0.0000586 seconds
2021-03-30T10:13:09.161+0800: 1694.575: Total time for which application threads were stopped: 0.0004908 seconds, Stopping threads took: 0.0001009 seconds
2021-03-30T10:13:39.198+0800: 1724.613: Total time for which application threads were stopped: 0.0008509 seconds, Stopping threads took: 0.0000991 seconds
2021-03-30T10:13:45.200+0800: 1730.615: Total time for which application threads were stopped: 0.0002716 seconds, Stopping threads took: 0.0000532 seconds
2021-03-30T10:14:09.230+0800: 1754.644: Total time for which application threads were stopped: 0.0003058 seconds, Stopping threads took: 0.0000546 seconds
2021-03-30T10:14:16.233+0800: 1761.648: Total time for which application threads were stopped: 0.0005385 seconds, Stopping threads took: 0.0000931 seconds
2021-03-30T10:14:36.240+0800: 1781.655: Total time for which application threads were stopped: 0.0004706 seconds, Stopping threads took: 0.0001160 seconds
2021-03-30T10:15:02.300+0800: 1807.714: Total time for which application threads were stopped: 0.0004657 seconds, Stopping threads took: 0.0000921 seconds
2021-03-30T10:15:03.185+0800: 1808.599: Total time for which application threads were stopped: 0.0002458 seconds, Stopping threads took: 0.0000495 seconds
2021-03-30T10:15:06.187+0800: 1811.601: Total time for which application threads were stopped: 0.0004614 seconds, Stopping threads took: 0.0000932 seconds
2021-03-30T10:15:09.047+0800: 1814.461: Total time for which application threads were stopped: 0.0005941 seconds, Stopping threads took: 0.0000905 seconds
2021-03-30T10:15:10.048+0800: 1815.462: Total time for which application threads were stopped: 0.0004613 seconds, Stopping threads took: 0.0000935 seconds
2021-03-30T10:16:09.202+0800: 1874.617: Total time for which application threads were stopped: 0.0005943 seconds, Stopping threads took: 0.0001607 seconds
2021-03-30T10:16:32.234+0800: 1897.648: Total time for which application threads were stopped: 0.0004683 seconds, Stopping threads took: 0.0000957 seconds
2021-03-30T10:17:09.286+0800: 1934.700: Total time for which application threads were stopped: 0.0003678 seconds, Stopping threads took: 0.0000684 seconds
2021-03-30T10:17:35.340+0800: 1960.755: Total time for which application threads were stopped: 0.0006051 seconds, Stopping threads took: 0.0001223 seconds
2021-03-30T10:18:05.390+0800: 1990.804: Total time for which application threads were stopped: 0.0004031 seconds, Stopping threads took: 0.0001003 seconds
2021-03-30T10:18:06.391+0800: 1991.805: Total time for which application threads were stopped: 0.0005900 seconds, Stopping threads took: 0.0001030 seconds
2021-03-30T10:19:09.540+0800: 2054.954: Total time for which application threads were stopped: 0.0003486 seconds, Stopping threads took: 0.0000777 seconds
2021-03-30T10:20:03.202+0800: 2108.616: Total time for which application threads were stopped: 0.0006742 seconds, Stopping threads took: 0.0001420 seconds
2021-03-30T10:20:09.441+0800: 2114.856: Total time for which application threads were stopped: 0.0005074 seconds, Stopping threads took: 0.0000858 seconds
2021-03-30T10:21:09.525+0800: 2174.939: Total time for which application threads were stopped: 0.0005867 seconds, Stopping threads took: 0.0001477 seconds
2021-03-30T10:22:10.644+0800: 2236.059: Total time for which application threads were stopped: 0.0006960 seconds, Stopping threads took: 0.0001458 seconds
2021-03-30T10:23:09.751+0800: 2295.166: Total time for which application threads were stopped: 0.0006461 seconds, Stopping threads took: 0.0000980 seconds
2021-03-30T10:23:10.752+0800: 2296.166: Total time for which application threads were stopped: 0.0005650 seconds, Stopping threads took: 0.0001324 seconds
2021-03-30T10:23:40.849+0800: 2326.264: Total time for which application threads were stopped: 0.0004748 seconds, Stopping threads took: 0.0000924 seconds
2021-03-30T10:24:09.901+0800: 2355.315: Total time for which application threads were stopped: 0.0005248 seconds, Stopping threads took: 0.0001037 seconds
2021-03-30T10:25:03.206+0800: 2408.621: Total time for which application threads were stopped: 0.0004781 seconds, Stopping threads took: 0.0000935 seconds
2021-03-30T10:25:09.896+0800: 2415.311: Total time for which application threads were stopped: 0.0005093 seconds, Stopping threads took: 0.0001048 seconds
2021-03-30T10:26:09.972+0800: 2475.386: Total time for which application threads were stopped: 0.0002176 seconds, Stopping threads took: 0.0000373 seconds
2021-03-30T10:27:11.032+0800: 2536.447: Total time for which application threads were stopped: 0.0010278 seconds, Stopping threads took: 0.0002460 seconds
2021-03-30T10:27:24.044+0800: 2549.459: Total time for which application threads were stopped: 0.0002448 seconds, Stopping threads took: 0.0000524 seconds
2021-03-30T10:27:51.100+0800: 2576.514: Total time for which application threads were stopped: 0.0004146 seconds, Stopping threads took: 0.0000765 seconds
2021-03-30T10:28:10.143+0800: 2595.558: Total time for which application threads were stopped: 0.0005275 seconds, Stopping threads took: 0.0001026 seconds
2021-03-30T10:28:11.144+0800: 2596.558: Total time for which application threads were stopped: 0.0004683 seconds, Stopping threads took: 0.0000961 seconds
2021-03-30T10:28:15.146+0800: 2600.561: Total time for which application threads were stopped: 0.0004700 seconds, Stopping threads took: 0.0001004 seconds
2021-03-30T10:28:16.146+0800: 2601.561: Total time for which application threads were stopped: 0.0005145 seconds, Stopping threads took: 0.0001174 seconds
2021-03-30T10:28:35.171+0800: 2620.585: Total time for which application threads were stopped: 0.0004724 seconds, Stopping threads took: 0.0001016 seconds
2021-03-30T10:29:07.215+0800: 2652.630: Total time for which application threads were stopped: 0.0004667 seconds, Stopping threads took: 0.0000982 seconds
2021-03-30T10:29:10.217+0800: 2655.632: Total time for which application threads were stopped: 0.0005344 seconds, Stopping threads took: 0.0001078 seconds
2021-03-30T10:29:15.220+0800: 2660.634: Total time for which application threads were stopped: 0.0004657 seconds, Stopping threads took: 0.0000920 seconds
2021-03-30T10:29:36.289+0800: 2681.703: Total time for which application threads were stopped: 0.0003042 seconds, Stopping threads took: 0.0000573 seconds
2021-03-30T10:29:53.322+0800: 2698.737: Total time for which application threads were stopped: 0.0006982 seconds, Stopping threads took: 0.0001042 seconds
2021-03-30T10:30:00.333+0800: 2705.748: Total time for which application threads were stopped: 0.0002544 seconds, Stopping threads took: 0.0000531 seconds
2021-03-30T10:30:03.209+0800: 2708.624: Total time for which application threads were stopped: 0.0005195 seconds, Stopping threads took: 0.0001172 seconds
2021-03-30T10:30:10.286+0800: 2715.700: Total time for which application threads were stopped: 0.0008459 seconds, Stopping threads took: 0.0001251 seconds
2021-03-30T10:30:10.863+0800: 2716.277: Total time for which application threads were stopped: 0.0008866 seconds, Stopping threads took: 0.0002010 seconds
2021-03-30T10:31:10.980+0800: 2776.394: Total time for which application threads were stopped: 0.0004711 seconds, Stopping threads took: 0.0001000 seconds
2021-03-30T10:32:01.101+0800: 2826.516: Total time for which application threads were stopped: 0.0004739 seconds, Stopping threads took: 0.0001119 seconds
2021-03-30T10:32:24.111+0800: 2849.526: Total time for which application threads were stopped: 0.0004755 seconds, Stopping threads took: 0.0000888 seconds
2021-03-30T10:33:04.272+0800: 2889.686: Total time for which application threads were stopped: 0.0003835 seconds, Stopping threads took: 0.0000524 seconds
2021-03-30T10:33:04.373+0800: 2889.788: Total time for which application threads were stopped: 0.0022489 seconds, Stopping threads took: 0.0000830 seconds
2021-03-30T10:33:05.375+0800: 2890.789: Total time for which application threads were stopped: 0.0010493 seconds, Stopping threads took: 0.0002392 seconds
2021-03-30T10:33:06.376+0800: 2891.790: Total time for which application threads were stopped: 0.0005846 seconds, Stopping threads took: 0.0000871 seconds
2021-03-30T10:33:07.053+0800: 2892.467: Total time for which application threads were stopped: 0.0026149 seconds, Stopping threads took: 0.0001185 seconds
2021-03-30T10:33:07.134+0800: 2892.548: Total time for which application threads were stopped: 0.0009092 seconds, Stopping threads took: 0.0003657 seconds
2021-03-30T10:33:07.153+0800: 2892.567: Total time for which application threads were stopped: 0.0009764 seconds, Stopping threads took: 0.0004634 seconds
2021-03-30T10:33:07.249+0800: 2892.664: Total time for which application threads were stopped: 0.0002826 seconds, Stopping threads took: 0.0000542 seconds
2021-03-30T10:33:07.297+0800: 2892.711: Total time for which application threads were stopped: 0.0003212 seconds, Stopping threads took: 0.0000685 seconds
2021-03-30T10:33:07.301+0800: 2892.715: Total time for which application threads were stopped: 0.0011104 seconds, Stopping threads took: 0.0000552 seconds
2021-03-30T10:33:07.303+0800: 2892.717: Total time for which application threads were stopped: 0.0010085 seconds, Stopping threads took: 0.0000412 seconds
2021-03-30T10:33:07.310+0800: 2892.725: Total time for which application threads were stopped: 0.0010298 seconds, Stopping threads took: 0.0000485 seconds
2021-03-30T10:33:07.336+0800: 2892.750: Total time for which application threads were stopped: 0.0003700 seconds, Stopping threads took: 0.0000861 seconds
2021-03-30T10:33:07.337+0800: 2892.751: Total time for which application threads were stopped: 0.0003144 seconds, Stopping threads took: 0.0000848 seconds
2021-03-30T10:33:07.337+0800: 2892.751: Total time for which application threads were stopped: 0.0002726 seconds, Stopping threads took: 0.0001057 seconds
2021-03-30T10:33:07.338+0800: 2892.752: Total time for which application threads were stopped: 0.0002444 seconds, Stopping threads took: 0.0000644 seconds
2021-03-30T10:33:07.339+0800: 2892.753: Total time for which application threads were stopped: 0.0003310 seconds, Stopping threads took: 0.0000778 seconds
2021-03-30T10:33:07.339+0800: 2892.753: Total time for which application threads were stopped: 0.0002405 seconds, Stopping threads took: 0.0000602 seconds
2021-03-30T10:33:07.340+0800: 2892.754: Total time for which application threads were stopped: 0.0004106 seconds, Stopping threads took: 0.0000729 seconds
2021-03-30T10:33:07.341+0800: 2892.755: Total time for which application threads were stopped: 0.0003050 seconds, Stopping threads took: 0.0000666 seconds
2021-03-30T10:33:07.342+0800: 2892.756: Total time for which application threads were stopped: 0.0003107 seconds, Stopping threads took: 0.0000586 seconds
2021-03-30T10:33:07.344+0800: 2892.759: Total time for which application threads were stopped: 0.0011096 seconds, Stopping threads took: 0.0000832 seconds
2021-03-30T10:33:07.424+0800: 2892.839: Total time for which application threads were stopped: 0.0003627 seconds, Stopping threads took: 0.0000915 seconds
2021-03-30T10:33:07.429+0800: 2892.844: Total time for which application threads were stopped: 0.0002685 seconds, Stopping threads took: 0.0000726 seconds
2021-03-30T10:33:07.432+0800: 2892.846: Total time for which application threads were stopped: 0.0002667 seconds, Stopping threads took: 0.0000752 seconds
2021-03-30T10:33:07.432+0800: 2892.847: Total time for which application threads were stopped: 0.0002204 seconds, Stopping threads took: 0.0000660 seconds
2021-03-30T10:33:08.433+0800: 2893.847: Total time for which application threads were stopped: 0.0005598 seconds, Stopping threads took: 0.0000875 seconds
2021-03-30T10:33:09.433+0800: 2894.847: Total time for which application threads were stopped: 0.0004531 seconds, Stopping threads took: 0.0000828 seconds
{Heap before GC invocations=12 (full 0):
 garbage-first heap   total 524288K, used 361982K [0x00000000e0000000, 0x00000000e0101000, 0x0000000100000000)
  region size 1024K, 307 young (314368K), 27 survivors (27648K)
 Metaspace       used 60383K, capacity 64460K, committed 64712K, reserved 1105920K
  class space    used 7448K, capacity 8183K, committed 8192K, reserved 1048576K
2021-03-30T10:33:09.650+0800: 2895.064: [GC pause (G1 Evacuation Pause) (young)
Desired survivor size 20447232 bytes, new threshold 2 (max 15)
- age   1:   17132544 bytes,   17132544 total
- age   2:    4601896 bytes,   21734440 total
, 0.0498504 secs]
   [Parallel Time: 39.2 ms, GC Workers: 8]
      [GC Worker Start (ms): Min: 2895064.4, Avg: 2895064.7, Max: 2895065.0, Diff: 0.6]
      [Ext Root Scanning (ms): Min: 0.8, Avg: 1.8, Max: 4.4, Diff: 3.6, Sum: 14.4]
      [Update RS (ms): Min: 0.0, Avg: 1.5, Max: 2.0, Diff: 2.0, Sum: 11.8]
         [Processed Buffers: Min: 0, Avg: 9.3, Max: 24, Diff: 24, Sum: 74]
      [Scan RS (ms): Min: 0.7, Avg: 1.5, Max: 3.1, Diff: 2.4, Sum: 12.1]
      [Code Root Scanning (ms): Min: 0.0, Avg: 0.5, Max: 1.1, Diff: 1.1, Sum: 4.0]
      [Object Copy (ms): Min: 32.2, Avg: 33.3, Max: 33.9, Diff: 1.6, Sum: 266.5]
      [Termination (ms): Min: 0.0, Avg: 0.0, Max: 0.0, Diff: 0.0, Sum: 0.2]
         [Termination Attempts: Min: 1, Avg: 38.3, Max: 55, Diff: 54, Sum: 306]
      [GC Worker Other (ms): Min: 0.0, Avg: 0.1, Max: 0.2, Diff: 0.1, Sum: 0.8]
      [GC Worker Total (ms): Min: 38.4, Avg: 38.7, Max: 39.0, Diff: 0.6, Sum: 309.7]
      [GC Worker End (ms): Min: 2895103.4, Avg: 2895103.4, Max: 2895103.5, Diff: 0.1]
   [Code Root Fixup: 0.1 ms]
   [Code Root Purge: 0.0 ms]
   [Clear CT: 0.8 ms]
   [Other: 9.8 ms]
      [Choose CSet: 0.0 ms]
      [Ref Proc: 7.3 ms]
      [Ref Enq: 0.7 ms]
      [Redirty Cards: 0.8 ms]
      [Humongous Register: 0.0 ms]
      [Humongous Reclaim: 0.0 ms]
      [Free CSet: 0.6 ms]
   [Eden: 280.0M(280.0M)->0.0B(278.0M) Survivors: 27.0M->29.0M Heap: 353.5M(512.0M)->82.6M(512.0M)]
Heap after GC invocations=13 (full 0):
 garbage-first heap   total 524288K, used 84608K [0x00000000e0000000, 0x00000000e0101000, 0x0000000100000000)
  region size 1024K, 29 young (29696K), 29 survivors (29696K)
 Metaspace       used 60383K, capacity 64460K, committed 64712K, reserved 1105920K
  class space    used 7448K, capacity 8183K, committed 8192K, reserved 1048576K
}
 [Times: user=0.36 sys=0.00, real=0.05 secs] 
2021-03-30T10:33:09.700+0800: 2895.114: Total time for which application threads were stopped: 0.0507475 seconds, Stopping threads took: 0.0000680 seconds
2021-03-30T10:33:09.703+0800: 2895.117: Total time for which application threads were stopped: 0.0004392 seconds, Stopping threads took: 0.0000703 seconds
2021-03-30T10:33:10.173+0800: 2895.587: Total time for which application threads were stopped: 0.0004268 seconds, Stopping threads took: 0.0001606 seconds
2021-03-30T10:33:10.174+0800: 2895.588: Total time for which application threads were stopped: 0.0002995 seconds, Stopping threads took: 0.0001194 seconds
2021-03-30T10:33:10.174+0800: 2895.588: Total time for which application threads were stopped: 0.0002365 seconds, Stopping threads took: 0.0001147 seconds
2021-03-30T10:33:10.175+0800: 2895.589: Total time for which application threads were stopped: 0.0002859 seconds, Stopping threads took: 0.0001149 seconds
2021-03-30T10:33:10.180+0800: 2895.594: Total time for which application threads were stopped: 0.0003322 seconds, Stopping threads took: 0.0001238 seconds
2021-03-30T10:33:10.182+0800: 2895.596: Total time for which application threads were stopped: 0.0002571 seconds, Stopping threads took: 0.0000494 seconds
2021-03-30T10:33:10.184+0800: 2895.598: Total time for which application threads were stopped: 0.0003778 seconds, Stopping threads took: 0.0001632 seconds
2021-03-30T10:33:10.184+0800: 2895.598: Total time for which application threads were stopped: 0.0002331 seconds, Stopping threads took: 0.0000360 seconds
2021-03-30T10:33:10.184+0800: 2895.599: Total time for which application threads were stopped: 0.0003168 seconds, Stopping threads took: 0.0001573 seconds
2021-03-30T10:33:10.186+0800: 2895.600: Total time for which application threads were stopped: 0.0002268 seconds, Stopping threads took: 0.0000330 seconds
2021-03-30T10:33:10.187+0800: 2895.601: Total time for which application threads were stopped: 0.0002732 seconds, Stopping threads took: 0.0001098 seconds
2021-03-30T10:33:10.188+0800: 2895.602: Total time for which application threads were stopped: 0.0001681 seconds, Stopping threads took: 0.0000266 seconds
2021-03-30T10:33:10.189+0800: 2895.603: Total time for which application threads were stopped: 0.0007757 seconds, Stopping threads took: 0.0000335 seconds
2021-03-30T10:33:10.192+0800: 2895.605: Total time for which application threads were stopped: 0.0004155 seconds, Stopping threads took: 0.0002136 seconds
2021-03-30T10:33:10.192+0800: 2895.606: Total time for which application threads were stopped: 0.0003827 seconds, Stopping threads took: 0.0001576 seconds
2021-03-30T10:33:10.195+0800: 2895.609: Total time for which application threads were stopped: 0.0003355 seconds, Stopping threads took: 0.0001112 seconds
2021-03-30T10:33:10.202+0800: 2895.616: Total time for which application threads were stopped: 0.0004603 seconds, Stopping threads took: 0.0002261 seconds
2021-03-30T10:33:10.203+0800: 2895.617: Total time for which application threads were stopped: 0.0003161 seconds, Stopping threads took: 0.0001375 seconds
2021-03-30T10:33:10.205+0800: 2895.619: Total time for which application threads were stopped: 0.0003851 seconds, Stopping threads took: 0.0001758 seconds
2021-03-30T10:33:10.205+0800: 2895.620: Total time for which application threads were stopped: 0.0002455 seconds, Stopping threads took: 0.0000571 seconds
2021-03-30T10:33:10.206+0800: 2895.621: Total time for which application threads were stopped: 0.0002737 seconds, Stopping threads took: 0.0000618 seconds
2021-03-30T10:33:10.207+0800: 2895.622: Total time for which application threads were stopped: 0.0002712 seconds, Stopping threads took: 0.0000772 seconds
2021-03-30T10:33:10.207+0800: 2895.622: Total time for which application threads were stopped: 0.0002438 seconds, Stopping threads took: 0.0001044 seconds
2021-03-30T10:33:10.209+0800: 2895.623: Total time for which application threads were stopped: 0.0002339 seconds, Stopping threads took: 0.0000662 seconds
2021-03-30T10:33:10.210+0800: 2895.624: Total time for which application threads were stopped: 0.0002832 seconds, Stopping threads took: 0.0001191 seconds
2021-03-30T10:33:10.210+0800: 2895.625: Total time for which application threads were stopped: 0.0002732 seconds, Stopping threads took: 0.0001185 seconds
2021-03-30T10:33:10.210+0800: 2895.625: Total time for which application threads were stopped: 0.0002392 seconds, Stopping threads took: 0.0001143 seconds
2021-03-30T10:33:10.211+0800: 2895.626: Total time for which application threads were stopped: 0.0002871 seconds, Stopping threads took: 0.0001211 seconds
2021-03-30T10:33:10.211+0800: 2895.626: Total time for which application threads were stopped: 0.0001816 seconds, Stopping threads took: 0.0000579 seconds
2021-03-30T10:33:10.212+0800: 2895.627: Total time for which application threads were stopped: 0.0003298 seconds, Stopping threads took: 0.0002077 seconds
2021-03-30T10:33:10.213+0800: 2895.628: Total time for which application threads were stopped: 0.0006462 seconds, Stopping threads took: 0.0004746 seconds
2021-03-30T10:33:10.215+0800: 2895.629: Total time for which application threads were stopped: 0.0002484 seconds, Stopping threads took: 0.0000541 seconds
2021-03-30T10:33:10.215+0800: 2895.630: Total time for which application threads were stopped: 0.0003070 seconds, Stopping threads took: 0.0001598 seconds
2021-03-30T10:33:10.216+0800: 2895.630: Total time for which application threads were stopped: 0.0002549 seconds, Stopping threads took: 0.0001293 seconds
2021-03-30T10:33:10.216+0800: 2895.630: Total time for which application threads were stopped: 0.0001521 seconds, Stopping threads took: 0.0000311 seconds
2021-03-30T10:33:10.216+0800: 2895.631: Total time for which application threads were stopped: 0.0003344 seconds, Stopping threads took: 0.0002066 seconds
2021-03-30T10:33:10.225+0800: 2895.639: Total time for which application threads were stopped: 0.0003321 seconds, Stopping threads took: 0.0000934 seconds
2021-03-30T10:33:10.266+0800: 2895.681: Total time for which application threads were stopped: 0.0003881 seconds, Stopping threads took: 0.0001302 seconds
2021-03-30T10:33:10.266+0800: 2895.681: Total time for which application threads were stopped: 0.0002482 seconds, Stopping threads took: 0.0000596 seconds
2021-03-30T10:33:10.267+0800: 2895.681: Total time for which application threads were stopped: 0.0001923 seconds, Stopping threads took: 0.0000559 seconds
2021-03-30T10:33:10.271+0800: 2895.685: Total time for which application threads were stopped: 0.0003538 seconds, Stopping threads took: 0.0000553 seconds
2021-03-30T10:33:10.338+0800: 2895.753: Total time for which application threads were stopped: 0.0004051 seconds, Stopping threads took: 0.0001081 seconds
2021-03-30T10:33:10.340+0800: 2895.754: Total time for which application threads were stopped: 0.0003316 seconds, Stopping threads took: 0.0000960 seconds
2021-03-30T10:33:10.389+0800: 2895.803: Total time for which application threads were stopped: 0.0002759 seconds, Stopping threads took: 0.0000437 seconds
2021-03-30T10:33:10.390+0800: 2895.804: Total time for which application threads were stopped: 0.0002669 seconds, Stopping threads took: 0.0000404 seconds
2021-03-30T10:33:10.393+0800: 2895.807: Total time for which application threads were stopped: 0.0002429 seconds, Stopping threads took: 0.0000562 seconds
2021-03-30T10:33:10.405+0800: 2895.819: Total time for which application threads were stopped: 0.0012496 seconds, Stopping threads took: 0.0000547 seconds
2021-03-30T10:33:10.480+0800: 2895.894: Total time for which application threads were stopped: 0.0003981 seconds, Stopping threads took: 0.0001150 seconds
2021-03-30T10:33:10.481+0800: 2895.895: Total time for which application threads were stopped: 0.0002831 seconds, Stopping threads took: 0.0001063 seconds
2021-03-30T10:33:10.481+0800: 2895.895: Total time for which application threads were stopped: 0.0003262 seconds, Stopping threads took: 0.0001420 seconds
2021-03-30T10:33:10.485+0800: 2895.899: Total time for which application threads were stopped: 0.0004259 seconds, Stopping threads took: 0.0001701 seconds
2021-03-30T10:33:10.485+0800: 2895.899: Total time for which application threads were stopped: 0.0003148 seconds, Stopping threads took: 0.0001044 seconds
2021-03-30T10:33:10.486+0800: 2895.900: Total time for which application threads were stopped: 0.0003951 seconds, Stopping threads took: 0.0001294 seconds
2021-03-30T10:33:10.487+0800: 2895.901: Total time for which application threads were stopped: 0.0003025 seconds, Stopping threads took: 0.0001010 seconds
2021-03-30T10:33:11.487+0800: 2896.901: Total time for which application threads were stopped: 0.0005817 seconds, Stopping threads took: 0.0001000 seconds
2021-03-30T10:33:13.487+0800: 2898.902: Total time for which application threads were stopped: 0.0005111 seconds, Stopping threads took: 0.0000927 seconds
2021-03-30T10:33:28.749+0800: 2914.163: Total time for which application threads were stopped: 0.0003456 seconds, Stopping threads took: 0.0000546 seconds
2021-03-30T10:33:29.749+0800: 2915.163: Total time for which application threads were stopped: 0.0006260 seconds, Stopping threads took: 0.0001094 seconds
2021-03-30T10:33:29.872+0800: 2915.287: Total time for which application threads were stopped: 0.0004337 seconds, Stopping threads took: 0.0000614 seconds
2021-03-30T10:33:29.874+0800: 2915.289: Total time for which application threads were stopped: 0.0003528 seconds, Stopping threads took: 0.0000624 seconds
2021-03-30T10:33:29.874+0800: 2915.289: Total time for which application threads were stopped: 0.0002534 seconds, Stopping threads took: 0.0000441 seconds
2021-03-30T10:33:29.875+0800: 2915.289: Total time for which application threads were stopped: 0.0002563 seconds, Stopping threads took: 0.0000785 seconds
2021-03-30T10:33:29.875+0800: 2915.290: Total time for which application threads were stopped: 0.0002993 seconds, Stopping threads took: 0.0001221 seconds
2021-03-30T10:33:29.876+0800: 2915.290: Total time for which application threads were stopped: 0.0002773 seconds, Stopping threads took: 0.0000878 seconds
2021-03-30T10:33:29.877+0800: 2915.292: Total time for which application threads were stopped: 0.0003217 seconds, Stopping threads took: 0.0001303 seconds
2021-03-30T10:33:29.878+0800: 2915.293: Total time for which application threads were stopped: 0.0007754 seconds, Stopping threads took: 0.0000308 seconds
2021-03-30T10:33:30.879+0800: 2916.294: Total time for which application threads were stopped: 0.0006327 seconds, Stopping threads took: 0.0001139 seconds
2021-03-30T10:33:31.207+0800: 2916.622: Total time for which application threads were stopped: 0.0004282 seconds, Stopping threads took: 0.0001521 seconds
2021-03-30T10:33:31.208+0800: 2916.623: Total time for which application threads were stopped: 0.0003110 seconds, Stopping threads took: 0.0000855 seconds
2021-03-30T10:33:31.208+0800: 2916.623: Total time for which application threads were stopped: 0.0002203 seconds, Stopping threads took: 0.0000373 seconds
2021-03-30T10:33:31.209+0800: 2916.624: Total time for which application threads were stopped: 0.0003090 seconds, Stopping threads took: 0.0001305 seconds
2021-03-30T10:33:31.211+0800: 2916.625: Total time for which application threads were stopped: 0.0003720 seconds, Stopping threads took: 0.0001506 seconds
2021-03-30T10:33:31.211+0800: 2916.625: Total time for which application threads were stopped: 0.0003225 seconds, Stopping threads took: 0.0000890 seconds
2021-03-30T10:33:31.214+0800: 2916.628: Total time for which application threads were stopped: 0.0004698 seconds, Stopping threads took: 0.0001404 seconds
2021-03-30T10:33:31.215+0800: 2916.630: Total time for which application threads were stopped: 0.0003903 seconds, Stopping threads took: 0.0001371 seconds
2021-03-30T10:33:31.216+0800: 2916.630: Total time for which application threads were stopped: 0.0003513 seconds, Stopping threads took: 0.0001416 seconds
2021-03-30T10:33:31.216+0800: 2916.631: Total time for which application threads were stopped: 0.0003236 seconds, Stopping threads took: 0.0001318 seconds
2021-03-30T10:33:31.217+0800: 2916.631: Total time for which application threads were stopped: 0.0003166 seconds, Stopping threads took: 0.0001254 seconds
2021-03-30T10:33:31.240+0800: 2916.654: Total time for which application threads were stopped: 0.0004330 seconds, Stopping threads took: 0.0001455 seconds
2021-03-30T10:33:31.240+0800: 2916.655: Total time for which application threads were stopped: 0.0003551 seconds, Stopping threads took: 0.0001202 seconds
2021-03-30T10:33:31.241+0800: 2916.655: Total time for which application threads were stopped: 0.0003038 seconds, Stopping threads took: 0.0001230 seconds
2021-03-30T10:33:31.241+0800: 2916.655: Total time for which application threads were stopped: 0.0002983 seconds, Stopping threads took: 0.0001208 seconds
2021-03-30T10:33:31.243+0800: 2916.658: Total time for which application threads were stopped: 0.0003344 seconds, Stopping threads took: 0.0001309 seconds
2021-03-30T10:33:31.244+0800: 2916.658: Total time for which application threads were stopped: 0.0002618 seconds, Stopping threads took: 0.0000425 seconds
2021-03-30T10:33:31.245+0800: 2916.659: Total time for which application threads were stopped: 0.0003195 seconds, Stopping threads took: 0.0001200 seconds
2021-03-30T10:33:31.260+0800: 2916.674: Total time for which application threads were stopped: 0.0003016 seconds, Stopping threads took: 0.0000516 seconds
2021-03-30T10:33:31.261+0800: 2916.675: Total time for which application threads were stopped: 0.0003054 seconds, Stopping threads took: 0.0000546 seconds
2021-03-30T10:33:32.261+0800: 2917.676: Total time for which application threads were stopped: 0.0006427 seconds, Stopping threads took: 0.0001059 seconds
2021-03-30T10:34:11.320+0800: 2956.734: Total time for which application threads were stopped: 0.0004031 seconds, Stopping threads took: 0.0000827 seconds
2021-03-30T10:34:22.322+0800: 2967.737: Total time for which application threads were stopped: 0.0005053 seconds, Stopping threads took: 0.0001064 seconds
2021-03-30T10:34:25.336+0800: 2970.750: Total time for which application threads were stopped: 0.0007151 seconds, Stopping threads took: 0.0001498 seconds
2021-03-30T10:35:03.229+0800: 3008.643: Total time for which application threads were stopped: 0.0001979 seconds, Stopping threads took: 0.0000398 seconds
2021-03-30T10:35:10.680+0800: 3016.094: Total time for which application threads were stopped: 0.0005764 seconds, Stopping threads took: 0.0001162 seconds
2021-03-30T10:35:11.792+0800: 3017.206: Total time for which application threads were stopped: 0.0004128 seconds, Stopping threads took: 0.0000695 seconds
2021-03-30T10:35:11.802+0800: 3017.216: Total time for which application threads were stopped: 0.0003885 seconds, Stopping threads took: 0.0000624 seconds
2021-03-30T10:35:11.818+0800: 3017.233: Total time for which application threads were stopped: 0.0012934 seconds, Stopping threads took: 0.0008764 seconds
2021-03-30T10:35:11.821+0800: 3017.235: Total time for which application threads were stopped: 0.0004875 seconds, Stopping threads took: 0.0001312 seconds
2021-03-30T10:35:11.822+0800: 3017.236: Total time for which application threads were stopped: 0.0004082 seconds, Stopping threads took: 0.0000915 seconds
2021-03-30T10:35:11.822+0800: 3017.237: Total time for which application threads were stopped: 0.0003617 seconds, Stopping threads took: 0.0000995 seconds
2021-03-30T10:35:11.823+0800: 3017.238: Total time for which application threads were stopped: 0.0003567 seconds, Stopping threads took: 0.0001383 seconds
2021-03-30T10:35:11.824+0800: 3017.239: Total time for which application threads were stopped: 0.0003852 seconds, Stopping threads took: 0.0001289 seconds
2021-03-30T10:35:11.824+0800: 3017.239: Total time for which application threads were stopped: 0.0003500 seconds, Stopping threads took: 0.0001053 seconds
2021-03-30T10:35:11.825+0800: 3017.240: Total time for which application threads were stopped: 0.0004629 seconds, Stopping threads took: 0.0001885 seconds
2021-03-30T10:35:11.828+0800: 3017.242: Total time for which application threads were stopped: 0.0005929 seconds, Stopping threads took: 0.0001330 seconds
2021-03-30T10:35:11.829+0800: 3017.244: Total time for which application threads were stopped: 0.0005761 seconds, Stopping threads took: 0.0003181 seconds
2021-03-30T10:35:11.830+0800: 3017.245: Total time for which application threads were stopped: 0.0004290 seconds, Stopping threads took: 0.0002210 seconds
2021-03-30T10:35:11.831+0800: 3017.246: Total time for which application threads were stopped: 0.0003013 seconds, Stopping threads took: 0.0000800 seconds
2021-03-30T10:35:11.832+0800: 3017.247: Total time for which application threads were stopped: 0.0004244 seconds, Stopping threads took: 0.0001903 seconds
2021-03-30T10:35:11.832+0800: 3017.247: Total time for which application threads were stopped: 0.0004068 seconds, Stopping threads took: 0.0000772 seconds
2021-03-30T10:35:11.835+0800: 3017.249: Total time for which application threads were stopped: 0.0004288 seconds, Stopping threads took: 0.0001198 seconds
2021-03-30T10:35:11.837+0800: 3017.251: Total time for which application threads were stopped: 0.0006851 seconds, Stopping threads took: 0.0001329 seconds
2021-03-30T10:35:11.837+0800: 3017.251: Total time for which application threads were stopped: 0.0003818 seconds, Stopping threads took: 0.0001137 seconds
2021-03-30T10:35:11.841+0800: 3017.255: Total time for which application threads were stopped: 0.0004605 seconds, Stopping threads took: 0.0001976 seconds
2021-03-30T10:35:11.844+0800: 3017.258: Total time for which application threads were stopped: 0.0004927 seconds, Stopping threads took: 0.0002109 seconds
2021-03-30T10:35:11.845+0800: 3017.259: Total time for which application threads were stopped: 0.0004120 seconds, Stopping threads took: 0.0001627 seconds
2021-03-30T10:35:11.846+0800: 3017.260: Total time for which application threads were stopped: 0.0003536 seconds, Stopping threads took: 0.0000964 seconds
2021-03-30T10:35:11.847+0800: 3017.261: Total time for which application threads were stopped: 0.0006444 seconds, Stopping threads took: 0.0004078 seconds
2021-03-30T10:35:11.849+0800: 3017.263: Total time for which application threads were stopped: 0.0004768 seconds, Stopping threads took: 0.0001371 seconds
2021-03-30T10:35:11.851+0800: 3017.265: Total time for which application threads were stopped: 0.0005077 seconds, Stopping threads took: 0.0002314 seconds
2021-03-30T10:35:11.852+0800: 3017.266: Total time for which application threads were stopped: 0.0005109 seconds, Stopping threads took: 0.0002553 seconds
2021-03-30T10:35:11.853+0800: 3017.267: Total time for which application threads were stopped: 0.0004515 seconds, Stopping threads took: 0.0002380 seconds
2021-03-30T10:35:11.854+0800: 3017.269: Total time for which application threads were stopped: 0.0006334 seconds, Stopping threads took: 0.0003513 seconds
2021-03-30T10:35:11.855+0800: 3017.269: Total time for which application threads were stopped: 0.0004069 seconds, Stopping threads took: 0.0001893 seconds
2021-03-30T10:35:11.856+0800: 3017.270: Total time for which application threads were stopped: 0.0004162 seconds, Stopping threads took: 0.0001957 seconds
2021-03-30T10:35:11.857+0800: 3017.271: Total time for which application threads were stopped: 0.0005474 seconds, Stopping threads took: 0.0003345 seconds
2021-03-30T10:35:11.858+0800: 3017.272: Total time for which application threads were stopped: 0.0004208 seconds, Stopping threads took: 0.0002174 seconds
2021-03-30T10:35:11.860+0800: 3017.274: Total time for which application threads were stopped: 0.0004568 seconds, Stopping threads took: 0.0002071 seconds
2021-03-30T10:35:11.863+0800: 3017.277: Total time for which application threads were stopped: 0.0005458 seconds, Stopping threads took: 0.0002424 seconds
2021-03-30T10:35:11.864+0800: 3017.279: Total time for which application threads were stopped: 0.0005532 seconds, Stopping threads took: 0.0002551 seconds
2021-03-30T10:35:11.867+0800: 3017.281: Total time for which application threads were stopped: 0.0004795 seconds, Stopping threads took: 0.0001806 seconds
2021-03-30T10:35:11.869+0800: 3017.283: Total time for which application threads were stopped: 0.0005673 seconds, Stopping threads took: 0.0002524 seconds
2021-03-30T10:35:11.870+0800: 3017.285: Total time for which application threads were stopped: 0.0003570 seconds, Stopping threads took: 0.0000859 seconds
2021-03-30T10:35:11.871+0800: 3017.286: Total time for which application threads were stopped: 0.0004212 seconds, Stopping threads took: 0.0000835 seconds
2021-03-30T10:35:11.872+0800: 3017.287: Total time for which application threads were stopped: 0.0003966 seconds, Stopping threads took: 0.0001324 seconds
2021-03-30T10:35:11.873+0800: 3017.288: Total time for which application threads were stopped: 0.0004642 seconds, Stopping threads took: 0.0002033 seconds
2021-03-30T10:35:11.874+0800: 3017.288: Total time for which application threads were stopped: 0.0003132 seconds, Stopping threads took: 0.0000996 seconds
2021-03-30T10:35:11.874+0800: 3017.289: Total time for which application threads were stopped: 0.0003628 seconds, Stopping threads took: 0.0001285 seconds
2021-03-30T10:35:11.876+0800: 3017.290: Total time for which application threads were stopped: 0.0004489 seconds, Stopping threads took: 0.0002070 seconds
2021-03-30T10:35:11.877+0800: 3017.291: Total time for which application threads were stopped: 0.0005850 seconds, Stopping threads took: 0.0003407 seconds
2021-03-30T10:35:11.878+0800: 3017.292: Total time for which application threads were stopped: 0.0004192 seconds, Stopping threads took: 0.0001442 seconds
2021-03-30T10:35:11.881+0800: 3017.295: Total time for which application threads were stopped: 0.0004116 seconds, Stopping threads took: 0.0001301 seconds
2021-03-30T10:35:11.884+0800: 3017.299: Total time for which application threads were stopped: 0.0014536 seconds, Stopping threads took: 0.0000621 seconds
2021-03-30T10:35:11.891+0800: 3017.305: Total time for which application threads were stopped: 0.0012869 seconds, Stopping threads took: 0.0000780 seconds
2021-03-30T10:35:11.891+0800: 3017.306: Total time for which application threads were stopped: 0.0004619 seconds, Stopping threads took: 0.0001270 seconds
2021-03-30T10:35:11.892+0800: 3017.306: Total time for which application threads were stopped: 0.0003636 seconds, Stopping threads took: 0.0000848 seconds
2021-03-30T10:35:11.894+0800: 3017.309: Total time for which application threads were stopped: 0.0004985 seconds, Stopping threads took: 0.0001311 seconds
2021-03-30T10:35:11.894+0800: 3017.309: Total time for which application threads were stopped: 0.0003696 seconds, Stopping threads took: 0.0001341 seconds
2021-03-30T10:35:11.895+0800: 3017.310: Total time for which application threads were stopped: 0.0003729 seconds, Stopping threads took: 0.0001949 seconds
2021-03-30T10:35:11.896+0800: 3017.310: Total time for which application threads were stopped: 0.0002690 seconds, Stopping threads took: 0.0000568 seconds
2021-03-30T10:35:11.896+0800: 3017.311: Total time for which application threads were stopped: 0.0003482 seconds, Stopping threads took: 0.0001360 seconds
2021-03-30T10:35:11.898+0800: 3017.313: Total time for which application threads were stopped: 0.0003775 seconds, Stopping threads took: 0.0001414 seconds
2021-03-30T10:35:11.900+0800: 3017.315: Total time for which application threads were stopped: 0.0004751 seconds, Stopping threads took: 0.0001835 seconds
2021-03-30T10:35:11.901+0800: 3017.315: Total time for which application threads were stopped: 0.0003911 seconds, Stopping threads took: 0.0001774 seconds
2021-03-30T10:35:11.901+0800: 3017.316: Total time for which application threads were stopped: 0.0003020 seconds, Stopping threads took: 0.0001124 seconds
2021-03-30T10:35:11.903+0800: 3017.318: Total time for which application threads were stopped: 0.0005654 seconds, Stopping threads took: 0.0002967 seconds
2021-03-30T10:35:11.905+0800: 3017.319: Total time for which application threads were stopped: 0.0004392 seconds, Stopping threads took: 0.0001878 seconds
2021-03-30T10:35:11.905+0800: 3017.320: Total time for which application threads were stopped: 0.0004149 seconds, Stopping threads took: 0.0001863 seconds
2021-03-30T10:35:11.906+0800: 3017.320: Total time for which application threads were stopped: 0.0003397 seconds, Stopping threads took: 0.0001221 seconds
2021-03-30T10:35:11.906+0800: 3017.321: Total time for which application threads were stopped: 0.0003855 seconds, Stopping threads took: 0.0001361 seconds
2021-03-30T10:35:11.907+0800: 3017.322: Total time for which application threads were stopped: 0.0004078 seconds, Stopping threads took: 0.0001834 seconds
2021-03-30T10:35:11.915+0800: 3017.330: Total time for which application threads were stopped: 0.0004864 seconds, Stopping threads took: 0.0001299 seconds
2021-03-30T10:35:11.915+0800: 3017.330: Total time for which application threads were stopped: 0.0005401 seconds, Stopping threads took: 0.0002361 seconds
2021-03-30T10:35:11.916+0800: 3017.331: Total time for which application threads were stopped: 0.0004055 seconds, Stopping threads took: 0.0001194 seconds
2021-03-30T10:35:11.917+0800: 3017.331: Total time for which application threads were stopped: 0.0003036 seconds, Stopping threads took: 0.0000959 seconds
2021-03-30T10:35:11.917+0800: 3017.332: Total time for which application threads were stopped: 0.0003184 seconds, Stopping threads took: 0.0001237 seconds
2021-03-30T10:35:11.918+0800: 3017.332: Total time for which application threads were stopped: 0.0003438 seconds, Stopping threads took: 0.0001322 seconds
2021-03-30T10:35:11.921+0800: 3017.336: Total time for which application threads were stopped: 0.0003678 seconds, Stopping threads took: 0.0000471 seconds
2021-03-30T10:35:11.937+0800: 3017.351: Total time for which application threads were stopped: 0.0003436 seconds, Stopping threads took: 0.0000539 seconds
2021-03-30T10:35:11.993+0800: 3017.407: Total time for which application threads were stopped: 0.0003369 seconds, Stopping threads took: 0.0000543 seconds
2021-03-30T10:35:11.994+0800: 3017.408: Total time for which application threads were stopped: 0.0002662 seconds, Stopping threads took: 0.0000362 seconds
2021-03-30T10:35:12.008+0800: 3017.422: Total time for which application threads were stopped: 0.0006018 seconds, Stopping threads took: 0.0001477 seconds
2021-03-30T10:35:12.008+0800: 3017.422: Total time for which application threads were stopped: 0.0003290 seconds, Stopping threads took: 0.0000534 seconds
2021-03-30T10:35:12.009+0800: 3017.423: Total time for which application threads were stopped: 0.0004116 seconds, Stopping threads took: 0.0001583 seconds
2021-03-30T10:35:12.009+0800: 3017.423: Total time for which application threads were stopped: 0.0003032 seconds, Stopping threads took: 0.0000750 seconds
2021-03-30T10:35:12.010+0800: 3017.424: Total time for which application threads were stopped: 0.0002945 seconds, Stopping threads took: 0.0000900 seconds
2021-03-30T10:35:12.010+0800: 3017.424: Total time for which application threads were stopped: 0.0004261 seconds, Stopping threads took: 0.0002156 seconds
2021-03-30T10:35:12.014+0800: 3017.428: Total time for which application threads were stopped: 0.0005591 seconds, Stopping threads took: 0.0002279 seconds
2021-03-30T10:35:12.015+0800: 3017.429: Total time for which application threads were stopped: 0.0004760 seconds, Stopping threads took: 0.0001971 seconds
2021-03-30T10:35:12.015+0800: 3017.429: Total time for which application threads were stopped: 0.0003294 seconds, Stopping threads took: 0.0001079 seconds
2021-03-30T10:35:12.016+0800: 3017.430: Total time for which application threads were stopped: 0.0003540 seconds, Stopping threads took: 0.0000472 seconds
2021-03-30T10:35:12.017+0800: 3017.431: Total time for which application threads were stopped: 0.0003344 seconds, Stopping threads took: 0.0000876 seconds
2021-03-30T10:35:12.019+0800: 3017.433: Total time for which application threads were stopped: 0.0004433 seconds, Stopping threads took: 0.0001359 seconds
2021-03-30T10:35:12.020+0800: 3017.434: Total time for which application threads were stopped: 0.0004133 seconds, Stopping threads took: 0.0001833 seconds
2021-03-30T10:35:12.021+0800: 3017.435: Total time for which application threads were stopped: 0.0004553 seconds, Stopping threads took: 0.0001378 seconds
2021-03-30T10:35:12.023+0800: 3017.437: Total time for which application threads were stopped: 0.0004172 seconds, Stopping threads took: 0.0001511 seconds
2021-03-30T10:35:12.024+0800: 3017.439: Total time for which application threads were stopped: 0.0005212 seconds, Stopping threads took: 0.0002121 seconds
2021-03-30T10:35:12.025+0800: 3017.440: Total time for which application threads were stopped: 0.0004654 seconds, Stopping threads took: 0.0002211 seconds
2021-03-30T10:35:12.032+0800: 3017.446: Total time for which application threads were stopped: 0.0003826 seconds, Stopping threads took: 0.0001101 seconds
2021-03-30T10:35:12.032+0800: 3017.447: Total time for which application threads were stopped: 0.0004541 seconds, Stopping threads took: 0.0000978 seconds
2021-03-30T10:35:12.033+0800: 3017.447: Total time for which application threads were stopped: 0.0004429 seconds, Stopping threads took: 0.0000941 seconds
2021-03-30T10:35:12.039+0800: 3017.453: Total time for which application threads were stopped: 0.0004329 seconds, Stopping threads took: 0.0001298 seconds
2021-03-30T10:35:12.056+0800: 3017.470: Total time for which application threads were stopped: 0.0004008 seconds, Stopping threads took: 0.0000938 seconds
2021-03-30T10:35:12.057+0800: 3017.471: Total time for which application threads were stopped: 0.0003313 seconds, Stopping threads took: 0.0000783 seconds
2021-03-30T10:35:12.139+0800: 3017.554: Total time for which application threads were stopped: 0.0003744 seconds, Stopping threads took: 0.0001302 seconds
2021-03-30T10:35:12.143+0800: 3017.557: Total time for which application threads were stopped: 0.0003285 seconds, Stopping threads took: 0.0000949 seconds
2021-03-30T10:35:12.143+0800: 3017.558: Total time for which application threads were stopped: 0.0002465 seconds, Stopping threads took: 0.0000647 seconds
2021-03-30T10:35:12.144+0800: 3017.558: Total time for which application threads were stopped: 0.0002123 seconds, Stopping threads took: 0.0000470 seconds
2021-03-30T10:35:12.147+0800: 3017.562: Total time for which application threads were stopped: 0.0003898 seconds, Stopping threads took: 0.0001433 seconds
2021-03-30T10:35:12.148+0800: 3017.562: Total time for which application threads were stopped: 0.0002600 seconds, Stopping threads took: 0.0000622 seconds
2021-03-30T10:35:12.149+0800: 3017.563: Total time for which application threads were stopped: 0.0003112 seconds, Stopping threads took: 0.0000349 seconds
2021-03-30T10:35:12.150+0800: 3017.564: Total time for which application threads were stopped: 0.0002696 seconds, Stopping threads took: 0.0000672 seconds
2021-03-30T10:35:13.150+0800: 3018.565: Total time for which application threads were stopped: 0.0005501 seconds, Stopping threads took: 0.0000987 seconds
2021-03-30T10:35:16.940+0800: 3022.354: Total time for which application threads were stopped: 0.0003567 seconds, Stopping threads took: 0.0000517 seconds
2021-03-30T10:35:16.941+0800: 3022.355: Total time for which application threads were stopped: 0.0003744 seconds, Stopping threads took: 0.0001478 seconds
2021-03-30T10:35:16.950+0800: 3022.364: Total time for which application threads were stopped: 0.0005070 seconds, Stopping threads took: 0.0002040 seconds
2021-03-30T10:35:16.951+0800: 3022.365: Total time for which application threads were stopped: 0.0004694 seconds, Stopping threads took: 0.0002311 seconds
2021-03-30T10:35:16.952+0800: 3022.366: Total time for which application threads were stopped: 0.0003919 seconds, Stopping threads took: 0.0001929 seconds
2021-03-30T10:35:16.955+0800: 3022.369: Total time for which application threads were stopped: 0.0004298 seconds, Stopping threads took: 0.0001732 seconds
2021-03-30T10:35:16.960+0800: 3022.375: Total time for which application threads were stopped: 0.0004917 seconds, Stopping threads took: 0.0002088 seconds
2021-03-30T10:35:16.964+0800: 3022.379: Total time for which application threads were stopped: 0.0005501 seconds, Stopping threads took: 0.0002112 seconds
2021-03-30T10:35:16.965+0800: 3022.379: Total time for which application threads were stopped: 0.0004685 seconds, Stopping threads took: 0.0001698 seconds
2021-03-30T10:35:17.966+0800: 3023.380: Total time for which application threads were stopped: 0.0008342 seconds, Stopping threads took: 0.0001279 seconds
2021-03-30T10:35:39.986+0800: 3045.401: Total time for which application threads were stopped: 0.0008244 seconds, Stopping threads took: 0.0001521 seconds
2021-03-30T10:35:43.379+0800: 3048.793: Total time for which application threads were stopped: 0.0004277 seconds, Stopping threads took: 0.0000840 seconds
2021-03-30T10:36:11.414+0800: 3076.829: Total time for which application threads were stopped: 0.0005723 seconds, Stopping threads took: 0.0000959 seconds
2021-03-30T10:37:00.275+0800: 3125.690: Total time for which application threads were stopped: 0.0003854 seconds, Stopping threads took: 0.0000788 seconds
2021-03-30T10:37:00.280+0800: 3125.694: Total time for which application threads were stopped: 0.0003620 seconds, Stopping threads took: 0.0000553 seconds
2021-03-30T10:37:00.283+0800: 3125.697: Total time for which application threads were stopped: 0.0004898 seconds, Stopping threads took: 0.0002145 seconds
2021-03-30T10:37:00.284+0800: 3125.698: Total time for which application threads were stopped: 0.0006108 seconds, Stopping threads took: 0.0001393 seconds
2021-03-30T10:37:00.287+0800: 3125.702: Total time for which application threads were stopped: 0.0005404 seconds, Stopping threads took: 0.0002176 seconds
2021-03-30T10:37:00.292+0800: 3125.707: Total time for which application threads were stopped: 0.0005443 seconds, Stopping threads took: 0.0002220 seconds
2021-03-30T10:37:00.296+0800: 3125.710: Total time for which application threads were stopped: 0.0004555 seconds, Stopping threads took: 0.0001514 seconds
2021-03-30T10:37:00.297+0800: 3125.711: Total time for which application threads were stopped: 0.0003824 seconds, Stopping threads took: 0.0001115 seconds
2021-03-30T10:37:11.317+0800: 3136.731: Total time for which application threads were stopped: 0.0006575 seconds, Stopping threads took: 0.0001211 seconds
2021-03-30T10:37:56.395+0800: 3181.810: Total time for which application threads were stopped: 0.0004404 seconds, Stopping threads took: 0.0001545 seconds
2021-03-30T10:37:56.398+0800: 3181.812: Total time for which application threads were stopped: 0.0004421 seconds, Stopping threads took: 0.0001546 seconds
2021-03-30T10:37:56.399+0800: 3181.813: Total time for which application threads were stopped: 0.0004730 seconds, Stopping threads took: 0.0001591 seconds
2021-03-30T10:37:56.403+0800: 3181.817: Total time for which application threads were stopped: 0.0005371 seconds, Stopping threads took: 0.0001368 seconds
2021-03-30T10:37:56.408+0800: 3181.822: Total time for which application threads were stopped: 0.0005830 seconds, Stopping threads took: 0.0002617 seconds
2021-03-30T10:37:56.409+0800: 3181.823: Total time for which application threads were stopped: 0.0005131 seconds, Stopping threads took: 0.0002525 seconds
2021-03-30T10:37:57.410+0800: 3182.824: Total time for which application threads were stopped: 0.0005654 seconds, Stopping threads took: 0.0001218 seconds
2021-03-30T10:38:19.496+0800: 3204.910: Total time for which application threads were stopped: 0.0018209 seconds, Stopping threads took: 0.0001237 seconds
2021-03-30T10:38:19.499+0800: 3204.913: Total time for which application threads were stopped: 0.0004597 seconds, Stopping threads took: 0.0001600 seconds
2021-03-30T10:38:19.500+0800: 3204.914: Total time for which application threads were stopped: 0.0004513 seconds, Stopping threads took: 0.0001182 seconds
2021-03-30T10:38:19.501+0800: 3204.915: Total time for which application threads were stopped: 0.0003118 seconds, Stopping threads took: 0.0000519 seconds
2021-03-30T10:38:19.503+0800: 3204.918: Total time for which application threads were stopped: 0.0004742 seconds, Stopping threads took: 0.0002031 seconds
2021-03-30T10:38:19.509+0800: 3204.923: Total time for which application threads were stopped: 0.0004629 seconds, Stopping threads took: 0.0001584 seconds
2021-03-30T10:38:19.509+0800: 3204.924: Total time for which application threads were stopped: 0.0004062 seconds, Stopping threads took: 0.0001459 seconds
2021-03-30T10:38:19.509+0800: 3204.924: Total time for which application threads were stopped: 0.0003421 seconds, Stopping threads took: 0.0000734 seconds
2021-03-30T10:38:36.721+0800: 3222.135: Total time for which application threads were stopped: 0.0005529 seconds, Stopping threads took: 0.0001304 seconds
2021-03-30T10:38:36.728+0800: 3222.142: Total time for which application threads were stopped: 0.0005146 seconds, Stopping threads took: 0.0002143 seconds
2021-03-30T10:38:36.731+0800: 3222.146: Total time for which application threads were stopped: 0.0004934 seconds, Stopping threads took: 0.0002081 seconds
2021-03-30T10:38:36.734+0800: 3222.148: Total time for which application threads were stopped: 0.0005142 seconds, Stopping threads took: 0.0001622 seconds
2021-03-30T10:38:54.736+0800: 3240.151: Total time for which application threads were stopped: 0.0005301 seconds, Stopping threads took: 0.0001445 seconds
2021-03-30T10:38:54.739+0800: 3240.154: Total time for which application threads were stopped: 0.0005424 seconds, Stopping threads took: 0.0002643 seconds
2021-03-30T10:38:54.740+0800: 3240.155: Total time for which application threads were stopped: 0.0005046 seconds, Stopping threads took: 0.0002464 seconds
2021-03-30T10:38:54.743+0800: 3240.157: Total time for which application threads were stopped: 0.0004629 seconds, Stopping threads took: 0.0001633 seconds
2021-03-30T10:38:54.747+0800: 3240.162: Total time for which application threads were stopped: 0.0011429 seconds, Stopping threads took: 0.0001985 seconds
2021-03-30T10:38:54.748+0800: 3240.163: Total time for which application threads were stopped: 0.0003356 seconds, Stopping threads took: 0.0000694 seconds
2021-03-30T10:39:02.338+0800: 3247.752: Total time for which application threads were stopped: 0.0004127 seconds, Stopping threads took: 0.0001526 seconds
2021-03-30T10:39:02.340+0800: 3247.754: Total time for which application threads were stopped: 0.0004361 seconds, Stopping threads took: 0.0001810 seconds
2021-03-30T10:39:02.341+0800: 3247.755: Total time for which application threads were stopped: 0.0003624 seconds, Stopping threads took: 0.0001623 seconds
2021-03-30T10:39:02.343+0800: 3247.757: Total time for which application threads were stopped: 0.0003319 seconds, Stopping threads took: 0.0001152 seconds
2021-03-30T10:39:02.346+0800: 3247.760: Total time for which application threads were stopped: 0.0005300 seconds, Stopping threads took: 0.0001321 seconds
2021-03-30T10:39:02.347+0800: 3247.761: Total time for which application threads were stopped: 0.0004685 seconds, Stopping threads took: 0.0001911 seconds
2021-03-30T10:39:19.750+0800: 3265.165: Total time for which application threads were stopped: 0.0004397 seconds, Stopping threads took: 0.0001493 seconds
2021-03-30T10:39:19.754+0800: 3265.168: Total time for which application threads were stopped: 0.0004429 seconds, Stopping threads took: 0.0001328 seconds
2021-03-30T10:39:19.754+0800: 3265.169: Total time for which application threads were stopped: 0.0003123 seconds, Stopping threads took: 0.0000632 seconds
2021-03-30T10:39:19.758+0800: 3265.172: Total time for which application threads were stopped: 0.0005274 seconds, Stopping threads took: 0.0001485 seconds
2021-03-30T10:39:19.761+0800: 3265.176: Total time for which application threads were stopped: 0.0005432 seconds, Stopping threads took: 0.0002546 seconds
2021-03-30T10:39:19.762+0800: 3265.177: Total time for which application threads were stopped: 0.0005296 seconds, Stopping threads took: 0.0001592 seconds
2021-03-30T10:39:25.539+0800: 3270.953: Total time for which application threads were stopped: 0.0005038 seconds, Stopping threads took: 0.0001842 seconds
2021-03-30T10:39:25.542+0800: 3270.956: Total time for which application threads were stopped: 0.0004512 seconds, Stopping threads took: 0.0001653 seconds
2021-03-30T10:39:25.543+0800: 3270.957: Total time for which application threads were stopped: 0.0003177 seconds, Stopping threads took: 0.0000531 seconds
2021-03-30T10:39:25.545+0800: 3270.960: Total time for which application threads were stopped: 0.0003915 seconds, Stopping threads took: 0.0000850 seconds
2021-03-30T10:39:25.549+0800: 3270.964: Total time for which application threads were stopped: 0.0004824 seconds, Stopping threads took: 0.0001753 seconds
2021-03-30T10:39:25.551+0800: 3270.965: Total time for which application threads were stopped: 0.0005876 seconds, Stopping threads took: 0.0002377 seconds
2021-03-30T10:39:26.552+0800: 3271.966: Total time for which application threads were stopped: 0.0006204 seconds, Stopping threads took: 0.0001022 seconds
2021-03-30T10:39:28.576+0800: 3273.990: Total time for which application threads were stopped: 0.0009239 seconds, Stopping threads took: 0.0001370 seconds
2021-03-30T10:39:29.285+0800: 3274.700: Total time for which application threads were stopped: 0.0005095 seconds, Stopping threads took: 0.0001085 seconds
2021-03-30T10:39:29.288+0800: 3274.703: Total time for which application threads were stopped: 0.0005378 seconds, Stopping threads took: 0.0002245 seconds
2021-03-30T10:39:29.289+0800: 3274.704: Total time for which application threads were stopped: 0.0003824 seconds, Stopping threads took: 0.0001371 seconds
2021-03-30T10:39:29.292+0800: 3274.706: Total time for which application threads were stopped: 0.0005157 seconds, Stopping threads took: 0.0001230 seconds
2021-03-30T10:39:29.295+0800: 3274.710: Total time for which application threads were stopped: 0.0004971 seconds, Stopping threads took: 0.0002103 seconds
2021-03-30T10:39:29.296+0800: 3274.711: Total time for which application threads were stopped: 0.0003955 seconds, Stopping threads took: 0.0001341 seconds
2021-03-30T10:40:03.239+0800: 3308.653: Total time for which application threads were stopped: 0.0015539 seconds, Stopping threads took: 0.0001294 seconds
2021-03-30T10:40:11.245+0800: 3316.659: Total time for which application threads were stopped: 0.0010600 seconds, Stopping threads took: 0.0001777 seconds
2021-03-30T10:40:11.297+0800: 3316.712: Total time for which application threads were stopped: 0.0008983 seconds, Stopping threads took: 0.0001181 seconds
2021-03-30T10:41:11.424+0800: 3376.838: Total time for which application threads were stopped: 0.0002250 seconds, Stopping threads took: 0.0000516 seconds
2021-03-30T10:41:45.693+0800: 3411.107: Total time for which application threads were stopped: 0.0004498 seconds, Stopping threads took: 0.0001599 seconds
2021-03-30T10:41:45.694+0800: 3411.108: Total time for which application threads were stopped: 0.0007754 seconds, Stopping threads took: 0.0001666 seconds
2021-03-30T10:41:45.694+0800: 3411.109: Total time for which application threads were stopped: 0.0002908 seconds, Stopping threads took: 0.0000424 seconds
2021-03-30T10:41:45.695+0800: 3411.110: Total time for which application threads were stopped: 0.0002608 seconds, Stopping threads took: 0.0000390 seconds
2021-03-30T10:41:45.696+0800: 3411.110: Total time for which application threads were stopped: 0.0003092 seconds, Stopping threads took: 0.0000493 seconds
2021-03-30T10:41:45.697+0800: 3411.111: Total time for which application threads were stopped: 0.0007274 seconds, Stopping threads took: 0.0004875 seconds
2021-03-30T10:41:45.712+0800: 3411.127: Total time for which application threads were stopped: 0.0004162 seconds, Stopping threads took: 0.0001406 seconds
2021-03-30T10:41:45.713+0800: 3411.128: Total time for which application threads were stopped: 0.0003921 seconds, Stopping threads took: 0.0001510 seconds
2021-03-30T10:41:45.714+0800: 3411.129: Total time for which application threads were stopped: 0.0003372 seconds, Stopping threads took: 0.0001664 seconds
2021-03-30T10:41:45.715+0800: 3411.129: Total time for which application threads were stopped: 0.0003980 seconds, Stopping threads took: 0.0001756 seconds
2021-03-30T10:41:45.715+0800: 3411.130: Total time for which application threads were stopped: 0.0003109 seconds, Stopping threads took: 0.0001289 seconds
2021-03-30T10:41:45.716+0800: 3411.131: Total time for which application threads were stopped: 0.0003762 seconds, Stopping threads took: 0.0001842 seconds
2021-03-30T10:41:45.716+0800: 3411.131: Total time for which application threads were stopped: 0.0003629 seconds, Stopping threads took: 0.0001868 seconds
2021-03-30T10:41:45.717+0800: 3411.132: Total time for which application threads were stopped: 0.0003401 seconds, Stopping threads took: 0.0001661 seconds
2021-03-30T10:41:45.717+0800: 3411.132: Total time for which application threads were stopped: 0.0002924 seconds, Stopping threads took: 0.0001207 seconds
2021-03-30T10:41:45.718+0800: 3411.132: Total time for which application threads were stopped: 0.0002562 seconds, Stopping threads took: 0.0000882 seconds
2021-03-30T10:41:45.722+0800: 3411.136: Total time for which application threads were stopped: 0.0003722 seconds, Stopping threads took: 0.0001292 seconds
2021-03-30T10:41:45.722+0800: 3411.137: Total time for which application threads were stopped: 0.0003239 seconds, Stopping threads took: 0.0001250 seconds
2021-03-30T10:41:45.723+0800: 3411.138: Total time for which application threads were stopped: 0.0004466 seconds, Stopping threads took: 0.0002340 seconds
2021-03-30T10:41:45.724+0800: 3411.139: Total time for which application threads were stopped: 0.0004524 seconds, Stopping threads took: 0.0002255 seconds
2021-03-30T10:41:45.727+0800: 3411.142: Total time for which application threads were stopped: 0.0005429 seconds, Stopping threads took: 0.0002552 seconds
2021-03-30T10:41:45.728+0800: 3411.143: Total time for which application threads were stopped: 0.0003469 seconds, Stopping threads took: 0.0001313 seconds
2021-03-30T10:41:51.818+0800: 3417.233: Total time for which application threads were stopped: 0.0004429 seconds, Stopping threads took: 0.0000802 seconds
2021-03-30T10:41:51.822+0800: 3417.236: Total time for which application threads were stopped: 0.0004993 seconds, Stopping threads took: 0.0001638 seconds
2021-03-30T10:41:51.825+0800: 3417.239: Total time for which application threads were stopped: 0.0005888 seconds, Stopping threads took: 0.0002799 seconds
2021-03-30T10:41:51.826+0800: 3417.240: Total time for which application threads were stopped: 0.0004753 seconds, Stopping threads took: 0.0002030 seconds
2021-03-30T10:41:51.829+0800: 3417.244: Total time for which application threads were stopped: 0.0004656 seconds, Stopping threads took: 0.0001736 seconds
2021-03-30T10:41:51.834+0800: 3417.248: Total time for which application threads were stopped: 0.0011587 seconds, Stopping threads took: 0.0001674 seconds
2021-03-30T10:41:51.834+0800: 3417.249: Total time for which application threads were stopped: 0.0004192 seconds, Stopping threads took: 0.0001597 seconds
2021-03-30T10:41:51.835+0800: 3417.250: Total time for which application threads were stopped: 0.0004997 seconds, Stopping threads took: 0.0002605 seconds
2021-03-30T10:42:11.871+0800: 3437.285: Total time for which application threads were stopped: 0.0005908 seconds, Stopping threads took: 0.0001175 seconds
2021-03-30T10:42:22.409+0800: 3447.824: Total time for which application threads were stopped: 0.0004646 seconds, Stopping threads took: 0.0001938 seconds
2021-03-30T10:42:22.410+0800: 3447.825: Total time for which application threads were stopped: 0.0004145 seconds, Stopping threads took: 0.0001846 seconds
2021-03-30T10:42:22.411+0800: 3447.826: Total time for which application threads were stopped: 0.0003202 seconds, Stopping threads took: 0.0001080 seconds
2021-03-30T10:42:22.412+0800: 3447.826: Total time for which application threads were stopped: 0.0003487 seconds, Stopping threads took: 0.0001397 seconds
2021-03-30T10:42:22.412+0800: 3447.827: Total time for which application threads were stopped: 0.0003419 seconds, Stopping threads took: 0.0001463 seconds
2021-03-30T10:42:22.413+0800: 3447.828: Total time for which application threads were stopped: 0.0004010 seconds, Stopping threads took: 0.0001322 seconds
2021-03-30T10:42:22.415+0800: 3447.830: Total time for which application threads were stopped: 0.0006039 seconds, Stopping threads took: 0.0001619 seconds
2021-03-30T10:42:22.418+0800: 3447.833: Total time for which application threads were stopped: 0.0004115 seconds, Stopping threads took: 0.0001242 seconds
2021-03-30T10:42:22.418+0800: 3447.833: Total time for which application threads were stopped: 0.0003825 seconds, Stopping threads took: 0.0001321 seconds
2021-03-30T10:42:22.424+0800: 3447.839: Total time for which application threads were stopped: 0.0004671 seconds, Stopping threads took: 0.0001790 seconds
2021-03-30T10:42:22.425+0800: 3447.839: Total time for which application threads were stopped: 0.0004231 seconds, Stopping threads took: 0.0001864 seconds
2021-03-30T10:42:22.427+0800: 3447.841: Total time for which application threads were stopped: 0.0005342 seconds, Stopping threads took: 0.0002169 seconds
2021-03-30T10:42:22.427+0800: 3447.842: Total time for which application threads were stopped: 0.0004883 seconds, Stopping threads took: 0.0002670 seconds
2021-03-30T10:42:22.428+0800: 3447.843: Total time for which application threads were stopped: 0.0005265 seconds, Stopping threads took: 0.0003036 seconds
2021-03-30T10:42:22.429+0800: 3447.844: Total time for which application threads were stopped: 0.0005254 seconds, Stopping threads took: 0.0003128 seconds
2021-03-30T10:42:22.430+0800: 3447.845: Total time for which application threads were stopped: 0.0006073 seconds, Stopping threads took: 0.0003640 seconds
2021-03-30T10:42:22.432+0800: 3447.847: Total time for which application threads were stopped: 0.0012543 seconds, Stopping threads took: 0.0002762 seconds
2021-03-30T10:42:22.433+0800: 3447.847: Total time for which application threads were stopped: 0.0005463 seconds, Stopping threads took: 0.0002996 seconds
2021-03-30T10:42:22.434+0800: 3447.849: Total time for which application threads were stopped: 0.0004273 seconds, Stopping threads took: 0.0001784 seconds
2021-03-30T10:42:22.439+0800: 3447.853: Total time for which application threads were stopped: 0.0004607 seconds, Stopping threads took: 0.0001389 seconds
2021-03-30T10:42:22.440+0800: 3447.854: Total time for which application threads were stopped: 0.0006227 seconds, Stopping threads took: 0.0003319 seconds
2021-03-30T10:42:22.448+0800: 3447.863: Total time for which application threads were stopped: 0.0006965 seconds, Stopping threads took: 0.0002966 seconds
2021-03-30T10:42:22.453+0800: 3447.868: Total time for which application threads were stopped: 0.0006238 seconds, Stopping threads took: 0.0002280 seconds
2021-03-30T10:42:22.455+0800: 3447.869: Total time for which application threads were stopped: 0.0004606 seconds, Stopping threads took: 0.0001602 seconds
2021-03-30T10:42:22.455+0800: 3447.870: Total time for which application threads were stopped: 0.0003728 seconds, Stopping threads took: 0.0000994 seconds
2021-03-30T10:42:22.456+0800: 3447.871: Total time for which application threads were stopped: 0.0003919 seconds, Stopping threads took: 0.0001750 seconds
2021-03-30T10:42:22.457+0800: 3447.872: Total time for which application threads were stopped: 0.0004584 seconds, Stopping threads took: 0.0002409 seconds
2021-03-30T10:42:22.458+0800: 3447.872: Total time for which application threads were stopped: 0.0003656 seconds, Stopping threads took: 0.0001340 seconds
2021-03-30T10:42:22.463+0800: 3447.877: Total time for which application threads were stopped: 0.0004263 seconds, Stopping threads took: 0.0000949 seconds
2021-03-30T10:42:22.463+0800: 3447.878: Total time for which application threads were stopped: 0.0002685 seconds, Stopping threads took: 0.0000477 seconds
2021-03-30T10:42:22.463+0800: 3447.878: Total time for which application threads were stopped: 0.0002159 seconds, Stopping threads took: 0.0000428 seconds
2021-03-30T10:42:22.466+0800: 3447.880: Total time for which application threads were stopped: 0.0004096 seconds, Stopping threads took: 0.0001409 seconds
2021-03-30T10:42:22.466+0800: 3447.881: Total time for which application threads were stopped: 0.0003842 seconds, Stopping threads took: 0.0000775 seconds
2021-03-30T10:42:22.467+0800: 3447.881: Total time for which application threads were stopped: 0.0003135 seconds, Stopping threads took: 0.0000889 seconds
2021-03-30T10:42:22.467+0800: 3447.882: Total time for which application threads were stopped: 0.0003424 seconds, Stopping threads took: 0.0000427 seconds
2021-03-30T10:42:22.468+0800: 3447.882: Total time for which application threads were stopped: 0.0003589 seconds, Stopping threads took: 0.0000494 seconds
2021-03-30T10:42:22.470+0800: 3447.884: Total time for which application threads were stopped: 0.0004143 seconds, Stopping threads took: 0.0001066 seconds
2021-03-30T10:42:22.471+0800: 3447.886: Total time for which application threads were stopped: 0.0005155 seconds, Stopping threads took: 0.0001105 seconds
2021-03-30T10:42:22.473+0800: 3447.887: Total time for which application threads were stopped: 0.0003731 seconds, Stopping threads took: 0.0000923 seconds
2021-03-30T10:42:22.474+0800: 3447.888: Total time for which application threads were stopped: 0.0003894 seconds, Stopping threads took: 0.0000518 seconds
2021-03-30T10:42:22.474+0800: 3447.889: Total time for which application threads were stopped: 0.0004388 seconds, Stopping threads took: 0.0001760 seconds
2021-03-30T10:42:22.475+0800: 3447.890: Total time for which application threads were stopped: 0.0003436 seconds, Stopping threads took: 0.0000804 seconds
2021-03-30T10:42:22.480+0800: 3447.895: Total time for which application threads were stopped: 0.0005268 seconds, Stopping threads took: 0.0001822 seconds
2021-03-30T10:42:22.480+0800: 3447.895: Total time for which application threads were stopped: 0.0004450 seconds, Stopping threads took: 0.0001583 seconds
2021-03-30T10:42:22.481+0800: 3447.896: Total time for which application threads were stopped: 0.0002672 seconds, Stopping threads took: 0.0000414 seconds
2021-03-30T10:42:22.484+0800: 3447.899: Total time for which application threads were stopped: 0.0010937 seconds, Stopping threads took: 0.0001599 seconds
2021-03-30T10:42:22.499+0800: 3447.914: Total time for which application threads were stopped: 0.0004238 seconds, Stopping threads took: 0.0000546 seconds
2021-03-30T10:42:22.501+0800: 3447.915: Total time for which application threads were stopped: 0.0003000 seconds, Stopping threads took: 0.0000500 seconds
2021-03-30T10:42:22.583+0800: 3447.998: Total time for which application threads were stopped: 0.0004488 seconds, Stopping threads took: 0.0000833 seconds
2021-03-30T10:42:22.589+0800: 3448.004: Total time for which application threads were stopped: 0.0005359 seconds, Stopping threads took: 0.0001458 seconds
2021-03-30T10:42:22.589+0800: 3448.004: Total time for which application threads were stopped: 0.0004827 seconds, Stopping threads took: 0.0001689 seconds
2021-03-30T10:42:22.590+0800: 3448.005: Total time for which application threads were stopped: 0.0003772 seconds, Stopping threads took: 0.0000903 seconds
2021-03-30T10:42:22.593+0800: 3448.007: Total time for which application threads were stopped: 0.0005141 seconds, Stopping threads took: 0.0001836 seconds
2021-03-30T10:42:22.593+0800: 3448.008: Total time for which application threads were stopped: 0.0004582 seconds, Stopping threads took: 0.0001999 seconds
2021-03-30T10:42:22.594+0800: 3448.008: Total time for which application threads were stopped: 0.0004163 seconds, Stopping threads took: 0.0001587 seconds
2021-03-30T10:42:22.597+0800: 3448.011: Total time for which application threads were stopped: 0.0004769 seconds, Stopping threads took: 0.0000651 seconds
2021-03-30T10:42:22.598+0800: 3448.012: Total time for which application threads were stopped: 0.0004356 seconds, Stopping threads took: 0.0001063 seconds
2021-03-30T10:42:22.598+0800: 3448.013: Total time for which application threads were stopped: 0.0004270 seconds, Stopping threads took: 0.0001547 seconds
2021-03-30T10:42:22.599+0800: 3448.013: Total time for which application threads were stopped: 0.0004260 seconds, Stopping threads took: 0.0001525 seconds
2021-03-30T10:42:22.599+0800: 3448.014: Total time for which application threads were stopped: 0.0006736 seconds, Stopping threads took: 0.0004387 seconds
2021-03-30T10:42:22.601+0800: 3448.015: Total time for which application threads were stopped: 0.0003525 seconds, Stopping threads took: 0.0000959 seconds
2021-03-30T10:42:22.601+0800: 3448.016: Total time for which application threads were stopped: 0.0006225 seconds, Stopping threads took: 0.0001584 seconds
2021-03-30T10:42:22.602+0800: 3448.017: Total time for which application threads were stopped: 0.0004503 seconds, Stopping threads took: 0.0001220 seconds
2021-03-30T10:42:22.603+0800: 3448.018: Total time for which application threads were stopped: 0.0003611 seconds, Stopping threads took: 0.0000447 seconds
2021-03-30T10:42:22.604+0800: 3448.018: Total time for which application threads were stopped: 0.0003847 seconds, Stopping threads took: 0.0001365 seconds
2021-03-30T10:42:22.605+0800: 3448.019: Total time for which application threads were stopped: 0.0003686 seconds, Stopping threads took: 0.0001366 seconds
2021-03-30T10:42:22.605+0800: 3448.019: Total time for which application threads were stopped: 0.0003899 seconds, Stopping threads took: 0.0001575 seconds
2021-03-30T10:42:22.605+0800: 3448.020: Total time for which application threads were stopped: 0.0003676 seconds, Stopping threads took: 0.0001349 seconds
2021-03-30T10:42:22.606+0800: 3448.021: Total time for which application threads were stopped: 0.0003838 seconds, Stopping threads took: 0.0001332 seconds
2021-03-30T10:42:22.608+0800: 3448.022: Total time for which application threads were stopped: 0.0002872 seconds, Stopping threads took: 0.0000544 seconds
2021-03-30T10:42:22.609+0800: 3448.023: Total time for which application threads were stopped: 0.0003217 seconds, Stopping threads took: 0.0000869 seconds
2021-03-30T10:42:22.610+0800: 3448.025: Total time for which application threads were stopped: 0.0004090 seconds, Stopping threads took: 0.0001499 seconds
2021-03-30T10:42:22.612+0800: 3448.026: Total time for which application threads were stopped: 0.0005571 seconds, Stopping threads took: 0.0002208 seconds
2021-03-30T10:42:22.613+0800: 3448.028: Total time for which application threads were stopped: 0.0004107 seconds, Stopping threads took: 0.0000759 seconds
2021-03-30T10:42:22.615+0800: 3448.030: Total time for which application threads were stopped: 0.0004466 seconds, Stopping threads took: 0.0001118 seconds
2021-03-30T10:42:22.617+0800: 3448.031: Total time for which application threads were stopped: 0.0004854 seconds, Stopping threads took: 0.0001850 seconds
2021-03-30T10:42:22.655+0800: 3448.069: Total time for which application threads were stopped: 0.0010694 seconds, Stopping threads took: 0.0000993 seconds
2021-03-30T10:42:22.656+0800: 3448.070: Total time for which application threads were stopped: 0.0007315 seconds, Stopping threads took: 0.0001635 seconds
2021-03-30T10:42:22.659+0800: 3448.073: Total time for which application threads were stopped: 0.0007449 seconds, Stopping threads took: 0.0002487 seconds
2021-03-30T10:42:22.836+0800: 3448.250: Total time for which application threads were stopped: 0.0110952 seconds, Stopping threads took: 0.0105375 seconds
2021-03-30T10:42:22.838+0800: 3448.252: Total time for which application threads were stopped: 0.0007999 seconds, Stopping threads took: 0.0001856 seconds
2021-03-30T10:42:22.839+0800: 3448.253: Total time for which application threads were stopped: 0.0008061 seconds, Stopping threads took: 0.0002564 seconds
2021-03-30T10:42:22.843+0800: 3448.258: Total time for which application threads were stopped: 0.0006664 seconds, Stopping threads took: 0.0002462 seconds
2021-03-30T10:42:22.844+0800: 3448.258: Total time for which application threads were stopped: 0.0006197 seconds, Stopping threads took: 0.0001785 seconds
2021-03-30T10:42:22.845+0800: 3448.259: Total time for which application threads were stopped: 0.0007537 seconds, Stopping threads took: 0.0003009 seconds
2021-03-30T10:42:22.847+0800: 3448.261: Total time for which application threads were stopped: 0.0009274 seconds, Stopping threads took: 0.0003966 seconds
2021-03-30T10:42:22.855+0800: 3448.269: Total time for which application threads were stopped: 0.0020288 seconds, Stopping threads took: 0.0002223 seconds
2021-03-30T10:42:22.858+0800: 3448.272: Total time for which application threads were stopped: 0.0005826 seconds, Stopping threads took: 0.0000919 seconds
2021-03-30T10:42:22.860+0800: 3448.274: Total time for which application threads were stopped: 0.0006678 seconds, Stopping threads took: 0.0002057 seconds
2021-03-30T10:42:26.441+0800: 3451.856: Total time for which application threads were stopped: 0.0004578 seconds, Stopping threads took: 0.0001357 seconds
2021-03-30T10:42:26.444+0800: 3451.859: Total time for which application threads were stopped: 0.0004665 seconds, Stopping threads took: 0.0001562 seconds
2021-03-30T10:42:26.445+0800: 3451.860: Total time for which application threads were stopped: 0.0004891 seconds, Stopping threads took: 0.0001298 seconds
2021-03-30T10:42:26.448+0800: 3451.863: Total time for which application threads were stopped: 0.0009919 seconds, Stopping threads took: 0.0001176 seconds
2021-03-30T10:42:26.450+0800: 3451.865: Total time for which application threads were stopped: 0.0003753 seconds, Stopping threads took: 0.0001288 seconds
2021-03-30T10:42:26.452+0800: 3451.867: Total time for which application threads were stopped: 0.0010458 seconds, Stopping threads took: 0.0002879 seconds
2021-03-30T10:42:26.457+0800: 3451.871: Total time for which application threads were stopped: 0.0004544 seconds, Stopping threads took: 0.0001662 seconds
2021-03-30T10:42:26.457+0800: 3451.872: Total time for which application threads were stopped: 0.0002524 seconds, Stopping threads took: 0.0000376 seconds
2021-03-30T10:42:53.409+0800: 3478.823: Total time for which application threads were stopped: 0.0005024 seconds, Stopping threads took: 0.0000821 seconds
2021-03-30T10:42:53.416+0800: 3478.831: Total time for which application threads were stopped: 0.0014527 seconds, Stopping threads took: 0.0000512 seconds
2021-03-30T10:42:53.424+0800: 3478.839: Total time for which application threads were stopped: 0.0004493 seconds, Stopping threads took: 0.0001457 seconds
2021-03-30T10:42:53.425+0800: 3478.840: Total time for which application threads were stopped: 0.0003545 seconds, Stopping threads took: 0.0000564 seconds
2021-03-30T10:42:53.442+0800: 3478.857: Total time for which application threads were stopped: 0.0003749 seconds, Stopping threads took: 0.0000681 seconds
2021-03-30T10:42:53.442+0800: 3478.857: Total time for which application threads were stopped: 0.0004335 seconds, Stopping threads took: 0.0001762 seconds
2021-03-30T10:42:53.446+0800: 3478.860: Total time for which application threads were stopped: 0.0005262 seconds, Stopping threads took: 0.0002405 seconds
2021-03-30T10:42:53.447+0800: 3478.862: Total time for which application threads were stopped: 0.0005009 seconds, Stopping threads took: 0.0001842 seconds
2021-03-30T10:42:53.450+0800: 3478.864: Total time for which application threads were stopped: 0.0007518 seconds, Stopping threads took: 0.0002203 seconds
2021-03-30T10:42:53.454+0800: 3478.869: Total time for which application threads were stopped: 0.0005786 seconds, Stopping threads took: 0.0001616 seconds
2021-03-30T10:43:12.461+0800: 3497.876: Total time for which application threads were stopped: 0.0007465 seconds, Stopping threads took: 0.0001259 seconds
2021-03-30T10:43:12.798+0800: 3498.213: Total time for which application threads were stopped: 0.0004759 seconds, Stopping threads took: 0.0001644 seconds
2021-03-30T10:43:12.802+0800: 3498.217: Total time for which application threads were stopped: 0.0004742 seconds, Stopping threads took: 0.0001897 seconds
2021-03-30T10:43:12.803+0800: 3498.218: Total time for which application threads were stopped: 0.0003785 seconds, Stopping threads took: 0.0001065 seconds
2021-03-30T10:43:13.803+0800: 3499.218: Total time for which application threads were stopped: 0.0006309 seconds, Stopping threads took: 0.0001172 seconds
2021-03-30T10:43:18.324+0800: 3503.738: Total time for which application threads were stopped: 0.0004707 seconds, Stopping threads took: 0.0001280 seconds
2021-03-30T10:43:18.326+0800: 3503.741: Total time for which application threads were stopped: 0.0004567 seconds, Stopping threads took: 0.0001610 seconds
2021-03-30T10:43:18.327+0800: 3503.741: Total time for which application threads were stopped: 0.0003462 seconds, Stopping threads took: 0.0000929 seconds
2021-03-30T10:43:22.334+0800: 3507.749: Total time for which application threads were stopped: 0.0008504 seconds, Stopping threads took: 0.0001547 seconds
2021-03-30T10:43:28.284+0800: 3513.699: Total time for which application threads were stopped: 0.0004642 seconds, Stopping threads took: 0.0001622 seconds
2021-03-30T10:43:28.287+0800: 3513.701: Total time for which application threads were stopped: 0.0011479 seconds, Stopping threads took: 0.0002168 seconds
2021-03-30T10:43:28.288+0800: 3513.702: Total time for which application threads were stopped: 0.0002711 seconds, Stopping threads took: 0.0000517 seconds
2021-03-30T10:43:33.923+0800: 3519.338: Total time for which application threads were stopped: 0.0004638 seconds, Stopping threads took: 0.0001760 seconds
2021-03-30T10:43:33.926+0800: 3519.341: Total time for which application threads were stopped: 0.0004725 seconds, Stopping threads took: 0.0001707 seconds
2021-03-30T10:43:33.927+0800: 3519.341: Total time for which application threads were stopped: 0.0004584 seconds, Stopping threads took: 0.0001163 seconds
2021-03-30T10:43:33.930+0800: 3519.344: Total time for which application threads were stopped: 0.0004649 seconds, Stopping threads took: 0.0001210 seconds
2021-03-30T10:43:33.932+0800: 3519.347: Total time for which application threads were stopped: 0.0005181 seconds, Stopping threads took: 0.0001986 seconds
2021-03-30T10:43:33.935+0800: 3519.349: Total time for which application threads were stopped: 0.0004767 seconds, Stopping threads took: 0.0001968 seconds
2021-03-30T10:43:34.935+0800: 3520.350: Total time for which application threads were stopped: 0.0002268 seconds, Stopping threads took: 0.0000362 seconds
2021-03-30T10:43:40.684+0800: 3526.098: Total time for which application threads were stopped: 0.0004241 seconds, Stopping threads took: 0.0000894 seconds
2021-03-30T10:43:40.687+0800: 3526.101: Total time for which application threads were stopped: 0.0003857 seconds, Stopping threads took: 0.0000911 seconds
2021-03-30T10:43:40.687+0800: 3526.101: Total time for which application threads were stopped: 0.0004930 seconds, Stopping threads took: 0.0002642 seconds
2021-03-30T10:43:40.690+0800: 3526.104: Total time for which application threads were stopped: 0.0004707 seconds, Stopping threads took: 0.0001688 seconds
2021-03-30T10:43:40.693+0800: 3526.107: Total time for which application threads were stopped: 0.0005328 seconds, Stopping threads took: 0.0002147 seconds
2021-03-30T10:43:40.693+0800: 3526.107: Total time for which application threads were stopped: 0.0003920 seconds, Stopping threads took: 0.0001385 seconds
2021-03-30T10:43:40.695+0800: 3526.109: Total time for which application threads were stopped: 0.0004752 seconds, Stopping threads took: 0.0001884 seconds
2021-03-30T10:43:40.696+0800: 3526.110: Total time for which application threads were stopped: 0.0003801 seconds, Stopping threads took: 0.0001420 seconds
2021-03-30T10:43:41.696+0800: 3527.110: Total time for which application threads were stopped: 0.0004255 seconds, Stopping threads took: 0.0000812 seconds
2021-03-30T10:44:11.788+0800: 3557.202: Total time for which application threads were stopped: 0.0005701 seconds, Stopping threads took: 0.0000991 seconds
2021-03-30T10:44:23.793+0800: 3569.207: Total time for which application threads were stopped: 0.0005629 seconds, Stopping threads took: 0.0001128 seconds
2021-03-30T10:44:31.262+0800: 3576.677: Total time for which application threads were stopped: 0.0004489 seconds, Stopping threads took: 0.0001793 seconds
2021-03-30T10:44:31.265+0800: 3576.680: Total time for which application threads were stopped: 0.0004509 seconds, Stopping threads took: 0.0001100 seconds
2021-03-30T10:44:31.266+0800: 3576.681: Total time for which application threads were stopped: 0.0003741 seconds, Stopping threads took: 0.0001647 seconds
2021-03-30T10:44:31.268+0800: 3576.683: Total time for which application threads were stopped: 0.0003444 seconds, Stopping threads took: 0.0001275 seconds
2021-03-30T10:44:31.270+0800: 3576.684: Total time for which application threads were stopped: 0.0004373 seconds, Stopping threads took: 0.0001797 seconds
2021-03-30T10:44:31.271+0800: 3576.686: Total time for which application threads were stopped: 0.0004362 seconds, Stopping threads took: 0.0002267 seconds
2021-03-30T10:44:31.272+0800: 3576.687: Total time for which application threads were stopped: 0.0002621 seconds, Stopping threads took: 0.0001155 seconds
2021-03-30T10:44:32.273+0800: 3577.687: Total time for which application threads were stopped: 0.0005344 seconds, Stopping threads took: 0.0001000 seconds
2021-03-30T10:45:03.242+0800: 3608.656: Total time for which application threads were stopped: 0.0009238 seconds, Stopping threads took: 0.0002757 seconds
2021-03-30T10:45:08.244+0800: 3613.658: Total time for which application threads were stopped: 0.0006708 seconds, Stopping threads took: 0.0001212 seconds
2021-03-30T10:45:10.244+0800: 3615.659: Total time for which application threads were stopped: 0.0006222 seconds, Stopping threads took: 0.0001195 seconds
2021-03-30T10:45:11.819+0800: 3617.234: Total time for which application threads were stopped: 0.0006203 seconds, Stopping threads took: 0.0001298 seconds
2021-03-30T10:45:12.820+0800: 3618.234: Total time for which application threads were stopped: 0.0005413 seconds, Stopping threads took: 0.0000988 seconds
2021-03-30T10:45:40.884+0800: 3646.299: Total time for which application threads were stopped: 0.0005587 seconds, Stopping threads took: 0.0001124 seconds
2021-03-30T10:45:41.992+0800: 3647.407: Total time for which application threads were stopped: 0.0003975 seconds, Stopping threads took: 0.0000969 seconds
2021-03-30T10:45:41.997+0800: 3647.411: Total time for which application threads were stopped: 0.0004504 seconds, Stopping threads took: 0.0001565 seconds
2021-03-30T10:45:42.001+0800: 3647.415: Total time for which application threads were stopped: 0.0005508 seconds, Stopping threads took: 0.0001307 seconds
2021-03-30T10:45:42.001+0800: 3647.416: Total time for which application threads were stopped: 0.0004373 seconds, Stopping threads took: 0.0001491 seconds
2021-03-30T10:45:42.005+0800: 3647.419: Total time for which application threads were stopped: 0.0005166 seconds, Stopping threads took: 0.0001691 seconds
2021-03-30T10:45:42.008+0800: 3647.422: Total time for which application threads were stopped: 0.0006031 seconds, Stopping threads took: 0.0002561 seconds
2021-03-30T10:45:42.011+0800: 3647.426: Total time for which application threads were stopped: 0.0003946 seconds, Stopping threads took: 0.0001188 seconds
2021-03-30T10:45:43.012+0800: 3648.426: Total time for which application threads were stopped: 0.0005502 seconds, Stopping threads took: 0.0000938 seconds
2021-03-30T10:46:02.045+0800: 3667.460: Total time for which application threads were stopped: 0.0004180 seconds, Stopping threads took: 0.0000940 seconds
2021-03-30T10:46:12.051+0800: 3677.465: Total time for which application threads were stopped: 0.0006611 seconds, Stopping threads took: 0.0001145 seconds
2021-03-30T10:47:05.132+0800: 3730.547: Total time for which application threads were stopped: 0.0005621 seconds, Stopping threads took: 0.0001113 seconds
2021-03-30T10:47:14.136+0800: 3739.551: Total time for which application threads were stopped: 0.0005574 seconds, Stopping threads took: 0.0000996 seconds
2021-03-30T10:47:18.877+0800: 3744.292: Total time for which application threads were stopped: 0.0006001 seconds, Stopping threads took: 0.0002930 seconds
2021-03-30T10:47:18.880+0800: 3744.295: Total time for which application threads were stopped: 0.0004336 seconds, Stopping threads took: 0.0001127 seconds
2021-03-30T10:47:18.881+0800: 3744.296: Total time for which application threads were stopped: 0.0004766 seconds, Stopping threads took: 0.0001542 seconds
2021-03-30T10:47:18.884+0800: 3744.299: Total time for which application threads were stopped: 0.0004491 seconds, Stopping threads took: 0.0001501 seconds
2021-03-30T10:47:18.891+0800: 3744.306: Total time for which application threads were stopped: 0.0005618 seconds, Stopping threads took: 0.0001246 seconds
2021-03-30T10:47:22.872+0800: 3748.287: Total time for which application threads were stopped: 0.0003364 seconds, Stopping threads took: 0.0000633 seconds
2021-03-30T10:47:22.876+0800: 3748.290: Total time for which application threads were stopped: 0.0004808 seconds, Stopping threads took: 0.0001764 seconds
2021-03-30T10:47:22.876+0800: 3748.291: Total time for which application threads were stopped: 0.0004323 seconds, Stopping threads took: 0.0001531 seconds
2021-03-30T10:47:22.879+0800: 3748.293: Total time for which application threads were stopped: 0.0005043 seconds, Stopping threads took: 0.0002054 seconds
2021-03-30T10:47:22.884+0800: 3748.298: Total time for which application threads were stopped: 0.0005779 seconds, Stopping threads took: 0.0001815 seconds
2021-03-30T10:47:22.886+0800: 3748.300: Total time for which application threads were stopped: 0.0004514 seconds, Stopping threads took: 0.0001670 seconds
2021-03-30T10:47:29.298+0800: 3754.712: Total time for which application threads were stopped: 0.0004914 seconds, Stopping threads took: 0.0001728 seconds
2021-03-30T10:47:29.302+0800: 3754.716: Total time for which application threads were stopped: 0.0011165 seconds, Stopping threads took: 0.0001625 seconds
2021-03-30T10:47:29.303+0800: 3754.717: Total time for which application threads were stopped: 0.0003699 seconds, Stopping threads took: 0.0001045 seconds
2021-03-30T10:47:29.306+0800: 3754.720: Total time for which application threads were stopped: 0.0004979 seconds, Stopping threads took: 0.0001976 seconds
2021-03-30T10:47:29.310+0800: 3754.724: Total time for which application threads were stopped: 0.0004708 seconds, Stopping threads took: 0.0001716 seconds
2021-03-30T10:47:29.311+0800: 3754.725: Total time for which application threads were stopped: 0.0004525 seconds, Stopping threads took: 0.0001346 seconds
2021-03-30T10:47:42.357+0800: 3767.771: Total time for which application threads were stopped: 0.0008969 seconds, Stopping threads took: 0.0001900 seconds
2021-03-30T10:47:47.586+0800: 3773.001: Total time for which application threads were stopped: 0.0011941 seconds, Stopping threads took: 0.0002140 seconds
2021-03-30T10:47:47.589+0800: 3773.004: Total time for which application threads were stopped: 0.0004919 seconds, Stopping threads took: 0.0001773 seconds
2021-03-30T10:47:47.590+0800: 3773.005: Total time for which application threads were stopped: 0.0004513 seconds, Stopping threads took: 0.0001947 seconds
2021-03-30T10:47:47.590+0800: 3773.005: Total time for which application threads were stopped: 0.0003866 seconds, Stopping threads took: 0.0001791 seconds
2021-03-30T10:47:47.593+0800: 3773.008: Total time for which application threads were stopped: 0.0005296 seconds, Stopping threads took: 0.0002138 seconds
2021-03-30T10:47:47.597+0800: 3773.012: Total time for which application threads were stopped: 0.0005098 seconds, Stopping threads took: 0.0001970 seconds
2021-03-30T10:47:47.598+0800: 3773.013: Total time for which application threads were stopped: 0.0004134 seconds, Stopping threads took: 0.0001623 seconds
2021-03-30T10:47:47.599+0800: 3773.013: Total time for which application threads were stopped: 0.0002841 seconds, Stopping threads took: 0.0000431 seconds
2021-03-30T10:47:48.600+0800: 3774.015: Total time for which application threads were stopped: 0.0006213 seconds, Stopping threads took: 0.0001120 seconds
2021-03-30T10:48:09.728+0800: 3795.142: Total time for which application threads were stopped: 0.0005909 seconds, Stopping threads took: 0.0001058 seconds
2021-03-30T10:48:09.731+0800: 3795.145: Total time for which application threads were stopped: 0.0004892 seconds, Stopping threads took: 0.0001115 seconds
2021-03-30T10:48:09.732+0800: 3795.146: Total time for which application threads were stopped: 0.0004677 seconds, Stopping threads took: 0.0001518 seconds
2021-03-30T10:48:09.734+0800: 3795.149: Total time for which application threads were stopped: 0.0005204 seconds, Stopping threads took: 0.0002219 seconds
2021-03-30T10:48:09.739+0800: 3795.154: Total time for which application threads were stopped: 0.0005930 seconds, Stopping threads took: 0.0002291 seconds
2021-03-30T10:48:09.740+0800: 3795.155: Total time for which application threads were stopped: 0.0005971 seconds, Stopping threads took: 0.0002727 seconds
2021-03-30T10:48:12.768+0800: 3798.183: Total time for which application threads were stopped: 0.0005577 seconds, Stopping threads took: 0.0001109 seconds
2021-03-30T10:48:27.010+0800: 3812.425: Total time for which application threads were stopped: 0.0004056 seconds, Stopping threads took: 0.0001084 seconds
2021-03-30T10:48:27.014+0800: 3812.429: Total time for which application threads were stopped: 0.0004633 seconds, Stopping threads took: 0.0001137 seconds
2021-03-30T10:48:27.014+0800: 3812.429: Total time for which application threads were stopped: 0.0003980 seconds, Stopping threads took: 0.0001442 seconds
2021-03-30T10:48:27.018+0800: 3812.433: Total time for which application threads were stopped: 0.0005810 seconds, Stopping threads took: 0.0000863 seconds
2021-03-30T10:48:27.024+0800: 3812.439: Total time for which application threads were stopped: 0.0007219 seconds, Stopping threads took: 0.0002646 seconds
2021-03-30T10:48:27.026+0800: 3812.440: Total time for which application threads were stopped: 0.0006264 seconds, Stopping threads took: 0.0002449 seconds
2021-03-30T10:48:28.027+0800: 3813.441: Total time for which application threads were stopped: 0.0006406 seconds, Stopping threads took: 0.0000948 seconds
2021-03-30T10:49:13.095+0800: 3858.509: Total time for which application threads were stopped: 0.0006023 seconds, Stopping threads took: 0.0001164 seconds
2021-03-30T10:50:03.247+0800: 3908.661: Total time for which application threads were stopped: 0.0007863 seconds, Stopping threads took: 0.0001958 seconds
2021-03-30T10:50:09.621+0800: 3915.035: Total time for which application threads were stopped: 0.0007293 seconds, Stopping threads took: 0.0002026 seconds
2021-03-30T10:50:12.409+0800: 3917.823: Total time for which application threads were stopped: 0.0017561 seconds, Stopping threads took: 0.0002389 seconds
2021-03-30T10:50:13.409+0800: 3918.823: Total time for which application threads were stopped: 0.0005296 seconds, Stopping threads took: 0.0000981 seconds
2021-03-30T10:50:27.413+0800: 3932.828: Total time for which application threads were stopped: 0.0005549 seconds, Stopping threads took: 0.0001055 seconds
2021-03-30T10:51:12.490+0800: 3977.904: Total time for which application threads were stopped: 0.0003974 seconds, Stopping threads took: 0.0000849 seconds
2021-03-30T10:52:04.339+0800: 4029.753: Total time for which application threads were stopped: 0.0005633 seconds, Stopping threads took: 0.0000805 seconds
2021-03-30T10:52:04.340+0800: 4029.754: Total time for which application threads were stopped: 0.0005235 seconds, Stopping threads took: 0.0001138 seconds
2021-03-30T10:52:04.341+0800: 4029.755: Total time for which application threads were stopped: 0.0004999 seconds, Stopping threads took: 0.0001252 seconds
2021-03-30T10:52:04.344+0800: 4029.758: Total time for which application threads were stopped: 0.0005386 seconds, Stopping threads took: 0.0000979 seconds
2021-03-30T10:52:04.345+0800: 4029.760: Total time for which application threads were stopped: 0.0004677 seconds, Stopping threads took: 0.0000825 seconds
2021-03-30T10:52:04.346+0800: 4029.760: Total time for which application threads were stopped: 0.0003980 seconds, Stopping threads took: 0.0000742 seconds
2021-03-30T10:52:04.346+0800: 4029.761: Total time for which application threads were stopped: 0.0003521 seconds, Stopping threads took: 0.0000641 seconds
2021-03-30T10:52:04.347+0800: 4029.761: Total time for which application threads were stopped: 0.0003513 seconds, Stopping threads took: 0.0000634 seconds
2021-03-30T10:52:04.348+0800: 4029.762: Total time for which application threads were stopped: 0.0003751 seconds, Stopping threads took: 0.0000664 seconds
2021-03-30T10:52:04.348+0800: 4029.763: Total time for which application threads were stopped: 0.0003725 seconds, Stopping threads took: 0.0000645 seconds
2021-03-30T10:52:04.349+0800: 4029.763: Total time for which application threads were stopped: 0.0003952 seconds, Stopping threads took: 0.0000829 seconds
2021-03-30T10:52:04.351+0800: 4029.765: Total time for which application threads were stopped: 0.0009562 seconds, Stopping threads took: 0.0001512 seconds
2021-03-30T10:52:04.352+0800: 4029.766: Total time for which application threads were stopped: 0.0010532 seconds, Stopping threads took: 0.0003580 seconds
2021-03-30T10:52:04.353+0800: 4029.767: Total time for which application threads were stopped: 0.0004572 seconds, Stopping threads took: 0.0000625 seconds
2021-03-30T10:52:04.353+0800: 4029.767: Total time for which application threads were stopped: 0.0004319 seconds, Stopping threads took: 0.0000835 seconds
2021-03-30T10:52:04.356+0800: 4029.770: Total time for which application threads were stopped: 0.0004610 seconds, Stopping threads took: 0.0000600 seconds
2021-03-30T10:52:04.356+0800: 4029.770: Total time for which application threads were stopped: 0.0003853 seconds, Stopping threads took: 0.0000515 seconds
2021-03-30T10:52:04.357+0800: 4029.771: Total time for which application threads were stopped: 0.0003968 seconds, Stopping threads took: 0.0000702 seconds
2021-03-30T10:52:04.358+0800: 4029.772: Total time for which application threads were stopped: 0.0004415 seconds, Stopping threads took: 0.0000946 seconds
2021-03-30T10:52:04.359+0800: 4029.773: Total time for which application threads were stopped: 0.0004357 seconds, Stopping threads took: 0.0000916 seconds
2021-03-30T10:52:04.363+0800: 4029.777: Total time for which application threads were stopped: 0.0005147 seconds, Stopping threads took: 0.0000966 seconds
2021-03-30T10:52:04.364+0800: 4029.778: Total time for which application threads were stopped: 0.0007214 seconds, Stopping threads took: 0.0003500 seconds
2021-03-30T10:52:05.365+0800: 4030.779: Total time for which application threads were stopped: 0.0004342 seconds, Stopping threads took: 0.0000764 seconds
2021-03-30T10:52:13.368+0800: 4038.783: Total time for which application threads were stopped: 0.0005453 seconds, Stopping threads took: 0.0000942 seconds
2021-03-30T10:52:28.272+0800: 4053.686: Total time for which application threads were stopped: 0.0004004 seconds, Stopping threads took: 0.0000667 seconds
2021-03-30T10:52:28.276+0800: 4053.690: Total time for which application threads were stopped: 0.0006273 seconds, Stopping threads took: 0.0001881 seconds
2021-03-30T10:52:28.278+0800: 4053.693: Total time for which application threads were stopped: 0.0005039 seconds, Stopping threads took: 0.0001888 seconds
2021-03-30T10:52:28.279+0800: 4053.694: Total time for which application threads were stopped: 0.0004572 seconds, Stopping threads took: 0.0001920 seconds
2021-03-30T10:52:28.282+0800: 4053.696: Total time for which application threads were stopped: 0.0005238 seconds, Stopping threads took: 0.0001048 seconds
2021-03-30T10:52:28.286+0800: 4053.700: Total time for which application threads were stopped: 0.0004435 seconds, Stopping threads took: 0.0001326 seconds
2021-03-30T10:52:28.287+0800: 4053.701: Total time for which application threads were stopped: 0.0005970 seconds, Stopping threads took: 0.0001159 seconds
2021-03-30T10:52:29.288+0800: 4054.702: Total time for which application threads were stopped: 0.0005353 seconds, Stopping threads took: 0.0000927 seconds
2021-03-30T10:53:11.364+0800: 4096.778: Total time for which application threads were stopped: 0.0008170 seconds, Stopping threads took: 0.0001204 seconds
2021-03-30T10:54:13.453+0800: 4158.868: Total time for which application threads were stopped: 0.0007475 seconds, Stopping threads took: 0.0001682 seconds
2021-03-30T10:54:28.487+0800: 4173.902: Total time for which application threads were stopped: 0.0006323 seconds, Stopping threads took: 0.0001499 seconds
2021-03-30T10:54:51.053+0800: 4196.468: Total time for which application threads were stopped: 0.0018689 seconds, Stopping threads took: 0.0000609 seconds
2021-03-30T10:54:51.134+0800: 4196.548: Total time for which application threads were stopped: 0.0004616 seconds, Stopping threads took: 0.0001165 seconds
2021-03-30T10:54:51.135+0800: 4196.549: Total time for which application threads were stopped: 0.0004610 seconds, Stopping threads took: 0.0001570 seconds
2021-03-30T10:54:51.135+0800: 4196.550: Total time for which application threads were stopped: 0.0003892 seconds, Stopping threads took: 0.0001606 seconds
2021-03-30T10:54:51.136+0800: 4196.551: Total time for which application threads were stopped: 0.0004202 seconds, Stopping threads took: 0.0001676 seconds
2021-03-30T10:54:51.137+0800: 4196.552: Total time for which application threads were stopped: 0.0005189 seconds, Stopping threads took: 0.0001645 seconds
2021-03-30T10:54:51.138+0800: 4196.552: Total time for which application threads were stopped: 0.0003754 seconds, Stopping threads took: 0.0001252 seconds
2021-03-30T10:54:51.142+0800: 4196.556: Total time for which application threads were stopped: 0.0007716 seconds, Stopping threads took: 0.0003349 seconds
2021-03-30T10:54:51.144+0800: 4196.559: Total time for which application threads were stopped: 0.0007425 seconds, Stopping threads took: 0.0003403 seconds
2021-03-30T10:54:51.149+0800: 4196.563: Total time for which application threads were stopped: 0.0006423 seconds, Stopping threads took: 0.0002597 seconds
2021-03-30T10:54:51.149+0800: 4196.564: Total time for which application threads were stopped: 0.0005426 seconds, Stopping threads took: 0.0002105 seconds
2021-03-30T10:54:51.150+0800: 4196.565: Total time for which application threads were stopped: 0.0004400 seconds, Stopping threads took: 0.0001458 seconds
2021-03-30T10:54:51.155+0800: 4196.570: Total time for which application threads were stopped: 0.0007286 seconds, Stopping threads took: 0.0003016 seconds
2021-03-30T10:54:51.158+0800: 4196.572: Total time for which application threads were stopped: 0.0004795 seconds, Stopping threads took: 0.0000796 seconds
2021-03-30T10:54:51.159+0800: 4196.574: Total time for which application threads were stopped: 0.0005847 seconds, Stopping threads took: 0.0002639 seconds
2021-03-30T10:54:51.160+0800: 4196.575: Total time for which application threads were stopped: 0.0003598 seconds, Stopping threads took: 0.0000964 seconds
2021-03-30T10:54:51.160+0800: 4196.575: Total time for which application threads were stopped: 0.0003445 seconds, Stopping threads took: 0.0000903 seconds
2021-03-30T10:54:51.163+0800: 4196.577: Total time for which application threads were stopped: 0.0005380 seconds, Stopping threads took: 0.0002325 seconds
2021-03-30T10:54:51.163+0800: 4196.578: Total time for which application threads were stopped: 0.0004523 seconds, Stopping threads took: 0.0001660 seconds
2021-03-30T10:54:51.164+0800: 4196.578: Total time for which application threads were stopped: 0.0004141 seconds, Stopping threads took: 0.0001519 seconds
2021-03-30T10:54:51.165+0800: 4196.579: Total time for which application threads were stopped: 0.0005030 seconds, Stopping threads took: 0.0002279 seconds
2021-03-30T10:54:51.167+0800: 4196.581: Total time for which application threads were stopped: 0.0004388 seconds, Stopping threads took: 0.0001940 seconds
2021-03-30T10:54:51.167+0800: 4196.582: Total time for which application threads were stopped: 0.0003651 seconds, Stopping threads took: 0.0001333 seconds
2021-03-30T10:54:51.168+0800: 4196.582: Total time for which application threads were stopped: 0.0004563 seconds, Stopping threads took: 0.0001733 seconds
2021-03-30T10:54:51.169+0800: 4196.583: Total time for which application threads were stopped: 0.0003732 seconds, Stopping threads took: 0.0001192 seconds
2021-03-30T10:54:51.169+0800: 4196.584: Total time for which application threads were stopped: 0.0003418 seconds, Stopping threads took: 0.0001257 seconds
2021-03-30T10:54:51.171+0800: 4196.585: Total time for which application threads were stopped: 0.0003668 seconds, Stopping threads took: 0.0001356 seconds
2021-03-30T10:54:51.172+0800: 4196.587: Total time for which application threads were stopped: 0.0004368 seconds, Stopping threads took: 0.0001602 seconds
2021-03-30T10:54:51.173+0800: 4196.588: Total time for which application threads were stopped: 0.0004012 seconds, Stopping threads took: 0.0001736 seconds
2021-03-30T10:54:51.175+0800: 4196.589: Total time for which application threads were stopped: 0.0005231 seconds, Stopping threads took: 0.0001207 seconds
2021-03-30T10:54:51.176+0800: 4196.590: Total time for which application threads were stopped: 0.0002741 seconds, Stopping threads took: 0.0000414 seconds
2021-03-30T10:54:51.176+0800: 4196.591: Total time for which application threads were stopped: 0.0003166 seconds, Stopping threads took: 0.0000761 seconds
2021-03-30T10:54:51.188+0800: 4196.602: Total time for which application threads were stopped: 0.0004300 seconds, Stopping threads took: 0.0001737 seconds
2021-03-30T10:54:51.188+0800: 4196.603: Total time for which application threads were stopped: 0.0003040 seconds, Stopping threads took: 0.0001199 seconds
2021-03-30T10:54:51.189+0800: 4196.603: Total time for which application threads were stopped: 0.0002414 seconds, Stopping threads took: 0.0000610 seconds
2021-03-30T10:54:51.192+0800: 4196.607: Total time for which application threads were stopped: 0.0003432 seconds, Stopping threads took: 0.0000457 seconds
2021-03-30T10:54:51.194+0800: 4196.608: Total time for which application threads were stopped: 0.0003890 seconds, Stopping threads took: 0.0001211 seconds
2021-03-30T10:54:51.194+0800: 4196.608: Total time for which application threads were stopped: 0.0003917 seconds, Stopping threads took: 0.0001589 seconds
2021-03-30T10:54:51.194+0800: 4196.609: Total time for which application threads were stopped: 0.0003028 seconds, Stopping threads took: 0.0001266 seconds
2021-03-30T10:54:51.195+0800: 4196.610: Total time for which application threads were stopped: 0.0008394 seconds, Stopping threads took: 0.0001192 seconds
2021-03-30T10:54:51.197+0800: 4196.611: Total time for which application threads were stopped: 0.0003628 seconds, Stopping threads took: 0.0001265 seconds
2021-03-30T10:54:51.198+0800: 4196.612: Total time for which application threads were stopped: 0.0003237 seconds, Stopping threads took: 0.0001242 seconds
2021-03-30T10:54:51.199+0800: 4196.613: Total time for which application threads were stopped: 0.0003569 seconds, Stopping threads took: 0.0000378 seconds
2021-03-30T10:54:51.218+0800: 4196.632: Total time for which application threads were stopped: 0.0003538 seconds, Stopping threads took: 0.0000754 seconds
2021-03-30T10:54:51.218+0800: 4196.633: Total time for which application threads were stopped: 0.0003724 seconds, Stopping threads took: 0.0001208 seconds
2021-03-30T10:54:51.219+0800: 4196.633: Total time for which application threads were stopped: 0.0003007 seconds, Stopping threads took: 0.0000907 seconds
2021-03-30T10:54:51.219+0800: 4196.634: Total time for which application threads were stopped: 0.0003007 seconds, Stopping threads took: 0.0001098 seconds
2021-03-30T10:54:51.219+0800: 4196.634: Total time for which application threads were stopped: 0.0002097 seconds, Stopping threads took: 0.0000261 seconds
2021-03-30T10:54:51.220+0800: 4196.634: Total time for which application threads were stopped: 0.0002060 seconds, Stopping threads took: 0.0000354 seconds
2021-03-30T10:54:51.220+0800: 4196.634: Total time for which application threads were stopped: 0.0002417 seconds, Stopping threads took: 0.0000608 seconds
2021-03-30T10:54:51.221+0800: 4196.635: Total time for which application threads were stopped: 0.0002673 seconds, Stopping threads took: 0.0000317 seconds
2021-03-30T10:54:51.221+0800: 4196.636: Total time for which application threads were stopped: 0.0004313 seconds, Stopping threads took: 0.0002396 seconds
2021-03-30T10:54:51.222+0800: 4196.636: Total time for which application threads were stopped: 0.0002854 seconds, Stopping threads took: 0.0000866 seconds
2021-03-30T10:54:51.222+0800: 4196.636: Total time for which application threads were stopped: 0.0003718 seconds, Stopping threads took: 0.0001556 seconds
2021-03-30T10:54:51.223+0800: 4196.637: Total time for which application threads were stopped: 0.0003197 seconds, Stopping threads took: 0.0001294 seconds
2021-03-30T10:54:51.223+0800: 4196.637: Total time for which application threads were stopped: 0.0002046 seconds, Stopping threads took: 0.0000267 seconds
2021-03-30T10:54:51.223+0800: 4196.638: Total time for which application threads were stopped: 0.0003755 seconds, Stopping threads took: 0.0001600 seconds
2021-03-30T10:54:51.224+0800: 4196.639: Total time for which application threads were stopped: 0.0008047 seconds, Stopping threads took: 0.0001123 seconds
2021-03-30T10:54:51.225+0800: 4196.640: Total time for which application threads were stopped: 0.0002922 seconds, Stopping threads took: 0.0001253 seconds
2021-03-30T10:54:51.225+0800: 4196.640: Total time for which application threads were stopped: 0.0003125 seconds, Stopping threads took: 0.0001410 seconds
2021-03-30T10:54:51.226+0800: 4196.640: Total time for which application threads were stopped: 0.0002830 seconds, Stopping threads took: 0.0000962 seconds
2021-03-30T10:54:51.227+0800: 4196.642: Total time for which application threads were stopped: 0.0007379 seconds, Stopping threads took: 0.0000648 seconds
2021-03-30T10:54:51.228+0800: 4196.643: Total time for which application threads were stopped: 0.0002784 seconds, Stopping threads took: 0.0001131 seconds
2021-03-30T10:54:51.229+0800: 4196.643: Total time for which application threads were stopped: 0.0003066 seconds, Stopping threads took: 0.0001590 seconds
2021-03-30T10:54:51.230+0800: 4196.644: Total time for which application threads were stopped: 0.0003591 seconds, Stopping threads took: 0.0001466 seconds
2021-03-30T10:54:51.230+0800: 4196.645: Total time for which application threads were stopped: 0.0002962 seconds, Stopping threads took: 0.0001327 seconds
2021-03-30T10:54:51.231+0800: 4196.646: Total time for which application threads were stopped: 0.0003093 seconds, Stopping threads took: 0.0001212 seconds
2021-03-30T10:54:51.232+0800: 4196.647: Total time for which application threads were stopped: 0.0003155 seconds, Stopping threads took: 0.0001252 seconds
2021-03-30T10:54:51.233+0800: 4196.648: Total time for which application threads were stopped: 0.0002804 seconds, Stopping threads took: 0.0001101 seconds
2021-03-30T10:54:51.234+0800: 4196.648: Total time for which application threads were stopped: 0.0002556 seconds, Stopping threads took: 0.0000806 seconds
2021-03-30T10:54:51.243+0800: 4196.658: Total time for which application threads were stopped: 0.0004474 seconds, Stopping threads took: 0.0001833 seconds
2021-03-30T10:54:51.244+0800: 4196.658: Total time for which application threads were stopped: 0.0003776 seconds, Stopping threads took: 0.0001683 seconds
2021-03-30T10:54:51.244+0800: 4196.659: Total time for which application threads were stopped: 0.0003308 seconds, Stopping threads took: 0.0001634 seconds
2021-03-30T10:54:51.245+0800: 4196.660: Total time for which application threads were stopped: 0.0003681 seconds, Stopping threads took: 0.0001279 seconds
2021-03-30T10:54:51.247+0800: 4196.661: Total time for which application threads were stopped: 0.0002778 seconds, Stopping threads took: 0.0000446 seconds
2021-03-30T10:54:51.248+0800: 4196.663: Total time for which application threads were stopped: 0.0002845 seconds, Stopping threads took: 0.0000646 seconds
2021-03-30T10:54:51.249+0800: 4196.664: Total time for which application threads were stopped: 0.0003700 seconds, Stopping threads took: 0.0001221 seconds
2021-03-30T10:54:51.263+0800: 4196.678: Total time for which application threads were stopped: 0.0002926 seconds, Stopping threads took: 0.0000500 seconds
2021-03-30T10:54:51.264+0800: 4196.679: Total time for which application threads were stopped: 0.0003119 seconds, Stopping threads took: 0.0001087 seconds
2021-03-30T10:54:52.265+0800: 4197.680: Total time for which application threads were stopped: 0.0006678 seconds, Stopping threads took: 0.0001346 seconds
2021-03-30T10:55:03.251+0800: 4208.665: Total time for which application threads were stopped: 0.0006561 seconds, Stopping threads took: 0.0001110 seconds
2021-03-30T10:55:04.251+0800: 4209.666: Total time for which application threads were stopped: 0.0006653 seconds, Stopping threads took: 0.0001259 seconds
2021-03-30T10:55:06.246+0800: 4211.661: Total time for which application threads were stopped: 0.0004820 seconds, Stopping threads took: 0.0001664 seconds
2021-03-30T10:55:06.247+0800: 4211.662: Total time for which application threads were stopped: 0.0004203 seconds, Stopping threads took: 0.0001385 seconds
2021-03-30T10:55:06.247+0800: 4211.662: Total time for which application threads were stopped: 0.0003440 seconds, Stopping threads took: 0.0001229 seconds
2021-03-30T10:55:06.248+0800: 4211.663: Total time for which application threads were stopped: 0.0002366 seconds, Stopping threads took: 0.0000352 seconds
2021-03-30T10:55:06.249+0800: 4211.664: Total time for which application threads were stopped: 0.0003531 seconds, Stopping threads took: 0.0001411 seconds
2021-03-30T10:55:06.249+0800: 4211.664: Total time for which application threads were stopped: 0.0003442 seconds, Stopping threads took: 0.0001413 seconds
2021-03-30T10:55:06.252+0800: 4211.667: Total time for which application threads were stopped: 0.0003421 seconds, Stopping threads took: 0.0000641 seconds
2021-03-30T10:55:06.254+0800: 4211.669: Total time for which application threads were stopped: 0.0009920 seconds, Stopping threads took: 0.0000455 seconds
2021-03-30T10:55:06.254+0800: 4211.669: Total time for which application threads were stopped: 0.0004348 seconds, Stopping threads took: 0.0000549 seconds
2021-03-30T10:55:06.256+0800: 4211.671: Total time for which application threads were stopped: 0.0016690 seconds, Stopping threads took: 0.0001492 seconds
2021-03-30T10:55:06.258+0800: 4211.672: Total time for which application threads were stopped: 0.0010699 seconds, Stopping threads took: 0.0001745 seconds
2021-03-30T10:55:06.258+0800: 4211.673: Total time for which application threads were stopped: 0.0004178 seconds, Stopping threads took: 0.0001789 seconds
2021-03-30T10:55:06.259+0800: 4211.673: Total time for which application threads were stopped: 0.0003464 seconds, Stopping threads took: 0.0001612 seconds
2021-03-30T10:55:06.259+0800: 4211.674: Total time for which application threads were stopped: 0.0003807 seconds, Stopping threads took: 0.0001661 seconds
2021-03-30T10:55:06.260+0800: 4211.674: Total time for which application threads were stopped: 0.0003937 seconds, Stopping threads took: 0.0001852 seconds
2021-03-30T10:55:06.260+0800: 4211.675: Total time for which application threads were stopped: 0.0003371 seconds, Stopping threads took: 0.0001354 seconds
2021-03-30T10:55:07.260+0800: 4212.675: Total time for which application threads were stopped: 0.0006060 seconds, Stopping threads took: 0.0001034 seconds
2021-03-30T10:55:07.505+0800: 4212.919: Total time for which application threads were stopped: 0.0003632 seconds, Stopping threads took: 0.0000603 seconds
2021-03-30T10:55:07.507+0800: 4212.922: Total time for which application threads were stopped: 0.0004497 seconds, Stopping threads took: 0.0001372 seconds
2021-03-30T10:55:07.508+0800: 4212.922: Total time for which application threads were stopped: 0.0003960 seconds, Stopping threads took: 0.0001343 seconds
2021-03-30T10:55:07.509+0800: 4212.924: Total time for which application threads were stopped: 0.0004766 seconds, Stopping threads took: 0.0001476 seconds
2021-03-30T10:55:07.510+0800: 4212.925: Total time for which application threads were stopped: 0.0004560 seconds, Stopping threads took: 0.0001431 seconds
2021-03-30T10:55:07.512+0800: 4212.927: Total time for which application threads were stopped: 0.0005257 seconds, Stopping threads took: 0.0002105 seconds
2021-03-30T10:55:07.513+0800: 4212.928: Total time for which application threads were stopped: 0.0004438 seconds, Stopping threads took: 0.0001309 seconds
2021-03-30T10:55:07.514+0800: 4212.928: Total time for which application threads were stopped: 0.0003420 seconds, Stopping threads took: 0.0001052 seconds
2021-03-30T10:55:07.514+0800: 4212.929: Total time for which application threads were stopped: 0.0004346 seconds, Stopping threads took: 0.0002169 seconds
2021-03-30T10:55:08.141+0800: 4213.555: Total time for which application threads were stopped: 0.0005736 seconds, Stopping threads took: 0.0002140 seconds
2021-03-30T10:55:08.143+0800: 4213.558: Total time for which application threads were stopped: 0.0004811 seconds, Stopping threads took: 0.0001611 seconds
2021-03-30T10:55:08.144+0800: 4213.559: Total time for which application threads were stopped: 0.0004187 seconds, Stopping threads took: 0.0001538 seconds
2021-03-30T10:55:08.747+0800: 4214.161: Total time for which application threads were stopped: 0.0005297 seconds, Stopping threads took: 0.0001512 seconds
2021-03-30T10:55:08.749+0800: 4214.164: Total time for which application threads were stopped: 0.0005292 seconds, Stopping threads took: 0.0001823 seconds
2021-03-30T10:55:08.750+0800: 4214.165: Total time for which application threads were stopped: 0.0005099 seconds, Stopping threads took: 0.0001787 seconds
2021-03-30T10:55:09.103+0800: 4214.517: Total time for which application threads were stopped: 0.0005555 seconds, Stopping threads took: 0.0002196 seconds
2021-03-30T10:55:09.105+0800: 4214.520: Total time for which application threads were stopped: 0.0004770 seconds, Stopping threads took: 0.0001692 seconds
2021-03-30T10:55:09.106+0800: 4214.520: Total time for which application threads were stopped: 0.0004181 seconds, Stopping threads took: 0.0001230 seconds
2021-03-30T10:55:12.991+0800: 4218.405: Total time for which application threads were stopped: 0.0007927 seconds, Stopping threads took: 0.0001215 seconds
2021-03-30T10:55:13.293+0800: 4218.707: Total time for which application threads were stopped: 0.0004824 seconds, Stopping threads took: 0.0001517 seconds
2021-03-30T10:55:13.295+0800: 4218.710: Total time for which application threads were stopped: 0.0005096 seconds, Stopping threads took: 0.0001999 seconds
2021-03-30T10:55:13.296+0800: 4218.710: Total time for which application threads were stopped: 0.0004224 seconds, Stopping threads took: 0.0000482 seconds
2021-03-30T10:55:20.792+0800: 4226.206: Total time for which application threads were stopped: 0.0004118 seconds, Stopping threads took: 0.0000798 seconds
2021-03-30T10:55:21.076+0800: 4226.490: Total time for which application threads were stopped: 0.0004955 seconds, Stopping threads took: 0.0000724 seconds
2021-03-30T10:55:21.077+0800: 4226.491: Total time for which application threads were stopped: 0.0004500 seconds, Stopping threads took: 0.0000519 seconds
2021-03-30T10:55:21.077+0800: 4226.492: Total time for which application threads were stopped: 0.0003673 seconds, Stopping threads took: 0.0000459 seconds
2021-03-30T10:55:21.078+0800: 4226.492: Total time for which application threads were stopped: 0.0003816 seconds, Stopping threads took: 0.0000466 seconds
2021-03-30T10:55:21.078+0800: 4226.493: Total time for which application threads were stopped: 0.0003365 seconds, Stopping threads took: 0.0000452 seconds
2021-03-30T10:55:21.079+0800: 4226.493: Total time for which application threads were stopped: 0.0003513 seconds, Stopping threads took: 0.0000639 seconds
2021-03-30T10:55:21.080+0800: 4226.494: Total time for which application threads were stopped: 0.0003531 seconds, Stopping threads took: 0.0000451 seconds
2021-03-30T10:55:22.080+0800: 4227.495: Total time for which application threads were stopped: 0.0010880 seconds, Stopping threads took: 0.0002111 seconds
2021-03-30T10:55:22.682+0800: 4228.097: Total time for which application threads were stopped: 0.0005220 seconds, Stopping threads took: 0.0001975 seconds
2021-03-30T10:55:22.684+0800: 4228.099: Total time for which application threads were stopped: 0.0004937 seconds, Stopping threads took: 0.0002010 seconds
2021-03-30T10:55:22.686+0800: 4228.100: Total time for which application threads were stopped: 0.0004386 seconds, Stopping threads took: 0.0001516 seconds
2021-03-30T10:55:23.686+0800: 4229.101: Total time for which application threads were stopped: 0.0008996 seconds, Stopping threads took: 0.0001492 seconds
2021-03-30T10:55:51.288+0800: 4256.702: Total time for which application threads were stopped: 0.0003764 seconds, Stopping threads took: 0.0000576 seconds
2021-03-30T10:55:51.294+0800: 4256.708: Total time for which application threads were stopped: 0.0008358 seconds, Stopping threads took: 0.0001833 seconds
2021-03-30T10:55:51.299+0800: 4256.713: Total time for which application threads were stopped: 0.0014952 seconds, Stopping threads took: 0.0001633 seconds
2021-03-30T10:55:51.300+0800: 4256.714: Total time for which application threads were stopped: 0.0006136 seconds, Stopping threads took: 0.0002035 seconds
2021-03-30T10:55:58.991+0800: 4264.406: Total time for which application threads were stopped: 0.0005513 seconds, Stopping threads took: 0.0001183 seconds
2021-03-30T10:55:58.994+0800: 4264.409: Total time for which application threads were stopped: 0.0005249 seconds, Stopping threads took: 0.0001281 seconds
2021-03-30T10:55:58.995+0800: 4264.410: Total time for which application threads were stopped: 0.0005257 seconds, Stopping threads took: 0.0001468 seconds
2021-03-30T10:56:01.374+0800: 4266.789: Total time for which application threads were stopped: 0.0011299 seconds, Stopping threads took: 0.0002039 seconds
2021-03-30T10:56:01.377+0800: 4266.791: Total time for which application threads were stopped: 0.0004604 seconds, Stopping threads took: 0.0001275 seconds
2021-03-30T10:56:01.378+0800: 4266.792: Total time for which application threads were stopped: 0.0004660 seconds, Stopping threads took: 0.0001557 seconds
2021-03-30T10:56:01.378+0800: 4266.793: Total time for which application threads were stopped: 0.0003524 seconds, Stopping threads took: 0.0000767 seconds
2021-03-30T10:56:06.418+0800: 4271.833: Total time for which application threads were stopped: 0.0004987 seconds, Stopping threads took: 0.0001689 seconds
2021-03-30T10:56:06.421+0800: 4271.835: Total time for which application threads were stopped: 0.0005010 seconds, Stopping threads took: 0.0001719 seconds
2021-03-30T10:56:06.422+0800: 4271.836: Total time for which application threads were stopped: 0.0005478 seconds, Stopping threads took: 0.0002490 seconds
2021-03-30T10:56:07.430+0800: 4272.845: Total time for which application threads were stopped: 0.0006516 seconds, Stopping threads took: 0.0001515 seconds
2021-03-30T10:56:13.439+0800: 4278.854: Total time for which application threads were stopped: 0.0006763 seconds, Stopping threads took: 0.0001184 seconds
2021-03-30T10:56:42.253+0800: 4307.668: Total time for which application threads were stopped: 0.0007303 seconds, Stopping threads took: 0.0003722 seconds
2021-03-30T10:56:42.255+0800: 4307.670: Total time for which application threads were stopped: 0.0011751 seconds, Stopping threads took: 0.0001493 seconds
2021-03-30T10:56:42.259+0800: 4307.673: Total time for which application threads were stopped: 0.0007193 seconds, Stopping threads took: 0.0003063 seconds
2021-03-30T10:56:42.260+0800: 4307.674: Total time for which application threads were stopped: 0.0005139 seconds, Stopping threads took: 0.0001137 seconds
2021-03-30T10:56:42.265+0800: 4307.680: Total time for which application threads were stopped: 0.0006608 seconds, Stopping threads took: 0.0001499 seconds
2021-03-30T10:56:42.266+0800: 4307.680: Total time for which application threads were stopped: 0.0006420 seconds, Stopping threads took: 0.0001650 seconds
2021-03-30T10:56:42.274+0800: 4307.688: Total time for which application threads were stopped: 0.0006545 seconds, Stopping threads took: 0.0001574 seconds
2021-03-30T10:56:42.285+0800: 4307.699: Total time for which application threads were stopped: 0.0006787 seconds, Stopping threads took: 0.0003455 seconds
2021-03-30T10:56:42.293+0800: 4307.707: Total time for which application threads were stopped: 0.0005010 seconds, Stopping threads took: 0.0001085 seconds
2021-03-30T10:56:42.295+0800: 4307.709: Total time for which application threads were stopped: 0.0004578 seconds, Stopping threads took: 0.0001605 seconds
2021-03-30T10:56:42.295+0800: 4307.710: Total time for which application threads were stopped: 0.0004515 seconds, Stopping threads took: 0.0001534 seconds
2021-03-30T10:56:42.296+0800: 4307.711: Total time for which application threads were stopped: 0.0004868 seconds, Stopping threads took: 0.0001001 seconds
2021-03-30T10:56:42.299+0800: 4307.714: Total time for which application threads were stopped: 0.0005107 seconds, Stopping threads took: 0.0001497 seconds
2021-03-30T10:56:42.301+0800: 4307.715: Total time for which application threads were stopped: 0.0005284 seconds, Stopping threads took: 0.0002284 seconds
2021-03-30T10:56:42.302+0800: 4307.717: Total time for which application threads were stopped: 0.0004568 seconds, Stopping threads took: 0.0001450 seconds
2021-03-30T10:56:42.303+0800: 4307.718: Total time for which application threads were stopped: 0.0004429 seconds, Stopping threads took: 0.0001854 seconds
2021-03-30T10:56:42.308+0800: 4307.722: Total time for which application threads were stopped: 0.0006514 seconds, Stopping threads took: 0.0001710 seconds
2021-03-30T10:56:42.309+0800: 4307.723: Total time for which application threads were stopped: 0.0004379 seconds, Stopping threads took: 0.0001632 seconds
2021-03-30T10:56:42.309+0800: 4307.723: Total time for which application threads were stopped: 0.0003208 seconds, Stopping threads took: 0.0000735 seconds
2021-03-30T10:56:42.310+0800: 4307.724: Total time for which application threads were stopped: 0.0004116 seconds, Stopping threads took: 0.0001248 seconds
2021-03-30T10:56:42.310+0800: 4307.725: Total time for which application threads were stopped: 0.0002882 seconds, Stopping threads took: 0.0000396 seconds
2021-03-30T10:56:42.311+0800: 4307.725: Total time for which application threads were stopped: 0.0003268 seconds, Stopping threads took: 0.0000773 seconds
2021-03-30T10:56:42.314+0800: 4307.728: Total time for which application threads were stopped: 0.0004896 seconds, Stopping threads took: 0.0000837 seconds
2021-03-30T10:56:42.315+0800: 4307.729: Total time for which application threads were stopped: 0.0004750 seconds, Stopping threads took: 0.0000447 seconds
2021-03-30T10:56:42.385+0800: 4307.800: Total time for which application threads were stopped: 0.0005013 seconds, Stopping threads took: 0.0000806 seconds
2021-03-30T10:56:42.385+0800: 4307.800: Total time for which application threads were stopped: 0.0003136 seconds, Stopping threads took: 0.0001092 seconds
2021-03-30T10:56:42.386+0800: 4307.801: Total time for which application threads were stopped: 0.0002797 seconds, Stopping threads took: 0.0000363 seconds
2021-03-30T10:56:42.388+0800: 4307.803: Total time for which application threads were stopped: 0.0003564 seconds, Stopping threads took: 0.0000626 seconds
2021-03-30T10:56:42.389+0800: 4307.803: Total time for which application threads were stopped: 0.0003866 seconds, Stopping threads took: 0.0001712 seconds
2021-03-30T10:56:42.389+0800: 4307.804: Total time for which application threads were stopped: 0.0002892 seconds, Stopping threads took: 0.0000328 seconds
2021-03-30T10:56:42.390+0800: 4307.805: Total time for which application threads were stopped: 0.0004326 seconds, Stopping threads took: 0.0001901 seconds
2021-03-30T10:56:42.393+0800: 4307.807: Total time for which application threads were stopped: 0.0004013 seconds, Stopping threads took: 0.0001720 seconds
2021-03-30T10:56:42.393+0800: 4307.808: Total time for which application threads were stopped: 0.0002206 seconds, Stopping threads took: 0.0000375 seconds
2021-03-30T10:56:42.393+0800: 4307.808: Total time for which application threads were stopped: 0.0002583 seconds, Stopping threads took: 0.0000341 seconds
2021-03-30T10:56:42.395+0800: 4307.810: Total time for which application threads were stopped: 0.0003684 seconds, Stopping threads took: 0.0000548 seconds
2021-03-30T10:56:42.396+0800: 4307.811: Total time for which application threads were stopped: 0.0002942 seconds, Stopping threads took: 0.0000332 seconds
2021-03-30T10:56:42.396+0800: 4307.811: Total time for which application threads were stopped: 0.0002445 seconds, Stopping threads took: 0.0000577 seconds
2021-03-30T10:56:42.397+0800: 4307.811: Total time for which application threads were stopped: 0.0001889 seconds, Stopping threads took: 0.0000264 seconds
2021-03-30T10:56:42.398+0800: 4307.813: Total time for which application threads were stopped: 0.0003777 seconds, Stopping threads took: 0.0001753 seconds
2021-03-30T10:56:42.399+0800: 4307.814: Total time for which application threads were stopped: 0.0004051 seconds, Stopping threads took: 0.0001663 seconds
2021-03-30T10:56:42.401+0800: 4307.816: Total time for which application threads were stopped: 0.0003898 seconds, Stopping threads took: 0.0000582 seconds
2021-03-30T10:56:42.402+0800: 4307.816: Total time for which application threads were stopped: 0.0002830 seconds, Stopping threads took: 0.0000608 seconds
2021-03-30T10:56:42.406+0800: 4307.821: Total time for which application threads were stopped: 0.0006033 seconds, Stopping threads took: 0.0001272 seconds
2021-03-30T10:56:42.407+0800: 4307.821: Total time for which application threads were stopped: 0.0002864 seconds, Stopping threads took: 0.0000601 seconds
2021-03-30T10:56:42.407+0800: 4307.821: Total time for which application threads were stopped: 0.0002261 seconds, Stopping threads took: 0.0000593 seconds
2021-03-30T10:56:42.410+0800: 4307.824: Total time for which application threads were stopped: 0.0004003 seconds, Stopping threads took: 0.0001422 seconds
2021-03-30T10:56:42.467+0800: 4307.882: Total time for which application threads were stopped: 0.0003184 seconds, Stopping threads took: 0.0000513 seconds
2021-03-30T10:56:42.468+0800: 4307.882: Total time for which application threads were stopped: 0.0002801 seconds, Stopping threads took: 0.0000566 seconds
2021-03-30T10:56:42.484+0800: 4307.898: Total time for which application threads were stopped: 0.0004795 seconds, Stopping threads took: 0.0000654 seconds
2021-03-30T10:56:42.484+0800: 4307.899: Total time for which application threads were stopped: 0.0002964 seconds, Stopping threads took: 0.0000581 seconds
2021-03-30T10:56:42.485+0800: 4307.900: Total time for which application threads were stopped: 0.0011374 seconds, Stopping threads took: 0.0002101 seconds
2021-03-30T10:56:42.488+0800: 4307.903: Total time for which application threads were stopped: 0.0004990 seconds, Stopping threads took: 0.0001800 seconds
2021-03-30T10:56:42.489+0800: 4307.903: Total time for which application threads were stopped: 0.0003875 seconds, Stopping threads took: 0.0000466 seconds
2021-03-30T10:56:42.489+0800: 4307.904: Total time for which application threads were stopped: 0.0004346 seconds, Stopping threads took: 0.0001406 seconds
2021-03-30T10:56:42.491+0800: 4307.906: Total time for which application threads were stopped: 0.0005034 seconds, Stopping threads took: 0.0001219 seconds
2021-03-30T10:56:43.423+0800: 4308.837: Total time for which application threads were stopped: 0.0012718 seconds, Stopping threads took: 0.0002828 seconds
2021-03-30T10:56:43.425+0800: 4308.840: Total time for which application threads were stopped: 0.0011651 seconds, Stopping threads took: 0.0001039 seconds
2021-03-30T10:56:43.438+0800: 4308.853: Total time for which application threads were stopped: 0.0006236 seconds, Stopping threads took: 0.0001825 seconds
2021-03-30T10:56:43.450+0800: 4308.865: Total time for which application threads were stopped: 0.0005611 seconds, Stopping threads took: 0.0002018 seconds
2021-03-30T10:56:43.454+0800: 4308.869: Total time for which application threads were stopped: 0.0005556 seconds, Stopping threads took: 0.0002434 seconds
2021-03-30T10:56:43.456+0800: 4308.871: Total time for which application threads were stopped: 0.0004946 seconds, Stopping threads took: 0.0001985 seconds
2021-03-30T10:56:43.457+0800: 4308.872: Total time for which application threads were stopped: 0.0004767 seconds, Stopping threads took: 0.0001829 seconds
2021-03-30T10:56:43.457+0800: 4308.872: Total time for which application threads were stopped: 0.0003558 seconds, Stopping threads took: 0.0001220 seconds
2021-03-30T10:56:43.460+0800: 4308.875: Total time for which application threads were stopped: 0.0004991 seconds, Stopping threads took: 0.0000718 seconds
2021-03-30T10:56:43.461+0800: 4308.876: Total time for which application threads were stopped: 0.0004374 seconds, Stopping threads took: 0.0001481 seconds
2021-03-30T10:56:43.464+0800: 4308.879: Total time for which application threads were stopped: 0.0010092 seconds, Stopping threads took: 0.0003173 seconds
2021-03-30T10:56:43.465+0800: 4308.880: Total time for which application threads were stopped: 0.0003819 seconds, Stopping threads took: 0.0000658 seconds
2021-03-30T10:56:43.470+0800: 4308.885: Total time for which application threads were stopped: 0.0005200 seconds, Stopping threads took: 0.0001931 seconds
2021-03-30T10:56:43.471+0800: 4308.885: Total time for which application threads were stopped: 0.0004506 seconds, Stopping threads took: 0.0001812 seconds
2021-03-30T10:56:43.471+0800: 4308.886: Total time for which application threads were stopped: 0.0004055 seconds, Stopping threads took: 0.0001804 seconds
2021-03-30T10:56:43.472+0800: 4308.886: Total time for which application threads were stopped: 0.0004156 seconds, Stopping threads took: 0.0001615 seconds
2021-03-30T10:56:43.472+0800: 4308.887: Total time for which application threads were stopped: 0.0003091 seconds, Stopping threads took: 0.0000413 seconds
2021-03-30T10:56:43.473+0800: 4308.887: Total time for which application threads were stopped: 0.0003074 seconds, Stopping threads took: 0.0000430 seconds
2021-03-30T10:56:43.476+0800: 4308.890: Total time for which application threads were stopped: 0.0004676 seconds, Stopping threads took: 0.0000728 seconds
2021-03-30T10:56:43.478+0800: 4308.892: Total time for which application threads were stopped: 0.0011301 seconds, Stopping threads took: 0.0001328 seconds
2021-03-30T10:56:43.489+0800: 4308.904: Total time for which application threads were stopped: 0.0004456 seconds, Stopping threads took: 0.0001021 seconds
2021-03-30T10:56:43.570+0800: 4308.984: Total time for which application threads were stopped: 0.0003645 seconds, Stopping threads took: 0.0000560 seconds
2021-03-30T10:56:43.572+0800: 4308.986: Total time for which application threads were stopped: 0.0005220 seconds, Stopping threads took: 0.0002350 seconds
2021-03-30T10:56:43.572+0800: 4308.987: Total time for which application threads were stopped: 0.0003606 seconds, Stopping threads took: 0.0001383 seconds
2021-03-30T10:56:43.573+0800: 4308.987: Total time for which application threads were stopped: 0.0003586 seconds, Stopping threads took: 0.0001364 seconds
2021-03-30T10:56:43.574+0800: 4308.988: Total time for which application threads were stopped: 0.0003962 seconds, Stopping threads took: 0.0001275 seconds
2021-03-30T10:56:43.574+0800: 4308.989: Total time for which application threads were stopped: 0.0003643 seconds, Stopping threads took: 0.0000991 seconds
2021-03-30T10:56:43.575+0800: 4308.989: Total time for which application threads were stopped: 0.0004159 seconds, Stopping threads took: 0.0001378 seconds
2021-03-30T10:56:43.578+0800: 4308.993: Total time for which application threads were stopped: 0.0004954 seconds, Stopping threads took: 0.0001978 seconds
2021-03-30T10:56:43.578+0800: 4308.993: Total time for which application threads were stopped: 0.0002698 seconds, Stopping threads took: 0.0000348 seconds
2021-03-30T10:56:43.580+0800: 4308.994: Total time for which application threads were stopped: 0.0004438 seconds, Stopping threads took: 0.0001990 seconds
2021-03-30T10:56:43.581+0800: 4308.996: Total time for which application threads were stopped: 0.0004027 seconds, Stopping threads took: 0.0001543 seconds
2021-03-30T10:56:43.583+0800: 4308.997: Total time for which application threads were stopped: 0.0004039 seconds, Stopping threads took: 0.0001178 seconds
2021-03-30T10:56:43.585+0800: 4308.999: Total time for which application threads were stopped: 0.0004565 seconds, Stopping threads took: 0.0000925 seconds
2021-03-30T10:56:43.586+0800: 4309.000: Total time for which application threads were stopped: 0.0005036 seconds, Stopping threads took: 0.0001263 seconds
2021-03-30T10:56:43.605+0800: 4309.019: Total time for which application threads were stopped: 0.0004405 seconds, Stopping threads took: 0.0001004 seconds
2021-03-30T10:56:43.606+0800: 4309.020: Total time for which application threads were stopped: 0.0004375 seconds, Stopping threads took: 0.0001332 seconds
2021-03-30T10:56:43.709+0800: 4309.124: Total time for which application threads were stopped: 0.0109466 seconds, Stopping threads took: 0.0103229 seconds
2021-03-30T10:56:43.713+0800: 4309.127: Total time for which application threads were stopped: 0.0006177 seconds, Stopping threads took: 0.0001124 seconds
2021-03-30T10:56:43.714+0800: 4309.128: Total time for which application threads were stopped: 0.0006595 seconds, Stopping threads took: 0.0002046 seconds
2021-03-30T10:56:43.714+0800: 4309.129: Total time for which application threads were stopped: 0.0005033 seconds, Stopping threads took: 0.0000815 seconds
2021-03-30T10:56:43.716+0800: 4309.130: Total time for which application threads were stopped: 0.0008106 seconds, Stopping threads took: 0.0002704 seconds
2021-03-30T10:56:43.723+0800: 4309.138: Total time for which application threads were stopped: 0.0008592 seconds, Stopping threads took: 0.0002444 seconds
2021-03-30T10:56:47.801+0800: 4313.215: Total time for which application threads were stopped: 0.0003480 seconds, Stopping threads took: 0.0000575 seconds
2021-03-30T10:56:47.804+0800: 4313.218: Total time for which application threads were stopped: 0.0006221 seconds, Stopping threads took: 0.0003055 seconds
2021-03-30T10:56:47.805+0800: 4313.219: Total time for which application threads were stopped: 0.0005763 seconds, Stopping threads took: 0.0002838 seconds
2021-03-30T10:56:48.814+0800: 4314.229: Total time for which application threads were stopped: 0.0008208 seconds, Stopping threads took: 0.0001981 seconds
{Heap before GC invocations=13 (full 0):
 garbage-first heap   total 524288K, used 369280K [0x00000000e0000000, 0x00000000e0101000, 0x0000000100000000)
  region size 1024K, 307 young (314368K), 29 survivors (29696K)
 Metaspace       used 64117K, capacity 68360K, committed 68424K, reserved 1110016K
  class space    used 7788K, capacity 8551K, committed 8576K, reserved 1048576K
2021-03-30T10:56:48.957+0800: 4314.372: [GC pause (G1 Evacuation Pause) (young)
Desired survivor size 20447232 bytes, new threshold 2 (max 15)
- age   1:    7926712 bytes,    7926712 total
- age   2:   15795328 bytes,   23722040 total
, 0.0781626 secs]
   [Parallel Time: 64.2 ms, GC Workers: 8]
      [GC Worker Start (ms): Min: 4314372.3, Avg: 4314372.6, Max: 4314372.9, Diff: 0.6]
      [Ext Root Scanning (ms): Min: 1.1, Avg: 2.0, Max: 5.4, Diff: 4.3, Sum: 15.8]
      [Update RS (ms): Min: 0.0, Avg: 2.6, Max: 3.6, Diff: 3.6, Sum: 21.0]
         [Processed Buffers: Min: 0, Avg: 10.0, Max: 27, Diff: 27, Sum: 80]
      [Scan RS (ms): Min: 0.4, Avg: 2.4, Max: 3.6, Diff: 3.2, Sum: 19.5]
      [Code Root Scanning (ms): Min: 0.0, Avg: 1.6, Max: 3.7, Diff: 3.6, Sum: 12.9]
      [Object Copy (ms): Min: 52.8, Avg: 54.9, Max: 56.1, Diff: 3.3, Sum: 438.9]
      [Termination (ms): Min: 0.0, Avg: 0.1, Max: 0.1, Diff: 0.1, Sum: 0.8]
         [Termination Attempts: Min: 1, Avg: 170.1, Max: 206, Diff: 205, Sum: 1361]
      [GC Worker Other (ms): Min: 0.0, Avg: 0.1, Max: 0.2, Diff: 0.1, Sum: 0.7]
      [GC Worker Total (ms): Min: 63.4, Avg: 63.7, Max: 64.0, Diff: 0.7, Sum: 509.5]
      [GC Worker End (ms): Min: 4314436.2, Avg: 4314436.3, Max: 4314436.3, Diff: 0.1]
   [Code Root Fixup: 0.2 ms]
   [Code Root Purge: 0.2 ms]
   [Clear CT: 1.4 ms]
   [Other: 12.2 ms]
      [Choose CSet: 0.0 ms]
      [Ref Proc: 8.6 ms]
      [Ref Enq: 0.6 ms]
      [Redirty Cards: 0.9 ms]
      [Humongous Register: 0.1 ms]
      [Humongous Reclaim: 0.0 ms]
      [Free CSet: 1.4 ms]
   [Eden: 278.0M(278.0M)->0.0B(290.0M) Survivors: 29.0M->17.0M Heap: 360.6M(512.0M)->85.1M(512.0M)]
Heap after GC invocations=14 (full 0):
 garbage-first heap   total 524288K, used 87168K [0x00000000e0000000, 0x00000000e0101000, 0x0000000100000000)
  region size 1024K, 17 young (17408K), 17 survivors (17408K)
 Metaspace       used 64117K, capacity 68360K, committed 68424K, reserved 1110016K
  class space    used 7788K, capacity 8551K, committed 8576K, reserved 1048576K
}
 [Times: user=0.44 sys=0.03, real=0.08 secs] 
2021-03-30T10:56:49.035+0800: 4314.450: Total time for which application threads were stopped: 0.0794981 seconds, Stopping threads took: 0.0001194 seconds
2021-03-30T10:56:49.037+0800: 4314.452: Total time for which application threads were stopped: 0.0005726 seconds, Stopping threads took: 0.0000707 seconds
2021-03-30T10:56:49.038+0800: 4314.453: Total time for which application threads were stopped: 0.0004760 seconds, Stopping threads took: 0.0000627 seconds
2021-03-30T10:56:49.039+0800: 4314.454: Total time for which application threads were stopped: 0.0004682 seconds, Stopping threads took: 0.0000867 seconds
2021-03-30T10:56:49.041+0800: 4314.456: Total time for which application threads were stopped: 0.0004594 seconds, Stopping threads took: 0.0000698 seconds
2021-03-30T10:56:49.042+0800: 4314.457: Total time for which application threads were stopped: 0.0005090 seconds, Stopping threads took: 0.0001081 seconds
2021-03-30T10:56:49.044+0800: 4314.459: Total time for which application threads were stopped: 0.0004782 seconds, Stopping threads took: 0.0000628 seconds
2021-03-30T10:56:49.045+0800: 4314.460: Total time for which application threads were stopped: 0.0005009 seconds, Stopping threads took: 0.0000772 seconds
2021-03-30T10:56:49.047+0800: 4314.461: Total time for which application threads were stopped: 0.0006564 seconds, Stopping threads took: 0.0002096 seconds
2021-03-30T10:56:49.049+0800: 4314.464: Total time for which application threads were stopped: 0.0004662 seconds, Stopping threads took: 0.0000683 seconds
2021-03-30T10:56:49.050+0800: 4314.464: Total time for which application threads were stopped: 0.0004906 seconds, Stopping threads took: 0.0000884 seconds
2021-03-30T10:56:49.051+0800: 4314.465: Total time for which application threads were stopped: 0.0004786 seconds, Stopping threads took: 0.0000907 seconds
2021-03-30T10:56:49.053+0800: 4314.468: Total time for which application threads were stopped: 0.0005920 seconds, Stopping threads took: 0.0001870 seconds
2021-03-30T10:56:49.054+0800: 4314.469: Total time for which application threads were stopped: 0.0006007 seconds, Stopping threads took: 0.0002099 seconds
2021-03-30T10:56:49.055+0800: 4314.469: Total time for which application threads were stopped: 0.0006039 seconds, Stopping threads took: 0.0002165 seconds
2021-03-30T10:56:49.056+0800: 4314.471: Total time for which application threads were stopped: 0.0004525 seconds, Stopping threads took: 0.0000637 seconds
2021-03-30T10:56:49.057+0800: 4314.471: Total time for which application threads were stopped: 0.0004102 seconds, Stopping threads took: 0.0000649 seconds
2021-03-30T10:56:49.057+0800: 4314.472: Total time for which application threads were stopped: 0.0005107 seconds, Stopping threads took: 0.0001093 seconds
2021-03-30T10:56:49.059+0800: 4314.474: Total time for which application threads were stopped: 0.0006599 seconds, Stopping threads took: 0.0001029 seconds
2021-03-30T10:56:49.060+0800: 4314.475: Total time for which application threads were stopped: 0.0014845 seconds, Stopping threads took: 0.0000793 seconds
2021-03-30T10:57:03.202+0800: 4328.616: Total time for which application threads were stopped: 0.0003480 seconds, Stopping threads took: 0.0000545 seconds
2021-03-30T10:57:03.207+0800: 4328.621: Total time for which application threads were stopped: 0.0005079 seconds, Stopping threads took: 0.0001460 seconds
2021-03-30T10:57:03.208+0800: 4328.623: Total time for which application threads were stopped: 0.0006260 seconds, Stopping threads took: 0.0002677 seconds
2021-03-30T10:57:03.216+0800: 4328.630: Total time for which application threads were stopped: 0.0006705 seconds, Stopping threads took: 0.0002765 seconds
2021-03-30T10:57:03.222+0800: 4328.637: Total time for which application threads were stopped: 0.0005524 seconds, Stopping threads took: 0.0002140 seconds
2021-03-30T10:57:03.224+0800: 4328.639: Total time for which application threads were stopped: 0.0004346 seconds, Stopping threads took: 0.0001266 seconds
2021-03-30T10:57:03.226+0800: 4328.641: Total time for which application threads were stopped: 0.0005425 seconds, Stopping threads took: 0.0001339 seconds
2021-03-30T10:57:03.227+0800: 4328.642: Total time for which application threads were stopped: 0.0004143 seconds, Stopping threads took: 0.0000936 seconds
2021-03-30T10:57:03.228+0800: 4328.643: Total time for which application threads were stopped: 0.0004393 seconds, Stopping threads took: 0.0001137 seconds
2021-03-30T10:57:03.231+0800: 4328.645: Total time for which application threads were stopped: 0.0006185 seconds, Stopping threads took: 0.0001215 seconds
2021-03-30T10:57:03.232+0800: 4328.646: Total time for which application threads were stopped: 0.0004394 seconds, Stopping threads took: 0.0001313 seconds
2021-03-30T10:57:03.234+0800: 4328.648: Total time for which application threads were stopped: 0.0004231 seconds, Stopping threads took: 0.0001257 seconds
2021-03-30T10:57:03.235+0800: 4328.649: Total time for which application threads were stopped: 0.0005286 seconds, Stopping threads took: 0.0001200 seconds
2021-03-30T10:57:03.270+0800: 4328.685: Total time for which application threads were stopped: 0.0006166 seconds, Stopping threads took: 0.0000987 seconds
2021-03-30T10:57:03.272+0800: 4328.686: Total time for which application threads were stopped: 0.0005165 seconds, Stopping threads took: 0.0001067 seconds
2021-03-30T10:57:03.272+0800: 4328.687: Total time for which application threads were stopped: 0.0003738 seconds, Stopping threads took: 0.0001134 seconds
2021-03-30T10:57:03.275+0800: 4328.690: Total time for which application threads were stopped: 0.0006103 seconds, Stopping threads took: 0.0001664 seconds
2021-03-30T10:57:03.276+0800: 4328.690: Total time for which application threads were stopped: 0.0004256 seconds, Stopping threads took: 0.0001060 seconds
2021-03-30T10:57:03.276+0800: 4328.691: Total time for which application threads were stopped: 0.0003760 seconds, Stopping threads took: 0.0000952 seconds
2021-03-30T10:57:03.280+0800: 4328.694: Total time for which application threads were stopped: 0.0005510 seconds, Stopping threads took: 0.0001937 seconds
2021-03-30T10:57:03.281+0800: 4328.696: Total time for which application threads were stopped: 0.0014891 seconds, Stopping threads took: 0.0001038 seconds
2021-03-30T10:57:03.282+0800: 4328.697: Total time for which application threads were stopped: 0.0004102 seconds, Stopping threads took: 0.0001186 seconds
2021-03-30T10:57:03.282+0800: 4328.697: Total time for which application threads were stopped: 0.0004526 seconds, Stopping threads took: 0.0000760 seconds
2021-03-30T10:57:03.284+0800: 4328.698: Total time for which application threads were stopped: 0.0005026 seconds, Stopping threads took: 0.0000695 seconds
2021-03-30T10:57:03.284+0800: 4328.698: Total time for which application threads were stopped: 0.0004547 seconds, Stopping threads took: 0.0000792 seconds
2021-03-30T10:57:03.285+0800: 4328.699: Total time for which application threads were stopped: 0.0005776 seconds, Stopping threads took: 0.0000763 seconds
2021-03-30T10:57:03.285+0800: 4328.700: Total time for which application threads were stopped: 0.0005470 seconds, Stopping threads took: 0.0000441 seconds
2021-03-30T10:57:03.286+0800: 4328.700: Total time for which application threads were stopped: 0.0004349 seconds, Stopping threads took: 0.0000903 seconds
2021-03-30T10:57:03.287+0800: 4328.701: Total time for which application threads were stopped: 0.0004464 seconds, Stopping threads took: 0.0000766 seconds
2021-03-30T10:57:03.288+0800: 4328.702: Total time for which application threads were stopped: 0.0012547 seconds, Stopping threads took: 0.0000849 seconds
2021-03-30T10:57:03.290+0800: 4328.705: Total time for which application threads were stopped: 0.0012905 seconds, Stopping threads took: 0.0002138 seconds
2021-03-30T10:57:03.292+0800: 4328.707: Total time for which application threads were stopped: 0.0005492 seconds, Stopping threads took: 0.0002141 seconds
2021-03-30T10:57:03.294+0800: 4328.708: Total time for which application threads were stopped: 0.0004984 seconds, Stopping threads took: 0.0001382 seconds
2021-03-30T10:57:03.294+0800: 4328.709: Total time for which application threads were stopped: 0.0004443 seconds, Stopping threads took: 0.0000953 seconds
2021-03-30T10:57:03.297+0800: 4328.711: Total time for which application threads were stopped: 0.0004563 seconds, Stopping threads took: 0.0001517 seconds
2021-03-30T10:57:03.298+0800: 4328.712: Total time for which application threads were stopped: 0.0003582 seconds, Stopping threads took: 0.0000850 seconds
2021-03-30T10:57:03.337+0800: 4328.751: Total time for which application threads were stopped: 0.0004934 seconds, Stopping threads took: 0.0001510 seconds
2021-03-30T10:57:03.337+0800: 4328.751: Total time for which application threads were stopped: 0.0004455 seconds, Stopping threads took: 0.0001845 seconds
2021-03-30T10:57:03.338+0800: 4328.752: Total time for which application threads were stopped: 0.0003854 seconds, Stopping threads took: 0.0001504 seconds
2021-03-30T10:57:03.340+0800: 4328.754: Total time for which application threads were stopped: 0.0003986 seconds, Stopping threads took: 0.0000997 seconds
2021-03-30T10:57:03.340+0800: 4328.754: Total time for which application threads were stopped: 0.0003687 seconds, Stopping threads took: 0.0001074 seconds
2021-03-30T10:57:03.341+0800: 4328.755: Total time for which application threads were stopped: 0.0003689 seconds, Stopping threads took: 0.0000842 seconds
2021-03-30T10:57:03.344+0800: 4328.758: Total time for which application threads were stopped: 0.0004847 seconds, Stopping threads took: 0.0001746 seconds
2021-03-30T10:57:04.344+0800: 4329.758: Total time for which application threads were stopped: 0.0008033 seconds, Stopping threads took: 0.0001766 seconds
2021-03-30T10:57:05.628+0800: 4331.042: Total time for which application threads were stopped: 0.0006027 seconds, Stopping threads took: 0.0001018 seconds
2021-03-30T10:57:05.630+0800: 4331.045: Total time for which application threads were stopped: 0.0004593 seconds, Stopping threads took: 0.0001180 seconds
2021-03-30T10:57:05.631+0800: 4331.046: Total time for which application threads were stopped: 0.0005031 seconds, Stopping threads took: 0.0002183 seconds
2021-03-30T10:57:05.633+0800: 4331.048: Total time for which application threads were stopped: 0.0005945 seconds, Stopping threads took: 0.0002708 seconds
2021-03-30T10:57:05.635+0800: 4331.050: Total time for which application threads were stopped: 0.0005531 seconds, Stopping threads took: 0.0001875 seconds
2021-03-30T10:57:05.637+0800: 4331.051: Total time for which application threads were stopped: 0.0005098 seconds, Stopping threads took: 0.0001479 seconds
2021-03-30T10:57:05.640+0800: 4331.054: Total time for which application threads were stopped: 0.0005010 seconds, Stopping threads took: 0.0001951 seconds
2021-03-30T10:57:05.640+0800: 4331.055: Total time for which application threads were stopped: 0.0004653 seconds, Stopping threads took: 0.0001769 seconds
2021-03-30T10:57:11.834+0800: 4337.248: Total time for which application threads were stopped: 0.0013813 seconds, Stopping threads took: 0.0003083 seconds
2021-03-30T10:57:11.837+0800: 4337.251: Total time for which application threads were stopped: 0.0013386 seconds, Stopping threads took: 0.0002288 seconds
2021-03-30T10:57:11.838+0800: 4337.252: Total time for which application threads were stopped: 0.0005406 seconds, Stopping threads took: 0.0001917 seconds
2021-03-30T10:57:11.839+0800: 4337.254: Total time for which application threads were stopped: 0.0007540 seconds, Stopping threads took: 0.0001349 seconds
2021-03-30T10:57:11.842+0800: 4337.257: Total time for which application threads were stopped: 0.0005302 seconds, Stopping threads took: 0.0001507 seconds
2021-03-30T10:57:11.848+0800: 4337.263: Total time for which application threads were stopped: 0.0005606 seconds, Stopping threads took: 0.0001353 seconds
2021-03-30T10:57:11.850+0800: 4337.264: Total time for which application threads were stopped: 0.0005289 seconds, Stopping threads took: 0.0001450 seconds
2021-03-30T10:57:11.852+0800: 4337.267: Total time for which application threads were stopped: 0.0005826 seconds, Stopping threads took: 0.0002604 seconds
2021-03-30T10:57:11.853+0800: 4337.268: Total time for which application threads were stopped: 0.0004537 seconds, Stopping threads took: 0.0001300 seconds
2021-03-30T10:57:11.854+0800: 4337.268: Total time for which application threads were stopped: 0.0003972 seconds, Stopping threads took: 0.0001501 seconds
2021-03-30T10:57:11.856+0800: 4337.271: Total time for which application threads were stopped: 0.0005283 seconds, Stopping threads took: 0.0001357 seconds
2021-03-30T10:57:11.859+0800: 4337.273: Total time for which application threads were stopped: 0.0004941 seconds, Stopping threads took: 0.0001598 seconds
2021-03-30T10:57:11.898+0800: 4337.313: Total time for which application threads were stopped: 0.0005828 seconds, Stopping threads took: 0.0002236 seconds
2021-03-30T10:57:11.898+0800: 4337.313: Total time for which application threads were stopped: 0.0002919 seconds, Stopping threads took: 0.0000367 seconds
2021-03-30T10:57:11.899+0800: 4337.314: Total time for which application threads were stopped: 0.0002583 seconds, Stopping threads took: 0.0000341 seconds
2021-03-30T10:57:11.899+0800: 4337.314: Total time for which application threads were stopped: 0.0002427 seconds, Stopping threads took: 0.0000329 seconds
2021-03-30T10:57:11.900+0800: 4337.315: Total time for which application threads were stopped: 0.0003262 seconds, Stopping threads took: 0.0001061 seconds
2021-03-30T10:57:11.902+0800: 4337.317: Total time for which application threads were stopped: 0.0004201 seconds, Stopping threads took: 0.0000525 seconds
2021-03-30T10:57:11.902+0800: 4337.317: Total time for which application threads were stopped: 0.0002476 seconds, Stopping threads took: 0.0000299 seconds
2021-03-30T10:57:11.903+0800: 4337.317: Total time for which application threads were stopped: 0.0002376 seconds, Stopping threads took: 0.0000291 seconds
2021-03-30T10:57:11.903+0800: 4337.318: Total time for which application threads were stopped: 0.0002375 seconds, Stopping threads took: 0.0000301 seconds
2021-03-30T10:57:11.903+0800: 4337.318: Total time for which application threads were stopped: 0.0002412 seconds, Stopping threads took: 0.0000447 seconds
2021-03-30T10:57:11.904+0800: 4337.319: Total time for which application threads were stopped: 0.0002362 seconds, Stopping threads took: 0.0000295 seconds
2021-03-30T10:57:11.904+0800: 4337.319: Total time for which application threads were stopped: 0.0002263 seconds, Stopping threads took: 0.0000294 seconds
2021-03-30T10:57:11.905+0800: 4337.319: Total time for which application threads were stopped: 0.0002459 seconds, Stopping threads took: 0.0000349 seconds
2021-03-30T10:57:11.905+0800: 4337.320: Total time for which application threads were stopped: 0.0002546 seconds, Stopping threads took: 0.0000356 seconds
2021-03-30T10:57:11.906+0800: 4337.320: Total time for which application threads were stopped: 0.0002811 seconds, Stopping threads took: 0.0000633 seconds
2021-03-30T10:57:11.907+0800: 4337.322: Total time for which application threads were stopped: 0.0002824 seconds, Stopping threads took: 0.0000531 seconds
2021-03-30T10:57:11.908+0800: 4337.323: Total time for which application threads were stopped: 0.0003913 seconds, Stopping threads took: 0.0001702 seconds
2021-03-30T10:57:11.909+0800: 4337.324: Total time for which application threads were stopped: 0.0004400 seconds, Stopping threads took: 0.0001924 seconds
2021-03-30T10:57:11.911+0800: 4337.326: Total time for which application threads were stopped: 0.0003645 seconds, Stopping threads took: 0.0000579 seconds
2021-03-30T10:57:11.949+0800: 4337.364: Total time for which application threads were stopped: 0.0012246 seconds, Stopping threads took: 0.0002056 seconds
2021-03-30T10:57:11.950+0800: 4337.365: Total time for which application threads were stopped: 0.0002636 seconds, Stopping threads took: 0.0000377 seconds
2021-03-30T10:57:11.950+0800: 4337.365: Total time for which application threads were stopped: 0.0002443 seconds, Stopping threads took: 0.0000384 seconds
2021-03-30T10:57:11.952+0800: 4337.367: Total time for which application threads were stopped: 0.0003960 seconds, Stopping threads took: 0.0001324 seconds
2021-03-30T10:57:11.953+0800: 4337.368: Total time for which application threads were stopped: 0.0003093 seconds, Stopping threads took: 0.0000703 seconds
2021-03-30T10:57:11.953+0800: 4337.368: Total time for which application threads were stopped: 0.0003883 seconds, Stopping threads took: 0.0001388 seconds
2021-03-30T10:57:11.954+0800: 4337.369: Total time for which application threads were stopped: 0.0003443 seconds, Stopping threads took: 0.0001247 seconds
2021-03-30T10:57:11.954+0800: 4337.369: Total time for which application threads were stopped: 0.0003361 seconds, Stopping threads took: 0.0001288 seconds
2021-03-30T10:57:11.955+0800: 4337.370: Total time for which application threads were stopped: 0.0003364 seconds, Stopping threads took: 0.0001311 seconds
2021-03-30T10:57:11.955+0800: 4337.370: Total time for which application threads were stopped: 0.0003481 seconds, Stopping threads took: 0.0001252 seconds
2021-03-30T10:57:11.957+0800: 4337.371: Total time for which application threads were stopped: 0.0003492 seconds, Stopping threads took: 0.0000716 seconds
2021-03-30T10:57:11.957+0800: 4337.371: Total time for which application threads were stopped: 0.0004074 seconds, Stopping threads took: 0.0001861 seconds
2021-03-30T10:57:11.957+0800: 4337.372: Total time for which application threads were stopped: 0.0009564 seconds, Stopping threads took: 0.0000734 seconds
2021-03-30T10:57:11.959+0800: 4337.374: Total time for which application threads were stopped: 0.0004176 seconds, Stopping threads took: 0.0001824 seconds
2021-03-30T10:57:14.911+0800: 4340.326: Total time for which application threads were stopped: 0.0004064 seconds, Stopping threads took: 0.0000748 seconds
2021-03-30T10:57:14.914+0800: 4340.329: Total time for which application threads were stopped: 0.0004859 seconds, Stopping threads took: 0.0001543 seconds
2021-03-30T10:57:14.915+0800: 4340.330: Total time for which application threads were stopped: 0.0005228 seconds, Stopping threads took: 0.0002260 seconds
2021-03-30T10:57:14.918+0800: 4340.333: Total time for which application threads were stopped: 0.0004614 seconds, Stopping threads took: 0.0001285 seconds
2021-03-30T10:57:14.920+0800: 4340.335: Total time for which application threads were stopped: 0.0004811 seconds, Stopping threads took: 0.0001494 seconds
2021-03-30T10:57:14.922+0800: 4340.337: Total time for which application threads were stopped: 0.0012169 seconds, Stopping threads took: 0.0001003 seconds
2021-03-30T10:57:14.925+0800: 4340.340: Total time for which application threads were stopped: 0.0005727 seconds, Stopping threads took: 0.0001341 seconds
2021-03-30T10:57:14.928+0800: 4340.342: Total time for which application threads were stopped: 0.0018570 seconds, Stopping threads took: 0.0001106 seconds
2021-03-30T10:57:34.610+0800: 4360.024: Total time for which application threads were stopped: 0.0006223 seconds, Stopping threads took: 0.0000995 seconds
2021-03-30T10:57:34.616+0800: 4360.031: Total time for which application threads were stopped: 0.0003620 seconds, Stopping threads took: 0.0001230 seconds
2021-03-30T10:57:34.636+0800: 4360.051: Total time for which application threads were stopped: 0.0003660 seconds, Stopping threads took: 0.0001436 seconds
2021-03-30T10:57:34.638+0800: 4360.052: Total time for which application threads were stopped: 0.0002296 seconds, Stopping threads took: 0.0000247 seconds
2021-03-30T10:57:34.643+0800: 4360.057: Total time for which application threads were stopped: 0.0011814 seconds, Stopping threads took: 0.0009757 seconds
2021-03-30T10:57:34.645+0800: 4360.059: Total time for which application threads were stopped: 0.0003539 seconds, Stopping threads took: 0.0001316 seconds
2021-03-30T10:57:34.649+0800: 4360.063: Total time for which application threads were stopped: 0.0003159 seconds, Stopping threads took: 0.0000721 seconds
2021-03-30T10:57:34.649+0800: 4360.064: Total time for which application threads were stopped: 0.0003290 seconds, Stopping threads took: 0.0001100 seconds
2021-03-30T10:57:34.651+0800: 4360.066: Total time for which application threads were stopped: 0.0004009 seconds, Stopping threads took: 0.0001411 seconds
2021-03-30T10:57:34.661+0800: 4360.076: Total time for which application threads were stopped: 0.0004663 seconds, Stopping threads took: 0.0001873 seconds
2021-03-30T10:57:34.663+0800: 4360.077: Total time for which application threads were stopped: 0.0010787 seconds, Stopping threads took: 0.0001371 seconds
2021-03-30T10:57:34.664+0800: 4360.078: Total time for which application threads were stopped: 0.0005030 seconds, Stopping threads took: 0.0001342 seconds
2021-03-30T10:57:34.667+0800: 4360.082: Total time for which application threads were stopped: 0.0003329 seconds, Stopping threads took: 0.0000483 seconds
2021-03-30T10:57:34.668+0800: 4360.083: Total time for which application threads were stopped: 0.0003437 seconds, Stopping threads took: 0.0001213 seconds
2021-03-30T10:57:34.668+0800: 4360.083: Total time for which application threads were stopped: 0.0003118 seconds, Stopping threads took: 0.0001160 seconds
2021-03-30T10:57:34.669+0800: 4360.084: Total time for which application threads were stopped: 0.0008634 seconds, Stopping threads took: 0.0000360 seconds
2021-03-30T10:57:34.670+0800: 4360.085: Total time for which application threads were stopped: 0.0002308 seconds, Stopping threads took: 0.0000457 seconds
2021-03-30T10:57:34.684+0800: 4360.099: Total time for which application threads were stopped: 0.0004213 seconds, Stopping threads took: 0.0001016 seconds
2021-03-30T10:57:34.684+0800: 4360.099: Total time for which application threads were stopped: 0.0003317 seconds, Stopping threads took: 0.0001170 seconds
2021-03-30T10:57:34.687+0800: 4360.102: Total time for which application threads were stopped: 0.0003882 seconds, Stopping threads took: 0.0001047 seconds
2021-03-30T10:57:34.699+0800: 4360.114: Total time for which application threads were stopped: 0.0004501 seconds, Stopping threads took: 0.0001714 seconds
2021-03-30T10:57:34.700+0800: 4360.114: Total time for which application threads were stopped: 0.0003404 seconds, Stopping threads took: 0.0001109 seconds
2021-03-30T10:57:34.700+0800: 4360.115: Total time for which application threads were stopped: 0.0003336 seconds, Stopping threads took: 0.0001564 seconds
2021-03-30T10:57:34.701+0800: 4360.116: Total time for which application threads were stopped: 0.0003283 seconds, Stopping threads took: 0.0001266 seconds
2021-03-30T10:57:34.703+0800: 4360.117: Total time for which application threads were stopped: 0.0003383 seconds, Stopping threads took: 0.0000427 seconds
2021-03-30T10:57:34.704+0800: 4360.118: Total time for which application threads were stopped: 0.0002415 seconds, Stopping threads took: 0.0000313 seconds
2021-03-30T10:57:35.705+0800: 4361.120: Total time for which application threads were stopped: 0.0002150 seconds, Stopping threads took: 0.0000363 seconds
2021-03-30T10:57:38.775+0800: 4364.190: Total time for which application threads were stopped: 0.0005151 seconds, Stopping threads took: 0.0001287 seconds
2021-03-30T10:57:39.776+0800: 4365.191: Total time for which application threads were stopped: 0.0006084 seconds, Stopping threads took: 0.0001063 seconds
2021-03-30T10:57:54.101+0800: 4379.516: Total time for which application threads were stopped: 0.0005927 seconds, Stopping threads took: 0.0002189 seconds
2021-03-30T10:57:54.110+0800: 4379.524: Total time for which application threads were stopped: 0.0006320 seconds, Stopping threads took: 0.0002615 seconds
2021-03-30T10:57:54.111+0800: 4379.525: Total time for which application threads were stopped: 0.0005659 seconds, Stopping threads took: 0.0002206 seconds
2021-03-30T10:57:54.128+0800: 4379.543: Total time for which application threads were stopped: 0.0006069 seconds, Stopping threads took: 0.0001148 seconds
2021-03-30T10:57:54.133+0800: 4379.547: Total time for which application threads were stopped: 0.0006029 seconds, Stopping threads took: 0.0000992 seconds
2021-03-30T10:57:54.133+0800: 4379.548: Total time for which application threads were stopped: 0.0004434 seconds, Stopping threads took: 0.0000512 seconds
2021-03-30T10:57:54.139+0800: 4379.553: Total time for which application threads were stopped: 0.0032073 seconds, Stopping threads took: 0.0007322 seconds
2021-03-30T10:57:54.140+0800: 4379.554: Total time for which application threads were stopped: 0.0006147 seconds, Stopping threads took: 0.0001311 seconds
2021-03-30T10:57:54.142+0800: 4379.557: Total time for which application threads were stopped: 0.0005265 seconds, Stopping threads took: 0.0001128 seconds
2021-03-30T10:57:54.148+0800: 4379.561: Total time for which application threads were stopped: 0.0005519 seconds, Stopping threads took: 0.0001856 seconds
2021-03-30T10:57:54.148+0800: 4379.562: Total time for which application threads were stopped: 0.0004399 seconds, Stopping threads took: 0.0001336 seconds
2021-03-30T10:57:54.149+0800: 4379.562: Total time for which application threads were stopped: 0.0003987 seconds, Stopping threads took: 0.0001322 seconds
2021-03-30T10:57:54.149+0800: 4379.564: Total time for which application threads were stopped: 0.0002741 seconds, Stopping threads took: 0.0000426 seconds
2021-03-30T10:57:54.150+0800: 4379.564: Total time for which application threads were stopped: 0.0003829 seconds, Stopping threads took: 0.0001238 seconds
2021-03-30T10:57:54.151+0800: 4379.565: Total time for which application threads were stopped: 0.0004508 seconds, Stopping threads took: 0.0002221 seconds
2021-03-30T10:57:54.154+0800: 4379.569: Total time for which application threads were stopped: 0.0010385 seconds, Stopping threads took: 0.0001651 seconds
2021-03-30T10:57:54.154+0800: 4379.569: Total time for which application threads were stopped: 0.0004518 seconds, Stopping threads took: 0.0001537 seconds
2021-03-30T10:57:54.234+0800: 4379.649: Total time for which application threads were stopped: 0.0006160 seconds, Stopping threads took: 0.0002139 seconds
2021-03-30T10:57:54.234+0800: 4379.649: Total time for which application threads were stopped: 0.0004701 seconds, Stopping threads took: 0.0001594 seconds
2021-03-30T10:57:54.235+0800: 4379.650: Total time for which application threads were stopped: 0.0003151 seconds, Stopping threads took: 0.0000503 seconds
2021-03-30T10:57:54.236+0800: 4379.651: Total time for which application threads were stopped: 0.0005433 seconds, Stopping threads took: 0.0001770 seconds
2021-03-30T10:57:54.236+0800: 4379.651: Total time for which application threads were stopped: 0.0004799 seconds, Stopping threads took: 0.0001472 seconds
2021-03-30T10:57:54.237+0800: 4379.652: Total time for which application threads were stopped: 0.0005280 seconds, Stopping threads took: 0.0002149 seconds
2021-03-30T10:57:54.241+0800: 4379.655: Total time for which application threads were stopped: 0.0004718 seconds, Stopping threads took: 0.0001487 seconds
2021-03-30T10:57:54.241+0800: 4379.656: Total time for which application threads were stopped: 0.0003371 seconds, Stopping threads took: 0.0000519 seconds
2021-03-30T10:57:54.242+0800: 4379.657: Total time for which application threads were stopped: 0.0004948 seconds, Stopping threads took: 0.0002168 seconds
2021-03-30T10:57:54.245+0800: 4379.659: Total time for which application threads were stopped: 0.0006760 seconds, Stopping threads took: 0.0001713 seconds
2021-03-30T10:57:54.248+0800: 4379.663: Total time for which application threads were stopped: 0.0005126 seconds, Stopping threads took: 0.0001425 seconds
2021-03-30T10:57:54.253+0800: 4379.667: Total time for which application threads were stopped: 0.0005464 seconds, Stopping threads took: 0.0000783 seconds
2021-03-30T10:57:54.253+0800: 4379.668: Total time for which application threads were stopped: 0.0003304 seconds, Stopping threads took: 0.0000484 seconds
2021-03-30T10:57:54.253+0800: 4379.668: Total time for which application threads were stopped: 0.0003979 seconds, Stopping threads took: 0.0001122 seconds
2021-03-30T10:57:54.257+0800: 4379.672: Total time for which application threads were stopped: 0.0005032 seconds, Stopping threads took: 0.0001642 seconds
2021-03-30T10:57:54.343+0800: 4379.758: Total time for which application threads were stopped: 0.0003940 seconds, Stopping threads took: 0.0000689 seconds
2021-03-30T10:57:54.344+0800: 4379.758: Total time for which application threads were stopped: 0.0004175 seconds, Stopping threads took: 0.0001517 seconds
2021-03-30T10:57:54.344+0800: 4379.759: Total time for which application threads were stopped: 0.0003666 seconds, Stopping threads took: 0.0000457 seconds
2021-03-30T10:57:54.391+0800: 4379.806: Total time for which application threads were stopped: 0.0005350 seconds, Stopping threads took: 0.0001688 seconds
2021-03-30T10:57:54.400+0800: 4379.814: Total time for which application threads were stopped: 0.0006370 seconds, Stopping threads took: 0.0002570 seconds
2021-03-30T10:57:54.401+0800: 4379.815: Total time for which application threads were stopped: 0.0006249 seconds, Stopping threads took: 0.0002777 seconds
2021-03-30T10:57:54.422+0800: 4379.836: Total time for which application threads were stopped: 0.0011322 seconds, Stopping threads took: 0.0003196 seconds
2021-03-30T10:57:54.425+0800: 4379.840: Total time for which application threads were stopped: 0.0005045 seconds, Stopping threads took: 0.0000689 seconds
2021-03-30T10:57:54.426+0800: 4379.840: Total time for which application threads were stopped: 0.0003644 seconds, Stopping threads took: 0.0000439 seconds
2021-03-30T10:57:54.428+0800: 4379.842: Total time for which application threads were stopped: 0.0003999 seconds, Stopping threads took: 0.0000522 seconds
2021-03-30T10:57:54.429+0800: 4379.843: Total time for which application threads were stopped: 0.0003853 seconds, Stopping threads took: 0.0000672 seconds
2021-03-30T10:57:54.430+0800: 4379.845: Total time for which application threads were stopped: 0.0004681 seconds, Stopping threads took: 0.0001358 seconds
2021-03-30T10:57:54.431+0800: 4379.846: Total time for which application threads were stopped: 0.0005772 seconds, Stopping threads took: 0.0000735 seconds
2021-03-30T10:57:54.435+0800: 4379.850: Total time for which application threads were stopped: 0.0005559 seconds, Stopping threads took: 0.0001187 seconds
2021-03-30T10:57:54.436+0800: 4379.850: Total time for which application threads were stopped: 0.0005923 seconds, Stopping threads took: 0.0001544 seconds
2021-03-30T10:57:54.437+0800: 4379.851: Total time for which application threads were stopped: 0.0006701 seconds, Stopping threads took: 0.0002105 seconds
2021-03-30T10:57:54.438+0800: 4379.852: Total time for which application threads were stopped: 0.0004980 seconds, Stopping threads took: 0.0002194 seconds
2021-03-30T10:57:54.438+0800: 4379.853: Total time for which application threads were stopped: 0.0003654 seconds, Stopping threads took: 0.0001367 seconds
2021-03-30T10:57:54.439+0800: 4379.853: Total time for which application threads were stopped: 0.0003412 seconds, Stopping threads took: 0.0000429 seconds
2021-03-30T10:57:54.442+0800: 4379.856: Total time for which application threads were stopped: 0.0004825 seconds, Stopping threads took: 0.0001475 seconds
2021-03-30T10:57:54.444+0800: 4379.858: Total time for which application threads were stopped: 0.0015127 seconds, Stopping threads took: 0.0001102 seconds
2021-03-30T10:57:54.457+0800: 4379.871: Total time for which application threads were stopped: 0.0006569 seconds, Stopping threads took: 0.0001123 seconds
2021-03-30T10:57:54.460+0800: 4379.874: Total time for which application threads were stopped: 0.0015006 seconds, Stopping threads took: 0.0001163 seconds
2021-03-30T10:57:54.536+0800: 4379.951: Total time for which application threads were stopped: 0.0006618 seconds, Stopping threads took: 0.0001978 seconds
2021-03-30T10:57:54.537+0800: 4379.952: Total time for which application threads were stopped: 0.0003464 seconds, Stopping threads took: 0.0000818 seconds
2021-03-30T10:57:54.539+0800: 4379.954: Total time for which application threads were stopped: 0.0004736 seconds, Stopping threads took: 0.0001319 seconds
2021-03-30T10:57:54.540+0800: 4379.954: Total time for which application threads were stopped: 0.0004731 seconds, Stopping threads took: 0.0001183 seconds
2021-03-30T10:57:54.540+0800: 4379.955: Total time for which application threads were stopped: 0.0004061 seconds, Stopping threads took: 0.0001098 seconds
2021-03-30T10:57:54.543+0800: 4379.958: Total time for which application threads were stopped: 0.0003959 seconds, Stopping threads took: 0.0001139 seconds
2021-03-30T10:57:54.544+0800: 4379.958: Total time for which application threads were stopped: 0.0004125 seconds, Stopping threads took: 0.0001453 seconds
2021-03-30T10:57:54.546+0800: 4379.961: Total time for which application threads were stopped: 0.0005486 seconds, Stopping threads took: 0.0002160 seconds
2021-03-30T10:57:54.548+0800: 4379.963: Total time for which application threads were stopped: 0.0004261 seconds, Stopping threads took: 0.0001143 seconds
2021-03-30T10:57:54.550+0800: 4379.964: Total time for which application threads were stopped: 0.0004463 seconds, Stopping threads took: 0.0001313 seconds
2021-03-30T10:57:54.670+0800: 4380.084: Total time for which application threads were stopped: 0.0009394 seconds, Stopping threads took: 0.0002684 seconds
2021-03-30T10:57:54.673+0800: 4380.088: Total time for which application threads were stopped: 0.0009568 seconds, Stopping threads took: 0.0003658 seconds
2021-03-30T10:57:54.675+0800: 4380.089: Total time for which application threads were stopped: 0.0012372 seconds, Stopping threads took: 0.0006920 seconds
2021-03-30T10:57:54.676+0800: 4380.090: Total time for which application threads were stopped: 0.0009259 seconds, Stopping threads took: 0.0002387 seconds
2021-03-30T10:57:54.677+0800: 4380.092: Total time for which application threads were stopped: 0.0007834 seconds, Stopping threads took: 0.0002840 seconds
2021-03-30T10:57:55.677+0800: 4381.092: Total time for which application threads were stopped: 0.0006243 seconds, Stopping threads took: 0.0001413 seconds
2021-03-30T10:57:55.865+0800: 4381.279: Total time for which application threads were stopped: 0.0005145 seconds, Stopping threads took: 0.0001743 seconds
2021-03-30T10:57:55.870+0800: 4381.284: Total time for which application threads were stopped: 0.0005964 seconds, Stopping threads took: 0.0002491 seconds
2021-03-30T10:57:56.870+0800: 4382.284: Total time for which application threads were stopped: 0.0006446 seconds, Stopping threads took: 0.0001130 seconds
2021-03-30T10:58:09.786+0800: 4395.201: Total time for which application threads were stopped: 0.0006557 seconds, Stopping threads took: 0.0001272 seconds
2021-03-30T10:58:09.791+0800: 4395.205: Total time for which application threads were stopped: 0.0004164 seconds, Stopping threads took: 0.0000906 seconds
2021-03-30T10:58:10.800+0800: 4396.214: Total time for which application threads were stopped: 0.0007908 seconds, Stopping threads took: 0.0002690 seconds
2021-03-30T10:58:13.809+0800: 4399.223: Total time for which application threads were stopped: 0.0006472 seconds, Stopping threads took: 0.0001048 seconds
2021-03-30T10:58:25.322+0800: 4410.736: Total time for which application threads were stopped: 0.0007972 seconds, Stopping threads took: 0.0001763 seconds
2021-03-30T10:58:25.323+0800: 4410.737: Total time for which application threads were stopped: 0.0003776 seconds, Stopping threads took: 0.0000548 seconds
2021-03-30T10:58:25.325+0800: 4410.740: Total time for which application threads were stopped: 0.0004577 seconds, Stopping threads took: 0.0001474 seconds
2021-03-30T10:58:25.326+0800: 4410.741: Total time for which application threads were stopped: 0.0004917 seconds, Stopping threads took: 0.0000411 seconds
2021-03-30T10:58:25.328+0800: 4410.743: Total time for which application threads were stopped: 0.0003459 seconds, Stopping threads took: 0.0000513 seconds
2021-03-30T10:58:25.332+0800: 4410.746: Total time for which application threads were stopped: 0.0013132 seconds, Stopping threads took: 0.0002259 seconds
2021-03-30T10:58:25.343+0800: 4410.757: Total time for which application threads were stopped: 0.0005275 seconds, Stopping threads took: 0.0001607 seconds
2021-03-30T10:58:25.346+0800: 4410.760: Total time for which application threads were stopped: 0.0003236 seconds, Stopping threads took: 0.0000467 seconds
2021-03-30T10:58:25.348+0800: 4410.762: Total time for which application threads were stopped: 0.0003541 seconds, Stopping threads took: 0.0000498 seconds
2021-03-30T10:58:25.351+0800: 4410.765: Total time for which application threads were stopped: 0.0008832 seconds, Stopping threads took: 0.0001661 seconds
2021-03-30T10:58:25.352+0800: 4410.766: Total time for which application threads were stopped: 0.0008450 seconds, Stopping threads took: 0.0001901 seconds
2021-03-30T10:58:25.354+0800: 4410.769: Total time for which application threads were stopped: 0.0004586 seconds, Stopping threads took: 0.0000705 seconds
2021-03-30T10:58:25.364+0800: 4410.779: Total time for which application threads were stopped: 0.0005102 seconds, Stopping threads took: 0.0001627 seconds
2021-03-30T10:58:25.365+0800: 4410.779: Total time for which application threads were stopped: 0.0004848 seconds, Stopping threads took: 0.0001862 seconds
2021-03-30T10:58:25.366+0800: 4410.780: Total time for which application threads were stopped: 0.0003944 seconds, Stopping threads took: 0.0001014 seconds
2021-03-30T10:58:25.366+0800: 4410.781: Total time for which application threads were stopped: 0.0004650 seconds, Stopping threads took: 0.0000546 seconds
2021-03-30T10:58:25.367+0800: 4410.781: Total time for which application threads were stopped: 0.0005361 seconds, Stopping threads took: 0.0000981 seconds
2021-03-30T10:58:25.368+0800: 4410.783: Total time for which application threads were stopped: 0.0007766 seconds, Stopping threads took: 0.0003957 seconds
2021-03-30T10:58:25.373+0800: 4410.787: Total time for which application threads were stopped: 0.0006671 seconds, Stopping threads took: 0.0002610 seconds
2021-03-30T10:58:25.374+0800: 4410.788: Total time for which application threads were stopped: 0.0004540 seconds, Stopping threads took: 0.0001465 seconds
2021-03-30T10:58:25.374+0800: 4410.789: Total time for which application threads were stopped: 0.0004580 seconds, Stopping threads took: 0.0001955 seconds
2021-03-30T10:58:25.374+0800: 4410.789: Total time for which application threads were stopped: 0.0002820 seconds, Stopping threads took: 0.0000441 seconds
2021-03-30T10:58:25.375+0800: 4410.790: Total time for which application threads were stopped: 0.0004612 seconds, Stopping threads took: 0.0001847 seconds
2021-03-30T10:58:25.376+0800: 4410.790: Total time for which application threads were stopped: 0.0004286 seconds, Stopping threads took: 0.0001479 seconds
2021-03-30T10:58:25.376+0800: 4410.791: Total time for which application threads were stopped: 0.0003526 seconds, Stopping threads took: 0.0000812 seconds
2021-03-30T10:58:25.378+0800: 4410.793: Total time for which application threads were stopped: 0.0012582 seconds, Stopping threads took: 0.0001849 seconds
2021-03-30T10:58:25.379+0800: 4410.794: Total time for which application threads were stopped: 0.0003981 seconds, Stopping threads took: 0.0001573 seconds
2021-03-30T10:58:25.379+0800: 4410.794: Total time for which application threads were stopped: 0.0005192 seconds, Stopping threads took: 0.0002772 seconds
2021-03-30T10:58:25.380+0800: 4410.795: Total time for which application threads were stopped: 0.0003835 seconds, Stopping threads took: 0.0001412 seconds
2021-03-30T10:58:25.381+0800: 4410.795: Total time for which application threads were stopped: 0.0004814 seconds, Stopping threads took: 0.0002308 seconds
2021-03-30T10:58:25.381+0800: 4410.796: Total time for which application threads were stopped: 0.0004377 seconds, Stopping threads took: 0.0001987 seconds
2021-03-30T10:58:25.382+0800: 4410.796: Total time for which application threads were stopped: 0.0004171 seconds, Stopping threads took: 0.0001501 seconds
2021-03-30T10:58:25.382+0800: 4410.797: Total time for which application threads were stopped: 0.0003945 seconds, Stopping threads took: 0.0001549 seconds
2021-03-30T10:58:25.384+0800: 4410.798: Total time for which application threads were stopped: 0.0004789 seconds, Stopping threads took: 0.0001507 seconds
2021-03-30T10:58:25.384+0800: 4410.799: Total time for which application threads were stopped: 0.0004992 seconds, Stopping threads took: 0.0002385 seconds
2021-03-30T10:58:25.385+0800: 4410.800: Total time for which application threads were stopped: 0.0004513 seconds, Stopping threads took: 0.0001754 seconds
2021-03-30T10:58:25.387+0800: 4410.802: Total time for which application threads were stopped: 0.0016363 seconds, Stopping threads took: 0.0000463 seconds
2021-03-30T10:58:25.408+0800: 4410.822: Total time for which application threads were stopped: 0.0004832 seconds, Stopping threads took: 0.0001017 seconds
2021-03-30T10:58:25.408+0800: 4410.822: Total time for which application threads were stopped: 0.0003442 seconds, Stopping threads took: 0.0000537 seconds
2021-03-30T10:58:25.413+0800: 4410.827: Total time for which application threads were stopped: 0.0006278 seconds, Stopping threads took: 0.0001725 seconds
2021-03-30T10:58:25.425+0800: 4410.839: Total time for which application threads were stopped: 0.0004122 seconds, Stopping threads took: 0.0001267 seconds
2021-03-30T10:58:25.427+0800: 4410.842: Total time for which application threads were stopped: 0.0004554 seconds, Stopping threads took: 0.0001998 seconds
2021-03-30T10:58:25.427+0800: 4410.842: Total time for which application threads were stopped: 0.0003256 seconds, Stopping threads took: 0.0001210 seconds
2021-03-30T10:58:25.428+0800: 4410.843: Total time for which application threads were stopped: 0.0002559 seconds, Stopping threads took: 0.0000633 seconds
2021-03-30T10:58:25.428+0800: 4410.843: Total time for which application threads were stopped: 0.0003071 seconds, Stopping threads took: 0.0001450 seconds
2021-03-30T10:58:26.429+0800: 4411.844: Total time for which application threads were stopped: 0.0006807 seconds, Stopping threads took: 0.0001265 seconds
2021-03-30T10:58:26.736+0800: 4412.150: Total time for which application threads were stopped: 0.0004300 seconds, Stopping threads took: 0.0000878 seconds
2021-03-30T10:58:27.742+0800: 4413.156: Total time for which application threads were stopped: 0.0009016 seconds, Stopping threads took: 0.0001916 seconds
2021-03-30T10:58:30.421+0800: 4415.836: Total time for which application threads were stopped: 0.0005730 seconds, Stopping threads took: 0.0001460 seconds
2021-03-30T10:58:30.427+0800: 4415.841: Total time for which application threads were stopped: 0.0008566 seconds, Stopping threads took: 0.0003107 seconds
2021-03-30T10:58:30.435+0800: 4415.849: Total time for which application threads were stopped: 0.0007808 seconds, Stopping threads took: 0.0001943 seconds
2021-03-30T10:58:30.456+0800: 4415.870: Total time for which application threads were stopped: 0.0005667 seconds, Stopping threads took: 0.0000911 seconds
2021-03-30T10:58:30.457+0800: 4415.871: Total time for which application threads were stopped: 0.0003882 seconds, Stopping threads took: 0.0000776 seconds
2021-03-30T10:58:30.458+0800: 4415.873: Total time for which application threads were stopped: 0.0005347 seconds, Stopping threads took: 0.0000669 seconds
2021-03-30T10:58:30.461+0800: 4415.876: Total time for which application threads were stopped: 0.0005756 seconds, Stopping threads took: 0.0002159 seconds
2021-03-30T10:58:30.462+0800: 4415.877: Total time for which application threads were stopped: 0.0005422 seconds, Stopping threads took: 0.0002277 seconds
2021-03-30T10:58:30.468+0800: 4415.883: Total time for which application threads were stopped: 0.0005844 seconds, Stopping threads took: 0.0001925 seconds
2021-03-30T10:58:30.468+0800: 4415.883: Total time for which application threads were stopped: 0.0003505 seconds, Stopping threads took: 0.0000451 seconds
2021-03-30T10:58:30.469+0800: 4415.884: Total time for which application threads were stopped: 0.0003273 seconds, Stopping threads took: 0.0000745 seconds
2021-03-30T10:58:30.473+0800: 4415.887: Total time for which application threads were stopped: 0.0004893 seconds, Stopping threads took: 0.0001098 seconds
2021-03-30T10:58:30.542+0800: 4415.957: Total time for which application threads were stopped: 0.0004205 seconds, Stopping threads took: 0.0000612 seconds
2021-03-30T10:58:30.542+0800: 4415.957: Total time for which application threads were stopped: 0.0004315 seconds, Stopping threads took: 0.0001415 seconds
2021-03-30T10:58:30.546+0800: 4415.960: Total time for which application threads were stopped: 0.0004096 seconds, Stopping threads took: 0.0000653 seconds
2021-03-30T10:58:30.546+0800: 4415.961: Total time for which application threads were stopped: 0.0003155 seconds, Stopping threads took: 0.0000363 seconds
2021-03-30T10:58:30.553+0800: 4415.967: Total time for which application threads were stopped: 0.0004716 seconds, Stopping threads took: 0.0001503 seconds
2021-03-30T10:58:30.553+0800: 4415.968: Total time for which application threads were stopped: 0.0003699 seconds, Stopping threads took: 0.0001233 seconds
2021-03-30T10:58:30.553+0800: 4415.968: Total time for which application threads were stopped: 0.0002485 seconds, Stopping threads took: 0.0000516 seconds
2021-03-30T10:58:30.557+0800: 4415.972: Total time for which application threads were stopped: 0.0004398 seconds, Stopping threads took: 0.0000894 seconds
2021-03-30T10:58:30.560+0800: 4415.974: Total time for which application threads were stopped: 0.0004417 seconds, Stopping threads took: 0.0001250 seconds
2021-03-30T10:58:30.561+0800: 4415.975: Total time for which application threads were stopped: 0.0004141 seconds, Stopping threads took: 0.0001034 seconds
2021-03-30T10:58:30.565+0800: 4415.979: Total time for which application threads were stopped: 0.0003711 seconds, Stopping threads took: 0.0000640 seconds
2021-03-30T10:58:30.565+0800: 4415.980: Total time for which application threads were stopped: 0.0003400 seconds, Stopping threads took: 0.0000960 seconds
2021-03-30T10:58:30.565+0800: 4415.980: Total time for which application threads were stopped: 0.0003830 seconds, Stopping threads took: 0.0000515 seconds
2021-03-30T10:58:30.569+0800: 4415.984: Total time for which application threads were stopped: 0.0005353 seconds, Stopping threads took: 0.0001296 seconds
2021-03-30T10:58:30.639+0800: 4416.054: Total time for which application threads were stopped: 0.0005270 seconds, Stopping threads took: 0.0001509 seconds
2021-03-30T10:58:30.642+0800: 4416.057: Total time for which application threads were stopped: 0.0005004 seconds, Stopping threads took: 0.0001526 seconds
2021-03-30T10:58:30.643+0800: 4416.057: Total time for which application threads were stopped: 0.0004562 seconds, Stopping threads took: 0.0001709 seconds
2021-03-30T10:58:30.643+0800: 4416.058: Total time for which application threads were stopped: 0.0004434 seconds, Stopping threads took: 0.0002120 seconds
2021-03-30T10:58:30.644+0800: 4416.058: Total time for which application threads were stopped: 0.0004052 seconds, Stopping threads took: 0.0001386 seconds
2021-03-30T10:58:31.103+0800: 4416.517: Total time for which application threads were stopped: 0.0005051 seconds, Stopping threads took: 0.0001933 seconds
2021-03-30T10:58:31.106+0800: 4416.521: Total time for which application threads were stopped: 0.0006442 seconds, Stopping threads took: 0.0001142 seconds
2021-03-30T10:58:32.108+0800: 4417.523: Total time for which application threads were stopped: 0.0005988 seconds, Stopping threads took: 0.0001058 seconds
2021-03-30T10:58:35.842+0800: 4421.257: Total time for which application threads were stopped: 0.0004442 seconds, Stopping threads took: 0.0000719 seconds
2021-03-30T10:58:35.853+0800: 4421.268: Total time for which application threads were stopped: 0.0008169 seconds, Stopping threads took: 0.0003625 seconds
2021-03-30T10:58:35.867+0800: 4421.281: Total time for which application threads were stopped: 0.0007694 seconds, Stopping threads took: 0.0001878 seconds
2021-03-30T10:58:35.881+0800: 4421.296: Total time for which application threads were stopped: 0.0006216 seconds, Stopping threads took: 0.0000964 seconds
2021-03-30T10:58:35.882+0800: 4421.296: Total time for which application threads were stopped: 0.0005076 seconds, Stopping threads took: 0.0002040 seconds
2021-03-30T10:58:35.885+0800: 4421.299: Total time for which application threads were stopped: 0.0005855 seconds, Stopping threads took: 0.0001744 seconds
2021-03-30T10:58:35.886+0800: 4421.300: Total time for which application threads were stopped: 0.0004437 seconds, Stopping threads took: 0.0000881 seconds
2021-03-30T10:58:35.887+0800: 4421.302: Total time for which application threads were stopped: 0.0005686 seconds, Stopping threads took: 0.0002112 seconds
2021-03-30T10:58:35.889+0800: 4421.303: Total time for which application threads were stopped: 0.0005104 seconds, Stopping threads took: 0.0001567 seconds
2021-03-30T10:58:35.894+0800: 4421.308: Total time for which application threads were stopped: 0.0006883 seconds, Stopping threads took: 0.0002040 seconds
2021-03-30T10:58:35.894+0800: 4421.308: Total time for which application threads were stopped: 0.0004754 seconds, Stopping threads took: 0.0001113 seconds
2021-03-30T10:58:35.894+0800: 4421.309: Total time for which application threads were stopped: 0.0004853 seconds, Stopping threads took: 0.0002006 seconds
2021-03-30T10:58:35.895+0800: 4421.309: Total time for which application threads were stopped: 0.0004733 seconds, Stopping threads took: 0.0001518 seconds
2021-03-30T10:58:35.895+0800: 4421.310: Total time for which application threads were stopped: 0.0004581 seconds, Stopping threads took: 0.0001813 seconds
2021-03-30T10:58:35.896+0800: 4421.311: Total time for which application threads were stopped: 0.0004529 seconds, Stopping threads took: 0.0001717 seconds
2021-03-30T10:58:35.900+0800: 4421.314: Total time for which application threads were stopped: 0.0006047 seconds, Stopping threads took: 0.0001023 seconds
2021-03-30T10:58:35.900+0800: 4421.315: Total time for which application threads were stopped: 0.0006178 seconds, Stopping threads took: 0.0001199 seconds
2021-03-30T10:58:35.917+0800: 4421.331: Total time for which application threads were stopped: 0.0005594 seconds, Stopping threads took: 0.0001627 seconds
2021-03-30T10:58:35.917+0800: 4421.331: Total time for which application threads were stopped: 0.0004729 seconds, Stopping threads took: 0.0001040 seconds
2021-03-30T10:58:35.994+0800: 4421.408: Total time for which application threads were stopped: 0.0005452 seconds, Stopping threads took: 0.0001587 seconds
2021-03-30T10:58:35.996+0800: 4421.411: Total time for which application threads were stopped: 0.0005860 seconds, Stopping threads took: 0.0001226 seconds
2021-03-30T10:58:35.997+0800: 4421.412: Total time for which application threads were stopped: 0.0005230 seconds, Stopping threads took: 0.0001905 seconds
2021-03-30T10:58:35.998+0800: 4421.413: Total time for which application threads were stopped: 0.0004112 seconds, Stopping threads took: 0.0001410 seconds
2021-03-30T10:58:35.998+0800: 4421.413: Total time for which application threads were stopped: 0.0002824 seconds, Stopping threads took: 0.0000685 seconds
2021-03-30T10:58:35.999+0800: 4421.413: Total time for which application threads were stopped: 0.0002597 seconds, Stopping threads took: 0.0000374 seconds
2021-03-30T10:58:35.999+0800: 4421.414: Total time for which application threads were stopped: 0.0004820 seconds, Stopping threads took: 0.0002640 seconds
2021-03-30T10:58:36.002+0800: 4421.416: Total time for which application threads were stopped: 0.0004512 seconds, Stopping threads took: 0.0000632 seconds
2021-03-30T10:58:36.002+0800: 4421.417: Total time for which application threads were stopped: 0.0005321 seconds, Stopping threads took: 0.0000852 seconds
2021-03-30T10:58:36.002+0800: 4421.417: Total time for which application threads were stopped: 0.0004442 seconds, Stopping threads took: 0.0001018 seconds
2021-03-30T10:58:36.003+0800: 4421.418: Total time for which application threads were stopped: 0.0006031 seconds, Stopping threads took: 0.0003343 seconds
2021-03-30T10:58:36.006+0800: 4421.421: Total time for which application threads were stopped: 0.0006528 seconds, Stopping threads took: 0.0001055 seconds
2021-03-30T10:58:36.007+0800: 4421.421: Total time for which application threads were stopped: 0.0003563 seconds, Stopping threads took: 0.0001010 seconds
2021-03-30T10:58:36.010+0800: 4421.424: Total time for which application threads were stopped: 0.0005209 seconds, Stopping threads took: 0.0001101 seconds
2021-03-30T10:58:36.012+0800: 4421.427: Total time for which application threads were stopped: 0.0003390 seconds, Stopping threads took: 0.0000627 seconds
2021-03-30T10:58:36.013+0800: 4421.428: Total time for which application threads were stopped: 0.0004791 seconds, Stopping threads took: 0.0001380 seconds
2021-03-30T10:58:36.017+0800: 4421.431: Total time for which application threads were stopped: 0.0004189 seconds, Stopping threads took: 0.0000875 seconds
2021-03-30T10:58:36.017+0800: 4421.432: Total time for which application threads were stopped: 0.0003974 seconds, Stopping threads took: 0.0001450 seconds
2021-03-30T10:58:36.017+0800: 4421.432: Total time for which application threads were stopped: 0.0003220 seconds, Stopping threads took: 0.0001305 seconds
2021-03-30T10:58:36.021+0800: 4421.436: Total time for which application threads were stopped: 0.0013480 seconds, Stopping threads took: 0.0001199 seconds
2021-03-30T10:58:36.033+0800: 4421.447: Total time for which application threads were stopped: 0.0004656 seconds, Stopping threads took: 0.0001516 seconds
2021-03-30T10:58:36.034+0800: 4421.449: Total time for which application threads were stopped: 0.0004191 seconds, Stopping threads took: 0.0001508 seconds
2021-03-30T10:58:36.102+0800: 4421.516: Total time for which application threads were stopped: 0.0003608 seconds, Stopping threads took: 0.0000619 seconds
2021-03-30T10:58:36.103+0800: 4421.518: Total time for which application threads were stopped: 0.0003177 seconds, Stopping threads took: 0.0000564 seconds
2021-03-30T10:58:36.104+0800: 4421.518: Total time for which application threads were stopped: 0.0004296 seconds, Stopping threads took: 0.0000498 seconds
2021-03-30T10:58:36.104+0800: 4421.519: Total time for which application threads were stopped: 0.0003973 seconds, Stopping threads took: 0.0001555 seconds
2021-03-30T10:58:36.106+0800: 4421.521: Total time for which application threads were stopped: 0.0004796 seconds, Stopping threads took: 0.0001196 seconds
2021-03-30T10:58:36.109+0800: 4421.524: Total time for which application threads were stopped: 0.0004445 seconds, Stopping threads took: 0.0001405 seconds
2021-03-30T10:58:36.109+0800: 4421.524: Total time for which application threads were stopped: 0.0003526 seconds, Stopping threads took: 0.0001004 seconds
2021-03-30T10:58:37.459+0800: 4422.874: Total time for which application threads were stopped: 0.0005797 seconds, Stopping threads took: 0.0001183 seconds
2021-03-30T10:58:37.465+0800: 4422.880: Total time for which application threads were stopped: 0.0004863 seconds, Stopping threads took: 0.0001315 seconds
2021-03-30T10:58:37.471+0800: 4422.885: Total time for which application threads were stopped: 0.0005171 seconds, Stopping threads took: 0.0000709 seconds
2021-03-30T10:58:40.482+0800: 4425.896: Total time for which application threads were stopped: 0.0005413 seconds, Stopping threads took: 0.0001129 seconds
2021-03-30T10:58:40.488+0800: 4425.902: Total time for which application threads were stopped: 0.0005152 seconds, Stopping threads took: 0.0001343 seconds
2021-03-30T10:58:40.489+0800: 4425.903: Total time for which application threads were stopped: 0.0004129 seconds, Stopping threads took: 0.0000672 seconds
2021-03-30T10:58:40.492+0800: 4425.906: Total time for which application threads were stopped: 0.0003983 seconds, Stopping threads took: 0.0000526 seconds
2021-03-30T10:58:40.497+0800: 4425.912: Total time for which application threads were stopped: 0.0007249 seconds, Stopping threads took: 0.0001803 seconds
2021-03-30T10:58:40.499+0800: 4425.913: Total time for which application threads were stopped: 0.0005618 seconds, Stopping threads took: 0.0000783 seconds
2021-03-30T10:58:40.501+0800: 4425.916: Total time for which application threads were stopped: 0.0004876 seconds, Stopping threads took: 0.0001698 seconds
2021-03-30T10:58:40.504+0800: 4425.919: Total time for which application threads were stopped: 0.0003558 seconds, Stopping threads took: 0.0000382 seconds
2021-03-30T10:58:40.504+0800: 4425.919: Total time for which application threads were stopped: 0.0002739 seconds, Stopping threads took: 0.0000329 seconds
2021-03-30T10:58:40.506+0800: 4425.921: Total time for which application threads were stopped: 0.0004688 seconds, Stopping threads took: 0.0001522 seconds
2021-03-30T10:58:40.519+0800: 4425.933: Total time for which application threads were stopped: 0.0004791 seconds, Stopping threads took: 0.0000898 seconds
2021-03-30T10:58:40.521+0800: 4425.935: Total time for which application threads were stopped: 0.0005510 seconds, Stopping threads took: 0.0001887 seconds
2021-03-30T10:58:40.522+0800: 4425.936: Total time for which application threads were stopped: 0.0003129 seconds, Stopping threads took: 0.0000415 seconds
2021-03-30T10:58:40.522+0800: 4425.936: Total time for which application threads were stopped: 0.0003687 seconds, Stopping threads took: 0.0001233 seconds
2021-03-30T10:58:40.523+0800: 4425.937: Total time for which application threads were stopped: 0.0002984 seconds, Stopping threads took: 0.0000538 seconds
2021-03-30T10:58:40.524+0800: 4425.938: Total time for which application threads were stopped: 0.0003610 seconds, Stopping threads took: 0.0000412 seconds
2021-03-30T10:58:40.525+0800: 4425.939: Total time for which application threads were stopped: 0.0006418 seconds, Stopping threads took: 0.0001414 seconds
2021-03-30T10:58:40.526+0800: 4425.940: Total time for which application threads were stopped: 0.0010353 seconds, Stopping threads took: 0.0002839 seconds
2021-03-30T10:58:40.527+0800: 4425.941: Total time for which application threads were stopped: 0.0006768 seconds, Stopping threads took: 0.0001327 seconds
2021-03-30T10:58:40.527+0800: 4425.941: Total time for which application threads were stopped: 0.0005443 seconds, Stopping threads took: 0.0002045 seconds
2021-03-30T10:58:40.528+0800: 4425.942: Total time for which application threads were stopped: 0.0004855 seconds, Stopping threads took: 0.0002043 seconds
2021-03-30T10:58:40.529+0800: 4425.943: Total time for which application threads were stopped: 0.0004601 seconds, Stopping threads took: 0.0001311 seconds
2021-03-30T10:58:40.530+0800: 4425.944: Total time for which application threads were stopped: 0.0005250 seconds, Stopping threads took: 0.0001489 seconds
2021-03-30T10:58:40.531+0800: 4425.945: Total time for which application threads were stopped: 0.0004627 seconds, Stopping threads took: 0.0001441 seconds
2021-03-30T10:58:40.531+0800: 4425.945: Total time for which application threads were stopped: 0.0004198 seconds, Stopping threads took: 0.0001451 seconds
2021-03-30T10:58:40.534+0800: 4425.948: Total time for which application threads were stopped: 0.0023277 seconds, Stopping threads took: 0.0000398 seconds
2021-03-30T10:58:40.536+0800: 4425.950: Total time for which application threads were stopped: 0.0005745 seconds, Stopping threads took: 0.0002267 seconds
2021-03-30T10:58:40.537+0800: 4425.952: Total time for which application threads were stopped: 0.0005585 seconds, Stopping threads took: 0.0001946 seconds
2021-03-30T10:58:40.553+0800: 4425.968: Total time for which application threads were stopped: 0.0018525 seconds, Stopping threads took: 0.0001866 seconds
2021-03-30T10:58:40.553+0800: 4425.968: Total time for which application threads were stopped: 0.0005419 seconds, Stopping threads took: 0.0001886 seconds
2021-03-30T10:58:40.559+0800: 4425.974: Total time for which application threads were stopped: 0.0004282 seconds, Stopping threads took: 0.0000638 seconds
2021-03-30T10:58:40.569+0800: 4425.984: Total time for which application threads were stopped: 0.0005916 seconds, Stopping threads took: 0.0002313 seconds
2021-03-30T10:58:40.571+0800: 4425.986: Total time for which application threads were stopped: 0.0004720 seconds, Stopping threads took: 0.0000624 seconds
2021-03-30T10:58:40.572+0800: 4425.986: Total time for which application threads were stopped: 0.0004290 seconds, Stopping threads took: 0.0001009 seconds
2021-03-30T10:58:40.572+0800: 4425.987: Total time for which application threads were stopped: 0.0004473 seconds, Stopping threads took: 0.0000491 seconds
2021-03-30T10:58:40.574+0800: 4425.989: Total time for which application threads were stopped: 0.0018246 seconds, Stopping threads took: 0.0001155 seconds
2021-03-30T10:58:40.575+0800: 4425.989: Total time for which application threads were stopped: 0.0004512 seconds, Stopping threads took: 0.0001587 seconds
2021-03-30T10:58:40.578+0800: 4425.992: Total time for which application threads were stopped: 0.0005675 seconds, Stopping threads took: 0.0002281 seconds
2021-03-30T10:58:40.579+0800: 4425.994: Total time for which application threads were stopped: 0.0004180 seconds, Stopping threads took: 0.0000551 seconds
2021-03-30T10:58:40.580+0800: 4425.994: Total time for which application threads were stopped: 0.0003889 seconds, Stopping threads took: 0.0000528 seconds
2021-03-30T10:58:40.581+0800: 4425.996: Total time for which application threads were stopped: 0.0004215 seconds, Stopping threads took: 0.0000981 seconds
2021-03-30T10:58:42.761+0800: 4428.176: Total time for which application threads were stopped: 0.0005212 seconds, Stopping threads took: 0.0001557 seconds
2021-03-30T10:58:42.768+0800: 4428.183: Total time for which application threads were stopped: 0.0012475 seconds, Stopping threads took: 0.0001762 seconds
2021-03-30T10:58:42.770+0800: 4428.185: Total time for which application threads were stopped: 0.0013408 seconds, Stopping threads took: 0.0002859 seconds
2021-03-30T10:58:42.770+0800: 4428.185: Total time for which application threads were stopped: 0.0004395 seconds, Stopping threads took: 0.0001369 seconds
2021-03-30T10:58:42.772+0800: 4428.186: Total time for which application threads were stopped: 0.0005860 seconds, Stopping threads took: 0.0002509 seconds
2021-03-30T10:58:42.784+0800: 4428.198: Total time for which application threads were stopped: 0.0005372 seconds, Stopping threads took: 0.0001827 seconds
2021-03-30T10:58:42.791+0800: 4428.205: Total time for which application threads were stopped: 0.0003941 seconds, Stopping threads took: 0.0000543 seconds
2021-03-30T10:58:42.792+0800: 4428.206: Total time for which application threads were stopped: 0.0003780 seconds, Stopping threads took: 0.0000356 seconds
2021-03-30T10:58:42.794+0800: 4428.208: Total time for which application threads were stopped: 0.0004847 seconds, Stopping threads took: 0.0001519 seconds
2021-03-30T10:58:42.796+0800: 4428.210: Total time for which application threads were stopped: 0.0004611 seconds, Stopping threads took: 0.0001360 seconds
2021-03-30T10:58:42.799+0800: 4428.213: Total time for which application threads were stopped: 0.0003570 seconds, Stopping threads took: 0.0000408 seconds
2021-03-30T10:58:42.800+0800: 4428.214: Total time for which application threads were stopped: 0.0003729 seconds, Stopping threads took: 0.0001244 seconds
2021-03-30T10:58:42.800+0800: 4428.214: Total time for which application threads were stopped: 0.0003408 seconds, Stopping threads took: 0.0001218 seconds
2021-03-30T10:58:42.803+0800: 4428.217: Total time for which application threads were stopped: 0.0003813 seconds, Stopping threads took: 0.0001161 seconds
2021-03-30T10:58:42.884+0800: 4428.298: Total time for which application threads were stopped: 0.0112124 seconds, Stopping threads took: 0.0099532 seconds
2021-03-30T10:58:42.885+0800: 4428.299: Total time for which application threads were stopped: 0.0003966 seconds, Stopping threads took: 0.0001442 seconds
2021-03-30T10:58:42.887+0800: 4428.301: Total time for which application threads were stopped: 0.0004614 seconds, Stopping threads took: 0.0001362 seconds
2021-03-30T10:58:42.888+0800: 4428.303: Total time for which application threads were stopped: 0.0010976 seconds, Stopping threads took: 0.0001346 seconds
2021-03-30T10:58:42.889+0800: 4428.304: Total time for which application threads were stopped: 0.0004778 seconds, Stopping threads took: 0.0002331 seconds
2021-03-30T10:58:42.889+0800: 4428.304: Total time for which application threads were stopped: 0.0002708 seconds, Stopping threads took: 0.0000392 seconds
2021-03-30T10:58:42.890+0800: 4428.305: Total time for which application threads were stopped: 0.0004184 seconds, Stopping threads took: 0.0001863 seconds
2021-03-30T10:58:42.894+0800: 4428.309: Total time for which application threads were stopped: 0.0004622 seconds, Stopping threads took: 0.0001096 seconds
2021-03-30T10:58:42.896+0800: 4428.311: Total time for which application threads were stopped: 0.0004394 seconds, Stopping threads took: 0.0001329 seconds
2021-03-30T10:58:42.900+0800: 4428.315: Total time for which application threads were stopped: 0.0003606 seconds, Stopping threads took: 0.0000638 seconds
2021-03-30T10:58:42.900+0800: 4428.315: Total time for which application threads were stopped: 0.0002666 seconds, Stopping threads took: 0.0000378 seconds
2021-03-30T10:58:42.901+0800: 4428.315: Total time for which application threads were stopped: 0.0002406 seconds, Stopping threads took: 0.0000408 seconds
2021-03-30T10:58:42.904+0800: 4428.319: Total time for which application threads were stopped: 0.0004717 seconds, Stopping threads took: 0.0000645 seconds
2021-03-30T10:58:42.972+0800: 4428.387: Total time for which application threads were stopped: 0.0004159 seconds, Stopping threads took: 0.0000725 seconds
2021-03-30T10:58:42.976+0800: 4428.391: Total time for which application threads were stopped: 0.0003877 seconds, Stopping threads took: 0.0000603 seconds
2021-03-30T10:58:42.976+0800: 4428.391: Total time for which application threads were stopped: 0.0004010 seconds, Stopping threads took: 0.0001468 seconds
2021-03-30T10:58:42.977+0800: 4428.392: Total time for which application threads were stopped: 0.0010032 seconds, Stopping threads took: 0.0000698 seconds
2021-03-30T10:58:43.028+0800: 4428.442: Total time for which application threads were stopped: 0.0006042 seconds, Stopping threads took: 0.0002020 seconds
2021-03-30T10:58:43.030+0800: 4428.444: Total time for which application threads were stopped: 0.0005631 seconds, Stopping threads took: 0.0001784 seconds
2021-03-30T10:58:43.037+0800: 4428.451: Total time for which application threads were stopped: 0.0006082 seconds, Stopping threads took: 0.0002015 seconds
2021-03-30T10:58:43.042+0800: 4428.457: Total time for which application threads were stopped: 0.0024074 seconds, Stopping threads took: 0.0001343 seconds
2021-03-30T10:58:43.052+0800: 4428.467: Total time for which application threads were stopped: 0.0003764 seconds, Stopping threads took: 0.0000559 seconds
2021-03-30T10:58:43.054+0800: 4428.469: Total time for which application threads were stopped: 0.0003908 seconds, Stopping threads took: 0.0000562 seconds
2021-03-30T10:58:43.055+0800: 4428.470: Total time for which application threads were stopped: 0.0002933 seconds, Stopping threads took: 0.0000353 seconds
2021-03-30T10:58:43.058+0800: 4428.473: Total time for which application threads were stopped: 0.0005326 seconds, Stopping threads took: 0.0001459 seconds
2021-03-30T10:58:43.060+0800: 4428.475: Total time for which application threads were stopped: 0.0004920 seconds, Stopping threads took: 0.0001615 seconds
2021-03-30T10:58:43.063+0800: 4428.478: Total time for which application threads were stopped: 0.0003892 seconds, Stopping threads took: 0.0000657 seconds
2021-03-30T10:58:43.064+0800: 4428.479: Total time for which application threads were stopped: 0.0004140 seconds, Stopping threads took: 0.0001454 seconds
2021-03-30T10:58:43.064+0800: 4428.479: Total time for which application threads were stopped: 0.0002887 seconds, Stopping threads took: 0.0000524 seconds
2021-03-30T10:58:43.069+0800: 4428.483: Total time for which application threads were stopped: 0.0005653 seconds, Stopping threads took: 0.0001907 seconds
2021-03-30T10:58:43.079+0800: 4428.493: Total time for which application threads were stopped: 0.0006182 seconds, Stopping threads took: 0.0001903 seconds
2021-03-30T10:58:43.080+0800: 4428.494: Total time for which application threads were stopped: 0.0004799 seconds, Stopping threads took: 0.0001419 seconds
2021-03-30T10:58:43.162+0800: 4428.577: Total time for which application threads were stopped: 0.0005281 seconds, Stopping threads took: 0.0001672 seconds
2021-03-30T10:58:43.163+0800: 4428.577: Total time for which application threads were stopped: 0.0004529 seconds, Stopping threads took: 0.0000956 seconds
2021-03-30T10:58:43.164+0800: 4428.578: Total time for which application threads were stopped: 0.0004472 seconds, Stopping threads took: 0.0000948 seconds
2021-03-30T10:58:43.165+0800: 4428.579: Total time for which application threads were stopped: 0.0004890 seconds, Stopping threads took: 0.0001043 seconds
2021-03-30T10:58:43.167+0800: 4428.582: Total time for which application threads were stopped: 0.0004977 seconds, Stopping threads took: 0.0002112 seconds
2021-03-30T10:58:43.168+0800: 4428.582: Total time for which application threads were stopped: 0.0003512 seconds, Stopping threads took: 0.0001305 seconds
2021-03-30T10:58:43.170+0800: 4428.584: Total time for which application threads were stopped: 0.0004874 seconds, Stopping threads took: 0.0000574 seconds
2021-03-30T10:58:43.172+0800: 4428.586: Total time for which application threads were stopped: 0.0004373 seconds, Stopping threads took: 0.0001519 seconds
2021-03-30T10:58:43.175+0800: 4428.589: Total time for which application threads were stopped: 0.0003488 seconds, Stopping threads took: 0.0000633 seconds
2021-03-30T10:58:43.175+0800: 4428.589: Total time for which application threads were stopped: 0.0002160 seconds, Stopping threads took: 0.0000297 seconds
2021-03-30T10:58:43.175+0800: 4428.590: Total time for which application threads were stopped: 0.0004301 seconds, Stopping threads took: 0.0000446 seconds
2021-03-30T10:58:43.178+0800: 4428.593: Total time for which application threads were stopped: 0.0003468 seconds, Stopping threads took: 0.0000834 seconds
2021-03-30T10:58:43.185+0800: 4428.599: Total time for which application threads were stopped: 0.0004272 seconds, Stopping threads took: 0.0001423 seconds
2021-03-30T10:58:43.186+0800: 4428.601: Total time for which application threads were stopped: 0.0003239 seconds, Stopping threads took: 0.0000567 seconds
2021-03-30T10:58:43.254+0800: 4428.668: Total time for which application threads were stopped: 0.0004040 seconds, Stopping threads took: 0.0001067 seconds
2021-03-30T10:58:43.260+0800: 4428.675: Total time for which application threads were stopped: 0.0004900 seconds, Stopping threads took: 0.0002018 seconds
2021-03-30T10:58:43.261+0800: 4428.676: Total time for which application threads were stopped: 0.0003553 seconds, Stopping threads took: 0.0001270 seconds
2021-03-30T10:58:43.261+0800: 4428.676: Total time for which application threads were stopped: 0.0002335 seconds, Stopping threads took: 0.0000371 seconds
2021-03-30T10:59:07.277+0800: 4452.691: Total time for which application threads were stopped: 0.0006750 seconds, Stopping threads took: 0.0000833 seconds
2021-03-30T10:59:07.278+0800: 4452.692: Total time for which application threads were stopped: 0.0004973 seconds, Stopping threads took: 0.0001077 seconds
2021-03-30T10:59:07.281+0800: 4452.695: Total time for which application threads were stopped: 0.0004884 seconds, Stopping threads took: 0.0000722 seconds
2021-03-30T10:59:07.285+0800: 4452.699: Total time for which application threads were stopped: 0.0004864 seconds, Stopping threads took: 0.0001263 seconds
2021-03-30T10:59:07.288+0800: 4452.702: Total time for which application threads were stopped: 0.0004285 seconds, Stopping threads took: 0.0000963 seconds
2021-03-30T10:59:07.295+0800: 4452.709: Total time for which application threads were stopped: 0.0005258 seconds, Stopping threads took: 0.0001648 seconds
2021-03-30T10:59:07.298+0800: 4452.712: Total time for which application threads were stopped: 0.0004757 seconds, Stopping threads took: 0.0001615 seconds
2021-03-30T10:59:07.302+0800: 4452.716: Total time for which application threads were stopped: 0.0004940 seconds, Stopping threads took: 0.0001524 seconds
2021-03-30T10:59:07.302+0800: 4452.717: Total time for which application threads were stopped: 0.0003015 seconds, Stopping threads took: 0.0000366 seconds
2021-03-30T10:59:07.304+0800: 4452.718: Total time for which application threads were stopped: 0.0003595 seconds, Stopping threads took: 0.0000440 seconds
2021-03-30T10:59:07.316+0800: 4452.730: Total time for which application threads were stopped: 0.0005260 seconds, Stopping threads took: 0.0001937 seconds
2021-03-30T10:59:07.317+0800: 4452.731: Total time for which application threads were stopped: 0.0003876 seconds, Stopping threads took: 0.0000447 seconds
2021-03-30T10:59:07.317+0800: 4452.731: Total time for which application threads were stopped: 0.0003509 seconds, Stopping threads took: 0.0000704 seconds
2021-03-30T10:59:07.318+0800: 4452.732: Total time for which application threads were stopped: 0.0004237 seconds, Stopping threads took: 0.0000546 seconds
2021-03-30T10:59:07.318+0800: 4452.733: Total time for which application threads were stopped: 0.0004158 seconds, Stopping threads took: 0.0001778 seconds
2021-03-30T10:59:07.322+0800: 4452.736: Total time for which application threads were stopped: 0.0004958 seconds, Stopping threads took: 0.0000465 seconds
2021-03-30T10:59:07.323+0800: 4452.737: Total time for which application threads were stopped: 0.0004180 seconds, Stopping threads took: 0.0000460 seconds
2021-03-30T10:59:07.339+0800: 4452.754: Total time for which application threads were stopped: 0.0005214 seconds, Stopping threads took: 0.0001705 seconds
2021-03-30T10:59:07.340+0800: 4452.755: Total time for which application threads were stopped: 0.0006254 seconds, Stopping threads took: 0.0001877 seconds
2021-03-30T10:59:07.343+0800: 4452.757: Total time for which application threads were stopped: 0.0004220 seconds, Stopping threads took: 0.0000526 seconds
2021-03-30T10:59:07.353+0800: 4452.768: Total time for which application threads were stopped: 0.0005200 seconds, Stopping threads took: 0.0001510 seconds
2021-03-30T10:59:07.355+0800: 4452.770: Total time for which application threads were stopped: 0.0005187 seconds, Stopping threads took: 0.0000484 seconds
2021-03-30T10:59:07.355+0800: 4452.770: Total time for which application threads were stopped: 0.0003321 seconds, Stopping threads took: 0.0000515 seconds
2021-03-30T10:59:07.356+0800: 4452.771: Total time for which application threads were stopped: 0.0004014 seconds, Stopping threads took: 0.0001192 seconds
2021-03-30T10:59:07.358+0800: 4452.773: Total time for which application threads were stopped: 0.0004199 seconds, Stopping threads took: 0.0000552 seconds
2021-03-30T10:59:07.359+0800: 4452.774: Total time for which application threads were stopped: 0.0003685 seconds, Stopping threads took: 0.0000426 seconds
2021-03-30T10:59:07.360+0800: 4452.774: Total time for which application threads were stopped: 0.0003907 seconds, Stopping threads took: 0.0001303 seconds
2021-03-30T10:59:07.361+0800: 4452.775: Total time for which application threads were stopped: 0.0002672 seconds, Stopping threads took: 0.0000345 seconds
2021-03-30T10:59:09.306+0800: 4454.721: Total time for which application threads were stopped: 0.0006591 seconds, Stopping threads took: 0.0001792 seconds
2021-03-30T10:59:09.312+0800: 4454.726: Total time for which application threads were stopped: 0.0006136 seconds, Stopping threads took: 0.0001692 seconds
2021-03-30T10:59:09.321+0800: 4454.736: Total time for which application threads were stopped: 0.0007316 seconds, Stopping threads took: 0.0002734 seconds
2021-03-30T10:59:09.339+0800: 4454.753: Total time for which application threads were stopped: 0.0006746 seconds, Stopping threads took: 0.0001751 seconds
2021-03-30T10:59:09.340+0800: 4454.754: Total time for which application threads were stopped: 0.0005332 seconds, Stopping threads took: 0.0001202 seconds
2021-03-30T10:59:09.344+0800: 4454.758: Total time for which application threads were stopped: 0.0007836 seconds, Stopping threads took: 0.0002451 seconds
2021-03-30T10:59:09.346+0800: 4454.760: Total time for which application threads were stopped: 0.0004551 seconds, Stopping threads took: 0.0000683 seconds
2021-03-30T10:59:09.350+0800: 4454.764: Total time for which application threads were stopped: 0.0004494 seconds, Stopping threads took: 0.0000593 seconds
2021-03-30T10:59:09.350+0800: 4454.764: Total time for which application threads were stopped: 0.0003420 seconds, Stopping threads took: 0.0000479 seconds
2021-03-30T10:59:09.351+0800: 4454.765: Total time for which application threads were stopped: 0.0006570 seconds, Stopping threads took: 0.0000568 seconds
2021-03-30T10:59:09.354+0800: 4454.768: Total time for which application threads were stopped: 0.0005470 seconds, Stopping threads took: 0.0001887 seconds
2021-03-30T10:59:09.432+0800: 4454.847: Total time for which application threads were stopped: 0.0004941 seconds, Stopping threads took: 0.0001312 seconds
2021-03-30T10:59:09.435+0800: 4454.849: Total time for which application threads were stopped: 0.0003920 seconds, Stopping threads took: 0.0000549 seconds
2021-03-30T10:59:09.435+0800: 4454.850: Total time for which application threads were stopped: 0.0005046 seconds, Stopping threads took: 0.0002163 seconds
2021-03-30T10:59:09.436+0800: 4454.850: Total time for which application threads were stopped: 0.0003825 seconds, Stopping threads took: 0.0001121 seconds
2021-03-30T10:59:09.441+0800: 4454.856: Total time for which application threads were stopped: 0.0003773 seconds, Stopping threads took: 0.0000574 seconds
2021-03-30T10:59:09.444+0800: 4454.858: Total time for which application threads were stopped: 0.0005167 seconds, Stopping threads took: 0.0000759 seconds
2021-03-30T10:59:09.448+0800: 4454.862: Total time for which application threads were stopped: 0.0005513 seconds, Stopping threads took: 0.0002084 seconds
2021-03-30T10:59:09.448+0800: 4454.863: Total time for which application threads were stopped: 0.0003962 seconds, Stopping threads took: 0.0001335 seconds
2021-03-30T10:59:09.449+0800: 4454.863: Total time for which application threads were stopped: 0.0004203 seconds, Stopping threads took: 0.0000855 seconds
2021-03-30T10:59:09.453+0800: 4454.867: Total time for which application threads were stopped: 0.0005836 seconds, Stopping threads took: 0.0001065 seconds
2021-03-30T10:59:09.524+0800: 4454.938: Total time for which application threads were stopped: 0.0004573 seconds, Stopping threads took: 0.0001565 seconds
2021-03-30T10:59:09.525+0800: 4454.939: Total time for which application threads were stopped: 0.0003810 seconds, Stopping threads took: 0.0001453 seconds
2021-03-30T10:59:09.525+0800: 4454.939: Total time for which application threads were stopped: 0.0001818 seconds, Stopping threads took: 0.0000335 seconds
2021-03-30T10:59:09.526+0800: 4454.940: Total time for which application threads were stopped: 0.0002886 seconds, Stopping threads took: 0.0000614 seconds
2021-03-30T10:59:09.570+0800: 4454.984: Total time for which application threads were stopped: 0.0006152 seconds, Stopping threads took: 0.0002214 seconds
2021-03-30T10:59:09.574+0800: 4454.989: Total time for which application threads were stopped: 0.0009053 seconds, Stopping threads took: 0.0003039 seconds
2021-03-30T10:59:09.588+0800: 4455.002: Total time for which application threads were stopped: 0.0005403 seconds, Stopping threads took: 0.0001671 seconds
2021-03-30T10:59:09.590+0800: 4455.004: Total time for which application threads were stopped: 0.0006838 seconds, Stopping threads took: 0.0001328 seconds
2021-03-30T10:59:09.602+0800: 4455.016: Total time for which application threads were stopped: 0.0004018 seconds, Stopping threads took: 0.0000564 seconds
2021-03-30T10:59:09.603+0800: 4455.017: Total time for which application threads were stopped: 0.0003417 seconds, Stopping threads took: 0.0000800 seconds
2021-03-30T10:59:09.604+0800: 4455.019: Total time for which application threads were stopped: 0.0003761 seconds, Stopping threads took: 0.0000455 seconds
2021-03-30T10:59:09.607+0800: 4455.021: Total time for which application threads were stopped: 0.0004581 seconds, Stopping threads took: 0.0001091 seconds
2021-03-30T10:59:09.609+0800: 4455.024: Total time for which application threads were stopped: 0.0006158 seconds, Stopping threads took: 0.0000992 seconds
2021-03-30T10:59:09.610+0800: 4455.025: Total time for which application threads were stopped: 0.0006438 seconds, Stopping threads took: 0.0002399 seconds
2021-03-30T10:59:09.611+0800: 4455.025: Total time for which application threads were stopped: 0.0005017 seconds, Stopping threads took: 0.0001925 seconds
2021-03-30T10:59:09.612+0800: 4455.027: Total time for which application threads were stopped: 0.0003651 seconds, Stopping threads took: 0.0000431 seconds
2021-03-30T10:59:09.612+0800: 4455.027: Total time for which application threads were stopped: 0.0004124 seconds, Stopping threads took: 0.0001013 seconds
2021-03-30T10:59:09.613+0800: 4455.028: Total time for which application threads were stopped: 0.0003897 seconds, Stopping threads took: 0.0000966 seconds
2021-03-30T10:59:09.616+0800: 4455.030: Total time for which application threads were stopped: 0.0004519 seconds, Stopping threads took: 0.0000433 seconds
2021-03-30T10:59:09.616+0800: 4455.031: Total time for which application threads were stopped: 0.0002702 seconds, Stopping threads took: 0.0000381 seconds
2021-03-30T10:59:09.627+0800: 4455.041: Total time for which application threads were stopped: 0.0005399 seconds, Stopping threads took: 0.0001346 seconds
2021-03-30T10:59:09.705+0800: 4455.119: Total time for which application threads were stopped: 0.0004662 seconds, Stopping threads took: 0.0001318 seconds
2021-03-30T10:59:09.705+0800: 4455.120: Total time for which application threads were stopped: 0.0004040 seconds, Stopping threads took: 0.0001050 seconds
2021-03-30T10:59:09.706+0800: 4455.120: Total time for which application threads were stopped: 0.0003863 seconds, Stopping threads took: 0.0001137 seconds
2021-03-30T10:59:09.708+0800: 4455.122: Total time for which application threads were stopped: 0.0004825 seconds, Stopping threads took: 0.0001288 seconds
2021-03-30T10:59:09.709+0800: 4455.123: Total time for which application threads were stopped: 0.0013492 seconds, Stopping threads took: 0.0001125 seconds
2021-03-30T10:59:09.710+0800: 4455.124: Total time for which application threads were stopped: 0.0004482 seconds, Stopping threads took: 0.0001059 seconds
2021-03-30T10:59:09.711+0800: 4455.125: Total time for which application threads were stopped: 0.0004923 seconds, Stopping threads took: 0.0001113 seconds
2021-03-30T10:59:09.712+0800: 4455.126: Total time for which application threads were stopped: 0.0004385 seconds, Stopping threads took: 0.0000936 seconds
2021-03-30T10:59:09.715+0800: 4455.130: Total time for which application threads were stopped: 0.0005538 seconds, Stopping threads took: 0.0001311 seconds
2021-03-30T10:59:09.717+0800: 4455.132: Total time for which application threads were stopped: 0.0004239 seconds, Stopping threads took: 0.0001076 seconds
2021-03-30T10:59:09.720+0800: 4455.135: Total time for which application threads were stopped: 0.0004441 seconds, Stopping threads took: 0.0001231 seconds
2021-03-30T10:59:09.721+0800: 4455.135: Total time for which application threads were stopped: 0.0003260 seconds, Stopping threads took: 0.0000924 seconds
2021-03-30T10:59:09.721+0800: 4455.136: Total time for which application threads were stopped: 0.0002862 seconds, Stopping threads took: 0.0000839 seconds
2021-03-30T10:59:09.725+0800: 4455.140: Total time for which application threads were stopped: 0.0011424 seconds, Stopping threads took: 0.0001276 seconds
2021-03-30T10:59:09.734+0800: 4455.149: Total time for which application threads were stopped: 0.0011152 seconds, Stopping threads took: 0.0000816 seconds
2021-03-30T10:59:09.812+0800: 4455.226: Total time for which application threads were stopped: 0.0005143 seconds, Stopping threads took: 0.0000732 seconds
2021-03-30T10:59:09.813+0800: 4455.227: Total time for which application threads were stopped: 0.0004358 seconds, Stopping threads took: 0.0001039 seconds
2021-03-30T10:59:11.220+0800: 4456.634: Total time for which application threads were stopped: 0.0004963 seconds, Stopping threads took: 0.0001507 seconds
2021-03-30T10:59:11.226+0800: 4456.640: Total time for which application threads were stopped: 0.0006168 seconds, Stopping threads took: 0.0001341 seconds
2021-03-30T10:59:12.238+0800: 4457.653: Total time for which application threads were stopped: 0.0011385 seconds, Stopping threads took: 0.0001514 seconds
2021-03-30T10:59:13.253+0800: 4458.668: Total time for which application threads were stopped: 0.0006592 seconds, Stopping threads took: 0.0001130 seconds
2021-03-30T10:59:13.379+0800: 4458.793: Total time for which application threads were stopped: 0.0006753 seconds, Stopping threads took: 0.0001152 seconds
2021-03-30T10:59:50.135+0800: 4495.549: Total time for which application threads were stopped: 0.0007129 seconds, Stopping threads took: 0.0001979 seconds
2021-03-30T10:59:50.139+0800: 4495.554: Total time for which application threads were stopped: 0.0004648 seconds, Stopping threads took: 0.0000766 seconds
2021-03-30T10:59:51.151+0800: 4496.566: Total time for which application threads were stopped: 0.0005964 seconds, Stopping threads took: 0.0001338 seconds
2021-03-30T10:59:55.093+0800: 4500.507: Total time for which application threads were stopped: 0.0007076 seconds, Stopping threads took: 0.0001655 seconds
2021-03-30T10:59:55.094+0800: 4500.508: Total time for which application threads were stopped: 0.0006003 seconds, Stopping threads took: 0.0001830 seconds
2021-03-30T10:59:55.095+0800: 4500.509: Total time for which application threads were stopped: 0.0005714 seconds, Stopping threads took: 0.0001418 seconds
2021-03-30T10:59:55.099+0800: 4500.513: Total time for which application threads were stopped: 0.0006095 seconds, Stopping threads took: 0.0002729 seconds
2021-03-30T10:59:55.104+0800: 4500.518: Total time for which application threads were stopped: 0.0005337 seconds, Stopping threads took: 0.0001553 seconds
2021-03-30T10:59:55.104+0800: 4500.518: Total time for which application threads were stopped: 0.0004663 seconds, Stopping threads took: 0.0001415 seconds
2021-03-30T10:59:55.108+0800: 4500.522: Total time for which application threads were stopped: 0.0012995 seconds, Stopping threads took: 0.0002094 seconds
2021-03-30T10:59:55.110+0800: 4500.524: Total time for which application threads were stopped: 0.0005566 seconds, Stopping threads took: 0.0002166 seconds
2021-03-30T10:59:55.161+0800: 4500.575: Total time for which application threads were stopped: 0.0004065 seconds, Stopping threads took: 0.0000583 seconds
2021-03-30T10:59:55.162+0800: 4500.576: Total time for which application threads were stopped: 0.0003546 seconds, Stopping threads took: 0.0000370 seconds
2021-03-30T10:59:55.164+0800: 4500.578: Total time for which application threads were stopped: 0.0005454 seconds, Stopping threads took: 0.0001991 seconds
2021-03-30T10:59:55.164+0800: 4500.578: Total time for which application threads were stopped: 0.0004668 seconds, Stopping threads took: 0.0001493 seconds
2021-03-30T10:59:55.165+0800: 4500.579: Total time for which application threads were stopped: 0.0004381 seconds, Stopping threads took: 0.0000459 seconds
2021-03-30T10:59:55.167+0800: 4500.582: Total time for which application threads were stopped: 0.0004590 seconds, Stopping threads took: 0.0000735 seconds
2021-03-30T10:59:55.167+0800: 4500.582: Total time for which application threads were stopped: 0.0003932 seconds, Stopping threads took: 0.0001298 seconds
2021-03-30T10:59:55.168+0800: 4500.583: Total time for which application threads were stopped: 0.0006760 seconds, Stopping threads took: 0.0004198 seconds
2021-03-30T10:59:55.171+0800: 4500.586: Total time for which application threads were stopped: 0.0003973 seconds, Stopping threads took: 0.0000544 seconds
2021-03-30T10:59:55.173+0800: 4500.588: Total time for which application threads were stopped: 0.0004754 seconds, Stopping threads took: 0.0001444 seconds
2021-03-30T10:59:55.214+0800: 4500.628: Total time for which application threads were stopped: 0.0003143 seconds, Stopping threads took: 0.0000441 seconds
2021-03-30T10:59:55.216+0800: 4500.630: Total time for which application threads were stopped: 0.0003700 seconds, Stopping threads took: 0.0001186 seconds
2021-03-30T10:59:55.218+0800: 4500.632: Total time for which application threads were stopped: 0.0002783 seconds, Stopping threads took: 0.0000625 seconds
2021-03-30T10:59:55.218+0800: 4500.633: Total time for which application threads were stopped: 0.0002846 seconds, Stopping threads took: 0.0000898 seconds
2021-03-30T10:59:55.222+0800: 4500.637: Total time for which application threads were stopped: 0.0004770 seconds, Stopping threads took: 0.0001750 seconds
2021-03-30T10:59:55.223+0800: 4500.637: Total time for which application threads were stopped: 0.0003992 seconds, Stopping threads took: 0.0001523 seconds
2021-03-30T10:59:55.223+0800: 4500.638: Total time for which application threads were stopped: 0.0003140 seconds, Stopping threads took: 0.0001533 seconds
2021-03-30T10:59:55.226+0800: 4500.640: Total time for which application threads were stopped: 0.0013599 seconds, Stopping threads took: 0.0001224 seconds
2021-03-30T10:59:55.242+0800: 4500.656: Total time for which application threads were stopped: 0.0017101 seconds, Stopping threads took: 0.0001607 seconds
{Heap before GC invocations=14 (full 0):
 garbage-first heap   total 524288K, used 384128K [0x00000000e0000000, 0x00000000e0101000, 0x0000000100000000)
  region size 1024K, 307 young (314368K), 17 survivors (17408K)
 Metaspace       used 65385K, capacity 69782K, committed 70088K, reserved 1110016K
  class space    used 7862K, capacity 8636K, committed 8704K, reserved 1048576K
2021-03-30T10:59:55.268+0800: 4500.683: [GC pause (G1 Evacuation Pause) (young)
Desired survivor size 20447232 bytes, new threshold 15 (max 15)
- age   1:    4640800 bytes,    4640800 total
- age   2:    5751992 bytes,   10392792 total
, 0.0182848 secs]
   [Parallel Time: 10.8 ms, GC Workers: 8]
      [GC Worker Start (ms): Min: 4500682.8, Avg: 4500682.9, Max: 4500683.0, Diff: 0.2]
      [Ext Root Scanning (ms): Min: 0.6, Avg: 1.1, Max: 2.2, Diff: 1.6, Sum: 8.8]
      [Update RS (ms): Min: 0.8, Avg: 1.8, Max: 2.2, Diff: 1.4, Sum: 14.4]
         [Processed Buffers: Min: 2, Avg: 11.0, Max: 18, Diff: 16, Sum: 88]
      [Scan RS (ms): Min: 0.1, Avg: 0.6, Max: 0.8, Diff: 0.7, Sum: 4.6]
      [Code Root Scanning (ms): Min: 0.0, Avg: 0.6, Max: 1.0, Diff: 1.0, Sum: 4.8]
      [Object Copy (ms): Min: 6.0, Avg: 6.3, Max: 6.8, Diff: 0.8, Sum: 50.5]
      [Termination (ms): Min: 0.0, Avg: 0.1, Max: 0.1, Diff: 0.1, Sum: 0.5]
         [Termination Attempts: Min: 1, Avg: 10.1, Max: 17, Diff: 16, Sum: 81]
      [GC Worker Other (ms): Min: 0.0, Avg: 0.1, Max: 0.2, Diff: 0.1, Sum: 0.8]
      [GC Worker Total (ms): Min: 10.5, Avg: 10.6, Max: 10.7, Diff: 0.3, Sum: 84.4]
      [GC Worker End (ms): Min: 4500693.4, Avg: 4500693.5, Max: 4500693.5, Diff: 0.1]
   [Code Root Fixup: 0.3 ms]
   [Code Root Purge: 0.0 ms]
   [Clear CT: 0.3 ms]
   [Other: 6.9 ms]
      [Choose CSet: 0.0 ms]
      [Ref Proc: 5.8 ms]
      [Ref Enq: 0.2 ms]
      [Redirty Cards: 0.3 ms]
      [Humongous Register: 0.0 ms]
      [Humongous Reclaim: 0.0 ms]
      [Free CSet: 0.3 ms]
   [Eden: 290.0M(290.0M)->0.0B(287.0M) Survivors: 17.0M->20.0M Heap: 375.1M(512.0M)->88.1M(512.0M)]
Heap after GC invocations=15 (full 0):
 garbage-first heap   total 524288K, used 90240K [0x00000000e0000000, 0x00000000e0101000, 0x0000000100000000)
  region size 1024K, 20 young (20480K), 20 survivors (20480K)
 Metaspace       used 65385K, capacity 69782K, committed 70088K, reserved 1110016K
  class space    used 7862K, capacity 8636K, committed 8704K, reserved 1048576K
}
 [Times: user=0.11 sys=0.00, real=0.02 secs] 
2021-03-30T10:59:55.286+0800: 4500.701: Total time for which application threads were stopped: 0.0190380 seconds, Stopping threads took: 0.0001488 seconds
2021-03-30T10:59:55.288+0800: 4500.702: Total time for which application threads were stopped: 0.0003245 seconds, Stopping threads took: 0.0000865 seconds
2021-03-30T10:59:55.288+0800: 4500.702: Total time for which application threads were stopped: 0.0003074 seconds, Stopping threads took: 0.0000999 seconds
2021-03-30T10:59:56.300+0800: 4501.714: Total time for which application threads were stopped: 0.0009568 seconds, Stopping threads took: 0.0001453 seconds
2021-03-30T11:00:13.046+0800: 4518.460: Total time for which application threads were stopped: 0.0005346 seconds, Stopping threads took: 0.0001676 seconds
2021-03-30T11:00:13.048+0800: 4518.462: Total time for which application threads were stopped: 0.0004810 seconds, Stopping threads took: 0.0000691 seconds
2021-03-30T11:00:13.049+0800: 4518.464: Total time for which application threads were stopped: 0.0005436 seconds, Stopping threads took: 0.0001295 seconds
2021-03-30T11:00:13.050+0800: 4518.464: Total time for which application threads were stopped: 0.0003860 seconds, Stopping threads took: 0.0000905 seconds
2021-03-30T11:00:13.435+0800: 4518.849: Total time for which application threads were stopped: 0.0002040 seconds, Stopping threads took: 0.0000370 seconds
2021-03-30T11:00:13.435+0800: 4518.849: Total time for which application threads were stopped: 0.0001482 seconds, Stopping threads took: 0.0000186 seconds
2021-03-30T11:00:13.435+0800: 4518.850: Total time for which application threads were stopped: 0.0001201 seconds, Stopping threads took: 0.0000181 seconds
2021-03-30T11:00:13.435+0800: 4518.850: Total time for which application threads were stopped: 0.0001275 seconds, Stopping threads took: 0.0000181 seconds
2021-03-30T11:00:13.435+0800: 4518.850: Total time for which application threads were stopped: 0.0001265 seconds, Stopping threads took: 0.0000180 seconds
2021-03-30T11:00:13.436+0800: 4518.850: Total time for which application threads were stopped: 0.0001278 seconds, Stopping threads took: 0.0000164 seconds
2021-03-30T11:00:13.436+0800: 4518.850: Total time for which application threads were stopped: 0.0001182 seconds, Stopping threads took: 0.0000180 seconds
2021-03-30T11:00:13.437+0800: 4518.851: Total time for which application threads were stopped: 0.0001280 seconds, Stopping threads took: 0.0000178 seconds
2021-03-30T11:00:13.437+0800: 4518.851: Total time for which application threads were stopped: 0.0001271 seconds, Stopping threads took: 0.0000179 seconds
2021-03-30T11:00:13.437+0800: 4518.851: Total time for which application threads were stopped: 0.0001269 seconds, Stopping threads took: 0.0000180 seconds
2021-03-30T11:00:13.437+0800: 4518.851: Total time for which application threads were stopped: 0.0001269 seconds, Stopping threads took: 0.0000179 seconds
2021-03-30T11:00:13.437+0800: 4518.852: Total time for which application threads were stopped: 0.0001264 seconds, Stopping threads took: 0.0000176 seconds
2021-03-30T11:00:13.437+0800: 4518.852: Total time for which application threads were stopped: 0.0001179 seconds, Stopping threads took: 0.0000178 seconds
2021-03-30T11:00:13.437+0800: 4518.852: Total time for which application threads were stopped: 0.0001270 seconds, Stopping threads took: 0.0000179 seconds
2021-03-30T11:00:13.437+0800: 4518.852: Total time for which application threads were stopped: 0.0001213 seconds, Stopping threads took: 0.0000165 seconds
2021-03-30T11:00:13.438+0800: 4518.852: Total time for which application threads were stopped: 0.0001261 seconds, Stopping threads took: 0.0000170 seconds
2021-03-30T11:00:13.438+0800: 4518.853: Total time for which application threads were stopped: 0.0001323 seconds, Stopping threads took: 0.0000186 seconds
2021-03-30T11:00:13.441+0800: 4518.855: Total time for which application threads were stopped: 0.0002132 seconds, Stopping threads took: 0.0000346 seconds
2021-03-30T11:00:13.441+0800: 4518.856: Total time for which application threads were stopped: 0.0003210 seconds, Stopping threads took: 0.0001699 seconds
2021-03-30T11:00:13.442+0800: 4518.857: Total time for which application threads were stopped: 0.0007219 seconds, Stopping threads took: 0.0001110 seconds
2021-03-30T11:00:14.442+0800: 4519.857: Total time for which application threads were stopped: 0.0006108 seconds, Stopping threads took: 0.0001250 seconds
2021-03-30T11:00:37.514+0800: 4542.929: Total time for which application threads were stopped: 0.0006950 seconds, Stopping threads took: 0.0001173 seconds
2021-03-30T11:01:13.602+0800: 4579.017: Total time for which application threads were stopped: 0.0006573 seconds, Stopping threads took: 0.0001207 seconds
2021-03-30T11:01:55.665+0800: 4621.079: Total time for which application threads were stopped: 0.0003313 seconds, Stopping threads took: 0.0000595 seconds
2021-03-30T11:02:13.769+0800: 4639.184: Total time for which application threads were stopped: 0.0005712 seconds, Stopping threads took: 0.0000994 seconds
2021-03-30T11:03:13.902+0800: 4699.317: Total time for which application threads were stopped: 0.0005865 seconds, Stopping threads took: 0.0001024 seconds
2021-03-30T11:04:13.256+0800: 4758.671: Total time for which application threads were stopped: 0.0006265 seconds, Stopping threads took: 0.0001258 seconds
2021-03-30T11:04:13.742+0800: 4759.157: Total time for which application threads were stopped: 0.0006308 seconds, Stopping threads took: 0.0000949 seconds
2021-03-30T11:04:13.743+0800: 4759.158: Total time for which application threads were stopped: 0.0005014 seconds, Stopping threads took: 0.0000765 seconds
2021-03-30T11:04:13.744+0800: 4759.158: Total time for which application threads were stopped: 0.0005141 seconds, Stopping threads took: 0.0000620 seconds
2021-03-30T11:04:13.745+0800: 4759.159: Total time for which application threads were stopped: 0.0004495 seconds, Stopping threads took: 0.0000634 seconds
2021-03-30T11:04:13.746+0800: 4759.160: Total time for which application threads were stopped: 0.0004933 seconds, Stopping threads took: 0.0000620 seconds
2021-03-30T11:04:13.746+0800: 4759.160: Total time for which application threads were stopped: 0.0004344 seconds, Stopping threads took: 0.0000630 seconds
2021-03-30T11:04:13.747+0800: 4759.161: Total time for which application threads were stopped: 0.0005130 seconds, Stopping threads took: 0.0000629 seconds
2021-03-30T11:04:13.748+0800: 4759.162: Total time for which application threads were stopped: 0.0005009 seconds, Stopping threads took: 0.0000619 seconds
2021-03-30T11:04:13.748+0800: 4759.163: Total time for which application threads were stopped: 0.0006590 seconds, Stopping threads took: 0.0000886 seconds
2021-03-30T11:04:13.749+0800: 4759.163: Total time for which application threads were stopped: 0.0005066 seconds, Stopping threads took: 0.0000745 seconds
2021-03-30T11:04:13.750+0800: 4759.164: Total time for which application threads were stopped: 0.0004714 seconds, Stopping threads took: 0.0000623 seconds
2021-03-30T11:04:13.750+0800: 4759.165: Total time for which application threads were stopped: 0.0004594 seconds, Stopping threads took: 0.0000656 seconds
2021-03-30T11:04:13.751+0800: 4759.165: Total time for which application threads were stopped: 0.0004504 seconds, Stopping threads took: 0.0000587 seconds
2021-03-30T11:04:13.752+0800: 4759.166: Total time for which application threads were stopped: 0.0004618 seconds, Stopping threads took: 0.0000628 seconds
2021-03-30T11:04:13.752+0800: 4759.166: Total time for which application threads were stopped: 0.0004600 seconds, Stopping threads took: 0.0000624 seconds
2021-03-30T11:04:13.777+0800: 4759.192: Total time for which application threads were stopped: 0.0005808 seconds, Stopping threads took: 0.0000873 seconds
2021-03-30T11:05:53.922+0800: 4859.336: Total time for which application threads were stopped: 0.0005841 seconds, Stopping threads took: 0.0001013 seconds
2021-03-30T11:06:12.303+0800: 4877.717: Total time for which application threads were stopped: 0.0009706 seconds, Stopping threads took: 0.0000525 seconds
2021-03-30T11:06:12.307+0800: 4877.721: Total time for which application threads were stopped: 0.0004191 seconds, Stopping threads took: 0.0000885 seconds
2021-03-30T11:06:12.310+0800: 4877.724: Total time for which application threads were stopped: 0.0006431 seconds, Stopping threads took: 0.0002390 seconds
2021-03-30T11:06:12.310+0800: 4877.725: Total time for which application threads were stopped: 0.0005027 seconds, Stopping threads took: 0.0002285 seconds
2021-03-30T11:06:12.311+0800: 4877.726: Total time for which application threads were stopped: 0.0005189 seconds, Stopping threads took: 0.0002707 seconds
2021-03-30T11:06:12.312+0800: 4877.727: Total time for which application threads were stopped: 0.0003186 seconds, Stopping threads took: 0.0000604 seconds
2021-03-30T11:06:12.313+0800: 4877.727: Total time for which application threads were stopped: 0.0004260 seconds, Stopping threads took: 0.0001620 seconds
2021-03-30T11:06:12.314+0800: 4877.728: Total time for which application threads were stopped: 0.0003805 seconds, Stopping threads took: 0.0001428 seconds
2021-03-30T11:06:12.314+0800: 4877.728: Total time for which application threads were stopped: 0.0004620 seconds, Stopping threads took: 0.0001266 seconds
2021-03-30T11:06:12.320+0800: 4877.734: Total time for which application threads were stopped: 0.0006166 seconds, Stopping threads took: 0.0002150 seconds
2021-03-30T11:06:12.324+0800: 4877.738: Total time for which application threads were stopped: 0.0008632 seconds, Stopping threads took: 0.0001556 seconds
2021-03-30T11:06:12.325+0800: 4877.739: Total time for which application threads were stopped: 0.0004236 seconds, Stopping threads took: 0.0000656 seconds
2021-03-30T11:06:12.326+0800: 4877.741: Total time for which application threads were stopped: 0.0005043 seconds, Stopping threads took: 0.0001844 seconds
2021-03-30T11:06:12.333+0800: 4877.748: Total time for which application threads were stopped: 0.0008078 seconds, Stopping threads took: 0.0002911 seconds
2021-03-30T11:06:12.335+0800: 4877.749: Total time for which application threads were stopped: 0.0005447 seconds, Stopping threads took: 0.0001793 seconds
2021-03-30T11:06:12.336+0800: 4877.750: Total time for which application threads were stopped: 0.0004953 seconds, Stopping threads took: 0.0000549 seconds
2021-03-30T11:06:12.337+0800: 4877.752: Total time for which application threads were stopped: 0.0004408 seconds, Stopping threads took: 0.0001345 seconds
2021-03-30T11:06:12.338+0800: 4877.752: Total time for which application threads were stopped: 0.0005035 seconds, Stopping threads took: 0.0002241 seconds
2021-03-30T11:06:12.340+0800: 4877.754: Total time for which application threads were stopped: 0.0004947 seconds, Stopping threads took: 0.0001666 seconds
2021-03-30T11:06:12.341+0800: 4877.755: Total time for which application threads were stopped: 0.0005369 seconds, Stopping threads took: 0.0001719 seconds
2021-03-30T11:06:12.344+0800: 4877.758: Total time for which application threads were stopped: 0.0003353 seconds, Stopping threads took: 0.0000567 seconds
2021-03-30T11:06:12.351+0800: 4877.765: Total time for which application threads were stopped: 0.0004368 seconds, Stopping threads took: 0.0000580 seconds
2021-03-30T11:06:12.353+0800: 4877.767: Total time for which application threads were stopped: 0.0004946 seconds, Stopping threads took: 0.0001420 seconds
2021-03-30T11:06:12.353+0800: 4877.768: Total time for which application threads were stopped: 0.0004237 seconds, Stopping threads took: 0.0001131 seconds
2021-03-30T11:06:12.355+0800: 4877.769: Total time for which application threads were stopped: 0.0003366 seconds, Stopping threads took: 0.0000534 seconds
2021-03-30T11:06:12.356+0800: 4877.770: Total time for which application threads were stopped: 0.0003930 seconds, Stopping threads took: 0.0000498 seconds
2021-03-30T11:06:12.369+0800: 4877.783: Total time for which application threads were stopped: 0.0004346 seconds, Stopping threads took: 0.0000718 seconds
2021-03-30T11:06:12.369+0800: 4877.783: Total time for which application threads were stopped: 0.0003449 seconds, Stopping threads took: 0.0000459 seconds
2021-03-30T11:06:12.369+0800: 4877.784: Total time for which application threads were stopped: 0.0003148 seconds, Stopping threads took: 0.0000436 seconds
2021-03-30T11:06:12.370+0800: 4877.785: Total time for which application threads were stopped: 0.0004932 seconds, Stopping threads took: 0.0001763 seconds
2021-03-30T11:06:12.372+0800: 4877.786: Total time for which application threads were stopped: 0.0005374 seconds, Stopping threads took: 0.0001666 seconds
2021-03-30T11:06:12.372+0800: 4877.787: Total time for which application threads were stopped: 0.0006111 seconds, Stopping threads took: 0.0002561 seconds
2021-03-30T11:06:12.373+0800: 4877.787: Total time for which application threads were stopped: 0.0003928 seconds, Stopping threads took: 0.0000505 seconds
2021-03-30T11:06:12.377+0800: 4877.792: Total time for which application threads were stopped: 0.0006255 seconds, Stopping threads took: 0.0001877 seconds
2021-03-30T11:06:12.379+0800: 4877.793: Total time for which application threads were stopped: 0.0005318 seconds, Stopping threads took: 0.0001193 seconds
2021-03-30T11:06:12.397+0800: 4877.811: Total time for which application threads were stopped: 0.0004777 seconds, Stopping threads took: 0.0000658 seconds
2021-03-30T11:06:12.397+0800: 4877.812: Total time for which application threads were stopped: 0.0003552 seconds, Stopping threads took: 0.0000501 seconds
2021-03-30T11:06:12.401+0800: 4877.815: Total time for which application threads were stopped: 0.0005178 seconds, Stopping threads took: 0.0001732 seconds
2021-03-30T11:06:12.402+0800: 4877.817: Total time for which application threads were stopped: 0.0005130 seconds, Stopping threads took: 0.0001620 seconds
2021-03-30T11:06:12.415+0800: 4877.829: Total time for which application threads were stopped: 0.0004363 seconds, Stopping threads took: 0.0000664 seconds
2021-03-30T11:06:12.416+0800: 4877.830: Total time for which application threads were stopped: 0.0004055 seconds, Stopping threads took: 0.0000627 seconds
2021-03-30T11:06:12.416+0800: 4877.831: Total time for which application threads were stopped: 0.0002724 seconds, Stopping threads took: 0.0000395 seconds
2021-03-30T11:06:12.417+0800: 4877.831: Total time for which application threads were stopped: 0.0002832 seconds, Stopping threads took: 0.0000546 seconds
2021-03-30T11:06:12.419+0800: 4877.833: Total time for which application threads were stopped: 0.0005298 seconds, Stopping threads took: 0.0002091 seconds
2021-03-30T11:06:12.421+0800: 4877.835: Total time for which application threads were stopped: 0.0005867 seconds, Stopping threads took: 0.0001095 seconds
2021-03-30T11:06:12.449+0800: 4877.863: Total time for which application threads were stopped: 0.0004208 seconds, Stopping threads took: 0.0000619 seconds
2021-03-30T11:06:12.458+0800: 4877.872: Total time for which application threads were stopped: 0.0006584 seconds, Stopping threads took: 0.0002424 seconds
2021-03-30T11:06:12.461+0800: 4877.875: Total time for which application threads were stopped: 0.0015512 seconds, Stopping threads took: 0.0002234 seconds
2021-03-30T11:06:12.470+0800: 4877.884: Total time for which application threads were stopped: 0.0006852 seconds, Stopping threads took: 0.0002448 seconds
2021-03-30T11:06:12.476+0800: 4877.890: Total time for which application threads were stopped: 0.0006783 seconds, Stopping threads took: 0.0000987 seconds
2021-03-30T11:06:12.481+0800: 4877.895: Total time for which application threads were stopped: 0.0005688 seconds, Stopping threads took: 0.0000870 seconds
2021-03-30T11:06:12.482+0800: 4877.896: Total time for which application threads were stopped: 0.0004039 seconds, Stopping threads took: 0.0000533 seconds
2021-03-30T11:06:12.486+0800: 4877.900: Total time for which application threads were stopped: 0.0005775 seconds, Stopping threads took: 0.0001758 seconds
2021-03-30T11:06:12.487+0800: 4877.901: Total time for which application threads were stopped: 0.0005344 seconds, Stopping threads took: 0.0001689 seconds
2021-03-30T11:06:12.489+0800: 4877.903: Total time for which application threads were stopped: 0.0005018 seconds, Stopping threads took: 0.0000763 seconds
2021-03-30T11:06:12.490+0800: 4877.904: Total time for which application threads were stopped: 0.0005579 seconds, Stopping threads took: 0.0001711 seconds
2021-03-30T11:06:12.492+0800: 4877.907: Total time for which application threads were stopped: 0.0005031 seconds, Stopping threads took: 0.0000709 seconds
2021-03-30T11:06:12.497+0800: 4877.911: Total time for which application threads were stopped: 0.0004800 seconds, Stopping threads took: 0.0000844 seconds
2021-03-30T11:06:12.497+0800: 4877.912: Total time for which application threads were stopped: 0.0006850 seconds, Stopping threads took: 0.0000573 seconds
2021-03-30T11:06:12.498+0800: 4877.912: Total time for which application threads were stopped: 0.0004623 seconds, Stopping threads took: 0.0000537 seconds
2021-03-30T11:06:12.501+0800: 4877.915: Total time for which application threads were stopped: 0.0005498 seconds, Stopping threads took: 0.0001783 seconds
2021-03-30T11:06:12.579+0800: 4877.994: Total time for which application threads were stopped: 0.0005436 seconds, Stopping threads took: 0.0001329 seconds
2021-03-30T11:06:12.583+0800: 4877.997: Total time for which application threads were stopped: 0.0006401 seconds, Stopping threads took: 0.0001099 seconds
2021-03-30T11:06:12.584+0800: 4877.998: Total time for which application threads were stopped: 0.0005209 seconds, Stopping threads took: 0.0001122 seconds
2021-03-30T11:06:12.584+0800: 4877.999: Total time for which application threads were stopped: 0.0004898 seconds, Stopping threads took: 0.0000538 seconds
2021-03-30T11:06:12.584+0800: 4877.999: Total time for which application threads were stopped: 0.0004120 seconds, Stopping threads took: 0.0000975 seconds
2021-03-30T11:06:12.589+0800: 4878.003: Total time for which application threads were stopped: 0.0006041 seconds, Stopping threads took: 0.0001501 seconds
2021-03-30T11:06:12.591+0800: 4878.005: Total time for which application threads were stopped: 0.0006321 seconds, Stopping threads took: 0.0000971 seconds
2021-03-30T11:06:12.595+0800: 4878.009: Total time for which application threads were stopped: 0.0006374 seconds, Stopping threads took: 0.0001744 seconds
2021-03-30T11:06:12.599+0800: 4878.014: Total time for which application threads were stopped: 0.0005047 seconds, Stopping threads took: 0.0000868 seconds
2021-03-30T11:06:12.600+0800: 4878.014: Total time for which application threads were stopped: 0.0003918 seconds, Stopping threads took: 0.0000567 seconds
2021-03-30T11:06:12.600+0800: 4878.015: Total time for which application threads were stopped: 0.0006363 seconds, Stopping threads took: 0.0000549 seconds
2021-03-30T11:06:12.605+0800: 4878.019: Total time for which application threads were stopped: 0.0004330 seconds, Stopping threads took: 0.0000625 seconds
2021-03-30T11:06:12.681+0800: 4878.096: Total time for which application threads were stopped: 0.0007154 seconds, Stopping threads took: 0.0002315 seconds
2021-03-30T11:06:12.689+0800: 4878.104: Total time for which application threads were stopped: 0.0005473 seconds, Stopping threads took: 0.0001705 seconds
2021-03-30T11:06:12.690+0800: 4878.104: Total time for which application threads were stopped: 0.0003451 seconds, Stopping threads took: 0.0000428 seconds
2021-03-30T11:06:12.690+0800: 4878.105: Total time for which application threads were stopped: 0.0004389 seconds, Stopping threads took: 0.0001668 seconds
2021-03-30T11:06:12.717+0800: 4878.131: Total time for which application threads were stopped: 0.0007555 seconds, Stopping threads took: 0.0002315 seconds
2021-03-30T11:06:12.724+0800: 4878.138: Total time for which application threads were stopped: 0.0009246 seconds, Stopping threads took: 0.0001971 seconds
2021-03-30T11:06:12.728+0800: 4878.142: Total time for which application threads were stopped: 0.0007727 seconds, Stopping threads took: 0.0002078 seconds
2021-03-30T11:06:12.733+0800: 4878.147: Total time for which application threads were stopped: 0.0008344 seconds, Stopping threads took: 0.0002059 seconds
2021-03-30T11:06:12.747+0800: 4878.161: Total time for which application threads were stopped: 0.0004760 seconds, Stopping threads took: 0.0000979 seconds
2021-03-30T11:06:12.748+0800: 4878.161: Total time for which application threads were stopped: 0.0006376 seconds, Stopping threads took: 0.0001265 seconds
2021-03-30T11:06:12.750+0800: 4878.164: Total time for which application threads were stopped: 0.0004810 seconds, Stopping threads took: 0.0000625 seconds
2021-03-30T11:06:12.754+0800: 4878.168: Total time for which application threads were stopped: 0.0021197 seconds, Stopping threads took: 0.0002151 seconds
2021-03-30T11:06:12.757+0800: 4878.171: Total time for which application threads were stopped: 0.0006727 seconds, Stopping threads took: 0.0002346 seconds
2021-03-30T11:06:12.757+0800: 4878.172: Total time for which application threads were stopped: 0.0005081 seconds, Stopping threads took: 0.0001471 seconds
2021-03-30T11:06:12.758+0800: 4878.172: Total time for which application threads were stopped: 0.0003602 seconds, Stopping threads took: 0.0000467 seconds
2021-03-30T11:06:12.759+0800: 4878.173: Total time for which application threads were stopped: 0.0003415 seconds, Stopping threads took: 0.0000463 seconds
2021-03-30T11:06:12.760+0800: 4878.174: Total time for which application threads were stopped: 0.0003779 seconds, Stopping threads took: 0.0000679 seconds
2021-03-30T11:06:12.761+0800: 4878.175: Total time for which application threads were stopped: 0.0004460 seconds, Stopping threads took: 0.0000970 seconds
2021-03-30T11:06:12.763+0800: 4878.177: Total time for which application threads were stopped: 0.0004586 seconds, Stopping threads took: 0.0000568 seconds
2021-03-30T11:06:12.764+0800: 4878.178: Total time for which application threads were stopped: 0.0004769 seconds, Stopping threads took: 0.0001504 seconds
2021-03-30T11:06:12.774+0800: 4878.188: Total time for which application threads were stopped: 0.0004726 seconds, Stopping threads took: 0.0000667 seconds
2021-03-30T11:06:12.776+0800: 4878.190: Total time for which application threads were stopped: 0.0006172 seconds, Stopping threads took: 0.0001477 seconds
2021-03-30T11:06:12.875+0800: 4878.289: Total time for which application threads were stopped: 0.0022983 seconds, Stopping threads took: 0.0002680 seconds
2021-03-30T11:06:12.876+0800: 4878.290: Total time for which application threads were stopped: 0.0009854 seconds, Stopping threads took: 0.0002720 seconds
2021-03-30T11:06:12.877+0800: 4878.291: Total time for which application threads were stopped: 0.0010195 seconds, Stopping threads took: 0.0003856 seconds
2021-03-30T11:06:12.885+0800: 4878.299: Total time for which application threads were stopped: 0.0024696 seconds, Stopping threads took: 0.0001984 seconds
2021-03-30T11:06:12.886+0800: 4878.300: Total time for which application threads were stopped: 0.0008609 seconds, Stopping threads took: 0.0002739 seconds
2021-03-30T11:06:12.890+0800: 4878.304: Total time for which application threads were stopped: 0.0010110 seconds, Stopping threads took: 0.0003715 seconds
2021-03-30T11:06:12.921+0800: 4878.336: Total time for which application threads were stopped: 0.0009120 seconds, Stopping threads took: 0.0001520 seconds
2021-03-30T11:06:12.924+0800: 4878.338: Total time for which application threads were stopped: 0.0010174 seconds, Stopping threads took: 0.0001770 seconds
2021-03-30T11:06:13.096+0800: 4878.510: Total time for which application threads were stopped: 0.0006995 seconds, Stopping threads took: 0.0000922 seconds
2021-03-30T11:06:13.097+0800: 4878.511: Total time for which application threads were stopped: 0.0006491 seconds, Stopping threads took: 0.0000793 seconds
2021-03-30T11:06:13.098+0800: 4878.512: Total time for which application threads were stopped: 0.0005402 seconds, Stopping threads took: 0.0000682 seconds
2021-03-30T11:06:13.099+0800: 4878.513: Total time for which application threads were stopped: 0.0004773 seconds, Stopping threads took: 0.0000755 seconds
2021-03-30T11:06:13.101+0800: 4878.515: Total time for which application threads were stopped: 0.0007401 seconds, Stopping threads took: 0.0002643 seconds
2021-03-30T11:06:13.101+0800: 4878.515: Total time for which application threads were stopped: 0.0006700 seconds, Stopping threads took: 0.0002237 seconds
2021-03-30T11:06:13.106+0800: 4878.521: Total time for which application threads were stopped: 0.0009507 seconds, Stopping threads took: 0.0003413 seconds
2021-03-30T11:06:13.108+0800: 4878.523: Total time for which application threads were stopped: 0.0009723 seconds, Stopping threads took: 0.0001930 seconds
2021-03-30T11:06:13.111+0800: 4878.525: Total time for which application threads were stopped: 0.0021233 seconds, Stopping threads took: 0.0001995 seconds
2021-03-30T11:06:13.112+0800: 4878.526: Total time for which application threads were stopped: 0.0005966 seconds, Stopping threads took: 0.0000907 seconds
2021-03-30T11:06:13.113+0800: 4878.527: Total time for which application threads were stopped: 0.0007348 seconds, Stopping threads took: 0.0002738 seconds
2021-03-30T11:06:13.114+0800: 4878.528: Total time for which application threads were stopped: 0.0006462 seconds, Stopping threads took: 0.0001775 seconds
2021-03-30T11:06:13.115+0800: 4878.529: Total time for which application threads were stopped: 0.0008663 seconds, Stopping threads took: 0.0004169 seconds
2021-03-30T11:06:13.116+0800: 4878.530: Total time for which application threads were stopped: 0.0006252 seconds, Stopping threads took: 0.0001560 seconds
2021-03-30T11:06:13.117+0800: 4878.531: Total time for which application threads were stopped: 0.0007803 seconds, Stopping threads took: 0.0002387 seconds
2021-03-30T11:06:13.120+0800: 4878.534: Total time for which application threads were stopped: 0.0006924 seconds, Stopping threads took: 0.0002082 seconds
2021-03-30T11:06:13.121+0800: 4878.535: Total time for which application threads were stopped: 0.0006884 seconds, Stopping threads took: 0.0002063 seconds
2021-03-30T11:06:13.123+0800: 4878.537: Total time for which application threads were stopped: 0.0006259 seconds, Stopping threads took: 0.0000804 seconds
2021-03-30T11:06:13.124+0800: 4878.538: Total time for which application threads were stopped: 0.0007456 seconds, Stopping threads took: 0.0002306 seconds
2021-03-30T11:06:13.127+0800: 4878.541: Total time for which application threads were stopped: 0.0008272 seconds, Stopping threads took: 0.0002005 seconds
2021-03-30T11:06:13.167+0800: 4878.582: Total time for which application threads were stopped: 0.0025060 seconds, Stopping threads took: 0.0002335 seconds
2021-03-30T11:06:13.171+0800: 4878.586: Total time for which application threads were stopped: 0.0025257 seconds, Stopping threads took: 0.0003682 seconds
2021-03-30T11:06:13.173+0800: 4878.587: Total time for which application threads were stopped: 0.0009410 seconds, Stopping threads took: 0.0002493 seconds
2021-03-30T11:06:13.176+0800: 4878.592: Total time for which application threads were stopped: 0.0009981 seconds, Stopping threads took: 0.0003240 seconds
2021-03-30T11:06:13.180+0800: 4878.595: Total time for which application threads were stopped: 0.0012247 seconds, Stopping threads took: 0.0003039 seconds
2021-03-30T11:06:13.186+0800: 4878.601: Total time for which application threads were stopped: 0.0008186 seconds, Stopping threads took: 0.0001778 seconds
2021-03-30T11:06:13.187+0800: 4878.602: Total time for which application threads were stopped: 0.0008568 seconds, Stopping threads took: 0.0002418 seconds
2021-03-30T11:06:13.191+0800: 4878.606: Total time for which application threads were stopped: 0.0009820 seconds, Stopping threads took: 0.0003005 seconds
2021-03-30T11:06:13.193+0800: 4878.607: Total time for which application threads were stopped: 0.0008684 seconds, Stopping threads took: 0.0002970 seconds
2021-03-30T11:06:13.199+0800: 4878.614: Total time for which application threads were stopped: 0.0012204 seconds, Stopping threads took: 0.0002088 seconds
2021-03-30T11:06:13.201+0800: 4878.615: Total time for which application threads were stopped: 0.0007399 seconds, Stopping threads took: 0.0001749 seconds
2021-03-30T11:06:13.244+0800: 4878.659: Total time for which application threads were stopped: 0.0002673 seconds, Stopping threads took: 0.0000390 seconds
2021-03-30T11:06:13.245+0800: 4878.659: Total time for which application threads were stopped: 0.0002160 seconds, Stopping threads took: 0.0000575 seconds
2021-03-30T11:06:13.245+0800: 4878.660: Total time for which application threads were stopped: 0.0002571 seconds, Stopping threads took: 0.0001026 seconds
2021-03-30T11:06:13.246+0800: 4878.660: Total time for which application threads were stopped: 0.0003193 seconds, Stopping threads took: 0.0001141 seconds
2021-03-30T11:06:13.247+0800: 4878.661: Total time for which application threads were stopped: 0.0003023 seconds, Stopping threads took: 0.0000616 seconds
2021-03-30T11:06:13.247+0800: 4878.662: Total time for which application threads were stopped: 0.0003109 seconds, Stopping threads took: 0.0001110 seconds
2021-03-30T11:06:13.247+0800: 4878.662: Total time for which application threads were stopped: 0.0002113 seconds, Stopping threads took: 0.0000224 seconds
2021-03-30T11:06:13.248+0800: 4878.663: Total time for which application threads were stopped: 0.0003307 seconds, Stopping threads took: 0.0001559 seconds
2021-03-30T11:06:13.249+0800: 4878.664: Total time for which application threads were stopped: 0.0003407 seconds, Stopping threads took: 0.0001581 seconds
2021-03-30T11:06:13.250+0800: 4878.665: Total time for which application threads were stopped: 0.0003937 seconds, Stopping threads took: 0.0002110 seconds
2021-03-30T11:06:13.251+0800: 4878.665: Total time for which application threads were stopped: 0.0002788 seconds, Stopping threads took: 0.0001147 seconds
2021-03-30T11:06:13.251+0800: 4878.666: Total time for which application threads were stopped: 0.0006821 seconds, Stopping threads took: 0.0000450 seconds
2021-03-30T11:06:13.252+0800: 4878.667: Total time for which application threads were stopped: 0.0002616 seconds, Stopping threads took: 0.0001191 seconds
2021-03-30T11:06:13.252+0800: 4878.667: Total time for which application threads were stopped: 0.0002474 seconds, Stopping threads took: 0.0000873 seconds
2021-03-30T11:06:13.253+0800: 4878.667: Total time for which application threads were stopped: 0.0002828 seconds, Stopping threads took: 0.0001297 seconds
2021-03-30T11:06:13.254+0800: 4878.669: Total time for which application threads were stopped: 0.0003221 seconds, Stopping threads took: 0.0001268 seconds
2021-03-30T11:06:13.254+0800: 4878.669: Total time for which application threads were stopped: 0.0003221 seconds, Stopping threads took: 0.0001554 seconds
2021-03-30T11:06:13.255+0800: 4878.669: Total time for which application threads were stopped: 0.0002757 seconds, Stopping threads took: 0.0001322 seconds
2021-03-30T11:06:13.259+0800: 4878.674: Total time for which application threads were stopped: 0.0004004 seconds, Stopping threads took: 0.0001433 seconds
2021-03-30T11:06:13.261+0800: 4878.676: Total time for which application threads were stopped: 0.0004492 seconds, Stopping threads took: 0.0001769 seconds
2021-03-30T11:06:13.313+0800: 4878.727: Total time for which application threads were stopped: 0.0005758 seconds, Stopping threads took: 0.0001811 seconds
2021-03-30T11:06:13.314+0800: 4878.728: Total time for which application threads were stopped: 0.0004787 seconds, Stopping threads took: 0.0001452 seconds
2021-03-30T11:06:13.315+0800: 4878.729: Total time for which application threads were stopped: 0.0010573 seconds, Stopping threads took: 0.0000509 seconds
2021-03-30T11:06:13.333+0800: 4878.747: Total time for which application threads were stopped: 0.0005084 seconds, Stopping threads took: 0.0001306 seconds
2021-03-30T11:06:13.338+0800: 4878.752: Total time for which application threads were stopped: 0.0004530 seconds, Stopping threads took: 0.0000995 seconds
2021-03-30T11:06:13.340+0800: 4878.754: Total time for which application threads were stopped: 0.0008622 seconds, Stopping threads took: 0.0004436 seconds
2021-03-30T11:06:13.340+0800: 4878.755: Total time for which application threads were stopped: 0.0004956 seconds, Stopping threads took: 0.0001773 seconds
2021-03-30T11:06:13.911+0800: 4879.325: Total time for which application threads were stopped: 0.0006911 seconds, Stopping threads took: 0.0000967 seconds
2021-03-30T11:06:13.912+0800: 4879.326: Total time for which application threads were stopped: 0.0005109 seconds, Stopping threads took: 0.0000700 seconds
2021-03-30T11:06:13.912+0800: 4879.327: Total time for which application threads were stopped: 0.0005254 seconds, Stopping threads took: 0.0000592 seconds
2021-03-30T11:06:13.912+0800: 4879.327: Total time for which application threads were stopped: 0.0004376 seconds, Stopping threads took: 0.0000599 seconds
2021-03-30T11:06:13.915+0800: 4879.330: Total time for which application threads were stopped: 0.0020716 seconds, Stopping threads took: 0.0000626 seconds
2021-03-30T11:06:35.220+0800: 4900.635: Total time for which application threads were stopped: 0.0003661 seconds, Stopping threads took: 0.0000641 seconds
2021-03-30T11:06:35.221+0800: 4900.635: Total time for which application threads were stopped: 0.0004824 seconds, Stopping threads took: 0.0001936 seconds
2021-03-30T11:06:35.222+0800: 4900.636: Total time for which application threads were stopped: 0.0004785 seconds, Stopping threads took: 0.0001178 seconds
2021-03-30T11:06:35.223+0800: 4900.637: Total time for which application threads were stopped: 0.0004192 seconds, Stopping threads took: 0.0001430 seconds
2021-03-30T11:06:35.223+0800: 4900.637: Total time for which application threads were stopped: 0.0003734 seconds, Stopping threads took: 0.0001497 seconds
2021-03-30T11:06:35.224+0800: 4900.638: Total time for which application threads were stopped: 0.0004038 seconds, Stopping threads took: 0.0001431 seconds
2021-03-30T11:06:35.224+0800: 4900.638: Total time for which application threads were stopped: 0.0003814 seconds, Stopping threads took: 0.0001365 seconds
2021-03-30T11:06:35.225+0800: 4900.639: Total time for which application threads were stopped: 0.0003671 seconds, Stopping threads took: 0.0001286 seconds
2021-03-30T11:06:35.225+0800: 4900.640: Total time for which application threads were stopped: 0.0003668 seconds, Stopping threads took: 0.0000972 seconds
2021-03-30T11:06:35.226+0800: 4900.640: Total time for which application threads were stopped: 0.0003841 seconds, Stopping threads took: 0.0001108 seconds
2021-03-30T11:06:35.226+0800: 4900.641: Total time for which application threads were stopped: 0.0003799 seconds, Stopping threads took: 0.0000982 seconds
2021-03-30T11:06:35.227+0800: 4900.641: Total time for which application threads were stopped: 0.0003592 seconds, Stopping threads took: 0.0001122 seconds
2021-03-30T11:06:35.227+0800: 4900.641: Total time for which application threads were stopped: 0.0003536 seconds, Stopping threads took: 0.0000813 seconds
2021-03-30T11:06:35.228+0800: 4900.642: Total time for which application threads were stopped: 0.0003983 seconds, Stopping threads took: 0.0001228 seconds
2021-03-30T11:06:35.228+0800: 4900.642: Total time for which application threads were stopped: 0.0003977 seconds, Stopping threads took: 0.0001731 seconds
2021-03-30T11:06:35.229+0800: 4900.643: Total time for which application threads were stopped: 0.0004212 seconds, Stopping threads took: 0.0001911 seconds
2021-03-30T11:06:35.230+0800: 4900.644: Total time for which application threads were stopped: 0.0003998 seconds, Stopping threads took: 0.0001504 seconds
2021-03-30T11:06:35.230+0800: 4900.644: Total time for which application threads were stopped: 0.0003535 seconds, Stopping threads took: 0.0001044 seconds
2021-03-30T11:06:35.233+0800: 4900.647: Total time for which application threads were stopped: 0.0004194 seconds, Stopping threads took: 0.0000494 seconds
2021-03-30T11:06:35.235+0800: 4900.649: Total time for which application threads were stopped: 0.0006967 seconds, Stopping threads took: 0.0001271 seconds
2021-03-30T11:06:35.243+0800: 4900.657: Total time for which application threads were stopped: 0.0006311 seconds, Stopping threads took: 0.0001241 seconds
2021-03-30T11:06:35.245+0800: 4900.659: Total time for which application threads were stopped: 0.0004099 seconds, Stopping threads took: 0.0000653 seconds
2021-03-30T11:06:35.246+0800: 4900.660: Total time for which application threads were stopped: 0.0004407 seconds, Stopping threads took: 0.0001271 seconds
2021-03-30T11:06:35.247+0800: 4900.661: Total time for which application threads were stopped: 0.0004234 seconds, Stopping threads took: 0.0001790 seconds
2021-03-30T11:06:35.247+0800: 4900.661: Total time for which application threads were stopped: 0.0003353 seconds, Stopping threads took: 0.0001181 seconds
2021-03-30T11:06:35.248+0800: 4900.662: Total time for which application threads were stopped: 0.0010488 seconds, Stopping threads took: 0.0001185 seconds
2021-03-30T11:06:35.255+0800: 4900.670: Total time for which application threads were stopped: 0.0005417 seconds, Stopping threads took: 0.0001797 seconds
2021-03-30T11:06:35.256+0800: 4900.670: Total time for which application threads were stopped: 0.0004371 seconds, Stopping threads took: 0.0001363 seconds
2021-03-30T11:06:35.258+0800: 4900.672: Total time for which application threads were stopped: 0.0004422 seconds, Stopping threads took: 0.0000940 seconds
2021-03-30T11:06:35.268+0800: 4900.682: Total time for which application threads were stopped: 0.0004357 seconds, Stopping threads took: 0.0000961 seconds
2021-03-30T11:06:35.268+0800: 4900.682: Total time for which application threads were stopped: 0.0004539 seconds, Stopping threads took: 0.0001429 seconds
2021-03-30T11:06:35.269+0800: 4900.683: Total time for which application threads were stopped: 0.0004426 seconds, Stopping threads took: 0.0001207 seconds
2021-03-30T11:06:35.270+0800: 4900.684: Total time for which application threads were stopped: 0.0005907 seconds, Stopping threads took: 0.0002288 seconds
2021-03-30T11:06:35.272+0800: 4900.686: Total time for which application threads were stopped: 0.0005460 seconds, Stopping threads took: 0.0001879 seconds
2021-03-30T11:06:35.272+0800: 4900.686: Total time for which application threads were stopped: 0.0004981 seconds, Stopping threads took: 0.0001815 seconds
2021-03-30T11:06:35.273+0800: 4900.687: Total time for which application threads were stopped: 0.0004080 seconds, Stopping threads took: 0.0001370 seconds
2021-03-30T11:06:35.273+0800: 4900.688: Total time for which application threads were stopped: 0.0004399 seconds, Stopping threads took: 0.0001535 seconds
2021-03-30T11:06:35.277+0800: 4900.691: Total time for which application threads were stopped: 0.0005147 seconds, Stopping threads took: 0.0001306 seconds
2021-03-30T11:06:35.293+0800: 4900.707: Total time for which application threads were stopped: 0.0004584 seconds, Stopping threads took: 0.0000658 seconds
2021-03-30T11:06:35.293+0800: 4900.707: Total time for which application threads were stopped: 0.0003105 seconds, Stopping threads took: 0.0000459 seconds
2021-03-30T11:06:35.296+0800: 4900.710: Total time for which application threads were stopped: 0.0003292 seconds, Stopping threads took: 0.0000482 seconds
2021-03-30T11:06:35.307+0800: 4900.721: Total time for which application threads were stopped: 0.0005060 seconds, Stopping threads took: 0.0001284 seconds
2021-03-30T11:06:35.307+0800: 4900.721: Total time for which application threads were stopped: 0.0003734 seconds, Stopping threads took: 0.0001140 seconds
2021-03-30T11:06:35.307+0800: 4900.722: Total time for which application threads were stopped: 0.0002928 seconds, Stopping threads took: 0.0000420 seconds
2021-03-30T11:06:35.307+0800: 4900.722: Total time for which application threads were stopped: 0.0004378 seconds, Stopping threads took: 0.0002000 seconds
2021-03-30T11:06:35.308+0800: 4900.723: Total time for which application threads were stopped: 0.0004183 seconds, Stopping threads took: 0.0001851 seconds
2021-03-30T11:06:35.311+0800: 4900.726: Total time for which application threads were stopped: 0.0003408 seconds, Stopping threads took: 0.0000613 seconds
2021-03-30T11:06:35.348+0800: 4900.763: Total time for which application threads were stopped: 0.0005315 seconds, Stopping threads took: 0.0001410 seconds
2021-03-30T11:06:35.353+0800: 4900.767: Total time for which application threads were stopped: 0.0005982 seconds, Stopping threads took: 0.0001485 seconds
2021-03-30T11:06:35.362+0800: 4900.776: Total time for which application threads were stopped: 0.0005810 seconds, Stopping threads took: 0.0001805 seconds
2021-03-30T11:06:35.374+0800: 4900.789: Total time for which application threads were stopped: 0.0004106 seconds, Stopping threads took: 0.0000824 seconds
2021-03-30T11:06:35.375+0800: 4900.790: Total time for which application threads were stopped: 0.0004186 seconds, Stopping threads took: 0.0001365 seconds
2021-03-30T11:06:35.377+0800: 4900.792: Total time for which application threads were stopped: 0.0005968 seconds, Stopping threads took: 0.0002075 seconds
2021-03-30T11:06:35.380+0800: 4900.794: Total time for which application threads were stopped: 0.0005172 seconds, Stopping threads took: 0.0001798 seconds
2021-03-30T11:06:35.384+0800: 4900.798: Total time for which application threads were stopped: 0.0005179 seconds, Stopping threads took: 0.0001410 seconds
2021-03-30T11:06:35.384+0800: 4900.799: Total time for which application threads were stopped: 0.0004563 seconds, Stopping threads took: 0.0000788 seconds
2021-03-30T11:06:35.385+0800: 4900.800: Total time for which application threads were stopped: 0.0004197 seconds, Stopping threads took: 0.0000830 seconds
2021-03-30T11:06:35.389+0800: 4900.804: Total time for which application threads were stopped: 0.0013740 seconds, Stopping threads took: 0.0001764 seconds
2021-03-30T11:06:35.459+0800: 4900.873: Total time for which application threads were stopped: 0.0007179 seconds, Stopping threads took: 0.0002713 seconds
2021-03-30T11:06:35.459+0800: 4900.874: Total time for which application threads were stopped: 0.0005103 seconds, Stopping threads took: 0.0001921 seconds
2021-03-30T11:06:35.460+0800: 4900.875: Total time for which application threads were stopped: 0.0003292 seconds, Stopping threads took: 0.0000551 seconds
2021-03-30T11:06:35.461+0800: 4900.875: Total time for which application threads were stopped: 0.0003143 seconds, Stopping threads took: 0.0000462 seconds
2021-03-30T11:06:35.461+0800: 4900.876: Total time for which application threads were stopped: 0.0003660 seconds, Stopping threads took: 0.0001094 seconds
2021-03-30T11:06:35.462+0800: 4900.876: Total time for which application threads were stopped: 0.0004421 seconds, Stopping threads took: 0.0001794 seconds
2021-03-30T11:06:35.464+0800: 4900.879: Total time for which application threads were stopped: 0.0005962 seconds, Stopping threads took: 0.0001219 seconds
2021-03-30T11:06:35.465+0800: 4900.879: Total time for which application threads were stopped: 0.0003466 seconds, Stopping threads took: 0.0000639 seconds
2021-03-30T11:06:35.468+0800: 4900.882: Total time for which application threads were stopped: 0.0006063 seconds, Stopping threads took: 0.0001357 seconds
2021-03-30T11:06:35.470+0800: 4900.885: Total time for which application threads were stopped: 0.0004866 seconds, Stopping threads took: 0.0001487 seconds
2021-03-30T11:06:35.545+0800: 4900.959: Total time for which application threads were stopped: 0.0004419 seconds, Stopping threads took: 0.0001329 seconds
2021-03-30T11:06:35.545+0800: 4900.959: Total time for which application threads were stopped: 0.0002516 seconds, Stopping threads took: 0.0000358 seconds
2021-03-30T11:06:35.550+0800: 4900.964: Total time for which application threads were stopped: 0.0004752 seconds, Stopping threads took: 0.0001319 seconds
2021-03-30T11:06:35.550+0800: 4900.965: Total time for which application threads were stopped: 0.0003284 seconds, Stopping threads took: 0.0000592 seconds
2021-03-30T11:06:35.551+0800: 4900.965: Total time for which application threads were stopped: 0.0002714 seconds, Stopping threads took: 0.0000320 seconds
2021-03-30T11:06:35.551+0800: 4900.965: Total time for which application threads were stopped: 0.0002979 seconds, Stopping threads took: 0.0000703 seconds
2021-03-30T11:06:35.576+0800: 4900.990: Total time for which application threads were stopped: 0.0015613 seconds, Stopping threads took: 0.0001168 seconds
2021-03-30T11:06:35.597+0800: 4901.011: Total time for which application threads were stopped: 0.0005062 seconds, Stopping threads took: 0.0001509 seconds
2021-03-30T11:06:35.598+0800: 4901.012: Total time for which application threads were stopped: 0.0004301 seconds, Stopping threads took: 0.0001233 seconds
2021-03-30T11:06:35.600+0800: 4901.014: Total time for which application threads were stopped: 0.0005279 seconds, Stopping threads took: 0.0001215 seconds
2021-03-30T11:06:35.603+0800: 4901.017: Total time for which application threads were stopped: 0.0004847 seconds, Stopping threads took: 0.0001170 seconds
2021-03-30T11:06:35.605+0800: 4901.019: Total time for which application threads were stopped: 0.0005102 seconds, Stopping threads took: 0.0001371 seconds
2021-03-30T11:06:35.605+0800: 4901.020: Total time for which application threads were stopped: 0.0003922 seconds, Stopping threads took: 0.0000753 seconds
2021-03-30T11:06:35.606+0800: 4901.020: Total time for which application threads were stopped: 0.0004165 seconds, Stopping threads took: 0.0001366 seconds
2021-03-30T11:06:35.608+0800: 4901.022: Total time for which application threads were stopped: 0.0004349 seconds, Stopping threads took: 0.0001186 seconds
2021-03-30T11:06:35.608+0800: 4901.022: Total time for which application threads were stopped: 0.0003215 seconds, Stopping threads took: 0.0000407 seconds
2021-03-30T11:06:35.609+0800: 4901.023: Total time for which application threads were stopped: 0.0005903 seconds, Stopping threads took: 0.0000606 seconds
2021-03-30T11:06:35.609+0800: 4901.023: Total time for which application threads were stopped: 0.0004890 seconds, Stopping threads took: 0.0001571 seconds
2021-03-30T11:06:35.613+0800: 4901.027: Total time for which application threads were stopped: 0.0004916 seconds, Stopping threads took: 0.0000751 seconds
2021-03-30T11:06:35.621+0800: 4901.035: Total time for which application threads were stopped: 0.0004207 seconds, Stopping threads took: 0.0000844 seconds
2021-03-30T11:06:35.699+0800: 4901.114: Total time for which application threads were stopped: 0.0005430 seconds, Stopping threads took: 0.0000996 seconds
2021-03-30T11:06:35.700+0800: 4901.115: Total time for which application threads were stopped: 0.0004584 seconds, Stopping threads took: 0.0000664 seconds
2021-03-30T11:06:35.700+0800: 4901.115: Total time for which application threads were stopped: 0.0003536 seconds, Stopping threads took: 0.0000719 seconds
2021-03-30T11:06:35.701+0800: 4901.116: Total time for which application threads were stopped: 0.0002423 seconds, Stopping threads took: 0.0000392 seconds
2021-03-30T11:06:35.703+0800: 4901.118: Total time for which application threads were stopped: 0.0004556 seconds, Stopping threads took: 0.0000926 seconds
2021-03-30T11:06:35.704+0800: 4901.119: Total time for which application threads were stopped: 0.0005724 seconds, Stopping threads took: 0.0000850 seconds
2021-03-30T11:06:35.704+0800: 4901.119: Total time for which application threads were stopped: 0.0003611 seconds, Stopping threads took: 0.0000715 seconds
2021-03-30T11:06:35.704+0800: 4901.119: Total time for which application threads were stopped: 0.0003151 seconds, Stopping threads took: 0.0000630 seconds
2021-03-30T11:06:35.705+0800: 4901.120: Total time for which application threads were stopped: 0.0002298 seconds, Stopping threads took: 0.0000346 seconds
2021-03-30T11:06:35.709+0800: 4901.124: Total time for which application threads were stopped: 0.0003738 seconds, Stopping threads took: 0.0000750 seconds
2021-03-30T11:06:35.711+0800: 4901.126: Total time for which application threads were stopped: 0.0003722 seconds, Stopping threads took: 0.0000828 seconds
2021-03-30T11:06:35.714+0800: 4901.129: Total time for which application threads were stopped: 0.0005116 seconds, Stopping threads took: 0.0000644 seconds
2021-03-30T11:06:35.715+0800: 4901.130: Total time for which application threads were stopped: 0.0003301 seconds, Stopping threads took: 0.0000409 seconds
2021-03-30T11:06:35.715+0800: 4901.130: Total time for which application threads were stopped: 0.0002023 seconds, Stopping threads took: 0.0000298 seconds
2021-03-30T11:06:35.718+0800: 4901.133: Total time for which application threads were stopped: 0.0004119 seconds, Stopping threads took: 0.0000654 seconds
2021-03-30T11:06:35.725+0800: 4901.139: Total time for which application threads were stopped: 0.0005285 seconds, Stopping threads took: 0.0000792 seconds
2021-03-30T11:06:35.796+0800: 4901.211: Total time for which application threads were stopped: 0.0004807 seconds, Stopping threads took: 0.0001489 seconds
2021-03-30T11:06:35.797+0800: 4901.212: Total time for which application threads were stopped: 0.0006635 seconds, Stopping threads took: 0.0001252 seconds
2021-03-30T11:06:35.803+0800: 4901.217: Total time for which application threads were stopped: 0.0017694 seconds, Stopping threads took: 0.0000730 seconds
2021-03-30T11:06:35.808+0800: 4901.223: Total time for which application threads were stopped: 0.0005644 seconds, Stopping threads took: 0.0001356 seconds
2021-03-30T11:06:35.810+0800: 4901.224: Total time for which application threads were stopped: 0.0014749 seconds, Stopping threads took: 0.0000866 seconds
2021-03-30T11:06:35.810+0800: 4901.225: Total time for which application threads were stopped: 0.0004037 seconds, Stopping threads took: 0.0000730 seconds
2021-03-30T11:06:35.811+0800: 4901.225: Total time for which application threads were stopped: 0.0003573 seconds, Stopping threads took: 0.0001327 seconds
2021-03-30T11:06:35.826+0800: 4901.240: Total time for which application threads were stopped: 0.0004670 seconds, Stopping threads took: 0.0000637 seconds
2021-03-30T11:06:35.831+0800: 4901.245: Total time for which application threads were stopped: 0.0005502 seconds, Stopping threads took: 0.0001786 seconds
2021-03-30T11:06:35.857+0800: 4901.271: Total time for which application threads were stopped: 0.0004485 seconds, Stopping threads took: 0.0000607 seconds
2021-03-30T11:06:35.857+0800: 4901.272: Total time for which application threads were stopped: 0.0004017 seconds, Stopping threads took: 0.0000504 seconds
2021-03-30T11:06:35.859+0800: 4901.274: Total time for which application threads were stopped: 0.0004332 seconds, Stopping threads took: 0.0000959 seconds
2021-03-30T11:06:35.861+0800: 4901.276: Total time for which application threads were stopped: 0.0004610 seconds, Stopping threads took: 0.0000645 seconds
2021-03-30T11:06:35.862+0800: 4901.276: Total time for which application threads were stopped: 0.0004218 seconds, Stopping threads took: 0.0001214 seconds
2021-03-30T11:06:35.899+0800: 4901.314: Total time for which application threads were stopped: 0.0003388 seconds, Stopping threads took: 0.0000667 seconds
2021-03-30T11:06:35.900+0800: 4901.315: Total time for which application threads were stopped: 0.0003305 seconds, Stopping threads took: 0.0000910 seconds
2021-03-30T11:06:35.902+0800: 4901.316: Total time for which application threads were stopped: 0.0009815 seconds, Stopping threads took: 0.0000960 seconds
2021-03-30T11:06:35.902+0800: 4901.317: Total time for which application threads were stopped: 0.0004078 seconds, Stopping threads took: 0.0001553 seconds
2021-03-30T11:06:35.903+0800: 4901.318: Total time for which application threads were stopped: 0.0004442 seconds, Stopping threads took: 0.0001872 seconds
2021-03-30T11:06:35.904+0800: 4901.318: Total time for which application threads were stopped: 0.0003132 seconds, Stopping threads took: 0.0000518 seconds
2021-03-30T11:06:35.904+0800: 4901.318: Total time for which application threads were stopped: 0.0002857 seconds, Stopping threads took: 0.0000608 seconds
2021-03-30T11:06:35.906+0800: 4901.321: Total time for which application threads were stopped: 0.0003838 seconds, Stopping threads took: 0.0001010 seconds
2021-03-30T11:06:35.908+0800: 4901.323: Total time for which application threads were stopped: 0.0004265 seconds, Stopping threads took: 0.0001050 seconds
2021-03-30T11:06:35.910+0800: 4901.325: Total time for which application threads were stopped: 0.0003476 seconds, Stopping threads took: 0.0000649 seconds
2021-03-30T11:06:35.951+0800: 4901.365: Total time for which application threads were stopped: 0.0003215 seconds, Stopping threads took: 0.0000581 seconds
2021-03-30T11:06:35.951+0800: 4901.366: Total time for which application threads were stopped: 0.0004172 seconds, Stopping threads took: 0.0001791 seconds
2021-03-30T11:06:35.952+0800: 4901.366: Total time for which application threads were stopped: 0.0003967 seconds, Stopping threads took: 0.0001324 seconds
2021-03-30T11:06:35.954+0800: 4901.368: Total time for which application threads were stopped: 0.0004107 seconds, Stopping threads took: 0.0000803 seconds
2021-03-30T11:06:35.958+0800: 4901.372: Total time for which application threads were stopped: 0.0004292 seconds, Stopping threads took: 0.0001468 seconds
2021-03-30T11:06:35.959+0800: 4901.373: Total time for which application threads were stopped: 0.0004117 seconds, Stopping threads took: 0.0001563 seconds
2021-03-30T11:06:35.959+0800: 4901.374: Total time for which application threads were stopped: 0.0003542 seconds, Stopping threads took: 0.0001344 seconds
2021-03-30T11:06:35.960+0800: 4901.374: Total time for which application threads were stopped: 0.0004126 seconds, Stopping threads took: 0.0001636 seconds
2021-03-30T11:06:35.960+0800: 4901.375: Total time for which application threads were stopped: 0.0005113 seconds, Stopping threads took: 0.0003043 seconds
2021-03-30T11:06:35.962+0800: 4901.376: Total time for which application threads were stopped: 0.0004358 seconds, Stopping threads took: 0.0000966 seconds
2021-03-30T11:06:35.963+0800: 4901.377: Total time for which application threads were stopped: 0.0004443 seconds, Stopping threads took: 0.0001778 seconds
2021-03-30T11:06:35.963+0800: 4901.377: Total time for which application threads were stopped: 0.0003947 seconds, Stopping threads took: 0.0001049 seconds
2021-03-30T11:06:35.979+0800: 4901.393: Total time for which application threads were stopped: 0.0005118 seconds, Stopping threads took: 0.0001630 seconds
2021-03-30T11:06:35.983+0800: 4901.397: Total time for which application threads were stopped: 0.0011408 seconds, Stopping threads took: 0.0001989 seconds
2021-03-30T11:06:35.984+0800: 4901.398: Total time for which application threads were stopped: 0.0003566 seconds, Stopping threads took: 0.0000755 seconds
2021-03-30T11:06:35.985+0800: 4901.399: Total time for which application threads were stopped: 0.0004351 seconds, Stopping threads took: 0.0001099 seconds
2021-03-30T11:06:35.986+0800: 4901.400: Total time for which application threads were stopped: 0.0005130 seconds, Stopping threads took: 0.0001117 seconds
2021-03-30T11:07:30.671+0800: 4956.085: Total time for which application threads were stopped: 0.0004879 seconds, Stopping threads took: 0.0001077 seconds
2021-03-30T11:07:30.677+0800: 4956.091: Total time for which application threads were stopped: 0.0005119 seconds, Stopping threads took: 0.0001451 seconds
2021-03-30T11:07:30.688+0800: 4956.103: Total time for which application threads were stopped: 0.0003924 seconds, Stopping threads took: 0.0000647 seconds
2021-03-30T11:07:30.695+0800: 4956.110: Total time for which application threads were stopped: 0.0004348 seconds, Stopping threads took: 0.0000611 seconds
2021-03-30T11:07:30.696+0800: 4956.110: Total time for which application threads were stopped: 0.0003277 seconds, Stopping threads took: 0.0000396 seconds
2021-03-30T11:07:30.698+0800: 4956.113: Total time for which application threads were stopped: 0.0006571 seconds, Stopping threads took: 0.0001694 seconds
2021-03-30T11:07:30.710+0800: 4956.124: Total time for which application threads were stopped: 0.0006292 seconds, Stopping threads took: 0.0001518 seconds
2021-03-30T11:07:30.711+0800: 4956.125: Total time for which application threads were stopped: 0.0004131 seconds, Stopping threads took: 0.0000426 seconds
2021-03-30T11:07:30.711+0800: 4956.126: Total time for which application threads were stopped: 0.0004472 seconds, Stopping threads took: 0.0001115 seconds
2021-03-30T11:07:30.712+0800: 4956.126: Total time for which application threads were stopped: 0.0003692 seconds, Stopping threads took: 0.0000890 seconds
2021-03-30T11:07:30.712+0800: 4956.127: Total time for which application threads were stopped: 0.0004491 seconds, Stopping threads took: 0.0001613 seconds
2021-03-30T11:07:30.716+0800: 4956.130: Total time for which application threads were stopped: 0.0005622 seconds, Stopping threads took: 0.0001628 seconds
2021-03-30T11:07:30.717+0800: 4956.131: Total time for which application threads were stopped: 0.0004355 seconds, Stopping threads took: 0.0000871 seconds
2021-03-30T11:07:30.737+0800: 4956.151: Total time for which application threads were stopped: 0.0003907 seconds, Stopping threads took: 0.0000523 seconds
2021-03-30T11:07:30.739+0800: 4956.153: Total time for which application threads were stopped: 0.0004303 seconds, Stopping threads took: 0.0000537 seconds
2021-03-30T11:07:30.749+0800: 4956.164: Total time for which application threads were stopped: 0.0005642 seconds, Stopping threads took: 0.0001763 seconds
2021-03-30T11:07:30.749+0800: 4956.164: Total time for which application threads were stopped: 0.0004517 seconds, Stopping threads took: 0.0001485 seconds
2021-03-30T11:07:30.750+0800: 4956.165: Total time for which application threads were stopped: 0.0006504 seconds, Stopping threads took: 0.0002475 seconds
2021-03-30T11:07:30.818+0800: 4956.232: Total time for which application threads were stopped: 0.0005350 seconds, Stopping threads took: 0.0000700 seconds
2021-03-30T11:07:30.818+0800: 4956.233: Total time for which application threads were stopped: 0.0005278 seconds, Stopping threads took: 0.0001772 seconds
2021-03-30T11:07:30.822+0800: 4956.236: Total time for which application threads were stopped: 0.0012677 seconds, Stopping threads took: 0.0000961 seconds
2021-03-30T11:07:30.824+0800: 4956.239: Total time for which application threads were stopped: 0.0005454 seconds, Stopping threads took: 0.0001621 seconds
2021-03-30T11:07:30.827+0800: 4956.241: Total time for which application threads were stopped: 0.0004795 seconds, Stopping threads took: 0.0000840 seconds
2021-03-30T11:07:30.828+0800: 4956.242: Total time for which application threads were stopped: 0.0003314 seconds, Stopping threads took: 0.0000403 seconds
2021-03-30T11:07:30.828+0800: 4956.243: Total time for which application threads were stopped: 0.0004684 seconds, Stopping threads took: 0.0001486 seconds
2021-03-30T11:07:30.831+0800: 4956.245: Total time for which application threads were stopped: 0.0003765 seconds, Stopping threads took: 0.0000759 seconds
2021-03-30T11:07:30.908+0800: 4956.322: Total time for which application threads were stopped: 0.0005183 seconds, Stopping threads took: 0.0000881 seconds
2021-03-30T11:07:30.908+0800: 4956.323: Total time for which application threads were stopped: 0.0004323 seconds, Stopping threads took: 0.0001065 seconds
2021-03-30T11:07:30.909+0800: 4956.323: Total time for which application threads were stopped: 0.0003704 seconds, Stopping threads took: 0.0000590 seconds
2021-03-30T11:07:30.912+0800: 4956.327: Total time for which application threads were stopped: 0.0005478 seconds, Stopping threads took: 0.0001360 seconds
2021-03-30T11:07:30.913+0800: 4956.328: Total time for which application threads were stopped: 0.0007485 seconds, Stopping threads took: 0.0004042 seconds
2021-03-30T11:07:30.917+0800: 4956.331: Total time for which application threads were stopped: 0.0006132 seconds, Stopping threads took: 0.0001959 seconds
2021-03-30T11:07:30.919+0800: 4956.334: Total time for which application threads were stopped: 0.0004785 seconds, Stopping threads took: 0.0000826 seconds
2021-03-30T11:07:30.922+0800: 4956.337: Total time for which application threads were stopped: 0.0005181 seconds, Stopping threads took: 0.0001325 seconds
2021-03-30T11:07:30.923+0800: 4956.337: Total time for which application threads were stopped: 0.0004930 seconds, Stopping threads took: 0.0001759 seconds
2021-03-30T11:07:30.923+0800: 4956.338: Total time for which application threads were stopped: 0.0004283 seconds, Stopping threads took: 0.0001540 seconds
2021-03-30T11:07:30.927+0800: 4956.341: Total time for which application threads were stopped: 0.0004972 seconds, Stopping threads took: 0.0001105 seconds
2021-03-30T11:07:31.001+0800: 4956.415: Total time for which application threads were stopped: 0.0008486 seconds, Stopping threads took: 0.0003324 seconds
2021-03-30T11:07:31.002+0800: 4956.416: Total time for which application threads were stopped: 0.0007202 seconds, Stopping threads took: 0.0002616 seconds
2021-03-30T11:07:31.002+0800: 4956.417: Total time for which application threads were stopped: 0.0006568 seconds, Stopping threads took: 0.0002122 seconds
2021-03-30T11:07:31.007+0800: 4956.421: Total time for which application threads were stopped: 0.0027257 seconds, Stopping threads took: 0.0002074 seconds
2021-03-30T11:07:31.092+0800: 4956.506: Total time for which application threads were stopped: 0.0011459 seconds, Stopping threads took: 0.0003017 seconds
2021-03-30T11:07:31.093+0800: 4956.507: Total time for which application threads were stopped: 0.0009317 seconds, Stopping threads took: 0.0002584 seconds
2021-03-30T11:07:31.098+0800: 4956.512: Total time for which application threads were stopped: 0.0013231 seconds, Stopping threads took: 0.0002585 seconds
2021-03-30T11:07:31.103+0800: 4956.517: Total time for which application threads were stopped: 0.0011342 seconds, Stopping threads took: 0.0001822 seconds
2021-03-30T11:07:31.110+0800: 4956.524: Total time for which application threads were stopped: 0.0010966 seconds, Stopping threads took: 0.0001387 seconds
2021-03-30T11:07:31.112+0800: 4956.526: Total time for which application threads were stopped: 0.0009856 seconds, Stopping threads took: 0.0002958 seconds
2021-03-30T11:07:31.113+0800: 4956.527: Total time for which application threads were stopped: 0.0010581 seconds, Stopping threads took: 0.0001830 seconds
2021-03-30T11:07:31.121+0800: 4956.535: Total time for which application threads were stopped: 0.0013404 seconds, Stopping threads took: 0.0001317 seconds
2021-03-30T11:07:31.244+0800: 4956.659: Total time for which application threads were stopped: 0.0006189 seconds, Stopping threads took: 0.0001489 seconds
2021-03-30T11:07:31.254+0800: 4956.668: Total time for which application threads were stopped: 0.0005137 seconds, Stopping threads took: 0.0001034 seconds
2021-03-30T11:07:31.254+0800: 4956.669: Total time for which application threads were stopped: 0.0005537 seconds, Stopping threads took: 0.0001845 seconds
2021-03-30T11:07:31.259+0800: 4956.674: Total time for which application threads were stopped: 0.0006990 seconds, Stopping threads took: 0.0002308 seconds
2021-03-30T11:07:31.262+0800: 4956.676: Total time for which application threads were stopped: 0.0005916 seconds, Stopping threads took: 0.0000864 seconds
2021-03-30T11:07:31.266+0800: 4956.681: Total time for which application threads were stopped: 0.0005025 seconds, Stopping threads took: 0.0000912 seconds
2021-03-30T11:07:31.266+0800: 4956.681: Total time for which application threads were stopped: 0.0004992 seconds, Stopping threads took: 0.0001469 seconds
2021-03-30T11:07:31.267+0800: 4956.682: Total time for which application threads were stopped: 0.0004639 seconds, Stopping threads took: 0.0000813 seconds
2021-03-30T11:07:31.272+0800: 4956.686: Total time for which application threads were stopped: 0.0006158 seconds, Stopping threads took: 0.0001456 seconds
2021-03-30T11:07:31.280+0800: 4956.695: Total time for which application threads were stopped: 0.0006546 seconds, Stopping threads took: 0.0002011 seconds
2021-03-30T11:07:31.285+0800: 4956.700: Total time for which application threads were stopped: 0.0006777 seconds, Stopping threads took: 0.0002467 seconds
2021-03-30T11:07:31.390+0800: 4956.804: Total time for which application threads were stopped: 0.0006955 seconds, Stopping threads took: 0.0001237 seconds
2021-03-30T11:07:31.390+0800: 4956.805: Total time for which application threads were stopped: 0.0005340 seconds, Stopping threads took: 0.0000964 seconds
2021-03-30T11:07:31.416+0800: 4956.831: Total time for which application threads were stopped: 0.0008832 seconds, Stopping threads took: 0.0002840 seconds
2021-03-30T11:07:31.424+0800: 4956.838: Total time for which application threads were stopped: 0.0008887 seconds, Stopping threads took: 0.0002331 seconds
2021-03-30T11:07:31.471+0800: 4956.885: Total time for which application threads were stopped: 0.0009160 seconds, Stopping threads took: 0.0001165 seconds
2021-03-30T11:07:31.472+0800: 4956.886: Total time for which application threads were stopped: 0.0006678 seconds, Stopping threads took: 0.0000762 seconds
2021-03-30T11:07:31.476+0800: 4956.890: Total time for which application threads were stopped: 0.0010352 seconds, Stopping threads took: 0.0001682 seconds
2021-03-30T11:07:31.479+0800: 4956.894: Total time for which application threads were stopped: 0.0006859 seconds, Stopping threads took: 0.0001046 seconds
2021-03-30T11:07:31.480+0800: 4956.895: Total time for which application threads were stopped: 0.0006245 seconds, Stopping threads took: 0.0000819 seconds
2021-03-30T11:07:31.566+0800: 4956.980: Total time for which application threads were stopped: 0.0008646 seconds, Stopping threads took: 0.0002347 seconds
2021-03-30T11:07:31.567+0800: 4956.981: Total time for which application threads were stopped: 0.0007571 seconds, Stopping threads took: 0.0002196 seconds
2021-03-30T11:07:31.568+0800: 4956.982: Total time for which application threads were stopped: 0.0006873 seconds, Stopping threads took: 0.0001612 seconds
2021-03-30T11:07:31.572+0800: 4956.986: Total time for which application threads were stopped: 0.0008247 seconds, Stopping threads took: 0.0002450 seconds
2021-03-30T11:07:31.573+0800: 4956.987: Total time for which application threads were stopped: 0.0007282 seconds, Stopping threads took: 0.0001841 seconds
2021-03-30T11:07:31.574+0800: 4956.988: Total time for which application threads were stopped: 0.0007247 seconds, Stopping threads took: 0.0001838 seconds
2021-03-30T11:07:31.575+0800: 4956.989: Total time for which application threads were stopped: 0.0009323 seconds, Stopping threads took: 0.0002312 seconds
2021-03-30T11:07:31.576+0800: 4956.990: Total time for which application threads were stopped: 0.0008803 seconds, Stopping threads took: 0.0001981 seconds
2021-03-30T11:07:31.579+0800: 4956.994: Total time for which application threads were stopped: 0.0008886 seconds, Stopping threads took: 0.0002545 seconds
2021-03-30T11:07:31.581+0800: 4956.995: Total time for which application threads were stopped: 0.0008781 seconds, Stopping threads took: 0.0003018 seconds
2021-03-30T11:07:31.592+0800: 4957.006: Total time for which application threads were stopped: 0.0012683 seconds, Stopping threads took: 0.0003453 seconds
2021-03-30T11:07:31.596+0800: 4957.010: Total time for which application threads were stopped: 0.0009723 seconds, Stopping threads took: 0.0002187 seconds
2021-03-30T11:07:31.597+0800: 4957.011: Total time for which application threads were stopped: 0.0007534 seconds, Stopping threads took: 0.0001570 seconds
2021-03-30T11:07:31.673+0800: 4957.088: Total time for which application threads were stopped: 0.0010928 seconds, Stopping threads took: 0.0003837 seconds
2021-03-30T11:07:31.674+0800: 4957.089: Total time for which application threads were stopped: 0.0005925 seconds, Stopping threads took: 0.0001201 seconds
2021-03-30T11:07:31.675+0800: 4957.089: Total time for which application threads were stopped: 0.0004905 seconds, Stopping threads took: 0.0001017 seconds
2021-03-30T11:07:31.675+0800: 4957.090: Total time for which application threads were stopped: 0.0004028 seconds, Stopping threads took: 0.0001077 seconds
2021-03-30T11:07:31.676+0800: 4957.091: Total time for which application threads were stopped: 0.0005889 seconds, Stopping threads took: 0.0001066 seconds
2021-03-30T11:07:31.677+0800: 4957.091: Total time for which application threads were stopped: 0.0004715 seconds, Stopping threads took: 0.0001236 seconds
2021-03-30T11:07:31.679+0800: 4957.093: Total time for which application threads were stopped: 0.0005487 seconds, Stopping threads took: 0.0001182 seconds
2021-03-30T11:07:31.679+0800: 4957.094: Total time for which application threads were stopped: 0.0003715 seconds, Stopping threads took: 0.0000872 seconds
2021-03-30T11:07:31.712+0800: 4957.126: Total time for which application threads were stopped: 0.0006322 seconds, Stopping threads took: 0.0001396 seconds
2021-03-30T11:07:31.718+0800: 4957.132: Total time for which application threads were stopped: 0.0031564 seconds, Stopping threads took: 0.0002235 seconds
2021-03-30T11:08:04.777+0800: 4990.192: Total time for which application threads were stopped: 0.0005674 seconds, Stopping threads took: 0.0000982 seconds
2021-03-30T11:08:14.781+0800: 5000.196: Total time for which application threads were stopped: 0.0007063 seconds, Stopping threads took: 0.0001401 seconds
2021-03-30T11:09:04.877+0800: 5050.291: Total time for which application threads were stopped: 0.0006073 seconds, Stopping threads took: 0.0001456 seconds
2021-03-30T11:09:13.284+0800: 5058.698: Total time for which application threads were stopped: 0.0006193 seconds, Stopping threads took: 0.0001432 seconds
2021-03-30T11:09:14.254+0800: 5059.668: Total time for which application threads were stopped: 0.0006205 seconds, Stopping threads took: 0.0001049 seconds
2021-03-30T11:09:15.255+0800: 5060.669: Total time for which application threads were stopped: 0.0005953 seconds, Stopping threads took: 0.0001029 seconds
2021-03-30T11:09:21.256+0800: 5066.671: Total time for which application threads were stopped: 0.0006037 seconds, Stopping threads took: 0.0001209 seconds
2021-03-30T11:09:32.277+0800: 5077.692: Total time for which application threads were stopped: 0.0005977 seconds, Stopping threads took: 0.0001086 seconds
2021-03-30T11:10:14.355+0800: 5119.769: Total time for which application threads were stopped: 0.0010721 seconds, Stopping threads took: 0.0001441 seconds
2021-03-30T11:10:23.357+0800: 5128.771: Total time for which application threads were stopped: 0.0005963 seconds, Stopping threads took: 0.0001155 seconds
2021-03-30T11:10:24.357+0800: 5129.771: Total time for which application threads were stopped: 0.0005666 seconds, Stopping threads took: 0.0001038 seconds
2021-03-30T11:11:14.440+0800: 5179.854: Total time for which application threads were stopped: 0.0006108 seconds, Stopping threads took: 0.0001134 seconds
2021-03-30T11:11:15.440+0800: 5180.854: Total time for which application threads were stopped: 0.0006097 seconds, Stopping threads took: 0.0001115 seconds
2021-03-30T11:11:32.452+0800: 5197.867: Total time for which application threads were stopped: 0.0005995 seconds, Stopping threads took: 0.0001057 seconds
2021-03-30T11:12:18.534+0800: 5243.949: Total time for which application threads were stopped: 0.0006390 seconds, Stopping threads took: 0.0001156 seconds
2021-03-30T11:13:10.615+0800: 5296.030: Total time for which application threads were stopped: 0.0006269 seconds, Stopping threads took: 0.0001669 seconds
2021-03-30T11:13:46.665+0800: 5332.079: Total time for which application threads were stopped: 0.0011350 seconds, Stopping threads took: 0.0001486 seconds
2021-03-30T11:14:13.298+0800: 5358.712: Total time for which application threads were stopped: 0.0007077 seconds, Stopping threads took: 0.0001485 seconds
2021-03-30T11:14:14.298+0800: 5359.713: Total time for which application threads were stopped: 0.0005894 seconds, Stopping threads took: 0.0001136 seconds
2021-03-30T11:14:14.724+0800: 5360.138: Total time for which application threads were stopped: 0.0006393 seconds, Stopping threads took: 0.0000977 seconds
2021-03-30T11:14:31.751+0800: 5377.166: Total time for which application threads were stopped: 0.0005883 seconds, Stopping threads took: 0.0001061 seconds
2021-03-30T11:14:59.788+0800: 5405.203: Total time for which application threads were stopped: 0.0005916 seconds, Stopping threads took: 0.0001037 seconds
2021-03-30T11:15:14.795+0800: 5420.209: Total time for which application threads were stopped: 0.0007868 seconds, Stopping threads took: 0.0001749 seconds
2021-03-30T11:16:14.895+0800: 5480.310: Total time for which application threads were stopped: 0.0006650 seconds, Stopping threads took: 0.0001045 seconds
2021-03-30T11:16:34.902+0800: 5500.317: Total time for which application threads were stopped: 0.0006009 seconds, Stopping threads took: 0.0001146 seconds
2021-03-30T11:16:36.903+0800: 5502.317: Total time for which application threads were stopped: 0.0005945 seconds, Stopping threads took: 0.0001147 seconds
2021-03-30T11:17:15.965+0800: 5541.379: Total time for which application threads were stopped: 0.0009648 seconds, Stopping threads took: 0.0001419 seconds
2021-03-30T11:18:16.035+0800: 5601.450: Total time for which application threads were stopped: 0.0007510 seconds, Stopping threads took: 0.0001712 seconds
2021-03-30T11:19:13.302+0800: 5658.716: Total time for which application threads were stopped: 0.0006682 seconds, Stopping threads took: 0.0001351 seconds
2021-03-30T11:19:15.256+0800: 5660.670: Total time for which application threads were stopped: 0.0007313 seconds, Stopping threads took: 0.0002288 seconds
2021-03-30T11:19:16.256+0800: 5661.671: Total time for which application threads were stopped: 0.0005855 seconds, Stopping threads took: 0.0001112 seconds
2021-03-30T11:20:15.342+0800: 5720.757: Total time for which application threads were stopped: 0.0005573 seconds, Stopping threads took: 0.0000986 seconds
2021-03-30T11:22:16.512+0800: 5841.927: Total time for which application threads were stopped: 0.0006075 seconds, Stopping threads took: 0.0001030 seconds
2021-03-30T11:23:16.567+0800: 5901.982: Total time for which application threads were stopped: 0.0005885 seconds, Stopping threads took: 0.0001054 seconds
2021-03-30T11:24:13.313+0800: 5958.727: Total time for which application threads were stopped: 0.0006464 seconds, Stopping threads took: 0.0001141 seconds
2021-03-30T11:24:15.752+0800: 5961.167: Total time for which application threads were stopped: 0.0006139 seconds, Stopping threads took: 0.0000919 seconds
{Heap before GC invocations=15 (full 0):
 garbage-first heap   total 524288K, used 384128K [0x00000000e0000000, 0x00000000e0101000, 0x0000000100000000)
  region size 1024K, 307 young (314368K), 20 survivors (20480K)
 Metaspace       used 66128K, capacity 70506K, committed 70600K, reserved 1112064K
  class space    used 7886K, capacity 8646K, committed 8704K, reserved 1048576K
2021-03-30T11:25:07.676+0800: 6013.091: [GC pause (G1 Evacuation Pause) (young)
Desired survivor size 20447232 bytes, new threshold 15 (max 15)
- age   1:    3977328 bytes,    3977328 total
- age   2:    2194256 bytes,    6171584 total
- age   3:    5682872 bytes,   11854456 total
, 0.0397130 secs]
   [Parallel Time: 22.8 ms, GC Workers: 8]
      [GC Worker Start (ms): Min: 6013091.4, Avg: 6013091.8, Max: 6013092.1, Diff: 0.7]
      [Ext Root Scanning (ms): Min: 1.0, Avg: 1.7, Max: 4.8, Diff: 3.8, Sum: 13.5]
      [Update RS (ms): Min: 0.2, Avg: 2.8, Max: 3.6, Diff: 3.4, Sum: 22.1]
         [Processed Buffers: Min: 2, Avg: 8.9, Max: 18, Diff: 16, Sum: 71]
      [Scan RS (ms): Min: 0.0, Avg: 0.1, Max: 0.2, Diff: 0.1, Sum: 0.8]
      [Code Root Scanning (ms): Min: 0.0, Avg: 1.6, Max: 3.5, Diff: 3.5, Sum: 12.5]
      [Object Copy (ms): Min: 14.0, Avg: 15.7, Max: 17.3, Diff: 3.3, Sum: 125.7]
      [Termination (ms): Min: 0.0, Avg: 0.0, Max: 0.0, Diff: 0.0, Sum: 0.0]
         [Termination Attempts: Min: 1, Avg: 1.9, Max: 3, Diff: 2, Sum: 15]
      [GC Worker Other (ms): Min: 0.0, Avg: 0.1, Max: 0.2, Diff: 0.2, Sum: 1.0]
      [GC Worker Total (ms): Min: 21.6, Avg: 22.0, Max: 22.4, Diff: 0.8, Sum: 175.6]
      [GC Worker End (ms): Min: 6013113.7, Avg: 6013113.7, Max: 6013113.8, Diff: 0.2]
   [Code Root Fixup: 0.2 ms]
   [Code Root Purge: 0.0 ms]
   [Clear CT: 1.8 ms]
   [Other: 14.8 ms]
      [Choose CSet: 0.0 ms]
      [Ref Proc: 10.7 ms]
      [Ref Enq: 1.1 ms]
      [Redirty Cards: 1.0 ms]
      [Humongous Register: 0.1 ms]
      [Humongous Reclaim: 0.0 ms]
      [Free CSet: 1.4 ms]
   [Eden: 287.0M(287.0M)->0.0B(286.0M) Survivors: 20.0M->21.0M Heap: 375.1M(512.0M)->89.1M(512.0M)]
Heap after GC invocations=16 (full 0):
 garbage-first heap   total 524288K, used 91264K [0x00000000e0000000, 0x00000000e0101000, 0x0000000100000000)
  region size 1024K, 21 young (21504K), 21 survivors (21504K)
 Metaspace       used 66128K, capacity 70506K, committed 70600K, reserved 1112064K
  class space    used 7886K, capacity 8646K, committed 8704K, reserved 1048576K
}
 [Times: user=0.16 sys=0.00, real=0.04 secs] 
2021-03-30T11:25:07.717+0800: 6013.131: Total time for which application threads were stopped: 0.0409921 seconds, Stopping threads took: 0.0001119 seconds
2021-03-30T11:25:07.718+0800: 6013.132: Total time for which application threads were stopped: 0.0007092 seconds, Stopping threads took: 0.0002258 seconds
2021-03-30T11:25:07.718+0800: 6013.133: Total time for which application threads were stopped: 0.0004537 seconds, Stopping threads took: 0.0000631 seconds
2021-03-30T11:25:07.719+0800: 6013.134: Total time for which application threads were stopped: 0.0004232 seconds, Stopping threads took: 0.0000632 seconds
2021-03-30T11:25:07.720+0800: 6013.134: Total time for which application threads were stopped: 0.0004420 seconds, Stopping threads took: 0.0000629 seconds
2021-03-30T11:25:07.720+0800: 6013.135: Total time for which application threads were stopped: 0.0004014 seconds, Stopping threads took: 0.0000624 seconds
2021-03-30T11:25:07.721+0800: 6013.136: Total time for which application threads were stopped: 0.0003765 seconds, Stopping threads took: 0.0000627 seconds
2021-03-30T11:25:07.722+0800: 6013.136: Total time for which application threads were stopped: 0.0004243 seconds, Stopping threads took: 0.0000622 seconds
2021-03-30T11:25:07.723+0800: 6013.137: Total time for which application threads were stopped: 0.0004312 seconds, Stopping threads took: 0.0000617 seconds
2021-03-30T11:25:07.724+0800: 6013.139: Total time for which application threads were stopped: 0.0015607 seconds, Stopping threads took: 0.0000654 seconds
2021-03-30T11:27:16.942+0800: 6142.356: Total time for which application threads were stopped: 0.0005459 seconds, Stopping threads took: 0.0001061 seconds
2021-03-30T11:28:17.014+0800: 6202.428: Total time for which application threads were stopped: 0.0002622 seconds, Stopping threads took: 0.0000491 seconds
2021-03-30T11:29:13.318+0800: 6258.732: Total time for which application threads were stopped: 0.0007498 seconds, Stopping threads took: 0.0001542 seconds
2021-03-30T11:29:16.051+0800: 6261.465: Total time for which application threads were stopped: 0.0002308 seconds, Stopping threads took: 0.0000642 seconds
2021-03-30T11:31:16.308+0800: 6381.722: Total time for which application threads were stopped: 0.0001894 seconds, Stopping threads took: 0.0000345 seconds
2021-03-30T11:33:16.508+0800: 6501.923: Total time for which application threads were stopped: 0.0002230 seconds, Stopping threads took: 0.0000459 seconds
2021-03-30T11:34:13.345+0800: 6558.759: Total time for which application threads were stopped: 0.0006533 seconds, Stopping threads took: 0.0001167 seconds
2021-03-30T11:34:16.207+0800: 6561.621: Total time for which application threads were stopped: 0.0002207 seconds, Stopping threads took: 0.0000395 seconds
2021-03-30T11:39:13.349+0800: 6858.763: Total time for which application threads were stopped: 0.0006603 seconds, Stopping threads took: 0.0001285 seconds
2021-03-30T11:39:16.399+0800: 6861.813: Total time for which application threads were stopped: 0.0002188 seconds, Stopping threads took: 0.0000470 seconds
2021-03-30T11:44:13.370+0800: 7158.784: Total time for which application threads were stopped: 0.0006395 seconds, Stopping threads took: 0.0001252 seconds
2021-03-30T11:44:16.626+0800: 7162.040: Total time for which application threads were stopped: 0.0003238 seconds, Stopping threads took: 0.0000618 seconds
2021-03-30T11:49:13.373+0800: 7458.787: Total time for which application threads were stopped: 0.0006880 seconds, Stopping threads took: 0.0001648 seconds
2021-03-30T11:49:16.847+0800: 7462.261: Total time for which application threads were stopped: 0.0002935 seconds, Stopping threads took: 0.0000442 seconds
2021-03-30T11:50:16.942+0800: 7522.356: Total time for which application threads were stopped: 0.0005425 seconds, Stopping threads took: 0.0000907 seconds
2021-03-30T11:54:13.374+0800: 7758.789: Total time for which application threads were stopped: 0.0002227 seconds, Stopping threads took: 0.0000405 seconds
2021-03-30T11:54:17.038+0800: 7762.453: Total time for which application threads were stopped: 0.0002230 seconds, Stopping threads took: 0.0000408 seconds
2021-03-30T11:54:18.038+0800: 7763.453: Total time for which application threads were stopped: 0.0002850 seconds, Stopping threads took: 0.0000469 seconds
2021-03-30T11:57:17.333+0800: 7942.747: Total time for which application threads were stopped: 0.0006157 seconds, Stopping threads took: 0.0002036 seconds
2021-03-30T11:58:17.492+0800: 8002.907: Total time for which application threads were stopped: 0.0005905 seconds, Stopping threads took: 0.0001048 seconds
2021-03-30T11:59:13.377+0800: 8058.791: Total time for which application threads were stopped: 0.0002036 seconds, Stopping threads took: 0.0000508 seconds
2021-03-30T11:59:17.198+0800: 8062.613: Total time for which application threads were stopped: 0.0001823 seconds, Stopping threads took: 0.0000329 seconds
2021-03-30T12:01:17.326+0800: 8182.740: Total time for which application threads were stopped: 0.0005406 seconds, Stopping threads took: 0.0001021 seconds
2021-03-30T12:02:17.445+0800: 8242.860: Total time for which application threads were stopped: 0.0005463 seconds, Stopping threads took: 0.0001364 seconds
2021-03-30T12:04:13.392+0800: 8358.806: Total time for which application threads were stopped: 0.0006721 seconds, Stopping threads took: 0.0001211 seconds
2021-03-30T12:04:17.383+0800: 8362.798: Total time for which application threads were stopped: 0.0002063 seconds, Stopping threads took: 0.0000320 seconds
2021-03-30T12:04:18.383+0800: 8363.798: Total time for which application threads were stopped: 0.0002405 seconds, Stopping threads took: 0.0000410 seconds
2021-03-30T12:09:13.422+0800: 8658.836: Total time for which application threads were stopped: 0.0007535 seconds, Stopping threads took: 0.0001546 seconds
2021-03-30T12:09:17.549+0800: 8662.963: Total time for which application threads were stopped: 0.0002018 seconds, Stopping threads took: 0.0000457 seconds
2021-03-30T12:14:13.423+0800: 8958.838: Total time for which application threads were stopped: 0.0006296 seconds, Stopping threads took: 0.0001150 seconds
2021-03-30T12:14:17.794+0800: 8963.208: Total time for which application threads were stopped: 0.0001941 seconds, Stopping threads took: 0.0000358 seconds
2021-03-30T12:14:18.798+0800: 8964.213: Total time for which application threads were stopped: 0.0006504 seconds, Stopping threads took: 0.0001579 seconds
2021-03-30T12:19:13.428+0800: 9258.842: Total time for which application threads were stopped: 0.0018412 seconds, Stopping threads took: 0.0001529 seconds
2021-03-30T12:19:18.021+0800: 9263.436: Total time for which application threads were stopped: 0.0002110 seconds, Stopping threads took: 0.0000515 seconds
2021-03-30T12:23:18.421+0800: 9503.836: Total time for which application threads were stopped: 0.0005926 seconds, Stopping threads took: 0.0001025 seconds
2021-03-30T12:24:13.438+0800: 9558.852: Total time for which application threads were stopped: 0.0008051 seconds, Stopping threads took: 0.0002554 seconds
2021-03-30T12:24:18.222+0800: 9563.636: Total time for which application threads were stopped: 0.0002205 seconds, Stopping threads took: 0.0000592 seconds
2021-03-30T12:28:18.604+0800: 9804.018: Total time for which application threads were stopped: 0.0006095 seconds, Stopping threads took: 0.0001118 seconds
2021-03-30T12:29:13.457+0800: 9858.871: Total time for which application threads were stopped: 0.0008074 seconds, Stopping threads took: 0.0002532 seconds
2021-03-30T12:29:18.389+0800: 9863.804: Total time for which application threads were stopped: 0.0002021 seconds, Stopping threads took: 0.0000377 seconds
2021-03-30T12:33:18.779+0800: 10104.193: Total time for which application threads were stopped: 0.0005844 seconds, Stopping threads took: 0.0001326 seconds
2021-03-30T12:34:13.465+0800: 10158.879: Total time for which application threads were stopped: 0.0007091 seconds, Stopping threads took: 0.0001542 seconds
2021-03-30T12:34:18.589+0800: 10164.003: Total time for which application threads were stopped: 0.0002189 seconds, Stopping threads took: 0.0000452 seconds
2021-03-30T12:36:18.777+0800: 10284.191: Total time for which application threads were stopped: 0.0006426 seconds, Stopping threads took: 0.0001102 seconds
2021-03-30T12:37:18.911+0800: 10344.326: Total time for which application threads were stopped: 0.0006049 seconds, Stopping threads took: 0.0001142 seconds
2021-03-30T12:39:13.490+0800: 10458.905: Total time for which application threads were stopped: 0.0006331 seconds, Stopping threads took: 0.0001135 seconds
2021-03-30T12:39:18.765+0800: 10464.180: Total time for which application threads were stopped: 0.0002110 seconds, Stopping threads took: 0.0000496 seconds
2021-03-30T12:44:13.495+0800: 10758.909: Total time for which application threads were stopped: 0.0006937 seconds, Stopping threads took: 0.0001285 seconds
2021-03-30T12:44:18.970+0800: 10764.384: Total time for which application threads were stopped: 0.0005712 seconds, Stopping threads took: 0.0000325 seconds
2021-03-30T12:44:18.981+0800: 10764.396: Total time for which application threads were stopped: 0.0005722 seconds, Stopping threads took: 0.0000358 seconds
2021-03-30T12:45:00.084+0800: 10805.498: Total time for which application threads were stopped: 0.0005748 seconds, Stopping threads took: 0.0000974 seconds
2021-03-30T12:45:19.006+0800: 10824.420: Total time for which application threads were stopped: 0.0006701 seconds, Stopping threads took: 0.0000992 seconds
2021-03-30T12:49:13.499+0800: 11058.913: Total time for which application threads were stopped: 0.0007466 seconds, Stopping threads took: 0.0001543 seconds
2021-03-30T12:49:19.196+0800: 11064.611: Total time for which application threads were stopped: 0.0002139 seconds, Stopping threads took: 0.0000343 seconds
2021-03-30T12:54:13.501+0800: 11358.915: Total time for which application threads were stopped: 0.0007246 seconds, Stopping threads took: 0.0002296 seconds
2021-03-30T12:54:19.426+0800: 11364.840: Total time for which application threads were stopped: 0.0002060 seconds, Stopping threads took: 0.0000335 seconds
2021-03-30T12:55:19.528+0800: 11424.942: Total time for which application threads were stopped: 0.0002615 seconds, Stopping threads took: 0.0000581 seconds
2021-03-30T12:58:19.790+0800: 11605.205: Total time for which application threads were stopped: 0.0002239 seconds, Stopping threads took: 0.0000413 seconds
2021-03-30T12:59:13.511+0800: 11658.926: Total time for which application threads were stopped: 0.0006307 seconds, Stopping threads took: 0.0001197 seconds
2021-03-30T12:59:19.605+0800: 11665.020: Total time for which application threads were stopped: 0.0001979 seconds, Stopping threads took: 0.0000332 seconds
2021-03-30T13:04:13.534+0800: 11958.949: Total time for which application threads were stopped: 0.0006995 seconds, Stopping threads took: 0.0001708 seconds
2021-03-30T13:04:19.841+0800: 11965.255: Total time for which application threads were stopped: 0.0002108 seconds, Stopping threads took: 0.0000472 seconds
2021-03-30T13:09:13.542+0800: 12258.958: Total time for which application threads were stopped: 0.0007076 seconds, Stopping threads took: 0.0001445 seconds
2021-03-30T13:09:20.034+0800: 12265.449: Total time for which application threads were stopped: 0.0002262 seconds, Stopping threads took: 0.0000470 seconds
2021-03-30T13:12:20.314+0800: 12445.728: Total time for which application threads were stopped: 0.0006048 seconds, Stopping threads took: 0.0001230 seconds
2021-03-30T13:14:13.566+0800: 12558.980: Total time for which application threads were stopped: 0.0003653 seconds, Stopping threads took: 0.0001429 seconds
2021-03-30T13:14:20.200+0800: 12565.615: Total time for which application threads were stopped: 0.0002063 seconds, Stopping threads took: 0.0000464 seconds
2021-03-30T13:19:13.578+0800: 12858.992: Total time for which application threads were stopped: 0.0008489 seconds, Stopping threads took: 0.0002866 seconds
2021-03-30T13:19:20.411+0800: 12865.826: Total time for which application threads were stopped: 0.0002072 seconds, Stopping threads took: 0.0000326 seconds
2021-03-30T13:20:20.480+0800: 12925.894: Total time for which application threads were stopped: 0.0003395 seconds, Stopping threads took: 0.0001114 seconds
2021-03-30T13:24:13.585+0800: 13159.000: Total time for which application threads were stopped: 0.0006581 seconds, Stopping threads took: 0.0001131 seconds
2021-03-30T13:24:20.605+0800: 13166.019: Total time for which application threads were stopped: 0.0002012 seconds, Stopping threads took: 0.0000316 seconds
2021-03-30T13:24:21.605+0800: 13167.020: Total time for which application threads were stopped: 0.0005996 seconds, Stopping threads took: 0.0001114 seconds
2021-03-30T13:29:13.598+0800: 13459.013: Total time for which application threads were stopped: 0.0006744 seconds, Stopping threads took: 0.0001241 seconds
2021-03-30T13:29:20.769+0800: 13466.183: Total time for which application threads were stopped: 0.0002081 seconds, Stopping threads took: 0.0000368 seconds
2021-03-30T13:34:13.603+0800: 13759.017: Total time for which application threads were stopped: 0.0008533 seconds, Stopping threads took: 0.0002910 seconds
2021-03-30T13:34:20.951+0800: 13766.366: Total time for which application threads were stopped: 0.0001987 seconds, Stopping threads took: 0.0000355 seconds
2021-03-30T13:34:21.952+0800: 13767.366: Total time for which application threads were stopped: 0.0006037 seconds, Stopping threads took: 0.0001126 seconds
2021-03-30T13:35:21.087+0800: 13826.501: Total time for which application threads were stopped: 0.0003060 seconds, Stopping threads took: 0.0000628 seconds
2021-03-30T13:38:21.394+0800: 14006.809: Total time for which application threads were stopped: 0.0006783 seconds, Stopping threads took: 0.0001414 seconds
2021-03-30T13:39:13.617+0800: 14059.032: Total time for which application threads were stopped: 0.0006675 seconds, Stopping threads took: 0.0001164 seconds
2021-03-30T13:39:21.165+0800: 14066.580: Total time for which application threads were stopped: 0.0003392 seconds, Stopping threads took: 0.0000503 seconds
2021-03-30T13:40:21.220+0800: 14126.635: Total time for which application threads were stopped: 0.0002064 seconds, Stopping threads took: 0.0000366 seconds
2021-03-30T13:41:21.308+0800: 14186.723: Total time for which application threads were stopped: 0.0005295 seconds, Stopping threads took: 0.0000946 seconds
2021-03-30T13:42:21.408+0800: 14246.823: Total time for which application threads were stopped: 0.0006148 seconds, Stopping threads took: 0.0001042 seconds
2021-03-30T13:43:21.502+0800: 14306.916: Total time for which application threads were stopped: 0.0002879 seconds, Stopping threads took: 0.0000495 seconds
2021-03-30T13:44:13.621+0800: 14359.036: Total time for which application threads were stopped: 0.0006994 seconds, Stopping threads took: 0.0001529 seconds
2021-03-30T13:44:21.370+0800: 14366.784: Total time for which application threads were stopped: 0.0002814 seconds, Stopping threads took: 0.0000730 seconds
2021-03-30T13:47:21.654+0800: 14547.068: Total time for which application threads were stopped: 0.0003816 seconds, Stopping threads took: 0.0001051 seconds
2021-03-30T13:48:21.720+0800: 14607.135: Total time for which application threads were stopped: 0.0005347 seconds, Stopping threads took: 0.0000926 seconds
2021-03-30T13:49:13.630+0800: 14659.044: Total time for which application threads were stopped: 0.0008092 seconds, Stopping threads took: 0.0002612 seconds
2021-03-30T13:49:21.600+0800: 14667.014: Total time for which application threads were stopped: 0.0002075 seconds, Stopping threads took: 0.0000464 seconds
2021-03-30T13:54:13.636+0800: 14959.051: Total time for which application threads were stopped: 0.0003406 seconds, Stopping threads took: 0.0000774 seconds
2021-03-30T13:54:14.637+0800: 14960.051: Total time for which application threads were stopped: 0.0005313 seconds, Stopping threads took: 0.0000928 seconds
2021-03-30T13:54:21.846+0800: 14967.261: Total time for which application threads were stopped: 0.0002106 seconds, Stopping threads took: 0.0000458 seconds
2021-03-30T13:56:22.029+0800: 15087.443: Total time for which application threads were stopped: 0.0002081 seconds, Stopping threads took: 0.0000388 seconds
2021-03-30T13:58:22.238+0800: 15207.653: Total time for which application threads were stopped: 0.0006151 seconds, Stopping threads took: 0.0001027 seconds
2021-03-30T13:59:13.644+0800: 15259.058: Total time for which application threads were stopped: 0.0018281 seconds, Stopping threads took: 0.0001174 seconds
2021-03-30T13:59:22.057+0800: 15267.471: Total time for which application threads were stopped: 0.0002134 seconds, Stopping threads took: 0.0000458 seconds
2021-03-30T13:59:23.068+0800: 15268.483: Total time for which application threads were stopped: 0.0005630 seconds, Stopping threads took: 0.0001209 seconds
2021-03-30T14:00:22.119+0800: 15327.533: Total time for which application threads were stopped: 0.0001881 seconds, Stopping threads took: 0.0000371 seconds
2021-03-30T14:04:13.656+0800: 15559.070: Total time for which application threads were stopped: 0.0007110 seconds, Stopping threads took: 0.0001563 seconds
2021-03-30T14:04:22.257+0800: 15567.672: Total time for which application threads were stopped: 0.0002226 seconds, Stopping threads took: 0.0000465 seconds
2021-03-30T14:09:13.661+0800: 15859.076: Total time for which application threads were stopped: 0.0007969 seconds, Stopping threads took: 0.0002541 seconds
2021-03-30T14:09:22.478+0800: 15867.892: Total time for which application threads were stopped: 0.0002227 seconds, Stopping threads took: 0.0000558 seconds
2021-03-30T14:14:13.673+0800: 16159.087: Total time for which application threads were stopped: 0.0003599 seconds, Stopping threads took: 0.0001351 seconds
2021-03-30T14:14:22.642+0800: 16168.056: Total time for which application threads were stopped: 0.0002123 seconds, Stopping threads took: 0.0000324 seconds
2021-03-30T14:19:13.698+0800: 16459.113: Total time for which application threads were stopped: 0.0008813 seconds, Stopping threads took: 0.0003192 seconds
2021-03-30T14:19:22.861+0800: 16468.276: Total time for which application threads were stopped: 0.0005316 seconds, Stopping threads took: 0.0000332 seconds
2021-03-30T14:20:22.904+0800: 16528.319: Total time for which application threads were stopped: 0.0006502 seconds, Stopping threads took: 0.0000980 seconds
2021-03-30T14:24:13.701+0800: 16759.115: Total time for which application threads were stopped: 0.0008407 seconds, Stopping threads took: 0.0002823 seconds
2021-03-30T14:24:23.042+0800: 16768.457: Total time for which application threads were stopped: 0.0005773 seconds, Stopping threads took: 0.0000492 seconds
2021-03-30T14:24:23.053+0800: 16768.468: Total time for which application threads were stopped: 0.0001943 seconds, Stopping threads took: 0.0000329 seconds
2021-03-30T14:24:24.064+0800: 16769.478: Total time for which application threads were stopped: 0.0002221 seconds, Stopping threads took: 0.0000493 seconds
2021-03-30T14:25:23.118+0800: 16828.532: Total time for which application threads were stopped: 0.0002148 seconds, Stopping threads took: 0.0000384 seconds
2021-03-30T14:26:23.227+0800: 16888.641: Total time for which application threads were stopped: 0.0002505 seconds, Stopping threads took: 0.0000700 seconds
2021-03-30T14:26:52.779+0800: 16918.193: Total time for which application threads were stopped: 0.0004217 seconds, Stopping threads took: 0.0002105 seconds
2021-03-30T14:26:52.781+0800: 16918.195: Total time for which application threads were stopped: 0.0003393 seconds, Stopping threads took: 0.0000797 seconds
2021-03-30T14:26:52.781+0800: 16918.195: Total time for which application threads were stopped: 0.0003437 seconds, Stopping threads took: 0.0001085 seconds
2021-03-30T14:26:52.782+0800: 16918.196: Total time for which application threads were stopped: 0.0003226 seconds, Stopping threads took: 0.0001147 seconds
2021-03-30T14:26:52.782+0800: 16918.197: Total time for which application threads were stopped: 0.0002417 seconds, Stopping threads took: 0.0000811 seconds
2021-03-30T14:26:52.783+0800: 16918.197: Total time for which application threads were stopped: 0.0004338 seconds, Stopping threads took: 0.0002080 seconds
2021-03-30T14:26:52.784+0800: 16918.198: Total time for which application threads were stopped: 0.0004014 seconds, Stopping threads took: 0.0002265 seconds
2021-03-30T14:26:52.785+0800: 16918.200: Total time for which application threads were stopped: 0.0003447 seconds, Stopping threads took: 0.0001266 seconds
2021-03-30T14:26:52.786+0800: 16918.200: Total time for which application threads were stopped: 0.0001781 seconds, Stopping threads took: 0.0000332 seconds
2021-03-30T14:26:52.789+0800: 16918.203: Total time for which application threads were stopped: 0.0002214 seconds, Stopping threads took: 0.0000334 seconds
2021-03-30T14:26:52.790+0800: 16918.204: Total time for which application threads were stopped: 0.0001522 seconds, Stopping threads took: 0.0000175 seconds
2021-03-30T14:26:52.791+0800: 16918.206: Total time for which application threads were stopped: 0.0001637 seconds, Stopping threads took: 0.0000199 seconds
2021-03-30T14:26:52.796+0800: 16918.210: Total time for which application threads were stopped: 0.0003361 seconds, Stopping threads took: 0.0001293 seconds
2021-03-30T14:26:52.797+0800: 16918.211: Total time for which application threads were stopped: 0.0002748 seconds, Stopping threads took: 0.0001130 seconds
2021-03-30T14:26:52.797+0800: 16918.211: Total time for which application threads were stopped: 0.0002192 seconds, Stopping threads took: 0.0001079 seconds
2021-03-30T14:26:52.797+0800: 16918.212: Total time for which application threads were stopped: 0.0001376 seconds, Stopping threads took: 0.0000152 seconds
2021-03-30T14:26:52.798+0800: 16918.213: Total time for which application threads were stopped: 0.0001210 seconds, Stopping threads took: 0.0000143 seconds
2021-03-30T14:26:52.800+0800: 16918.214: Total time for which application threads were stopped: 0.0002296 seconds, Stopping threads took: 0.0000962 seconds
2021-03-30T14:26:52.801+0800: 16918.215: Total time for which application threads were stopped: 0.0001445 seconds, Stopping threads took: 0.0000167 seconds
2021-03-30T14:26:52.804+0800: 16918.218: Total time for which application threads were stopped: 0.0003202 seconds, Stopping threads took: 0.0001113 seconds
2021-03-30T14:26:52.805+0800: 16918.220: Total time for which application threads were stopped: 0.0003134 seconds, Stopping threads took: 0.0001038 seconds
2021-03-30T14:26:52.806+0800: 16918.220: Total time for which application threads were stopped: 0.0002356 seconds, Stopping threads took: 0.0000977 seconds
2021-03-30T14:26:52.807+0800: 16918.221: Total time for which application threads were stopped: 0.0003084 seconds, Stopping threads took: 0.0001203 seconds
2021-03-30T14:26:52.814+0800: 16918.228: Total time for which application threads were stopped: 0.0003954 seconds, Stopping threads took: 0.0001536 seconds
2021-03-30T14:26:52.814+0800: 16918.228: Total time for which application threads were stopped: 0.0001929 seconds, Stopping threads took: 0.0000209 seconds
2021-03-30T14:26:52.826+0800: 16918.241: Total time for which application threads were stopped: 0.0002932 seconds, Stopping threads took: 0.0000952 seconds
2021-03-30T14:26:52.828+0800: 16918.242: Total time for which application threads were stopped: 0.0003074 seconds, Stopping threads took: 0.0001083 seconds
2021-03-30T14:26:52.834+0800: 16918.249: Total time for which application threads were stopped: 0.0003735 seconds, Stopping threads took: 0.0001737 seconds
2021-03-30T14:26:52.835+0800: 16918.249: Total time for which application threads were stopped: 0.0001623 seconds, Stopping threads took: 0.0000180 seconds
2021-03-30T14:26:52.837+0800: 16918.252: Total time for which application threads were stopped: 0.0002320 seconds, Stopping threads took: 0.0000446 seconds
2021-03-30T14:26:52.837+0800: 16918.252: Total time for which application threads were stopped: 0.0001432 seconds, Stopping threads took: 0.0000186 seconds
2021-03-30T14:26:52.851+0800: 16918.266: Total time for which application threads were stopped: 0.0002332 seconds, Stopping threads took: 0.0000372 seconds
2021-03-30T14:26:52.867+0800: 16918.282: Total time for which application threads were stopped: 0.0004145 seconds, Stopping threads took: 0.0001661 seconds
2021-03-30T14:26:52.868+0800: 16918.283: Total time for which application threads were stopped: 0.0001956 seconds, Stopping threads took: 0.0000195 seconds
2021-03-30T14:26:52.870+0800: 16918.285: Total time for which application threads were stopped: 0.0003582 seconds, Stopping threads took: 0.0001341 seconds
2021-03-30T14:26:52.871+0800: 16918.286: Total time for which application threads were stopped: 0.0001844 seconds, Stopping threads took: 0.0000191 seconds
2021-03-30T14:26:52.871+0800: 16918.286: Total time for which application threads were stopped: 0.0001864 seconds, Stopping threads took: 0.0000303 seconds
2021-03-30T14:26:52.872+0800: 16918.287: Total time for which application threads were stopped: 0.0002835 seconds, Stopping threads took: 0.0001048 seconds
2021-03-30T14:26:52.873+0800: 16918.288: Total time for which application threads were stopped: 0.0002733 seconds, Stopping threads took: 0.0000478 seconds
2021-03-30T14:26:52.875+0800: 16918.290: Total time for which application threads were stopped: 0.0002476 seconds, Stopping threads took: 0.0000308 seconds
2021-03-30T14:26:52.875+0800: 16918.290: Total time for which application threads were stopped: 0.0001716 seconds, Stopping threads took: 0.0000197 seconds
2021-03-30T14:26:52.876+0800: 16918.291: Total time for which application threads were stopped: 0.0001622 seconds, Stopping threads took: 0.0000195 seconds
2021-03-30T14:26:52.878+0800: 16918.293: Total time for which application threads were stopped: 0.0006986 seconds, Stopping threads took: 0.0000271 seconds
{Heap before GC invocations=16 (full 0):
 garbage-first heap   total 524288K, used 384128K [0x00000000e0000000, 0x00000000e0101000, 0x0000000100000000)
  region size 1024K, 307 young (314368K), 21 survivors (21504K)
 Metaspace       used 66486K, capacity 70902K, committed 71112K, reserved 1112064K
  class space    used 7886K, capacity 8646K, committed 8704K, reserved 1048576K
2021-03-30T14:26:52.879+0800: 16918.293: [GC pause (G1 Evacuation Pause) (young)
Desired survivor size 20447232 bytes, new threshold 15 (max 15)
- age   1:    4150496 bytes,    4150496 total
- age   2:     320136 bytes,    4470632 total
- age   3:    1916576 bytes,    6387208 total
- age   4:    5680416 bytes,   12067624 total
, 0.0126844 secs]
   [Parallel Time: 6.8 ms, GC Workers: 8]
      [GC Worker Start (ms): Min: 16918293.5, Avg: 16918293.6, Max: 16918293.7, Diff: 0.2]
      [Ext Root Scanning (ms): Min: 0.5, Avg: 0.7, Max: 1.2, Diff: 0.8, Sum: 5.9]
      [Update RS (ms): Min: 0.4, Avg: 0.7, Max: 0.9, Diff: 0.5, Sum: 5.4]
         [Processed Buffers: Min: 1, Avg: 7.6, Max: 25, Diff: 24, Sum: 61]
      [Scan RS (ms): Min: 0.0, Avg: 0.0, Max: 0.0, Diff: 0.0, Sum: 0.2]
      [Code Root Scanning (ms): Min: 0.0, Avg: 0.5, Max: 1.0, Diff: 1.0, Sum: 4.1]
      [Object Copy (ms): Min: 4.0, Avg: 4.4, Max: 4.9, Diff: 0.9, Sum: 35.3]
      [Termination (ms): Min: 0.0, Avg: 0.0, Max: 0.0, Diff: 0.0, Sum: 0.0]
         [Termination Attempts: Min: 1, Avg: 1.5, Max: 2, Diff: 1, Sum: 12]
      [GC Worker Other (ms): Min: 0.0, Avg: 0.0, Max: 0.1, Diff: 0.1, Sum: 0.3]
      [GC Worker Total (ms): Min: 6.3, Avg: 6.4, Max: 6.6, Diff: 0.3, Sum: 51.3]
      [GC Worker End (ms): Min: 16918300.0, Avg: 16918300.0, Max: 16918300.1, Diff: 0.1]
   [Code Root Fixup: 0.1 ms]
   [Code Root Purge: 0.0 ms]
   [Clear CT: 0.4 ms]
   [Other: 5.4 ms]
      [Choose CSet: 0.0 ms]
      [Ref Proc: 4.7 ms]
      [Ref Enq: 0.1 ms]
      [Redirty Cards: 0.1 ms]
      [Humongous Register: 0.0 ms]
      [Humongous Reclaim: 0.0 ms]
      [Free CSet: 0.3 ms]
   [Eden: 286.0M(286.0M)->0.0B(286.0M) Survivors: 21.0M->21.0M Heap: 375.1M(512.0M)->89.1M(512.0M)]
Heap after GC invocations=17 (full 0):
 garbage-first heap   total 524288K, used 91264K [0x00000000e0000000, 0x00000000e0101000, 0x0000000100000000)
  region size 1024K, 21 young (21504K), 21 survivors (21504K)
 Metaspace       used 66486K, capacity 70902K, committed 71112K, reserved 1112064K
  class space    used 7886K, capacity 8646K, committed 8704K, reserved 1048576K
}
 [Times: user=0.00 sys=0.00, real=0.01 secs] 
2021-03-30T14:26:52.892+0800: 16918.306: Total time for which application threads were stopped: 0.0130109 seconds, Stopping threads took: 0.0000212 seconds
2021-03-30T14:26:52.892+0800: 16918.307: Total time for which application threads were stopped: 0.0002892 seconds, Stopping threads took: 0.0000320 seconds
2021-03-30T14:26:52.892+0800: 16918.307: Total time for which application threads were stopped: 0.0002006 seconds, Stopping threads took: 0.0000350 seconds
2021-03-30T14:26:52.893+0800: 16918.307: Total time for which application threads were stopped: 0.0001667 seconds, Stopping threads took: 0.0000301 seconds
2021-03-30T14:26:52.935+0800: 16918.349: Total time for which application threads were stopped: 0.0004161 seconds, Stopping threads took: 0.0002069 seconds
2021-03-30T14:26:52.935+0800: 16918.349: Total time for which application threads were stopped: 0.0002891 seconds, Stopping threads took: 0.0001482 seconds
2021-03-30T14:26:52.935+0800: 16918.349: Total time for which application threads were stopped: 0.0002415 seconds, Stopping threads took: 0.0001192 seconds
2021-03-30T14:26:52.936+0800: 16918.350: Total time for which application threads were stopped: 0.0001989 seconds, Stopping threads took: 0.0000225 seconds
2021-03-30T14:26:52.937+0800: 16918.352: Total time for which application threads were stopped: 0.0001757 seconds, Stopping threads took: 0.0000333 seconds
2021-03-30T14:26:52.937+0800: 16918.352: Total time for which application threads were stopped: 0.0002670 seconds, Stopping threads took: 0.0001072 seconds
2021-03-30T14:26:52.939+0800: 16918.353: Total time for which application threads were stopped: 0.0002547 seconds, Stopping threads took: 0.0001097 seconds
2021-03-30T14:26:52.939+0800: 16918.354: Total time for which application threads were stopped: 0.0002550 seconds, Stopping threads took: 0.0001106 seconds
2021-03-30T14:26:52.991+0800: 16918.406: Total time for which application threads were stopped: 0.0003908 seconds, Stopping threads took: 0.0001681 seconds
2021-03-30T14:26:52.992+0800: 16918.407: Total time for which application threads were stopped: 0.0003021 seconds, Stopping threads took: 0.0001285 seconds
2021-03-30T14:26:52.993+0800: 16918.408: Total time for which application threads were stopped: 0.0002868 seconds, Stopping threads took: 0.0001065 seconds
2021-03-30T14:26:53.004+0800: 16918.419: Total time for which application threads were stopped: 0.0008413 seconds, Stopping threads took: 0.0001510 seconds
2021-03-30T14:26:53.005+0800: 16918.420: Total time for which application threads were stopped: 0.0009399 seconds, Stopping threads took: 0.0003028 seconds
2021-03-30T14:26:53.014+0800: 16918.429: Total time for which application threads were stopped: 0.0003902 seconds, Stopping threads took: 0.0001230 seconds
2021-03-30T14:26:53.014+0800: 16918.429: Total time for which application threads were stopped: 0.0003306 seconds, Stopping threads took: 0.0001405 seconds
2021-03-30T14:26:53.016+0800: 16918.431: Total time for which application threads were stopped: 0.0003667 seconds, Stopping threads took: 0.0000441 seconds
2021-03-30T14:26:53.017+0800: 16918.432: Total time for which application threads were stopped: 0.0003901 seconds, Stopping threads took: 0.0001003 seconds
2021-03-30T14:26:53.019+0800: 16918.433: Total time for which application threads were stopped: 0.0004240 seconds, Stopping threads took: 0.0001070 seconds
2021-03-30T14:26:53.019+0800: 16918.434: Total time for which application threads were stopped: 0.0003177 seconds, Stopping threads took: 0.0000229 seconds
2021-03-30T14:26:53.019+0800: 16918.434: Total time for which application threads were stopped: 0.0002596 seconds, Stopping threads took: 0.0000209 seconds
2021-03-30T14:26:53.020+0800: 16918.435: Total time for which application threads were stopped: 0.0002642 seconds, Stopping threads took: 0.0000343 seconds
2021-03-30T14:26:53.021+0800: 16918.435: Total time for which application threads were stopped: 0.0002009 seconds, Stopping threads took: 0.0000261 seconds
2021-03-30T14:26:53.021+0800: 16918.435: Total time for which application threads were stopped: 0.0002038 seconds, Stopping threads took: 0.0000412 seconds
2021-03-30T14:26:53.022+0800: 16918.437: Total time for which application threads were stopped: 0.0002458 seconds, Stopping threads took: 0.0000290 seconds
2021-03-30T14:26:53.023+0800: 16918.438: Total time for which application threads were stopped: 0.0003475 seconds, Stopping threads took: 0.0001055 seconds
2021-03-30T14:26:53.029+0800: 16918.443: Total time for which application threads were stopped: 0.0002966 seconds, Stopping threads took: 0.0000419 seconds
2021-03-30T14:26:53.029+0800: 16918.444: Total time for which application threads were stopped: 0.0003708 seconds, Stopping threads took: 0.0001478 seconds
2021-03-30T14:26:53.079+0800: 16918.493: Total time for which application threads were stopped: 0.0003775 seconds, Stopping threads took: 0.0001293 seconds
2021-03-30T14:26:53.079+0800: 16918.494: Total time for which application threads were stopped: 0.0002798 seconds, Stopping threads took: 0.0000723 seconds
2021-03-30T14:26:53.080+0800: 16918.494: Total time for which application threads were stopped: 0.0002144 seconds, Stopping threads took: 0.0000648 seconds
2021-03-30T14:26:53.081+0800: 16918.496: Total time for which application threads were stopped: 0.0007620 seconds, Stopping threads took: 0.0000896 seconds
2021-03-30T14:26:53.083+0800: 16918.497: Total time for which application threads were stopped: 0.0003092 seconds, Stopping threads took: 0.0000797 seconds
2021-03-30T14:26:53.084+0800: 16918.498: Total time for which application threads were stopped: 0.0002490 seconds, Stopping threads took: 0.0000463 seconds
2021-03-30T14:26:53.086+0800: 16918.500: Total time for which application threads were stopped: 0.0003479 seconds, Stopping threads took: 0.0000846 seconds
2021-03-30T14:26:53.086+0800: 16918.500: Total time for which application threads were stopped: 0.0002354 seconds, Stopping threads took: 0.0000467 seconds
2021-03-30T14:26:53.086+0800: 16918.501: Total time for which application threads were stopped: 0.0001799 seconds, Stopping threads took: 0.0000453 seconds
2021-03-30T14:26:53.088+0800: 16918.502: Total time for which application threads were stopped: 0.0002411 seconds, Stopping threads took: 0.0000521 seconds
2021-03-30T14:26:53.092+0800: 16918.506: Total time for which application threads were stopped: 0.0003929 seconds, Stopping threads took: 0.0000647 seconds
2021-03-30T14:26:53.095+0800: 16918.510: Total time for which application threads were stopped: 0.0002713 seconds, Stopping threads took: 0.0000475 seconds
2021-03-30T14:26:53.135+0800: 16918.549: Total time for which application threads were stopped: 0.0003069 seconds, Stopping threads took: 0.0000732 seconds
2021-03-30T14:26:53.135+0800: 16918.550: Total time for which application threads were stopped: 0.0001951 seconds, Stopping threads took: 0.0000405 seconds
2021-03-30T14:26:53.145+0800: 16918.559: Total time for which application threads were stopped: 0.0002780 seconds, Stopping threads took: 0.0000517 seconds
2021-03-30T14:26:53.145+0800: 16918.559: Total time for which application threads were stopped: 0.0002468 seconds, Stopping threads took: 0.0000774 seconds
2021-03-30T14:26:53.145+0800: 16918.560: Total time for which application threads were stopped: 0.0002147 seconds, Stopping threads took: 0.0000697 seconds
2021-03-30T14:26:53.146+0800: 16918.560: Total time for which application threads were stopped: 0.0002608 seconds, Stopping threads took: 0.0000707 seconds
2021-03-30T14:26:53.146+0800: 16918.561: Total time for which application threads were stopped: 0.0001817 seconds, Stopping threads took: 0.0000345 seconds
2021-03-30T14:26:53.147+0800: 16918.561: Total time for which application threads were stopped: 0.0001343 seconds, Stopping threads took: 0.0000167 seconds
2021-03-30T14:26:53.148+0800: 16918.563: Total time for which application threads were stopped: 0.0003667 seconds, Stopping threads took: 0.0000633 seconds
2021-03-30T14:26:53.149+0800: 16918.563: Total time for which application threads were stopped: 0.0002739 seconds, Stopping threads took: 0.0000826 seconds
2021-03-30T14:26:53.149+0800: 16918.564: Total time for which application threads were stopped: 0.0002455 seconds, Stopping threads took: 0.0000929 seconds
2021-03-30T14:26:53.150+0800: 16918.564: Total time for which application threads were stopped: 0.0002549 seconds, Stopping threads took: 0.0000551 seconds
2021-03-30T14:26:53.150+0800: 16918.565: Total time for which application threads were stopped: 0.0002016 seconds, Stopping threads took: 0.0000470 seconds
2021-03-30T14:26:53.151+0800: 16918.565: Total time for which application threads were stopped: 0.0001949 seconds, Stopping threads took: 0.0000656 seconds
2021-03-30T14:26:53.151+0800: 16918.565: Total time for which application threads were stopped: 0.0001450 seconds, Stopping threads took: 0.0000213 seconds
2021-03-30T14:26:53.152+0800: 16918.566: Total time for which application threads were stopped: 0.0002537 seconds, Stopping threads took: 0.0000882 seconds
2021-03-30T14:26:53.152+0800: 16918.567: Total time for which application threads were stopped: 0.0002403 seconds, Stopping threads took: 0.0001044 seconds
2021-03-30T14:26:53.153+0800: 16918.567: Total time for which application threads were stopped: 0.0002006 seconds, Stopping threads took: 0.0000602 seconds
2021-03-30T14:26:53.153+0800: 16918.568: Total time for which application threads were stopped: 0.0002365 seconds, Stopping threads took: 0.0000740 seconds
2021-03-30T14:26:53.155+0800: 16918.569: Total time for which application threads were stopped: 0.0003537 seconds, Stopping threads took: 0.0001453 seconds
2021-03-30T14:26:53.169+0800: 16918.583: Total time for which application threads were stopped: 0.0002867 seconds, Stopping threads took: 0.0000812 seconds
2021-03-30T14:26:53.169+0800: 16918.583: Total time for which application threads were stopped: 0.0001598 seconds, Stopping threads took: 0.0000181 seconds
2021-03-30T14:26:53.170+0800: 16918.584: Total time for which application threads were stopped: 0.0002809 seconds, Stopping threads took: 0.0000823 seconds
2021-03-30T14:26:53.170+0800: 16918.585: Total time for which application threads were stopped: 0.0002180 seconds, Stopping threads took: 0.0000772 seconds
2021-03-30T14:26:53.170+0800: 16918.585: Total time for which application threads were stopped: 0.0002295 seconds, Stopping threads took: 0.0000309 seconds
2021-03-30T14:26:53.171+0800: 16918.586: Total time for which application threads were stopped: 0.0006652 seconds, Stopping threads took: 0.0000481 seconds
2021-03-30T14:26:53.195+0800: 16918.610: Total time for which application threads were stopped: 0.0002451 seconds, Stopping threads took: 0.0000373 seconds
2021-03-30T14:26:53.196+0800: 16918.611: Total time for which application threads were stopped: 0.0003777 seconds, Stopping threads took: 0.0001440 seconds
2021-03-30T14:26:53.197+0800: 16918.612: Total time for which application threads were stopped: 0.0006061 seconds, Stopping threads took: 0.0000193 seconds
2021-03-30T14:26:53.198+0800: 16918.613: Total time for which application threads were stopped: 0.0002685 seconds, Stopping threads took: 0.0000843 seconds
2021-03-30T14:26:53.199+0800: 16918.614: Total time for which application threads were stopped: 0.0002622 seconds, Stopping threads took: 0.0000718 seconds
2021-03-30T14:26:53.200+0800: 16918.615: Total time for which application threads were stopped: 0.0002346 seconds, Stopping threads took: 0.0000664 seconds
2021-03-30T14:26:53.201+0800: 16918.616: Total time for which application threads were stopped: 0.0003227 seconds, Stopping threads took: 0.0001224 seconds
2021-03-30T14:26:53.202+0800: 16918.617: Total time for which application threads were stopped: 0.0002606 seconds, Stopping threads took: 0.0000490 seconds
2021-03-30T14:26:53.226+0800: 16918.640: Total time for which application threads were stopped: 0.0002372 seconds, Stopping threads took: 0.0000351 seconds
2021-03-30T14:26:53.226+0800: 16918.641: Total time for which application threads were stopped: 0.0001505 seconds, Stopping threads took: 0.0000195 seconds
2021-03-30T14:26:53.227+0800: 16918.641: Total time for which application threads were stopped: 0.0002289 seconds, Stopping threads took: 0.0000792 seconds
2021-03-30T14:26:53.227+0800: 16918.642: Total time for which application threads were stopped: 0.0001735 seconds, Stopping threads took: 0.0000385 seconds
2021-03-30T14:26:53.228+0800: 16918.643: Total time for which application threads were stopped: 0.0002026 seconds, Stopping threads took: 0.0000369 seconds
2021-03-30T14:26:53.229+0800: 16918.643: Total time for which application threads were stopped: 0.0002821 seconds, Stopping threads took: 0.0000915 seconds
2021-03-30T14:26:53.229+0800: 16918.644: Total time for which application threads were stopped: 0.0002118 seconds, Stopping threads took: 0.0000763 seconds
2021-03-30T14:26:53.229+0800: 16918.644: Total time for which application threads were stopped: 0.0002133 seconds, Stopping threads took: 0.0000688 seconds
2021-03-30T14:26:53.230+0800: 16918.644: Total time for which application threads were stopped: 0.0002606 seconds, Stopping threads took: 0.0001273 seconds
2021-03-30T14:26:53.238+0800: 16918.653: Total time for which application threads were stopped: 0.0004413 seconds, Stopping threads took: 0.0001983 seconds
2021-03-30T14:26:53.240+0800: 16918.655: Total time for which application threads were stopped: 0.0002663 seconds, Stopping threads took: 0.0000478 seconds
2021-03-30T14:26:53.243+0800: 16918.657: Total time for which application threads were stopped: 0.0003971 seconds, Stopping threads took: 0.0001517 seconds
2021-03-30T14:27:18.263+0800: 16943.678: Total time for which application threads were stopped: 0.0003237 seconds, Stopping threads took: 0.0000447 seconds
2021-03-30T14:27:18.267+0800: 16943.682: Total time for which application threads were stopped: 0.0002520 seconds, Stopping threads took: 0.0000420 seconds
2021-03-30T14:27:18.276+0800: 16943.690: Total time for which application threads were stopped: 0.0003010 seconds, Stopping threads took: 0.0000514 seconds
2021-03-30T14:27:18.276+0800: 16943.691: Total time for which application threads were stopped: 0.0003262 seconds, Stopping threads took: 0.0001056 seconds
2021-03-30T14:27:18.278+0800: 16943.692: Total time for which application threads were stopped: 0.0003678 seconds, Stopping threads took: 0.0001174 seconds
2021-03-30T14:27:18.390+0800: 16943.805: Total time for which application threads were stopped: 0.0009920 seconds, Stopping threads took: 0.0001823 seconds
2021-03-30T14:27:18.391+0800: 16943.805: Total time for which application threads were stopped: 0.0002978 seconds, Stopping threads took: 0.0000865 seconds
2021-03-30T14:27:18.402+0800: 16943.816: Total time for which application threads were stopped: 0.0003039 seconds, Stopping threads took: 0.0000652 seconds
2021-03-30T14:27:18.403+0800: 16943.818: Total time for which application threads were stopped: 0.0003368 seconds, Stopping threads took: 0.0001203 seconds
2021-03-30T14:27:18.442+0800: 16943.856: Total time for which application threads were stopped: 0.0003449 seconds, Stopping threads took: 0.0001332 seconds
2021-03-30T14:27:18.443+0800: 16943.857: Total time for which application threads were stopped: 0.0002826 seconds, Stopping threads took: 0.0000886 seconds
2021-03-30T14:27:18.443+0800: 16943.858: Total time for which application threads were stopped: 0.0001656 seconds, Stopping threads took: 0.0000190 seconds
2021-03-30T14:27:18.467+0800: 16943.881: Total time for which application threads were stopped: 0.0002914 seconds, Stopping threads took: 0.0000389 seconds
2021-03-30T14:27:18.467+0800: 16943.881: Total time for which application threads were stopped: 0.0002530 seconds, Stopping threads took: 0.0000881 seconds
2021-03-30T14:27:18.468+0800: 16943.883: Total time for which application threads were stopped: 0.0002258 seconds, Stopping threads took: 0.0000226 seconds
2021-03-30T14:27:18.469+0800: 16943.884: Total time for which application threads were stopped: 0.0003466 seconds, Stopping threads took: 0.0001188 seconds
2021-03-30T14:27:18.470+0800: 16943.885: Total time for which application threads were stopped: 0.0003939 seconds, Stopping threads took: 0.0001516 seconds
2021-03-30T14:27:18.470+0800: 16943.885: Total time for which application threads were stopped: 0.0002929 seconds, Stopping threads took: 0.0001257 seconds
2021-03-30T14:27:18.470+0800: 16943.885: Total time for which application threads were stopped: 0.0002626 seconds, Stopping threads took: 0.0001033 seconds
2021-03-30T14:27:18.472+0800: 16943.887: Total time for which application threads were stopped: 0.0002688 seconds, Stopping threads took: 0.0000813 seconds
2021-03-30T14:27:18.472+0800: 16943.887: Total time for which application threads were stopped: 0.0001391 seconds, Stopping threads took: 0.0000187 seconds
2021-03-30T14:27:18.472+0800: 16943.887: Total time for which application threads were stopped: 0.0001374 seconds, Stopping threads took: 0.0000218 seconds
2021-03-30T14:27:18.473+0800: 16943.888: Total time for which application threads were stopped: 0.0002249 seconds, Stopping threads took: 0.0000421 seconds
2021-03-30T14:27:18.474+0800: 16943.889: Total time for which application threads were stopped: 0.0002832 seconds, Stopping threads took: 0.0000884 seconds
2021-03-30T14:27:18.520+0800: 16943.935: Total time for which application threads were stopped: 0.0002416 seconds, Stopping threads took: 0.0000518 seconds
2021-03-30T14:27:18.521+0800: 16943.936: Total time for which application threads were stopped: 0.0001928 seconds, Stopping threads took: 0.0000233 seconds
2021-03-30T14:27:18.523+0800: 16943.937: Total time for which application threads were stopped: 0.0003464 seconds, Stopping threads took: 0.0001452 seconds
2021-03-30T14:27:18.523+0800: 16943.937: Total time for which application threads were stopped: 0.0003833 seconds, Stopping threads took: 0.0002131 seconds
2021-03-30T14:27:18.524+0800: 16943.939: Total time for which application threads were stopped: 0.0001763 seconds, Stopping threads took: 0.0000326 seconds
2021-03-30T14:27:18.525+0800: 16943.940: Total time for which application threads were stopped: 0.0003125 seconds, Stopping threads took: 0.0001082 seconds
2021-03-30T14:27:18.526+0800: 16943.941: Total time for which application threads were stopped: 0.0002389 seconds, Stopping threads took: 0.0000333 seconds
2021-03-30T14:27:18.528+0800: 16943.942: Total time for which application threads were stopped: 0.0003378 seconds, Stopping threads took: 0.0000844 seconds
2021-03-30T14:27:18.528+0800: 16943.942: Total time for which application threads were stopped: 0.0001606 seconds, Stopping threads took: 0.0000236 seconds
2021-03-30T14:27:18.528+0800: 16943.943: Total time for which application threads were stopped: 0.0002686 seconds, Stopping threads took: 0.0001235 seconds
2021-03-30T14:27:18.530+0800: 16943.945: Total time for which application threads were stopped: 0.0002404 seconds, Stopping threads took: 0.0000718 seconds
2021-03-30T14:27:18.578+0800: 16943.992: Total time for which application threads were stopped: 0.0004067 seconds, Stopping threads took: 0.0001941 seconds
2021-03-30T14:27:18.578+0800: 16943.992: Total time for which application threads were stopped: 0.0003608 seconds, Stopping threads took: 0.0001929 seconds
2021-03-30T14:27:18.596+0800: 16944.010: Total time for which application threads were stopped: 0.0002741 seconds, Stopping threads took: 0.0000370 seconds
2021-03-30T14:27:18.596+0800: 16944.011: Total time for which application threads were stopped: 0.0001948 seconds, Stopping threads took: 0.0000201 seconds
2021-03-30T14:27:18.597+0800: 16944.012: Total time for which application threads were stopped: 0.0003000 seconds, Stopping threads took: 0.0001009 seconds
2021-03-30T14:27:18.599+0800: 16944.013: Total time for which application threads were stopped: 0.0002790 seconds, Stopping threads took: 0.0000364 seconds
2021-03-30T14:27:18.600+0800: 16944.015: Total time for which application threads were stopped: 0.0003794 seconds, Stopping threads took: 0.0001731 seconds
2021-03-30T14:27:18.601+0800: 16944.015: Total time for which application threads were stopped: 0.0002361 seconds, Stopping threads took: 0.0000257 seconds
2021-03-30T14:27:18.601+0800: 16944.015: Total time for which application threads were stopped: 0.0001908 seconds, Stopping threads took: 0.0000252 seconds
2021-03-30T14:27:18.602+0800: 16944.017: Total time for which application threads were stopped: 0.0002504 seconds, Stopping threads took: 0.0000425 seconds
2021-03-30T14:27:18.607+0800: 16944.021: Total time for which application threads were stopped: 0.0003590 seconds, Stopping threads took: 0.0001412 seconds
2021-03-30T14:27:18.657+0800: 16944.072: Total time for which application threads were stopped: 0.0002924 seconds, Stopping threads took: 0.0000464 seconds
2021-03-30T14:27:18.659+0800: 16944.073: Total time for which application threads were stopped: 0.0002212 seconds, Stopping threads took: 0.0000332 seconds
2021-03-30T14:27:18.659+0800: 16944.074: Total time for which application threads were stopped: 0.0002377 seconds, Stopping threads took: 0.0001063 seconds
2021-03-30T14:27:18.661+0800: 16944.076: Total time for which application threads were stopped: 0.0002643 seconds, Stopping threads took: 0.0000367 seconds
2021-03-30T14:27:18.662+0800: 16944.077: Total time for which application threads were stopped: 0.0002227 seconds, Stopping threads took: 0.0000416 seconds
2021-03-30T14:27:18.663+0800: 16944.078: Total time for which application threads were stopped: 0.0002370 seconds, Stopping threads took: 0.0000360 seconds
2021-03-30T14:27:18.664+0800: 16944.078: Total time for which application threads were stopped: 0.0002728 seconds, Stopping threads took: 0.0001164 seconds
2021-03-30T14:27:18.664+0800: 16944.079: Total time for which application threads were stopped: 0.0001332 seconds, Stopping threads took: 0.0000200 seconds
2021-03-30T14:27:18.666+0800: 16944.081: Total time for which application threads were stopped: 0.0006868 seconds, Stopping threads took: 0.0000364 seconds
2021-03-30T14:27:18.671+0800: 16944.085: Total time for which application threads were stopped: 0.0004019 seconds, Stopping threads took: 0.0001301 seconds
2021-03-30T14:27:18.672+0800: 16944.087: Total time for which application threads were stopped: 0.0003630 seconds, Stopping threads took: 0.0001172 seconds
2021-03-30T14:27:18.729+0800: 16944.143: Total time for which application threads were stopped: 0.0005327 seconds, Stopping threads took: 0.0001200 seconds
2021-03-30T14:27:18.729+0800: 16944.144: Total time for which application threads were stopped: 0.0002702 seconds, Stopping threads took: 0.0000309 seconds
2021-03-30T14:27:18.736+0800: 16944.151: Total time for which application threads were stopped: 0.0003735 seconds, Stopping threads took: 0.0001395 seconds
2021-03-30T14:27:18.739+0800: 16944.154: Total time for which application threads were stopped: 0.0002752 seconds, Stopping threads took: 0.0000487 seconds
2021-03-30T14:27:18.741+0800: 16944.156: Total time for which application threads were stopped: 0.0003746 seconds, Stopping threads took: 0.0001193 seconds
2021-03-30T14:27:18.753+0800: 16944.167: Total time for which application threads were stopped: 0.0004118 seconds, Stopping threads took: 0.0001542 seconds
2021-03-30T14:27:18.753+0800: 16944.168: Total time for which application threads were stopped: 0.0002780 seconds, Stopping threads took: 0.0000814 seconds
2021-03-30T14:27:18.754+0800: 16944.169: Total time for which application threads were stopped: 0.0003476 seconds, Stopping threads took: 0.0001071 seconds
2021-03-30T14:27:18.756+0800: 16944.171: Total time for which application threads were stopped: 0.0009229 seconds, Stopping threads took: 0.0000616 seconds
2021-03-30T14:27:18.757+0800: 16944.171: Total time for which application threads were stopped: 0.0002132 seconds, Stopping threads took: 0.0000448 seconds
2021-03-30T14:27:18.928+0800: 16944.343: Total time for which application threads were stopped: 0.0003681 seconds, Stopping threads took: 0.0000532 seconds
2021-03-30T14:27:18.929+0800: 16944.344: Total time for which application threads were stopped: 0.0010227 seconds, Stopping threads took: 0.0000872 seconds
2021-03-30T14:27:18.930+0800: 16944.345: Total time for which application threads were stopped: 0.0002360 seconds, Stopping threads took: 0.0000409 seconds
2021-03-30T14:27:18.931+0800: 16944.345: Total time for which application threads were stopped: 0.0002995 seconds, Stopping threads took: 0.0001283 seconds
2021-03-30T14:27:18.932+0800: 16944.347: Total time for which application threads were stopped: 0.0002770 seconds, Stopping threads took: 0.0000441 seconds
2021-03-30T14:27:18.934+0800: 16944.349: Total time for which application threads were stopped: 0.0003085 seconds, Stopping threads took: 0.0000384 seconds
2021-03-30T14:27:18.936+0800: 16944.350: Total time for which application threads were stopped: 0.0003659 seconds, Stopping threads took: 0.0001258 seconds
2021-03-30T14:27:18.962+0800: 16944.377: Total time for which application threads were stopped: 0.0005272 seconds, Stopping threads took: 0.0001180 seconds
2021-03-30T14:27:18.963+0800: 16944.378: Total time for which application threads were stopped: 0.0004689 seconds, Stopping threads took: 0.0002540 seconds
2021-03-30T14:27:18.963+0800: 16944.378: Total time for which application threads were stopped: 0.0002741 seconds, Stopping threads took: 0.0000757 seconds
2021-03-30T14:27:18.963+0800: 16944.378: Total time for which application threads were stopped: 0.0002115 seconds, Stopping threads took: 0.0000222 seconds
2021-03-30T14:27:18.964+0800: 16944.379: Total time for which application threads were stopped: 0.0003620 seconds, Stopping threads took: 0.0002329 seconds
2021-03-30T14:27:18.965+0800: 16944.380: Total time for which application threads were stopped: 0.0003599 seconds, Stopping threads took: 0.0002044 seconds
2021-03-30T14:27:18.965+0800: 16944.380: Total time for which application threads were stopped: 0.0002148 seconds, Stopping threads took: 0.0000253 seconds
2021-03-30T14:27:18.980+0800: 16944.395: Total time for which application threads were stopped: 0.0003934 seconds, Stopping threads took: 0.0001186 seconds
2021-03-30T14:27:18.982+0800: 16944.397: Total time for which application threads were stopped: 0.0003455 seconds, Stopping threads took: 0.0001356 seconds
2021-03-30T14:27:18.984+0800: 16944.398: Total time for which application threads were stopped: 0.0003594 seconds, Stopping threads took: 0.0000778 seconds
2021-03-30T14:27:18.985+0800: 16944.399: Total time for which application threads were stopped: 0.0003836 seconds, Stopping threads took: 0.0001014 seconds
2021-03-30T14:27:18.985+0800: 16944.400: Total time for which application threads were stopped: 0.0002789 seconds, Stopping threads took: 0.0000465 seconds
2021-03-30T14:27:38.987+0800: 16964.402: Total time for which application threads were stopped: 0.0003137 seconds, Stopping threads took: 0.0000458 seconds
2021-03-30T14:27:38.994+0800: 16964.408: Total time for which application threads were stopped: 0.0003691 seconds, Stopping threads took: 0.0001269 seconds
2021-03-30T14:27:38.994+0800: 16964.409: Total time for which application threads were stopped: 0.0003474 seconds, Stopping threads took: 0.0001510 seconds
2021-03-30T14:27:38.998+0800: 16964.412: Total time for which application threads were stopped: 0.0003289 seconds, Stopping threads took: 0.0000425 seconds
2021-03-30T14:27:39.002+0800: 16964.416: Total time for which application threads were stopped: 0.0003672 seconds, Stopping threads took: 0.0000623 seconds
2021-03-30T14:27:39.002+0800: 16964.417: Total time for which application threads were stopped: 0.0004002 seconds, Stopping threads took: 0.0000352 seconds
2021-03-30T14:27:39.004+0800: 16964.418: Total time for which application threads were stopped: 0.0003494 seconds, Stopping threads took: 0.0000532 seconds
2021-03-30T14:27:39.010+0800: 16964.425: Total time for which application threads were stopped: 0.0003464 seconds, Stopping threads took: 0.0001196 seconds
2021-03-30T14:27:39.010+0800: 16964.425: Total time for which application threads were stopped: 0.0001903 seconds, Stopping threads took: 0.0000204 seconds
2021-03-30T14:27:39.011+0800: 16964.425: Total time for which application threads were stopped: 0.0002657 seconds, Stopping threads took: 0.0001271 seconds
2021-03-30T14:27:39.012+0800: 16964.426: Total time for which application threads were stopped: 0.0002102 seconds, Stopping threads took: 0.0000329 seconds
2021-03-30T14:27:39.012+0800: 16964.427: Total time for which application threads were stopped: 0.0001819 seconds, Stopping threads took: 0.0000193 seconds
2021-03-30T14:27:39.012+0800: 16964.427: Total time for which application threads were stopped: 0.0001699 seconds, Stopping threads took: 0.0000456 seconds
2021-03-30T14:27:39.014+0800: 16964.428: Total time for which application threads were stopped: 0.0004420 seconds, Stopping threads took: 0.0001246 seconds
2021-03-30T14:27:39.026+0800: 16964.441: Total time for which application threads were stopped: 0.0004036 seconds, Stopping threads took: 0.0000544 seconds
2021-03-30T14:27:39.029+0800: 16964.444: Total time for which application threads were stopped: 0.0003686 seconds, Stopping threads took: 0.0000579 seconds
2021-03-30T14:27:39.038+0800: 16964.453: Total time for which application threads were stopped: 0.0003059 seconds, Stopping threads took: 0.0000531 seconds
2021-03-30T14:27:39.040+0800: 16964.454: Total time for which application threads were stopped: 0.0003313 seconds, Stopping threads took: 0.0000732 seconds
2021-03-30T14:27:39.040+0800: 16964.455: Total time for which application threads were stopped: 0.0002964 seconds, Stopping threads took: 0.0000324 seconds
2021-03-30T14:27:39.040+0800: 16964.455: Total time for which application threads were stopped: 0.0002987 seconds, Stopping threads took: 0.0000739 seconds
2021-03-30T14:27:39.072+0800: 16964.487: Total time for which application threads were stopped: 0.0002881 seconds, Stopping threads took: 0.0000430 seconds
2021-03-30T14:27:39.072+0800: 16964.487: Total time for which application threads were stopped: 0.0002001 seconds, Stopping threads took: 0.0000226 seconds
2021-03-30T14:27:39.075+0800: 16964.489: Total time for which application threads were stopped: 0.0011966 seconds, Stopping threads took: 0.0000627 seconds
2021-03-30T14:27:39.076+0800: 16964.491: Total time for which application threads were stopped: 0.0003106 seconds, Stopping threads took: 0.0000665 seconds
2021-03-30T14:27:39.077+0800: 16964.492: Total time for which application threads were stopped: 0.0004205 seconds, Stopping threads took: 0.0001130 seconds
2021-03-30T14:27:39.078+0800: 16964.492: Total time for which application threads were stopped: 0.0003070 seconds, Stopping threads took: 0.0000966 seconds
2021-03-30T14:27:39.078+0800: 16964.492: Total time for which application threads were stopped: 0.0001698 seconds, Stopping threads took: 0.0000197 seconds
2021-03-30T14:27:39.079+0800: 16964.493: Total time for which application threads were stopped: 0.0003384 seconds, Stopping threads took: 0.0000551 seconds
2021-03-30T14:27:39.079+0800: 16964.494: Total time for which application threads were stopped: 0.0002495 seconds, Stopping threads took: 0.0000300 seconds
2021-03-30T14:27:39.080+0800: 16964.494: Total time for which application threads were stopped: 0.0002238 seconds, Stopping threads took: 0.0000246 seconds
2021-03-30T14:27:39.080+0800: 16964.495: Total time for which application threads were stopped: 0.0002561 seconds, Stopping threads took: 0.0000294 seconds
2021-03-30T14:27:39.082+0800: 16964.496: Total time for which application threads were stopped: 0.0003661 seconds, Stopping threads took: 0.0000816 seconds
2021-03-30T14:27:39.130+0800: 16964.544: Total time for which application threads were stopped: 0.0004753 seconds, Stopping threads took: 0.0001041 seconds
2021-03-30T14:27:39.131+0800: 16964.545: Total time for which application threads were stopped: 0.0003163 seconds, Stopping threads took: 0.0000426 seconds
2021-03-30T14:27:39.131+0800: 16964.545: Total time for which application threads were stopped: 0.0001903 seconds, Stopping threads took: 0.0000267 seconds
2021-03-30T14:27:39.132+0800: 16964.546: Total time for which application threads were stopped: 0.0003049 seconds, Stopping threads took: 0.0000553 seconds
2021-03-30T14:27:39.132+0800: 16964.546: Total time for which application threads were stopped: 0.0003247 seconds, Stopping threads took: 0.0000933 seconds
2021-03-30T14:27:39.132+0800: 16964.547: Total time for which application threads were stopped: 0.0002962 seconds, Stopping threads took: 0.0000849 seconds
2021-03-30T14:27:39.133+0800: 16964.548: Total time for which application threads were stopped: 0.0002799 seconds, Stopping threads took: 0.0000316 seconds
2021-03-30T14:27:39.134+0800: 16964.548: Total time for which application threads were stopped: 0.0002691 seconds, Stopping threads took: 0.0000380 seconds
2021-03-30T14:27:39.136+0800: 16964.550: Total time for which application threads were stopped: 0.0004016 seconds, Stopping threads took: 0.0000983 seconds
2021-03-30T14:27:39.137+0800: 16964.552: Total time for which application threads were stopped: 0.0003873 seconds, Stopping threads took: 0.0001060 seconds
2021-03-30T14:27:39.139+0800: 16964.553: Total time for which application threads were stopped: 0.0003263 seconds, Stopping threads took: 0.0000502 seconds
2021-03-30T14:27:39.139+0800: 16964.554: Total time for which application threads were stopped: 0.0002324 seconds, Stopping threads took: 0.0000343 seconds
2021-03-30T14:27:39.140+0800: 16964.554: Total time for which application threads were stopped: 0.0001958 seconds, Stopping threads took: 0.0000230 seconds
2021-03-30T14:27:39.141+0800: 16964.556: Total time for which application threads were stopped: 0.0002666 seconds, Stopping threads took: 0.0000550 seconds
2021-03-30T14:27:39.188+0800: 16964.602: Total time for which application threads were stopped: 0.0003261 seconds, Stopping threads took: 0.0001078 seconds
2021-03-30T14:27:39.189+0800: 16964.603: Total time for which application threads were stopped: 0.0002663 seconds, Stopping threads took: 0.0000306 seconds
2021-03-30T14:27:39.189+0800: 16964.603: Total time for which application threads were stopped: 0.0002148 seconds, Stopping threads took: 0.0000443 seconds
2021-03-30T14:27:39.191+0800: 16964.605: Total time for which application threads were stopped: 0.0003164 seconds, Stopping threads took: 0.0001026 seconds
2021-03-30T14:27:39.203+0800: 16964.617: Total time for which application threads were stopped: 0.0009034 seconds, Stopping threads took: 0.0001207 seconds
2021-03-30T14:27:39.205+0800: 16964.619: Total time for which application threads were stopped: 0.0009838 seconds, Stopping threads took: 0.0000852 seconds
2021-03-30T14:27:39.209+0800: 16964.623: Total time for which application threads were stopped: 0.0004098 seconds, Stopping threads took: 0.0001331 seconds
2021-03-30T14:27:39.211+0800: 16964.625: Total time for which application threads were stopped: 0.0002861 seconds, Stopping threads took: 0.0000748 seconds
2021-03-30T14:27:39.212+0800: 16964.626: Total time for which application threads were stopped: 0.0001824 seconds, Stopping threads took: 0.0000284 seconds
2021-03-30T14:27:39.213+0800: 16964.627: Total time for which application threads were stopped: 0.0002801 seconds, Stopping threads took: 0.0000718 seconds
2021-03-30T14:27:39.214+0800: 16964.628: Total time for which application threads were stopped: 0.0003480 seconds, Stopping threads took: 0.0001160 seconds
2021-03-30T14:27:39.215+0800: 16964.629: Total time for which application threads were stopped: 0.0002150 seconds, Stopping threads took: 0.0000254 seconds
2021-03-30T14:27:39.215+0800: 16964.629: Total time for which application threads were stopped: 0.0001507 seconds, Stopping threads took: 0.0000170 seconds
2021-03-30T14:27:39.216+0800: 16964.630: Total time for which application threads were stopped: 0.0001430 seconds, Stopping threads took: 0.0000172 seconds
2021-03-30T14:27:39.217+0800: 16964.631: Total time for which application threads were stopped: 0.0001837 seconds, Stopping threads took: 0.0000294 seconds
2021-03-30T14:27:39.220+0800: 16964.634: Total time for which application threads were stopped: 0.0003209 seconds, Stopping threads took: 0.0001041 seconds
2021-03-30T14:27:39.221+0800: 16964.636: Total time for which application threads were stopped: 0.0002458 seconds, Stopping threads took: 0.0000315 seconds
2021-03-30T14:27:39.278+0800: 16964.692: Total time for which application threads were stopped: 0.0008485 seconds, Stopping threads took: 0.0000436 seconds
2021-03-30T14:27:39.284+0800: 16964.698: Total time for which application threads were stopped: 0.0003544 seconds, Stopping threads took: 0.0000993 seconds
2021-03-30T14:27:39.284+0800: 16964.698: Total time for which application threads were stopped: 0.0002168 seconds, Stopping threads took: 0.0000381 seconds
2021-03-30T14:27:39.284+0800: 16964.699: Total time for which application threads were stopped: 0.0001897 seconds, Stopping threads took: 0.0000373 seconds
2021-03-30T14:27:39.287+0800: 16964.701: Total time for which application threads were stopped: 0.0003798 seconds, Stopping threads took: 0.0001234 seconds
2021-03-30T14:27:39.288+0800: 16964.702: Total time for which application threads were stopped: 0.0002690 seconds, Stopping threads took: 0.0000316 seconds
2021-03-30T14:27:39.289+0800: 16964.704: Total time for which application threads were stopped: 0.0003022 seconds, Stopping threads took: 0.0000497 seconds
2021-03-30T14:27:39.289+0800: 16964.704: Total time for which application threads were stopped: 0.0002701 seconds, Stopping threads took: 0.0001080 seconds
2021-03-30T14:27:39.290+0800: 16964.704: Total time for which application threads were stopped: 0.0002612 seconds, Stopping threads took: 0.0001147 seconds
2021-03-30T14:27:39.292+0800: 16964.707: Total time for which application threads were stopped: 0.0007081 seconds, Stopping threads took: 0.0000346 seconds
2021-03-30T14:27:39.296+0800: 16964.710: Total time for which application threads were stopped: 0.0004299 seconds, Stopping threads took: 0.0001851 seconds
2021-03-30T14:27:39.299+0800: 16964.714: Total time for which application threads were stopped: 0.0002893 seconds, Stopping threads took: 0.0000499 seconds
2021-03-30T14:27:39.350+0800: 16964.764: Total time for which application threads were stopped: 0.0004177 seconds, Stopping threads took: 0.0001843 seconds
2021-03-30T14:27:39.350+0800: 16964.765: Total time for which application threads were stopped: 0.0003071 seconds, Stopping threads took: 0.0001321 seconds
2021-03-30T14:27:39.350+0800: 16964.765: Total time for which application threads were stopped: 0.0003167 seconds, Stopping threads took: 0.0001611 seconds
2021-03-30T14:27:39.357+0800: 16964.772: Total time for which application threads were stopped: 0.0003002 seconds, Stopping threads took: 0.0000903 seconds
2021-03-30T14:27:39.360+0800: 16964.774: Total time for which application threads were stopped: 0.0002920 seconds, Stopping threads took: 0.0000922 seconds
2021-03-30T14:27:39.362+0800: 16964.776: Total time for which application threads were stopped: 0.0006847 seconds, Stopping threads took: 0.0000947 seconds
2021-03-30T14:27:39.368+0800: 16964.783: Total time for which application threads were stopped: 0.0003235 seconds, Stopping threads took: 0.0001281 seconds
2021-03-30T14:27:39.369+0800: 16964.784: Total time for which application threads were stopped: 0.0003022 seconds, Stopping threads took: 0.0000873 seconds
2021-03-30T14:27:39.372+0800: 16964.787: Total time for which application threads were stopped: 0.0003149 seconds, Stopping threads took: 0.0001043 seconds
2021-03-30T14:27:39.373+0800: 16964.787: Total time for which application threads were stopped: 0.0002444 seconds, Stopping threads took: 0.0000298 seconds
2021-03-30T14:27:39.374+0800: 16964.788: Total time for which application threads were stopped: 0.0002465 seconds, Stopping threads took: 0.0000307 seconds
2021-03-30T14:27:39.374+0800: 16964.788: Total time for which application threads were stopped: 0.0001798 seconds, Stopping threads took: 0.0000344 seconds
2021-03-30T14:27:39.375+0800: 16964.789: Total time for which application threads were stopped: 0.0002220 seconds, Stopping threads took: 0.0000315 seconds
2021-03-30T14:27:39.375+0800: 16964.790: Total time for which application threads were stopped: 0.0001949 seconds, Stopping threads took: 0.0000214 seconds
2021-03-30T14:27:39.390+0800: 16964.805: Total time for which application threads were stopped: 0.0003000 seconds, Stopping threads took: 0.0000867 seconds
2021-03-30T14:27:39.390+0800: 16964.805: Total time for which application threads were stopped: 0.0001932 seconds, Stopping threads took: 0.0000207 seconds
2021-03-30T14:27:39.391+0800: 16964.805: Total time for which application threads were stopped: 0.0001690 seconds, Stopping threads took: 0.0000334 seconds
2021-03-30T14:27:39.392+0800: 16964.806: Total time for which application threads were stopped: 0.0002398 seconds, Stopping threads took: 0.0000415 seconds
2021-03-30T14:27:39.392+0800: 16964.807: Total time for which application threads were stopped: 0.0002258 seconds, Stopping threads took: 0.0000735 seconds
2021-03-30T14:27:39.393+0800: 16964.807: Total time for which application threads were stopped: 0.0006778 seconds, Stopping threads took: 0.0000642 seconds
2021-03-30T14:27:39.393+0800: 16964.808: Total time for which application threads were stopped: 0.0001323 seconds, Stopping threads took: 0.0000167 seconds
2021-03-30T14:27:39.394+0800: 16964.809: Total time for which application threads were stopped: 0.0002161 seconds, Stopping threads took: 0.0000224 seconds
2021-03-30T14:27:39.397+0800: 16964.812: Total time for which application threads were stopped: 0.0001804 seconds, Stopping threads took: 0.0000188 seconds
2021-03-30T14:27:39.399+0800: 16964.814: Total time for which application threads were stopped: 0.0002296 seconds, Stopping threads took: 0.0000405 seconds
2021-03-30T14:27:39.400+0800: 16964.815: Total time for which application threads were stopped: 0.0002312 seconds, Stopping threads took: 0.0000322 seconds
2021-03-30T14:27:39.438+0800: 16964.852: Total time for which application threads were stopped: 0.0003151 seconds, Stopping threads took: 0.0001223 seconds
2021-03-30T14:27:39.438+0800: 16964.853: Total time for which application threads were stopped: 0.0004653 seconds, Stopping threads took: 0.0002780 seconds
2021-03-30T14:27:39.439+0800: 16964.853: Total time for which application threads were stopped: 0.0002116 seconds, Stopping threads took: 0.0000906 seconds
2021-03-30T14:27:39.439+0800: 16964.854: Total time for which application threads were stopped: 0.0002747 seconds, Stopping threads took: 0.0001050 seconds
2021-03-30T14:27:39.440+0800: 16964.854: Total time for which application threads were stopped: 0.0006647 seconds, Stopping threads took: 0.0001142 seconds
2021-03-30T14:27:39.440+0800: 16964.855: Total time for which application threads were stopped: 0.0001945 seconds, Stopping threads took: 0.0000743 seconds
2021-03-30T14:27:39.441+0800: 16964.855: Total time for which application threads were stopped: 0.0002228 seconds, Stopping threads took: 0.0001127 seconds
2021-03-30T14:27:39.441+0800: 16964.855: Total time for which application threads were stopped: 0.0002786 seconds, Stopping threads took: 0.0001133 seconds
2021-03-30T14:27:39.442+0800: 16964.856: Total time for which application threads were stopped: 0.0002964 seconds, Stopping threads took: 0.0001459 seconds
2021-03-30T14:27:39.442+0800: 16964.857: Total time for which application threads were stopped: 0.0003412 seconds, Stopping threads took: 0.0001832 seconds
2021-03-30T14:27:39.443+0800: 16964.857: Total time for which application threads were stopped: 0.0002028 seconds, Stopping threads took: 0.0000590 seconds
2021-03-30T14:27:39.443+0800: 16964.857: Total time for which application threads were stopped: 0.0003275 seconds, Stopping threads took: 0.0001950 seconds
2021-03-30T14:27:39.453+0800: 16964.868: Total time for which application threads were stopped: 0.0003796 seconds, Stopping threads took: 0.0001297 seconds
2021-03-30T14:27:39.455+0800: 16964.869: Total time for which application threads were stopped: 0.0003452 seconds, Stopping threads took: 0.0001314 seconds
2021-03-30T14:27:39.456+0800: 16964.871: Total time for which application threads were stopped: 0.0004235 seconds, Stopping threads took: 0.0001094 seconds
2021-03-30T14:27:39.458+0800: 16964.872: Total time for which application threads were stopped: 0.0003578 seconds, Stopping threads took: 0.0001426 seconds
2021-03-30T14:27:39.458+0800: 16964.872: Total time for which application threads were stopped: 0.0003393 seconds, Stopping threads took: 0.0001560 seconds
2021-03-30T14:27:39.459+0800: 16964.874: Total time for which application threads were stopped: 0.0003438 seconds, Stopping threads took: 0.0000883 seconds
2021-03-30T14:29:13.718+0800: 17059.132: Total time for which application threads were stopped: 0.0007627 seconds, Stopping threads took: 0.0001183 seconds
2021-03-30T14:29:23.240+0800: 17068.654: Total time for which application threads were stopped: 0.0002956 seconds, Stopping threads took: 0.0000688 seconds
2021-03-30T14:29:40.261+0800: 17085.676: Total time for which application threads were stopped: 0.0002637 seconds, Stopping threads took: 0.0000445 seconds
2021-03-30T14:34:13.723+0800: 17359.138: Total time for which application threads were stopped: 0.0004203 seconds, Stopping threads took: 0.0000911 seconds
2021-03-30T14:34:23.453+0800: 17368.868: Total time for which application threads were stopped: 0.0002733 seconds, Stopping threads took: 0.0000441 seconds
2021-03-30T14:34:24.453+0800: 17369.868: Total time for which application threads were stopped: 0.0006623 seconds, Stopping threads took: 0.0001154 seconds
2021-03-30T14:37:23.703+0800: 17549.118: Total time for which application threads were stopped: 0.0008322 seconds, Stopping threads took: 0.0001839 seconds
2021-03-30T14:39:13.734+0800: 17659.148: Total time for which application threads were stopped: 0.0003483 seconds, Stopping threads took: 0.0001229 seconds
2021-03-30T14:39:23.628+0800: 17669.042: Total time for which application threads were stopped: 0.0002378 seconds, Stopping threads took: 0.0000377 seconds
2021-03-30T14:42:33.950+0800: 17859.365: Total time for which application threads were stopped: 0.0005868 seconds, Stopping threads took: 0.0001073 seconds
2021-03-30T14:43:23.751+0800: 17909.165: Total time for which application threads were stopped: 0.0002562 seconds, Stopping threads took: 0.0000440 seconds
2021-03-30T14:43:23.803+0800: 17909.218: Total time for which application threads were stopped: 0.0002977 seconds, Stopping threads took: 0.0000467 seconds
2021-03-30T14:45:11.092+0800: 18016.507: Total time for which application threads were stopped: 0.0007317 seconds, Stopping threads took: 0.0001657 seconds
2021-03-30T14:45:24.132+0800: 18029.547: Total time for which application threads were stopped: 0.0006467 seconds, Stopping threads took: 0.0001058 seconds
2021-03-30T14:46:24.211+0800: 18089.625: Total time for which application threads were stopped: 0.0002377 seconds, Stopping threads took: 0.0000712 seconds
2021-03-30T14:48:23.765+0800: 18209.179: Total time for which application threads were stopped: 0.0002883 seconds, Stopping threads took: 0.0000738 seconds
2021-03-30T14:48:24.003+0800: 18209.417: Total time for which application threads were stopped: 0.0003142 seconds, Stopping threads took: 0.0000446 seconds
2021-03-30T14:49:24.155+0800: 18269.570: Total time for which application threads were stopped: 0.0007132 seconds, Stopping threads took: 0.0001233 seconds
2021-03-30T14:53:23.784+0800: 18509.199: Total time for which application threads were stopped: 0.0005851 seconds, Stopping threads took: 0.0001008 seconds
2021-03-30T14:53:24.189+0800: 18509.604: Total time for which application threads were stopped: 0.0003248 seconds, Stopping threads took: 0.0000481 seconds
2021-03-30T14:58:23.790+0800: 18809.204: Total time for which application threads were stopped: 0.0008206 seconds, Stopping threads took: 0.0002482 seconds
2021-03-30T14:58:24.454+0800: 18809.868: Total time for which application threads were stopped: 0.0003057 seconds, Stopping threads took: 0.0000441 seconds
2021-03-30T15:00:24.734+0800: 18930.149: Total time for which application threads were stopped: 0.0009773 seconds, Stopping threads took: 0.0001515 seconds
2021-03-30T15:01:24.834+0800: 18990.249: Total time for which application threads were stopped: 0.0006388 seconds, Stopping threads took: 0.0001070 seconds
2021-03-30T15:02:24.867+0800: 19050.282: Total time for which application threads were stopped: 0.0003835 seconds, Stopping threads took: 0.0001350 seconds
2021-03-30T15:03:23.823+0800: 19109.238: Total time for which application threads were stopped: 0.0002817 seconds, Stopping threads took: 0.0000515 seconds
2021-03-30T15:03:24.674+0800: 19110.089: Total time for which application threads were stopped: 0.0003257 seconds, Stopping threads took: 0.0000447 seconds
2021-03-30T15:06:25.672+0800: 19291.086: Total time for which application threads were stopped: 0.0003596 seconds, Stopping threads took: 0.0001313 seconds
2021-03-30T15:06:25.673+0800: 19291.087: Total time for which application threads were stopped: 0.0003217 seconds, Stopping threads took: 0.0000270 seconds
2021-03-30T15:06:25.675+0800: 19291.090: Total time for which application threads were stopped: 0.0004444 seconds, Stopping threads took: 0.0000892 seconds
2021-03-30T15:06:25.676+0800: 19291.090: Total time for which application threads were stopped: 0.0002448 seconds, Stopping threads took: 0.0000267 seconds
2021-03-30T15:06:25.677+0800: 19291.091: Total time for which application threads were stopped: 0.0002172 seconds, Stopping threads took: 0.0000417 seconds
2021-03-30T15:06:25.677+0800: 19291.091: Total time for which application threads were stopped: 0.0001403 seconds, Stopping threads took: 0.0000218 seconds
2021-03-30T15:06:25.678+0800: 19291.092: Total time for which application threads were stopped: 0.0002197 seconds, Stopping threads took: 0.0000337 seconds
2021-03-30T15:06:25.679+0800: 19291.093: Total time for which application threads were stopped: 0.0003755 seconds, Stopping threads took: 0.0001280 seconds
2021-03-30T15:06:25.679+0800: 19291.094: Total time for which application threads were stopped: 0.0004130 seconds, Stopping threads took: 0.0001655 seconds
2021-03-30T15:06:25.681+0800: 19291.095: Total time for which application threads were stopped: 0.0004646 seconds, Stopping threads took: 0.0002119 seconds
2021-03-30T15:06:25.681+0800: 19291.095: Total time for which application threads were stopped: 0.0002818 seconds, Stopping threads took: 0.0000989 seconds
2021-03-30T15:06:25.681+0800: 19291.095: Total time for which application threads were stopped: 0.0001808 seconds, Stopping threads took: 0.0000686 seconds
2021-03-30T15:06:25.682+0800: 19291.096: Total time for which application threads were stopped: 0.0001530 seconds, Stopping threads took: 0.0000369 seconds
2021-03-30T15:06:25.682+0800: 19291.096: Total time for which application threads were stopped: 0.0002422 seconds, Stopping threads took: 0.0001153 seconds
2021-03-30T15:06:25.682+0800: 19291.096: Total time for which application threads were stopped: 0.0002245 seconds, Stopping threads took: 0.0001063 seconds
2021-03-30T15:06:25.683+0800: 19291.097: Total time for which application threads were stopped: 0.0001979 seconds, Stopping threads took: 0.0000685 seconds
2021-03-30T15:06:25.684+0800: 19291.098: Total time for which application threads were stopped: 0.0007328 seconds, Stopping threads took: 0.0001413 seconds
2021-03-30T15:06:25.684+0800: 19291.099: Total time for which application threads were stopped: 0.0002511 seconds, Stopping threads took: 0.0000985 seconds
2021-03-30T15:06:25.685+0800: 19291.099: Total time for which application threads were stopped: 0.0002404 seconds, Stopping threads took: 0.0000920 seconds
2021-03-30T15:06:25.686+0800: 19291.100: Total time for which application threads were stopped: 0.0003392 seconds, Stopping threads took: 0.0001402 seconds
2021-03-30T15:07:25.807+0800: 19351.222: Total time for which application threads were stopped: 0.0003561 seconds, Stopping threads took: 0.0000710 seconds
2021-03-30T15:08:23.835+0800: 19409.249: Total time for which application threads were stopped: 0.0007686 seconds, Stopping threads took: 0.0001350 seconds
2021-03-30T15:08:24.871+0800: 19410.286: Total time for which application threads were stopped: 0.0002457 seconds, Stopping threads took: 0.0000486 seconds
2021-03-30T15:08:40.132+0800: 19425.547: Total time for which application threads were stopped: 0.0012162 seconds, Stopping threads took: 0.0000568 seconds
2021-03-30T15:08:40.142+0800: 19425.556: Total time for which application threads were stopped: 0.0009154 seconds, Stopping threads took: 0.0000693 seconds
2021-03-30T15:08:40.192+0800: 19425.606: Total time for which application threads were stopped: 0.0003035 seconds, Stopping threads took: 0.0000421 seconds
{Heap before GC invocations=17 (full 0):
 garbage-first heap   total 524288K, used 384128K [0x00000000e0000000, 0x00000000e0101000, 0x0000000100000000)
  region size 1024K, 307 young (314368K), 21 survivors (21504K)
 Metaspace       used 66832K, capacity 71250K, committed 71368K, reserved 1112064K
  class space    used 7886K, capacity 8646K, committed 8704K, reserved 1048576K
2021-03-30T15:08:40.208+0800: 19425.623: [GC pause (G1 Evacuation Pause) (young)
Desired survivor size 20447232 bytes, new threshold 15 (max 15)
- age   1:    4520944 bytes,    4520944 total
- age   2:    2563720 bytes,    7084664 total
- age   3:     167632 bytes,    7252296 total
- age   4:    1634944 bytes,    8887240 total
- age   5:    5679144 bytes,   14566384 total
, 0.0127286 secs]
   [Parallel Time: 9.6 ms, GC Workers: 8]
      [GC Worker Start (ms): Min: 19425622.8, Avg: 19425623.2, Max: 19425625.0, Diff: 2.1]
      [Ext Root Scanning (ms): Min: 0.0, Avg: 0.8, Max: 1.9, Diff: 1.9, Sum: 6.1]
      [Update RS (ms): Min: 0.0, Avg: 1.1, Max: 1.4, Diff: 1.4, Sum: 8.4]
         [Processed Buffers: Min: 0, Avg: 8.0, Max: 20, Diff: 20, Sum: 64]
      [Scan RS (ms): Min: 0.0, Avg: 0.0, Max: 0.1, Diff: 0.0, Sum: 0.2]
      [Code Root Scanning (ms): Min: 0.0, Avg: 1.8, Max: 7.3, Diff: 7.3, Sum: 14.3]
      [Object Copy (ms): Min: 0.0, Avg: 5.0, Max: 6.8, Diff: 6.8, Sum: 40.1]
      [Termination (ms): Min: 0.0, Avg: 0.5, Max: 0.6, Diff: 0.6, Sum: 4.4]
         [Termination Attempts: Min: 1, Avg: 39.9, Max: 52, Diff: 51, Sum: 319]
      [GC Worker Other (ms): Min: 0.0, Avg: 0.0, Max: 0.0, Diff: 0.0, Sum: 0.1]
      [GC Worker Total (ms): Min: 7.4, Avg: 9.2, Max: 9.6, Diff: 2.1, Sum: 73.7]
      [GC Worker End (ms): Min: 19425632.4, Avg: 19425632.4, Max: 19425632.4, Diff: 0.0]
   [Code Root Fixup: 0.1 ms]
   [Code Root Purge: 0.0 ms]
   [Clear CT: 0.6 ms]
   [Other: 2.4 ms]
      [Choose CSet: 0.0 ms]
      [Ref Proc: 1.6 ms]
      [Ref Enq: 0.1 ms]
      [Redirty Cards: 0.1 ms]
      [Humongous Register: 0.0 ms]
      [Humongous Reclaim: 0.0 ms]
      [Free CSet: 0.4 ms]
   [Eden: 286.0M(286.0M)->0.0B(287.0M) Survivors: 21.0M->20.0M Heap: 375.1M(512.0M)->88.6M(512.0M)]
Heap after GC invocations=18 (full 0):
 garbage-first heap   total 524288K, used 90752K [0x00000000e0000000, 0x00000000e0101000, 0x0000000100000000)
  region size 1024K, 20 young (20480K), 20 survivors (20480K)
 Metaspace       used 66832K, capacity 71250K, committed 71368K, reserved 1112064K
  class space    used 7886K, capacity 8646K, committed 8704K, reserved 1048576K
}
 [Times: user=0.09 sys=0.00, real=0.01 secs] 
2021-03-30T15:08:40.221+0800: 19425.636: Total time for which application threads were stopped: 0.0134730 seconds, Stopping threads took: 0.0001791 seconds
2021-03-30T15:08:40.221+0800: 19425.636: Total time for which application threads were stopped: 0.0003489 seconds, Stopping threads took: 0.0000540 seconds
2021-03-30T15:08:40.222+0800: 19425.636: Total time for which application threads were stopped: 0.0002945 seconds, Stopping threads took: 0.0000628 seconds
2021-03-30T15:08:40.222+0800: 19425.637: Total time for which application threads were stopped: 0.0002523 seconds, Stopping threads took: 0.0000375 seconds
2021-03-30T15:08:41.236+0800: 19426.650: Total time for which application threads were stopped: 0.0010572 seconds, Stopping threads took: 0.0002382 seconds
2021-03-30T15:08:43.427+0800: 19428.841: Total time for which application threads were stopped: 0.0003142 seconds, Stopping threads took: 0.0000583 seconds
2021-03-30T15:08:43.429+0800: 19428.843: Total time for which application threads were stopped: 0.0006167 seconds, Stopping threads took: 0.0000726 seconds
2021-03-30T15:08:44.432+0800: 19429.847: Total time for which application threads were stopped: 0.0008803 seconds, Stopping threads took: 0.0001948 seconds
2021-03-30T15:09:25.494+0800: 19470.909: Total time for which application threads were stopped: 0.0002937 seconds, Stopping threads took: 0.0000591 seconds
2021-03-30T15:11:25.405+0800: 19590.819: Total time for which application threads were stopped: 0.0004202 seconds, Stopping threads took: 0.0000501 seconds
2021-03-30T15:11:25.436+0800: 19590.850: Total time for which application threads were stopped: 0.0004013 seconds, Stopping threads took: 0.0000620 seconds
2021-03-30T15:11:25.451+0800: 19590.866: Total time for which application threads were stopped: 0.0003168 seconds, Stopping threads took: 0.0000485 seconds
2021-03-30T15:11:25.454+0800: 19590.868: Total time for which application threads were stopped: 0.0003347 seconds, Stopping threads took: 0.0000641 seconds
2021-03-30T15:11:25.456+0800: 19590.870: Total time for which application threads were stopped: 0.0003188 seconds, Stopping threads took: 0.0000415 seconds
2021-03-30T15:11:25.458+0800: 19590.872: Total time for which application threads were stopped: 0.0003540 seconds, Stopping threads took: 0.0000449 seconds
2021-03-30T15:11:25.937+0800: 19591.352: Total time for which application threads were stopped: 0.0002637 seconds, Stopping threads took: 0.0000655 seconds
2021-03-30T15:11:25.938+0800: 19591.352: Total time for which application threads were stopped: 0.0002097 seconds, Stopping threads took: 0.0000242 seconds
2021-03-30T15:11:25.938+0800: 19591.352: Total time for which application threads were stopped: 0.0002040 seconds, Stopping threads took: 0.0000251 seconds
2021-03-30T15:11:25.938+0800: 19591.352: Total time for which application threads were stopped: 0.0001844 seconds, Stopping threads took: 0.0000640 seconds
2021-03-30T15:11:25.939+0800: 19591.353: Total time for which application threads were stopped: 0.0001372 seconds, Stopping threads took: 0.0000179 seconds
2021-03-30T15:11:25.939+0800: 19591.353: Total time for which application threads were stopped: 0.0001381 seconds, Stopping threads took: 0.0000184 seconds
2021-03-30T15:11:25.940+0800: 19591.354: Total time for which application threads were stopped: 0.0001393 seconds, Stopping threads took: 0.0000160 seconds
2021-03-30T15:11:25.940+0800: 19591.354: Total time for which application threads were stopped: 0.0002499 seconds, Stopping threads took: 0.0001401 seconds
2021-03-30T15:11:25.940+0800: 19591.354: Total time for which application threads were stopped: 0.0001361 seconds, Stopping threads took: 0.0000285 seconds
2021-03-30T15:11:25.941+0800: 19591.355: Total time for which application threads were stopped: 0.0001392 seconds, Stopping threads took: 0.0000289 seconds
2021-03-30T15:11:25.941+0800: 19591.355: Total time for which application threads were stopped: 0.0001907 seconds, Stopping threads took: 0.0000372 seconds
2021-03-30T15:11:25.941+0800: 19591.355: Total time for which application threads were stopped: 0.0002064 seconds, Stopping threads took: 0.0000634 seconds
2021-03-30T15:11:25.942+0800: 19591.356: Total time for which application threads were stopped: 0.0006252 seconds, Stopping threads took: 0.0000353 seconds
2021-03-30T15:11:25.986+0800: 19591.401: Total time for which application threads were stopped: 0.0003745 seconds, Stopping threads took: 0.0000951 seconds
2021-03-30T15:11:33.990+0800: 19599.404: Total time for which application threads were stopped: 0.0002587 seconds, Stopping threads took: 0.0000378 seconds
2021-03-30T15:11:34.463+0800: 19599.877: Total time for which application threads were stopped: 0.0003418 seconds, Stopping threads took: 0.0000583 seconds
2021-03-30T15:11:34.464+0800: 19599.878: Total time for which application threads were stopped: 0.0002732 seconds, Stopping threads took: 0.0000250 seconds
2021-03-30T15:11:34.464+0800: 19599.878: Total time for which application threads were stopped: 0.0001869 seconds, Stopping threads took: 0.0000272 seconds
2021-03-30T15:11:34.464+0800: 19599.879: Total time for which application threads were stopped: 0.0002041 seconds, Stopping threads took: 0.0000181 seconds
2021-03-30T15:11:34.465+0800: 19599.879: Total time for which application threads were stopped: 0.0003275 seconds, Stopping threads took: 0.0001578 seconds
2021-03-30T15:11:34.465+0800: 19599.880: Total time for which application threads were stopped: 0.0002548 seconds, Stopping threads took: 0.0001135 seconds
2021-03-30T15:11:34.467+0800: 19599.881: Total time for which application threads were stopped: 0.0007992 seconds, Stopping threads took: 0.0000819 seconds
2021-03-30T15:11:34.467+0800: 19599.882: Total time for which application threads were stopped: 0.0001956 seconds, Stopping threads took: 0.0000215 seconds
2021-03-30T15:11:34.468+0800: 19599.882: Total time for which application threads were stopped: 0.0002089 seconds, Stopping threads took: 0.0000777 seconds
2021-03-30T15:11:34.468+0800: 19599.883: Total time for which application threads were stopped: 0.0002155 seconds, Stopping threads took: 0.0001061 seconds
2021-03-30T15:11:34.468+0800: 19599.883: Total time for which application threads were stopped: 0.0001394 seconds, Stopping threads took: 0.0000277 seconds
2021-03-30T15:11:34.468+0800: 19599.883: Total time for which application threads were stopped: 0.0001285 seconds, Stopping threads took: 0.0000278 seconds
2021-03-30T15:11:34.469+0800: 19599.883: Total time for which application threads were stopped: 0.0001156 seconds, Stopping threads took: 0.0000139 seconds
2021-03-30T15:11:34.470+0800: 19599.884: Total time for which application threads were stopped: 0.0002443 seconds, Stopping threads took: 0.0001166 seconds
2021-03-30T15:11:34.470+0800: 19599.885: Total time for which application threads were stopped: 0.0002337 seconds, Stopping threads took: 0.0001179 seconds
2021-03-30T15:11:34.471+0800: 19599.886: Total time for which application threads were stopped: 0.0001693 seconds, Stopping threads took: 0.0000221 seconds
2021-03-30T15:11:34.472+0800: 19599.886: Total time for which application threads were stopped: 0.0002441 seconds, Stopping threads took: 0.0001082 seconds
2021-03-30T15:11:34.473+0800: 19599.887: Total time for which application threads were stopped: 0.0002613 seconds, Stopping threads took: 0.0001011 seconds
2021-03-30T15:11:38.474+0800: 19603.889: Total time for which application threads were stopped: 0.0007082 seconds, Stopping threads took: 0.0001169 seconds
2021-03-30T15:13:23.843+0800: 19709.257: Total time for which application threads were stopped: 0.0008657 seconds, Stopping threads took: 0.0002752 seconds
2021-03-30T15:13:25.076+0800: 19710.490: Total time for which application threads were stopped: 0.0002854 seconds, Stopping threads took: 0.0000408 seconds
2021-03-30T15:18:23.870+0800: 20009.284: Total time for which application threads were stopped: 0.0006580 seconds, Stopping threads took: 0.0002235 seconds
2021-03-30T15:18:25.333+0800: 20010.748: Total time for which application threads were stopped: 0.0002613 seconds, Stopping threads took: 0.0000390 seconds
2021-03-30T15:23:23.890+0800: 20309.304: Total time for which application threads were stopped: 0.0005135 seconds, Stopping threads took: 0.0001454 seconds
2021-03-30T15:23:25.519+0800: 20310.934: Total time for which application threads were stopped: 0.0002742 seconds, Stopping threads took: 0.0000567 seconds
2021-03-30T15:28:23.910+0800: 20609.324: Total time for which application threads were stopped: 0.0002708 seconds, Stopping threads took: 0.0000550 seconds
2021-03-30T15:28:25.755+0800: 20611.169: Total time for which application threads were stopped: 0.0002330 seconds, Stopping threads took: 0.0000359 seconds
2021-03-30T15:30:26.005+0800: 20731.419: Total time for which application threads were stopped: 0.0006179 seconds, Stopping threads took: 0.0000942 seconds
2021-03-30T15:31:26.108+0800: 20791.523: Total time for which application threads were stopped: 0.0003029 seconds, Stopping threads took: 0.0000616 seconds
2021-03-30T15:33:23.938+0800: 20909.352: Total time for which application threads were stopped: 0.0003464 seconds, Stopping threads took: 0.0000843 seconds
2021-03-30T15:33:25.955+0800: 20911.370: Total time for which application threads were stopped: 0.0003160 seconds, Stopping threads took: 0.0000425 seconds
2021-03-30T15:38:23.967+0800: 21209.381: Total time for which application threads were stopped: 0.0026837 seconds, Stopping threads took: 0.0001850 seconds
2021-03-30T15:38:26.224+0800: 21211.639: Total time for which application threads were stopped: 0.0002923 seconds, Stopping threads took: 0.0000377 seconds
2021-03-30T15:43:23.980+0800: 21509.394: Total time for which application threads were stopped: 0.0005226 seconds, Stopping threads took: 0.0000418 seconds
2021-03-30T15:43:24.980+0800: 21510.395: Total time for which application threads were stopped: 0.0004791 seconds, Stopping threads took: 0.0000788 seconds
2021-03-30T15:43:26.434+0800: 21511.848: Total time for which application threads were stopped: 0.0002259 seconds, Stopping threads took: 0.0000484 seconds
2021-03-30T15:48:24.008+0800: 21809.422: Total time for which application threads were stopped: 0.0008059 seconds, Stopping threads took: 0.0002605 seconds
2021-03-30T15:48:26.641+0800: 21812.056: Total time for which application threads were stopped: 0.0002946 seconds, Stopping threads took: 0.0000362 seconds
2021-03-30T15:48:27.642+0800: 21813.056: Total time for which application threads were stopped: 0.0002230 seconds, Stopping threads took: 0.0000396 seconds
2021-03-30T15:49:27.694+0800: 21873.108: Total time for which application threads were stopped: 0.0008003 seconds, Stopping threads took: 0.0001595 seconds
2021-03-30T15:50:26.821+0800: 21932.235: Total time for which application threads were stopped: 0.0002180 seconds, Stopping threads took: 0.0000389 seconds
2021-03-30T15:53:24.013+0800: 22109.428: Total time for which application threads were stopped: 0.0007354 seconds, Stopping threads took: 0.0001038 seconds
2021-03-30T15:53:26.881+0800: 22112.295: Total time for which application threads were stopped: 0.0002421 seconds, Stopping threads took: 0.0000495 seconds
2021-03-30T15:58:24.023+0800: 22409.438: Total time for which application threads were stopped: 0.0003063 seconds, Stopping threads took: 0.0000573 seconds
2021-03-30T15:58:27.092+0800: 22412.506: Total time for which application threads were stopped: 0.0002480 seconds, Stopping threads took: 0.0000355 seconds
2021-03-30T16:03:24.028+0800: 22709.442: Total time for which application threads were stopped: 0.0009063 seconds, Stopping threads took: 0.0002068 seconds
2021-03-30T16:03:27.298+0800: 22712.712: Total time for which application threads were stopped: 0.0002749 seconds, Stopping threads took: 0.0000436 seconds
2021-03-30T16:08:24.036+0800: 23009.450: Total time for which application threads were stopped: 0.0002920 seconds, Stopping threads took: 0.0000445 seconds
2021-03-30T16:08:27.507+0800: 23012.921: Total time for which application threads were stopped: 0.0020526 seconds, Stopping threads took: 0.0002124 seconds
2021-03-30T16:08:27.529+0800: 23012.944: Total time for which application threads were stopped: 0.0010118 seconds, Stopping threads took: 0.0000584 seconds
2021-03-30T16:09:27.558+0800: 23072.973: Total time for which application threads were stopped: 0.0002877 seconds, Stopping threads took: 0.0000543 seconds
2021-03-30T16:13:24.046+0800: 23309.460: Total time for which application threads were stopped: 0.0003805 seconds, Stopping threads took: 0.0001114 seconds
2021-03-30T16:13:27.729+0800: 23313.144: Total time for which application threads were stopped: 0.0002549 seconds, Stopping threads took: 0.0000336 seconds
2021-03-30T16:15:55.040+0800: 23460.454: Total time for which application threads were stopped: 0.0003005 seconds, Stopping threads took: 0.0001019 seconds
2021-03-30T16:16:28.083+0800: 23493.497: Total time for which application threads were stopped: 0.0002549 seconds, Stopping threads took: 0.0000436 seconds
2021-03-30T16:18:24.060+0800: 23609.475: Total time for which application threads were stopped: 0.0008417 seconds, Stopping threads took: 0.0001746 seconds
2021-03-30T16:18:28.013+0800: 23613.427: Total time for which application threads were stopped: 0.0002663 seconds, Stopping threads took: 0.0000491 seconds
2021-03-30T16:23:24.069+0800: 23909.484: Total time for which application threads were stopped: 0.0006304 seconds, Stopping threads took: 0.0001888 seconds
2021-03-30T16:23:28.225+0800: 23913.640: Total time for which application threads were stopped: 0.0002686 seconds, Stopping threads took: 0.0000663 seconds
2021-03-30T16:28:24.073+0800: 24209.488: Total time for which application threads were stopped: 0.0009784 seconds, Stopping threads took: 0.0002966 seconds
2021-03-30T16:28:28.451+0800: 24213.865: Total time for which application threads were stopped: 0.0002822 seconds, Stopping threads took: 0.0000404 seconds
2021-03-30T16:33:24.125+0800: 24509.539: Total time for which application threads were stopped: 0.0015185 seconds, Stopping threads took: 0.0004900 seconds
2021-03-30T16:33:28.651+0800: 24514.065: Total time for which application threads were stopped: 0.0002825 seconds, Stopping threads took: 0.0000475 seconds
2021-03-30T16:33:29.652+0800: 24515.067: Total time for which application threads were stopped: 0.0006299 seconds, Stopping threads took: 0.0001062 seconds
2021-03-30T16:38:24.139+0800: 24809.553: Total time for which application threads were stopped: 0.0007559 seconds, Stopping threads took: 0.0001603 seconds
2021-03-30T16:38:28.843+0800: 24814.258: Total time for which application threads were stopped: 0.0002215 seconds, Stopping threads took: 0.0000340 seconds
2021-03-30T16:43:24.145+0800: 25109.559: Total time for which application threads were stopped: 0.0009285 seconds, Stopping threads took: 0.0002548 seconds
2021-03-30T16:43:29.044+0800: 25114.459: Total time for which application threads were stopped: 0.0002347 seconds, Stopping threads took: 0.0000355 seconds
2021-03-30T16:48:24.148+0800: 25409.563: Total time for which application threads were stopped: 0.0011284 seconds, Stopping threads took: 0.0002587 seconds
2021-03-30T16:48:29.297+0800: 25414.712: Total time for which application threads were stopped: 0.0002356 seconds, Stopping threads took: 0.0000482 seconds
2021-03-30T16:53:24.160+0800: 25709.575: Total time for which application threads were stopped: 0.0005848 seconds, Stopping threads took: 0.0001215 seconds
2021-03-30T16:53:29.483+0800: 25714.897: Total time for which application threads were stopped: 0.0002400 seconds, Stopping threads took: 0.0000487 seconds
2021-03-30T16:53:30.484+0800: 25715.898: Total time for which application threads were stopped: 0.0002120 seconds, Stopping threads took: 0.0000386 seconds
2021-03-30T16:56:29.831+0800: 25895.246: Total time for which application threads were stopped: 0.0006310 seconds, Stopping threads took: 0.0001037 seconds
2021-03-30T16:58:24.165+0800: 26009.579: Total time for which application threads were stopped: 0.0007436 seconds, Stopping threads took: 0.0001183 seconds
2021-03-30T16:58:29.670+0800: 26015.084: Total time for which application threads were stopped: 0.0003017 seconds, Stopping threads took: 0.0000446 seconds
2021-03-30T16:59:29.803+0800: 26075.218: Total time for which application threads were stopped: 0.0002396 seconds, Stopping threads took: 0.0000404 seconds
2021-03-30T17:03:24.189+0800: 26309.604: Total time for which application threads were stopped: 0.0007481 seconds, Stopping threads took: 0.0001663 seconds
2021-03-30T17:03:29.847+0800: 26315.262: Total time for which application threads were stopped: 0.0002495 seconds, Stopping threads took: 0.0000488 seconds
2021-03-30T17:08:24.205+0800: 26609.620: Total time for which application threads were stopped: 0.0009990 seconds, Stopping threads took: 0.0002061 seconds
2021-03-30T17:08:30.036+0800: 26615.450: Total time for which application threads were stopped: 0.0002332 seconds, Stopping threads took: 0.0000354 seconds
2021-03-30T17:13:24.214+0800: 26909.628: Total time for which application threads were stopped: 0.0004782 seconds, Stopping threads took: 0.0001280 seconds
2021-03-30T17:13:30.240+0800: 26915.655: Total time for which application threads were stopped: 0.0002588 seconds, Stopping threads took: 0.0000373 seconds
2021-03-30T17:14:30.342+0800: 26975.756: Total time for which application threads were stopped: 0.0002781 seconds, Stopping threads took: 0.0000854 seconds
2021-03-30T17:16:30.569+0800: 27095.983: Total time for which application threads were stopped: 0.0002805 seconds, Stopping threads took: 0.0000477 seconds
2021-03-30T17:18:24.216+0800: 27209.631: Total time for which application threads were stopped: 0.0006473 seconds, Stopping threads took: 0.0000529 seconds
2021-03-30T17:18:30.493+0800: 27215.907: Total time for which application threads were stopped: 0.0003093 seconds, Stopping threads took: 0.0000495 seconds
2021-03-30T17:23:24.233+0800: 27509.647: Total time for which application threads were stopped: 0.0008379 seconds, Stopping threads took: 0.0001380 seconds
2021-03-30T17:23:30.700+0800: 27516.115: Total time for which application threads were stopped: 0.0002185 seconds, Stopping threads took: 0.0000354 seconds
2021-03-30T17:28:24.270+0800: 27809.685: Total time for which application threads were stopped: 0.0012206 seconds, Stopping threads took: 0.0003360 seconds
2021-03-30T17:28:30.857+0800: 27816.272: Total time for which application threads were stopped: 0.0002687 seconds, Stopping threads took: 0.0000409 seconds
2021-03-30T17:29:56.966+0800: 27902.380: Total time for which application threads were stopped: 0.0009625 seconds, Stopping threads took: 0.0002313 seconds
2021-03-30T17:30:16.481+0800: 27921.896: Total time for which application threads were stopped: 0.0002333 seconds, Stopping threads took: 0.0000553 seconds
2021-03-30T17:30:16.494+0800: 27921.908: Total time for which application threads were stopped: 0.0003811 seconds, Stopping threads took: 0.0000410 seconds
2021-03-30T17:30:16.499+0800: 27921.913: Total time for which application threads were stopped: 0.0004279 seconds, Stopping threads took: 0.0000984 seconds
2021-03-30T17:30:16.500+0800: 27921.915: Total time for which application threads were stopped: 0.0004811 seconds, Stopping threads took: 0.0000917 seconds
2021-03-30T17:30:16.501+0800: 27921.916: Total time for which application threads were stopped: 0.0009228 seconds, Stopping threads took: 0.0001168 seconds
2021-03-30T17:30:16.503+0800: 27921.918: Total time for which application threads were stopped: 0.0004330 seconds, Stopping threads took: 0.0001774 seconds
2021-03-30T17:30:16.505+0800: 27921.919: Total time for which application threads were stopped: 0.0010766 seconds, Stopping threads took: 0.0002024 seconds
2021-03-30T17:30:16.506+0800: 27921.920: Total time for which application threads were stopped: 0.0002658 seconds, Stopping threads took: 0.0001413 seconds
2021-03-30T17:30:16.507+0800: 27921.921: Total time for which application threads were stopped: 0.0003668 seconds, Stopping threads took: 0.0001839 seconds
2021-03-30T17:30:16.509+0800: 27921.924: Total time for which application threads were stopped: 0.0004105 seconds, Stopping threads took: 0.0001237 seconds
2021-03-30T17:30:16.511+0800: 27921.926: Total time for which application threads were stopped: 0.0002814 seconds, Stopping threads took: 0.0000261 seconds
2021-03-30T17:30:16.512+0800: 27921.926: Total time for which application threads were stopped: 0.0001859 seconds, Stopping threads took: 0.0000203 seconds
2021-03-30T17:30:16.517+0800: 27921.931: Total time for which application threads were stopped: 0.0005466 seconds, Stopping threads took: 0.0000971 seconds
2021-03-30T17:30:16.518+0800: 27921.933: Total time for which application threads were stopped: 0.0003144 seconds, Stopping threads took: 0.0000683 seconds
2021-03-30T17:30:16.519+0800: 27921.933: Total time for which application threads were stopped: 0.0002621 seconds, Stopping threads took: 0.0000659 seconds
2021-03-30T17:30:16.521+0800: 27921.935: Total time for which application threads were stopped: 0.0002715 seconds, Stopping threads took: 0.0001004 seconds
2021-03-30T17:30:16.521+0800: 27921.935: Total time for which application threads were stopped: 0.0002383 seconds, Stopping threads took: 0.0000925 seconds
2021-03-30T17:30:16.522+0800: 27921.937: Total time for which application threads were stopped: 0.0002681 seconds, Stopping threads took: 0.0000283 seconds
2021-03-30T17:30:16.524+0800: 27921.939: Total time for which application threads were stopped: 0.0003091 seconds, Stopping threads took: 0.0001047 seconds
2021-03-30T17:30:16.529+0800: 27921.943: Total time for which application threads were stopped: 0.0002789 seconds, Stopping threads took: 0.0000438 seconds
2021-03-30T17:30:16.530+0800: 27921.944: Total time for which application threads were stopped: 0.0002230 seconds, Stopping threads took: 0.0000178 seconds
2021-03-30T17:30:16.530+0800: 27921.944: Total time for which application threads were stopped: 0.0001249 seconds, Stopping threads took: 0.0000140 seconds
2021-03-30T17:30:16.531+0800: 27921.946: Total time for which application threads were stopped: 0.0002876 seconds, Stopping threads took: 0.0000879 seconds
2021-03-30T17:30:16.542+0800: 27921.956: Total time for which application threads were stopped: 0.0003965 seconds, Stopping threads took: 0.0001451 seconds
2021-03-30T17:30:16.542+0800: 27921.957: Total time for which application threads were stopped: 0.0002554 seconds, Stopping threads took: 0.0000899 seconds
2021-03-30T17:30:16.543+0800: 27921.957: Total time for which application threads were stopped: 0.0002641 seconds, Stopping threads took: 0.0001080 seconds
2021-03-30T17:30:16.543+0800: 27921.957: Total time for which application threads were stopped: 0.0002519 seconds, Stopping threads took: 0.0000892 seconds
2021-03-30T17:30:16.547+0800: 27921.962: Total time for which application threads were stopped: 0.0003317 seconds, Stopping threads took: 0.0000331 seconds
2021-03-30T17:30:16.548+0800: 27921.962: Total time for which application threads were stopped: 0.0001954 seconds, Stopping threads took: 0.0000204 seconds
2021-03-30T17:30:16.553+0800: 27921.967: Total time for which application threads were stopped: 0.0002466 seconds, Stopping threads took: 0.0000339 seconds
2021-03-30T17:30:16.553+0800: 27921.968: Total time for which application threads were stopped: 0.0002584 seconds, Stopping threads took: 0.0000457 seconds
2021-03-30T17:30:16.561+0800: 27921.976: Total time for which application threads were stopped: 0.0004293 seconds, Stopping threads took: 0.0002078 seconds
2021-03-30T17:30:16.562+0800: 27921.976: Total time for which application threads were stopped: 0.0002397 seconds, Stopping threads took: 0.0000931 seconds
2021-03-30T17:30:16.562+0800: 27921.977: Total time for which application threads were stopped: 0.0002760 seconds, Stopping threads took: 0.0001456 seconds
{Heap before GC invocations=18 (full 0):
 garbage-first heap   total 524288K, used 384640K [0x00000000e0000000, 0x00000000e0101000, 0x0000000100000000)
  region size 1024K, 307 young (314368K), 20 survivors (20480K)
 Metaspace       used 67245K, capacity 71748K, committed 71880K, reserved 1112064K
  class space    used 7901K, capacity 8671K, committed 8704K, reserved 1048576K
2021-03-30T17:30:16.910+0800: 27922.325: [GC pause (G1 Evacuation Pause) (young)
Desired survivor size 20447232 bytes, new threshold 15 (max 15)
- age   1:    4638248 bytes,    4638248 total
- age   2:     197032 bytes,    4835280 total
- age   3:     101504 bytes,    4936784 total
- age   4:     141080 bytes,    5077864 total
- age   5:    1502048 bytes,    6579912 total
- age   6:    5679032 bytes,   12258944 total
, 0.0235354 secs]
   [Parallel Time: 19.9 ms, GC Workers: 8]
      [GC Worker Start (ms): Min: 27922325.7, Avg: 27922325.9, Max: 27922326.2, Diff: 0.5]
      [Ext Root Scanning (ms): Min: 0.9, Avg: 2.1, Max: 8.9, Diff: 8.0, Sum: 16.6]
      [Update RS (ms): Min: 0.0, Avg: 3.3, Max: 4.1, Diff: 4.1, Sum: 26.3]
         [Processed Buffers: Min: 0, Avg: 9.1, Max: 23, Diff: 23, Sum: 73]
      [Scan RS (ms): Min: 0.0, Avg: 0.0, Max: 0.1, Diff: 0.1, Sum: 0.3]
      [Code Root Scanning (ms): Min: 0.0, Avg: 1.2, Max: 4.0, Diff: 4.0, Sum: 9.5]
      [Object Copy (ms): Min: 10.6, Avg: 12.8, Max: 14.3, Diff: 3.7, Sum: 102.2]
      [Termination (ms): Min: 0.0, Avg: 0.1, Max: 0.1, Diff: 0.1, Sum: 0.8]
         [Termination Attempts: Min: 1, Avg: 2.5, Max: 4, Diff: 3, Sum: 20]
      [GC Worker Other (ms): Min: 0.0, Avg: 0.1, Max: 0.1, Diff: 0.1, Sum: 0.4]
      [GC Worker Total (ms): Min: 19.3, Avg: 19.5, Max: 19.7, Diff: 0.4, Sum: 156.1]
      [GC Worker End (ms): Min: 27922345.4, Avg: 27922345.5, Max: 27922345.5, Diff: 0.0]
   [Code Root Fixup: 0.1 ms]
   [Code Root Purge: 0.0 ms]
   [Clear CT: 0.3 ms]
   [Other: 3.2 ms]
      [Choose CSet: 0.0 ms]
      [Ref Proc: 1.5 ms]
      [Ref Enq: 0.1 ms]
      [Redirty Cards: 0.1 ms]
      [Humongous Register: 0.2 ms]
      [Humongous Reclaim: 0.0 ms]
      [Free CSet: 0.7 ms]
   [Eden: 287.0M(287.0M)->0.0B(281.0M) Survivors: 20.0M->26.0M Heap: 375.6M(512.0M)->94.6M(512.0M)]
Heap after GC invocations=19 (full 0):
 garbage-first heap   total 524288K, used 96896K [0x00000000e0000000, 0x00000000e0101000, 0x0000000100000000)
  region size 1024K, 26 young (26624K), 26 survivors (26624K)
 Metaspace       used 67245K, capacity 71748K, committed 71880K, reserved 1112064K
  class space    used 7901K, capacity 8671K, committed 8704K, reserved 1048576K
}
 [Times: user=0.06 sys=0.05, real=0.02 secs] 
2021-03-30T17:30:16.934+0800: 27922.349: Total time for which application threads were stopped: 0.0243338 seconds, Stopping threads took: 0.0000533 seconds
2021-03-30T17:30:16.934+0800: 27922.349: Total time for which application threads were stopped: 0.0003963 seconds, Stopping threads took: 0.0000619 seconds
2021-03-30T17:30:16.935+0800: 27922.349: Total time for which application threads were stopped: 0.0002468 seconds, Stopping threads took: 0.0000821 seconds
2021-03-30T17:30:16.935+0800: 27922.350: Total time for which application threads were stopped: 0.0002332 seconds, Stopping threads took: 0.0000930 seconds
2021-03-30T17:30:16.936+0800: 27922.350: Total time for which application threads were stopped: 0.0006782 seconds, Stopping threads took: 0.0000210 seconds
2021-03-30T17:30:17.045+0800: 27922.460: Total time for which application threads were stopped: 0.0005437 seconds, Stopping threads took: 0.0000889 seconds
2021-03-30T17:30:17.054+0800: 27922.468: Total time for which application threads were stopped: 0.0010942 seconds, Stopping threads took: 0.0001355 seconds
2021-03-30T17:30:17.066+0800: 27922.480: Total time for which application threads were stopped: 0.0005451 seconds, Stopping threads took: 0.0000951 seconds
2021-03-30T17:30:17.069+0800: 27922.484: Total time for which application threads were stopped: 0.0003532 seconds, Stopping threads took: 0.0000700 seconds
2021-03-30T17:30:17.070+0800: 27922.484: Total time for which application threads were stopped: 0.0002549 seconds, Stopping threads took: 0.0000434 seconds
2021-03-30T17:30:17.071+0800: 27922.486: Total time for which application threads were stopped: 0.0003127 seconds, Stopping threads took: 0.0000700 seconds
2021-03-30T17:30:17.071+0800: 27922.486: Total time for which application threads were stopped: 0.0002682 seconds, Stopping threads took: 0.0000418 seconds
2021-03-30T17:30:17.073+0800: 27922.487: Total time for which application threads were stopped: 0.0007412 seconds, Stopping threads took: 0.0000477 seconds
2021-03-30T17:30:17.074+0800: 27922.488: Total time for which application threads were stopped: 0.0003438 seconds, Stopping threads took: 0.0000658 seconds
2021-03-30T17:30:17.075+0800: 27922.490: Total time for which application threads were stopped: 0.0003240 seconds, Stopping threads took: 0.0000908 seconds
2021-03-30T17:30:17.134+0800: 27922.549: Total time for which application threads were stopped: 0.0003873 seconds, Stopping threads took: 0.0001041 seconds
2021-03-30T17:30:17.135+0800: 27922.549: Total time for which application threads were stopped: 0.0002624 seconds, Stopping threads took: 0.0000400 seconds
2021-03-30T17:30:17.135+0800: 27922.550: Total time for which application threads were stopped: 0.0006980 seconds, Stopping threads took: 0.0000376 seconds
2021-03-30T17:30:17.137+0800: 27922.552: Total time for which application threads were stopped: 0.0002853 seconds, Stopping threads took: 0.0000442 seconds
2021-03-30T17:30:17.138+0800: 27922.552: Total time for which application threads were stopped: 0.0001752 seconds, Stopping threads took: 0.0000187 seconds
2021-03-30T17:30:17.139+0800: 27922.553: Total time for which application threads were stopped: 0.0001951 seconds, Stopping threads took: 0.0000202 seconds
2021-03-30T17:30:17.139+0800: 27922.554: Total time for which application threads were stopped: 0.0002127 seconds, Stopping threads took: 0.0000227 seconds
2021-03-30T17:30:17.141+0800: 27922.555: Total time for which application threads were stopped: 0.0002780 seconds, Stopping threads took: 0.0000595 seconds
2021-03-30T17:30:17.198+0800: 27922.612: Total time for which application threads were stopped: 0.0003024 seconds, Stopping threads took: 0.0000892 seconds
2021-03-30T17:30:17.198+0800: 27922.612: Total time for which application threads were stopped: 0.0001834 seconds, Stopping threads took: 0.0000186 seconds
2021-03-30T17:30:17.207+0800: 27922.621: Total time for which application threads were stopped: 0.0003297 seconds, Stopping threads took: 0.0000698 seconds
2021-03-30T17:30:17.209+0800: 27922.623: Total time for which application threads were stopped: 0.0004192 seconds, Stopping threads took: 0.0001525 seconds
2021-03-30T17:30:17.213+0800: 27922.627: Total time for which application threads were stopped: 0.0003336 seconds, Stopping threads took: 0.0000769 seconds
2021-03-30T17:30:17.215+0800: 27922.629: Total time for which application threads were stopped: 0.0004106 seconds, Stopping threads took: 0.0001398 seconds
2021-03-30T17:30:17.223+0800: 27922.637: Total time for which application threads were stopped: 0.0003106 seconds, Stopping threads took: 0.0000717 seconds
2021-03-30T17:30:17.223+0800: 27922.637: Total time for which application threads were stopped: 0.0002250 seconds, Stopping threads took: 0.0000435 seconds
2021-03-30T17:30:17.225+0800: 27922.639: Total time for which application threads were stopped: 0.0003592 seconds, Stopping threads took: 0.0001023 seconds
2021-03-30T17:30:17.226+0800: 27922.640: Total time for which application threads were stopped: 0.0002951 seconds, Stopping threads took: 0.0000900 seconds
2021-03-30T17:30:17.239+0800: 27922.653: Total time for which application threads were stopped: 0.0004174 seconds, Stopping threads took: 0.0000554 seconds
2021-03-30T17:30:17.295+0800: 27922.710: Total time for which application threads were stopped: 0.0004068 seconds, Stopping threads took: 0.0000952 seconds
2021-03-30T17:30:17.296+0800: 27922.711: Total time for which application threads were stopped: 0.0003763 seconds, Stopping threads took: 0.0001281 seconds
2021-03-30T17:30:17.296+0800: 27922.711: Total time for which application threads were stopped: 0.0003096 seconds, Stopping threads took: 0.0000739 seconds
2021-03-30T17:30:17.296+0800: 27922.711: Total time for which application threads were stopped: 0.0002344 seconds, Stopping threads took: 0.0000577 seconds
2021-03-30T17:30:17.298+0800: 27922.713: Total time for which application threads were stopped: 0.0003110 seconds, Stopping threads took: 0.0000407 seconds
2021-03-30T17:30:17.300+0800: 27922.715: Total time for which application threads were stopped: 0.0004580 seconds, Stopping threads took: 0.0000746 seconds
2021-03-30T17:30:17.302+0800: 27922.717: Total time for which application threads were stopped: 0.0003268 seconds, Stopping threads took: 0.0000683 seconds
2021-03-30T17:30:17.311+0800: 27922.726: Total time for which application threads were stopped: 0.0004029 seconds, Stopping threads took: 0.0000686 seconds
2021-03-30T17:30:17.365+0800: 27922.779: Total time for which application threads were stopped: 0.0003245 seconds, Stopping threads took: 0.0000747 seconds
2021-03-30T17:30:17.365+0800: 27922.780: Total time for which application threads were stopped: 0.0002452 seconds, Stopping threads took: 0.0000347 seconds
2021-03-30T17:30:17.379+0800: 27922.793: Total time for which application threads were stopped: 0.0004967 seconds, Stopping threads took: 0.0000732 seconds
2021-03-30T17:30:17.380+0800: 27922.794: Total time for which application threads were stopped: 0.0005446 seconds, Stopping threads took: 0.0002041 seconds
2021-03-30T17:30:17.380+0800: 27922.795: Total time for which application threads were stopped: 0.0003599 seconds, Stopping threads took: 0.0000418 seconds
2021-03-30T17:30:17.381+0800: 27922.796: Total time for which application threads were stopped: 0.0003432 seconds, Stopping threads took: 0.0000567 seconds
2021-03-30T17:30:17.382+0800: 27922.796: Total time for which application threads were stopped: 0.0004246 seconds, Stopping threads took: 0.0000597 seconds
2021-03-30T17:30:17.382+0800: 27922.797: Total time for which application threads were stopped: 0.0003888 seconds, Stopping threads took: 0.0000607 seconds
2021-03-30T17:30:17.385+0800: 27922.800: Total time for which application threads were stopped: 0.0007285 seconds, Stopping threads took: 0.0000816 seconds
2021-03-30T17:30:17.386+0800: 27922.800: Total time for which application threads were stopped: 0.0003498 seconds, Stopping threads took: 0.0000559 seconds
2021-03-30T17:30:17.386+0800: 27922.801: Total time for which application threads were stopped: 0.0003591 seconds, Stopping threads took: 0.0000464 seconds
2021-03-30T17:30:17.387+0800: 27922.802: Total time for which application threads were stopped: 0.0003424 seconds, Stopping threads took: 0.0000528 seconds
2021-03-30T17:30:17.387+0800: 27922.802: Total time for which application threads were stopped: 0.0002462 seconds, Stopping threads took: 0.0000577 seconds
2021-03-30T17:30:17.388+0800: 27922.802: Total time for which application threads were stopped: 0.0004111 seconds, Stopping threads took: 0.0000567 seconds
2021-03-30T17:30:17.388+0800: 27922.803: Total time for which application threads were stopped: 0.0003067 seconds, Stopping threads took: 0.0000499 seconds
2021-03-30T17:30:17.388+0800: 27922.803: Total time for which application threads were stopped: 0.0003170 seconds, Stopping threads took: 0.0000989 seconds
2021-03-30T17:30:17.389+0800: 27922.803: Total time for which application threads were stopped: 0.0003355 seconds, Stopping threads took: 0.0000464 seconds
2021-03-30T17:30:17.391+0800: 27922.806: Total time for which application threads were stopped: 0.0010915 seconds, Stopping threads took: 0.0000663 seconds
2021-03-30T17:30:17.392+0800: 27922.806: Total time for which application threads were stopped: 0.0003638 seconds, Stopping threads took: 0.0000576 seconds
2021-03-30T17:30:17.393+0800: 27922.807: Total time for which application threads were stopped: 0.0003456 seconds, Stopping threads took: 0.0000727 seconds
2021-03-30T17:30:17.393+0800: 27922.808: Total time for which application threads were stopped: 0.0003844 seconds, Stopping threads took: 0.0000559 seconds
2021-03-30T17:30:17.395+0800: 27922.810: Total time for which application threads were stopped: 0.0004801 seconds, Stopping threads took: 0.0000708 seconds
2021-03-30T17:30:17.418+0800: 27922.833: Total time for which application threads were stopped: 0.0004973 seconds, Stopping threads took: 0.0000595 seconds
2021-03-30T17:30:17.418+0800: 27922.833: Total time for which application threads were stopped: 0.0003501 seconds, Stopping threads took: 0.0000389 seconds
2021-03-30T17:30:17.420+0800: 27922.835: Total time for which application threads were stopped: 0.0004665 seconds, Stopping threads took: 0.0000934 seconds
2021-03-30T17:30:17.421+0800: 27922.836: Total time for which application threads were stopped: 0.0006826 seconds, Stopping threads took: 0.0002105 seconds
2021-03-30T17:30:17.423+0800: 27922.838: Total time for which application threads were stopped: 0.0004920 seconds, Stopping threads took: 0.0000734 seconds
2021-03-30T17:30:17.459+0800: 27922.873: Total time for which application threads were stopped: 0.0004156 seconds, Stopping threads took: 0.0001204 seconds
2021-03-30T17:30:17.459+0800: 27922.874: Total time for which application threads were stopped: 0.0003832 seconds, Stopping threads took: 0.0000427 seconds
2021-03-30T17:30:17.460+0800: 27922.875: Total time for which application threads were stopped: 0.0005858 seconds, Stopping threads took: 0.0001103 seconds
2021-03-30T17:30:17.461+0800: 27922.876: Total time for which application threads were stopped: 0.0004097 seconds, Stopping threads took: 0.0000815 seconds
2021-03-30T17:30:17.462+0800: 27922.877: Total time for which application threads were stopped: 0.0004601 seconds, Stopping threads took: 0.0000888 seconds
2021-03-30T17:30:17.463+0800: 27922.878: Total time for which application threads were stopped: 0.0005828 seconds, Stopping threads took: 0.0000734 seconds
2021-03-30T17:30:17.464+0800: 27922.878: Total time for which application threads were stopped: 0.0004582 seconds, Stopping threads took: 0.0000639 seconds
2021-03-30T17:30:17.465+0800: 27922.879: Total time for which application threads were stopped: 0.0003842 seconds, Stopping threads took: 0.0000599 seconds
2021-03-30T17:30:17.465+0800: 27922.879: Total time for which application threads were stopped: 0.0003528 seconds, Stopping threads took: 0.0000322 seconds
2021-03-30T17:30:17.466+0800: 27922.880: Total time for which application threads were stopped: 0.0003915 seconds, Stopping threads took: 0.0000625 seconds
2021-03-30T17:30:17.469+0800: 27922.883: Total time for which application threads were stopped: 0.0004163 seconds, Stopping threads took: 0.0000813 seconds
2021-03-30T17:30:17.470+0800: 27922.885: Total time for which application threads were stopped: 0.0005283 seconds, Stopping threads took: 0.0001010 seconds
2021-03-30T17:30:17.471+0800: 27922.885: Total time for which application threads were stopped: 0.0003075 seconds, Stopping threads took: 0.0000737 seconds
2021-03-30T17:30:17.474+0800: 27922.888: Total time for which application threads were stopped: 0.0005153 seconds, Stopping threads took: 0.0000880 seconds
2021-03-30T17:30:17.518+0800: 27922.933: Total time for which application threads were stopped: 0.0004253 seconds, Stopping threads took: 0.0000580 seconds
2021-03-30T17:30:17.520+0800: 27922.934: Total time for which application threads were stopped: 0.0003681 seconds, Stopping threads took: 0.0000754 seconds
2021-03-30T17:30:17.520+0800: 27922.934: Total time for which application threads were stopped: 0.0003916 seconds, Stopping threads took: 0.0000707 seconds
2021-03-30T17:30:17.531+0800: 27922.945: Total time for which application threads were stopped: 0.0004110 seconds, Stopping threads took: 0.0000582 seconds
2021-03-30T17:30:17.541+0800: 27922.955: Total time for which application threads were stopped: 0.0005955 seconds, Stopping threads took: 0.0000520 seconds
2021-03-30T17:30:17.544+0800: 27922.959: Total time for which application threads were stopped: 0.0003691 seconds, Stopping threads took: 0.0000681 seconds
2021-03-30T17:30:17.546+0800: 27922.960: Total time for which application threads were stopped: 0.0004391 seconds, Stopping threads took: 0.0000685 seconds
2021-03-30T17:30:17.546+0800: 27922.961: Total time for which application threads were stopped: 0.0003239 seconds, Stopping threads took: 0.0000977 seconds
2021-03-30T17:31:24.522+0800: 27989.937: Total time for which application threads were stopped: 0.0003230 seconds, Stopping threads took: 0.0000719 seconds
2021-03-30T17:31:24.525+0800: 27989.940: Total time for which application threads were stopped: 0.0005933 seconds, Stopping threads took: 0.0001818 seconds
2021-03-30T17:31:25.531+0800: 27990.945: Total time for which application threads were stopped: 0.0004274 seconds, Stopping threads took: 0.0000746 seconds
2021-03-30T17:33:24.284+0800: 28109.699: Total time for which application threads were stopped: 0.0007342 seconds, Stopping threads took: 0.0001149 seconds
2021-03-30T17:33:25.285+0800: 28110.700: Total time for which application threads were stopped: 0.0008963 seconds, Stopping threads took: 0.0001169 seconds
2021-03-30T17:33:31.052+0800: 28116.466: Total time for which application threads were stopped: 0.0010526 seconds, Stopping threads took: 0.0000436 seconds
2021-03-30T17:33:42.969+0800: 28128.384: Total time for which application threads were stopped: 0.0002702 seconds, Stopping threads took: 0.0000458 seconds
2021-03-30T17:35:31.229+0800: 28236.644: Total time for which application threads were stopped: 0.0006359 seconds, Stopping threads took: 0.0001086 seconds
2021-03-30T17:38:24.306+0800: 28409.720: Total time for which application threads were stopped: 0.0003230 seconds, Stopping threads took: 0.0000691 seconds
2021-03-30T17:38:31.270+0800: 28416.685: Total time for which application threads were stopped: 0.0002348 seconds, Stopping threads took: 0.0000363 seconds
2021-03-30T17:38:37.291+0800: 28422.705: Total time for which application threads were stopped: 0.0003513 seconds, Stopping threads took: 0.0000527 seconds
2021-03-30T17:40:14.190+0800: 28519.605: Total time for which application threads were stopped: 0.0004053 seconds, Stopping threads took: 0.0001254 seconds
2021-03-30T17:40:14.201+0800: 28519.615: Total time for which application threads were stopped: 0.0002961 seconds, Stopping threads took: 0.0000577 seconds
2021-03-30T17:40:14.201+0800: 28519.616: Total time for which application threads were stopped: 0.0003603 seconds, Stopping threads took: 0.0001644 seconds
2021-03-30T17:40:14.201+0800: 28519.616: Total time for which application threads were stopped: 0.0003284 seconds, Stopping threads took: 0.0000564 seconds
2021-03-30T17:40:14.202+0800: 28519.617: Total time for which application threads were stopped: 0.0003272 seconds, Stopping threads took: 0.0001069 seconds
2021-03-30T17:40:14.203+0800: 28519.617: Total time for which application threads were stopped: 0.0003449 seconds, Stopping threads took: 0.0001140 seconds
2021-03-30T17:40:14.203+0800: 28519.618: Total time for which application threads were stopped: 0.0004650 seconds, Stopping threads took: 0.0001927 seconds
2021-03-30T17:40:15.203+0800: 28520.618: Total time for which application threads were stopped: 0.0006934 seconds, Stopping threads took: 0.0001176 seconds
2021-03-30T17:40:28.054+0800: 28533.469: Total time for which application threads were stopped: 0.0002498 seconds, Stopping threads took: 0.0000521 seconds
2021-03-30T17:40:28.058+0800: 28533.472: Total time for which application threads were stopped: 0.0004196 seconds, Stopping threads took: 0.0001897 seconds
2021-03-30T17:40:28.059+0800: 28533.474: Total time for which application threads were stopped: 0.0003506 seconds, Stopping threads took: 0.0000817 seconds
2021-03-30T17:40:28.060+0800: 28533.474: Total time for which application threads were stopped: 0.0003696 seconds, Stopping threads took: 0.0001649 seconds
2021-03-30T17:40:28.061+0800: 28533.475: Total time for which application threads were stopped: 0.0003232 seconds, Stopping threads took: 0.0000564 seconds
2021-03-30T17:40:28.061+0800: 28533.475: Total time for which application threads were stopped: 0.0003241 seconds, Stopping threads took: 0.0000873 seconds
2021-03-30T17:40:28.062+0800: 28533.476: Total time for which application threads were stopped: 0.0003938 seconds, Stopping threads took: 0.0001493 seconds
2021-03-30T17:40:28.062+0800: 28533.476: Total time for which application threads were stopped: 0.0004111 seconds, Stopping threads took: 0.0001834 seconds
2021-03-30T17:40:28.063+0800: 28533.477: Total time for which application threads were stopped: 0.0003283 seconds, Stopping threads took: 0.0001094 seconds
2021-03-30T17:40:28.065+0800: 28533.479: Total time for which application threads were stopped: 0.0002846 seconds, Stopping threads took: 0.0000446 seconds
2021-03-30T17:40:28.066+0800: 28533.481: Total time for which application threads were stopped: 0.0003131 seconds, Stopping threads took: 0.0001117 seconds
2021-03-30T17:40:28.067+0800: 28533.482: Total time for which application threads were stopped: 0.0001759 seconds, Stopping threads took: 0.0000166 seconds
2021-03-30T17:40:28.069+0800: 28533.483: Total time for which application threads were stopped: 0.0003101 seconds, Stopping threads took: 0.0001161 seconds
2021-03-30T17:40:28.070+0800: 28533.485: Total time for which application threads were stopped: 0.0002176 seconds, Stopping threads took: 0.0000229 seconds
2021-03-30T17:40:28.072+0800: 28533.486: Total time for which application threads were stopped: 0.0007409 seconds, Stopping threads took: 0.0001268 seconds
2021-03-30T17:40:28.072+0800: 28533.487: Total time for which application threads were stopped: 0.0006567 seconds, Stopping threads took: 0.0000954 seconds
2021-03-30T17:40:28.073+0800: 28533.488: Total time for which application threads were stopped: 0.0002486 seconds, Stopping threads took: 0.0001017 seconds
2021-03-30T17:40:28.073+0800: 28533.488: Total time for which application threads were stopped: 0.0001429 seconds, Stopping threads took: 0.0000181 seconds
2021-03-30T17:40:28.075+0800: 28533.489: Total time for which application threads were stopped: 0.0002481 seconds, Stopping threads took: 0.0001005 seconds
2021-03-30T17:40:28.076+0800: 28533.491: Total time for which application threads were stopped: 0.0002762 seconds, Stopping threads took: 0.0000944 seconds
2021-03-30T17:40:28.077+0800: 28533.492: Total time for which application threads were stopped: 0.0002465 seconds, Stopping threads took: 0.0000926 seconds
2021-03-30T17:40:28.080+0800: 28533.495: Total time for which application threads were stopped: 0.0007367 seconds, Stopping threads took: 0.0000566 seconds
2021-03-30T17:40:28.080+0800: 28533.495: Total time for which application threads were stopped: 0.0002292 seconds, Stopping threads took: 0.0000740 seconds
2021-03-30T17:40:28.082+0800: 28533.496: Total time for which application threads were stopped: 0.0002174 seconds, Stopping threads took: 0.0001020 seconds
2021-03-30T17:40:28.082+0800: 28533.497: Total time for which application threads were stopped: 0.0002423 seconds, Stopping threads took: 0.0000971 seconds
2021-03-30T17:40:28.082+0800: 28533.497: Total time for which application threads were stopped: 0.0002328 seconds, Stopping threads took: 0.0000992 seconds
2021-03-30T17:40:28.084+0800: 28533.498: Total time for which application threads were stopped: 0.0002856 seconds, Stopping threads took: 0.0000243 seconds
2021-03-30T17:40:28.091+0800: 28533.506: Total time for which application threads were stopped: 0.0003901 seconds, Stopping threads took: 0.0001547 seconds
2021-03-30T17:40:28.091+0800: 28533.506: Total time for which application threads were stopped: 0.0002674 seconds, Stopping threads took: 0.0000936 seconds
2021-03-30T17:40:28.093+0800: 28533.507: Total time for which application threads were stopped: 0.0001998 seconds, Stopping threads took: 0.0000207 seconds
2021-03-30T17:40:28.093+0800: 28533.508: Total time for which application threads were stopped: 0.0001926 seconds, Stopping threads took: 0.0000187 seconds
2021-03-30T17:40:28.101+0800: 28533.515: Total time for which application threads were stopped: 0.0003847 seconds, Stopping threads took: 0.0001459 seconds
2021-03-30T17:40:28.102+0800: 28533.517: Total time for which application threads were stopped: 0.0002780 seconds, Stopping threads took: 0.0000473 seconds
2021-03-30T17:40:28.109+0800: 28533.523: Total time for which application threads were stopped: 0.0002485 seconds, Stopping threads took: 0.0000552 seconds
2021-03-30T17:40:28.109+0800: 28533.524: Total time for which application threads were stopped: 0.0001914 seconds, Stopping threads took: 0.0000388 seconds
2021-03-30T17:40:28.118+0800: 28533.533: Total time for which application threads were stopped: 0.0002490 seconds, Stopping threads took: 0.0000504 seconds
2021-03-30T17:40:44.537+0800: 28549.952: Total time for which application threads were stopped: 0.0002641 seconds, Stopping threads took: 0.0000392 seconds
2021-03-30T17:40:44.599+0800: 28550.014: Total time for which application threads were stopped: 0.0004770 seconds, Stopping threads took: 0.0000556 seconds
2021-03-30T17:40:46.009+0800: 28551.423: Total time for which application threads were stopped: 0.0002706 seconds, Stopping threads took: 0.0000450 seconds
2021-03-30T17:40:46.010+0800: 28551.424: Total time for which application threads were stopped: 0.0003135 seconds, Stopping threads took: 0.0001111 seconds
2021-03-30T17:40:46.011+0800: 28551.425: Total time for which application threads were stopped: 0.0004108 seconds, Stopping threads took: 0.0001117 seconds
2021-03-30T17:40:46.011+0800: 28551.426: Total time for which application threads were stopped: 0.0002196 seconds, Stopping threads took: 0.0000485 seconds
2021-03-30T17:40:46.011+0800: 28551.426: Total time for which application threads were stopped: 0.0002432 seconds, Stopping threads took: 0.0000867 seconds
2021-03-30T17:40:46.011+0800: 28551.426: Total time for which application threads were stopped: 0.0003449 seconds, Stopping threads took: 0.0001847 seconds
2021-03-30T17:40:46.012+0800: 28551.427: Total time for which application threads were stopped: 0.0003373 seconds, Stopping threads took: 0.0002040 seconds
2021-03-30T17:40:46.013+0800: 28551.428: Total time for which application threads were stopped: 0.0002807 seconds, Stopping threads took: 0.0001114 seconds
2021-03-30T17:40:46.013+0800: 28551.428: Total time for which application threads were stopped: 0.0002860 seconds, Stopping threads took: 0.0001475 seconds
2021-03-30T17:40:46.014+0800: 28551.428: Total time for which application threads were stopped: 0.0003045 seconds, Stopping threads took: 0.0001804 seconds
2021-03-30T17:40:46.014+0800: 28551.429: Total time for which application threads were stopped: 0.0003101 seconds, Stopping threads took: 0.0001952 seconds
2021-03-30T17:40:46.014+0800: 28551.429: Total time for which application threads were stopped: 0.0001727 seconds, Stopping threads took: 0.0000449 seconds
2021-03-30T17:40:46.015+0800: 28551.429: Total time for which application threads were stopped: 0.0003346 seconds, Stopping threads took: 0.0001380 seconds
2021-03-30T17:40:46.015+0800: 28551.430: Total time for which application threads were stopped: 0.0002251 seconds, Stopping threads took: 0.0001240 seconds
2021-03-30T17:40:46.015+0800: 28551.430: Total time for which application threads were stopped: 0.0002987 seconds, Stopping threads took: 0.0001919 seconds
2021-03-30T17:40:47.029+0800: 28552.444: Total time for which application threads were stopped: 0.0004377 seconds, Stopping threads took: 0.0001117 seconds
2021-03-30T17:40:49.044+0800: 28554.459: Total time for which application threads were stopped: 0.0005207 seconds, Stopping threads took: 0.0000808 seconds
2021-03-30T17:41:11.108+0800: 28576.523: Total time for which application threads were stopped: 0.0004523 seconds, Stopping threads took: 0.0000640 seconds
2021-03-30T17:41:12.449+0800: 28577.864: Total time for which application threads were stopped: 0.0003520 seconds, Stopping threads took: 0.0001192 seconds
2021-03-30T17:41:12.450+0800: 28577.865: Total time for which application threads were stopped: 0.0002647 seconds, Stopping threads took: 0.0000232 seconds
2021-03-30T17:41:12.450+0800: 28577.865: Total time for which application threads were stopped: 0.0002376 seconds, Stopping threads took: 0.0000358 seconds
2021-03-30T17:41:12.451+0800: 28577.866: Total time for which application threads were stopped: 0.0002319 seconds, Stopping threads took: 0.0000514 seconds
2021-03-30T17:41:12.451+0800: 28577.866: Total time for which application threads were stopped: 0.0002777 seconds, Stopping threads took: 0.0001028 seconds
2021-03-30T17:41:12.452+0800: 28577.867: Total time for which application threads were stopped: 0.0002275 seconds, Stopping threads took: 0.0000923 seconds
2021-03-30T17:41:12.453+0800: 28577.867: Total time for which application threads were stopped: 0.0002441 seconds, Stopping threads took: 0.0000460 seconds
2021-03-30T17:41:12.454+0800: 28577.868: Total time for which application threads were stopped: 0.0003307 seconds, Stopping threads took: 0.0001595 seconds
2021-03-30T17:41:12.454+0800: 28577.868: Total time for which application threads were stopped: 0.0002258 seconds, Stopping threads took: 0.0000916 seconds
2021-03-30T17:41:12.455+0800: 28577.869: Total time for which application threads were stopped: 0.0002973 seconds, Stopping threads took: 0.0001627 seconds
2021-03-30T17:41:12.455+0800: 28577.869: Total time for which application threads were stopped: 0.0001802 seconds, Stopping threads took: 0.0000192 seconds
2021-03-30T17:41:12.455+0800: 28577.870: Total time for which application threads were stopped: 0.0001551 seconds, Stopping threads took: 0.0000141 seconds
2021-03-30T17:41:12.455+0800: 28577.870: Total time for which application threads were stopped: 0.0003050 seconds, Stopping threads took: 0.0001508 seconds
2021-03-30T17:41:12.456+0800: 28577.870: Total time for which application threads were stopped: 0.0002127 seconds, Stopping threads took: 0.0000895 seconds
2021-03-30T17:41:12.456+0800: 28577.871: Total time for which application threads were stopped: 0.0001989 seconds, Stopping threads took: 0.0000772 seconds
2021-03-30T17:41:13.459+0800: 28578.874: Total time for which application threads were stopped: 0.0008262 seconds, Stopping threads took: 0.0001875 seconds
2021-03-30T17:41:15.465+0800: 28580.880: Total time for which application threads were stopped: 0.0003286 seconds, Stopping threads took: 0.0000606 seconds
2021-03-30T17:41:33.522+0800: 28598.937: Total time for which application threads were stopped: 0.0007893 seconds, Stopping threads took: 0.0001235 seconds
2021-03-30T17:42:22.876+0800: 28648.291: Total time for which application threads were stopped: 0.0006019 seconds, Stopping threads took: 0.0002042 seconds
2021-03-30T17:42:22.877+0800: 28648.292: Total time for which application threads were stopped: 0.0004712 seconds, Stopping threads took: 0.0001297 seconds
2021-03-30T17:42:22.878+0800: 28648.293: Total time for which application threads were stopped: 0.0006779 seconds, Stopping threads took: 0.0003136 seconds
2021-03-30T17:42:22.879+0800: 28648.294: Total time for which application threads were stopped: 0.0006416 seconds, Stopping threads took: 0.0001413 seconds
2021-03-30T17:42:22.881+0800: 28648.296: Total time for which application threads were stopped: 0.0006145 seconds, Stopping threads took: 0.0001847 seconds
2021-03-30T17:43:24.311+0800: 28709.726: Total time for which application threads were stopped: 0.0002818 seconds, Stopping threads took: 0.0000498 seconds
2021-03-30T17:43:31.473+0800: 28716.887: Total time for which application threads were stopped: 0.0002695 seconds, Stopping threads took: 0.0000489 seconds
2021-03-30T17:44:00.763+0800: 28746.178: Total time for which application threads were stopped: 0.0004630 seconds, Stopping threads took: 0.0000835 seconds
2021-03-30T17:44:06.053+0800: 28751.467: Total time for which application threads were stopped: 0.0002762 seconds, Stopping threads took: 0.0000544 seconds
2021-03-30T17:44:06.054+0800: 28751.469: Total time for which application threads were stopped: 0.0004834 seconds, Stopping threads took: 0.0001101 seconds
2021-03-30T17:44:07.054+0800: 28752.468: Total time for which application threads were stopped: 0.0003502 seconds, Stopping threads took: 0.0000745 seconds
2021-03-30T17:44:29.077+0800: 28774.491: Total time for which application threads were stopped: 0.0004402 seconds, Stopping threads took: 0.0000853 seconds
2021-03-30T17:47:13.902+0800: 28939.316: Total time for which application threads were stopped: 0.0007981 seconds, Stopping threads took: 0.0000752 seconds
2021-03-30T17:47:17.573+0800: 28942.987: Total time for which application threads were stopped: 0.0003933 seconds, Stopping threads took: 0.0000633 seconds
2021-03-30T17:47:32.610+0800: 28958.025: Total time for which application threads were stopped: 0.0006136 seconds, Stopping threads took: 0.0001007 seconds
2021-03-30T17:47:55.542+0800: 28980.957: Total time for which application threads were stopped: 0.0010251 seconds, Stopping threads took: 0.0001785 seconds
2021-03-30T17:47:55.543+0800: 28980.958: Total time for which application threads were stopped: 0.0008009 seconds, Stopping threads took: 0.0001438 seconds
2021-03-30T17:47:55.544+0800: 28980.959: Total time for which application threads were stopped: 0.0007751 seconds, Stopping threads took: 0.0001915 seconds
2021-03-30T17:47:55.545+0800: 28980.960: Total time for which application threads were stopped: 0.0005977 seconds, Stopping threads took: 0.0000240 seconds
2021-03-30T17:47:55.545+0800: 28980.960: Total time for which application threads were stopped: 0.0003491 seconds, Stopping threads took: 0.0001857 seconds
2021-03-30T17:47:55.546+0800: 28980.961: Total time for which application threads were stopped: 0.0007408 seconds, Stopping threads took: 0.0001877 seconds
2021-03-30T17:47:55.547+0800: 28980.961: Total time for which application threads were stopped: 0.0002998 seconds, Stopping threads took: 0.0001709 seconds
2021-03-30T17:47:55.547+0800: 28980.962: Total time for which application threads were stopped: 0.0002949 seconds, Stopping threads took: 0.0001099 seconds
2021-03-30T17:47:55.547+0800: 28980.962: Total time for which application threads were stopped: 0.0002140 seconds, Stopping threads took: 0.0000534 seconds
2021-03-30T17:47:55.551+0800: 28980.966: Total time for which application threads were stopped: 0.0002984 seconds, Stopping threads took: 0.0000404 seconds
2021-03-30T17:47:55.551+0800: 28980.966: Total time for which application threads were stopped: 0.0001939 seconds, Stopping threads took: 0.0000193 seconds
2021-03-30T17:47:55.555+0800: 28980.970: Total time for which application threads were stopped: 0.0004067 seconds, Stopping threads took: 0.0000447 seconds
2021-03-30T17:47:55.556+0800: 28980.970: Total time for which application threads were stopped: 0.0002888 seconds, Stopping threads took: 0.0000297 seconds
2021-03-30T17:47:55.556+0800: 28980.971: Total time for which application threads were stopped: 0.0002890 seconds, Stopping threads took: 0.0000786 seconds
2021-03-30T17:47:55.558+0800: 28980.972: Total time for which application threads were stopped: 0.0003076 seconds, Stopping threads took: 0.0001129 seconds
2021-03-30T17:47:55.558+0800: 28980.972: Total time for which application threads were stopped: 0.0002337 seconds, Stopping threads took: 0.0001008 seconds
2021-03-30T17:47:55.559+0800: 28980.974: Total time for which application threads were stopped: 0.0006498 seconds, Stopping threads took: 0.0000619 seconds
2021-03-30T17:47:55.562+0800: 28980.976: Total time for which application threads were stopped: 0.0002952 seconds, Stopping threads took: 0.0000820 seconds
2021-03-30T17:47:55.563+0800: 28980.977: Total time for which application threads were stopped: 0.0003210 seconds, Stopping threads took: 0.0001047 seconds
2021-03-30T17:47:55.563+0800: 28980.978: Total time for which application threads were stopped: 0.0001717 seconds, Stopping threads took: 0.0000299 seconds
2021-03-30T17:47:55.564+0800: 28980.979: Total time for which application threads were stopped: 0.0003288 seconds, Stopping threads took: 0.0001104 seconds
2021-03-30T17:47:55.565+0800: 28980.980: Total time for which application threads were stopped: 0.0002520 seconds, Stopping threads took: 0.0000570 seconds
2021-03-30T17:47:55.565+0800: 28980.980: Total time for which application threads were stopped: 0.0002446 seconds, Stopping threads took: 0.0000254 seconds
2021-03-30T17:47:55.566+0800: 28980.981: Total time for which application threads were stopped: 0.0002105 seconds, Stopping threads took: 0.0000221 seconds
2021-03-30T17:47:55.568+0800: 28980.983: Total time for which application threads were stopped: 0.0002759 seconds, Stopping threads took: 0.0000371 seconds
2021-03-30T17:47:55.568+0800: 28980.983: Total time for which application threads were stopped: 0.0002072 seconds, Stopping threads took: 0.0000445 seconds
2021-03-30T17:47:55.569+0800: 28980.984: Total time for which application threads were stopped: 0.0002044 seconds, Stopping threads took: 0.0000254 seconds
2021-03-30T17:47:55.569+0800: 28980.984: Total time for which application threads were stopped: 0.0001405 seconds, Stopping threads took: 0.0000171 seconds
2021-03-30T17:47:55.576+0800: 28980.991: Total time for which application threads were stopped: 0.0002353 seconds, Stopping threads took: 0.0000417 seconds
2021-03-30T17:47:55.580+0800: 28980.994: Total time for which application threads were stopped: 0.0003650 seconds, Stopping threads took: 0.0000623 seconds
2021-03-30T17:47:55.583+0800: 28980.997: Total time for which application threads were stopped: 0.0010853 seconds, Stopping threads took: 0.0002672 seconds
2021-03-30T17:47:55.584+0800: 28980.998: Total time for which application threads were stopped: 0.0008249 seconds, Stopping threads took: 0.0001317 seconds
2021-03-30T17:47:55.587+0800: 28981.001: Total time for which application threads were stopped: 0.0004127 seconds, Stopping threads took: 0.0000898 seconds
2021-03-30T17:47:55.591+0800: 28981.006: Total time for which application threads were stopped: 0.0005014 seconds, Stopping threads took: 0.0002165 seconds
2021-03-30T17:47:55.592+0800: 28981.006: Total time for which application threads were stopped: 0.0003414 seconds, Stopping threads took: 0.0000848 seconds
2021-03-30T17:47:55.594+0800: 28981.009: Total time for which application threads were stopped: 0.0004123 seconds, Stopping threads took: 0.0000530 seconds
2021-03-30T17:47:55.595+0800: 28981.009: Total time for which application threads were stopped: 0.0002365 seconds, Stopping threads took: 0.0000490 seconds
2021-03-30T17:47:55.595+0800: 28981.010: Total time for which application threads were stopped: 0.0002940 seconds, Stopping threads took: 0.0001104 seconds
2021-03-30T17:47:55.597+0800: 28981.011: Total time for which application threads were stopped: 0.0003438 seconds, Stopping threads took: 0.0001077 seconds
2021-03-30T17:47:55.598+0800: 28981.012: Total time for which application threads were stopped: 0.0003573 seconds, Stopping threads took: 0.0001415 seconds
2021-03-30T17:47:55.641+0800: 28981.055: Total time for which application threads were stopped: 0.0004472 seconds, Stopping threads took: 0.0001291 seconds
2021-03-30T17:47:55.641+0800: 28981.056: Total time for which application threads were stopped: 0.0003228 seconds, Stopping threads took: 0.0001295 seconds
2021-03-30T17:47:55.642+0800: 28981.056: Total time for which application threads were stopped: 0.0002403 seconds, Stopping threads took: 0.0000853 seconds
2021-03-30T17:47:55.642+0800: 28981.057: Total time for which application threads were stopped: 0.0001701 seconds, Stopping threads took: 0.0000200 seconds
2021-03-30T17:47:55.643+0800: 28981.058: Total time for which application threads were stopped: 0.0008555 seconds, Stopping threads took: 0.0001068 seconds
2021-03-30T17:47:55.645+0800: 28981.059: Total time for which application threads were stopped: 0.0002630 seconds, Stopping threads took: 0.0000870 seconds
2021-03-30T17:47:55.645+0800: 28981.060: Total time for which application threads were stopped: 0.0003309 seconds, Stopping threads took: 0.0001187 seconds
2021-03-30T17:47:55.647+0800: 28981.061: Total time for which application threads were stopped: 0.0003309 seconds, Stopping threads took: 0.0001333 seconds
2021-03-30T17:47:55.647+0800: 28981.062: Total time for which application threads were stopped: 0.0002315 seconds, Stopping threads took: 0.0000415 seconds
2021-03-30T17:47:55.696+0800: 28981.110: Total time for which application threads were stopped: 0.0003381 seconds, Stopping threads took: 0.0000577 seconds
2021-03-30T17:47:55.696+0800: 28981.110: Total time for which application threads were stopped: 0.0002985 seconds, Stopping threads took: 0.0000819 seconds
2021-03-30T17:47:55.698+0800: 28981.112: Total time for which application threads were stopped: 0.0003004 seconds, Stopping threads took: 0.0000906 seconds
2021-03-30T17:47:55.707+0800: 28981.121: Total time for which application threads were stopped: 0.0004176 seconds, Stopping threads took: 0.0001322 seconds
2021-03-30T17:47:55.707+0800: 28981.122: Total time for which application threads were stopped: 0.0003080 seconds, Stopping threads took: 0.0001094 seconds
2021-03-30T17:47:55.711+0800: 28981.126: Total time for which application threads were stopped: 0.0012555 seconds, Stopping threads took: 0.0002510 seconds
2021-03-30T17:47:55.716+0800: 28981.131: Total time for which application threads were stopped: 0.0003857 seconds, Stopping threads took: 0.0001307 seconds
2021-03-30T17:47:55.717+0800: 28981.131: Total time for which application threads were stopped: 0.0002923 seconds, Stopping threads took: 0.0000301 seconds
2021-03-30T17:47:55.718+0800: 28981.132: Total time for which application threads were stopped: 0.0003544 seconds, Stopping threads took: 0.0000702 seconds
2021-03-30T17:47:55.718+0800: 28981.133: Total time for which application threads were stopped: 0.0003393 seconds, Stopping threads took: 0.0001402 seconds
2021-03-30T17:47:55.720+0800: 28981.134: Total time for which application threads were stopped: 0.0002581 seconds, Stopping threads took: 0.0000494 seconds
2021-03-30T17:47:55.728+0800: 28981.142: Total time for which application threads were stopped: 0.0003926 seconds, Stopping threads took: 0.0001482 seconds
2021-03-30T17:47:55.728+0800: 28981.142: Total time for which application threads were stopped: 0.0003926 seconds, Stopping threads took: 0.0001575 seconds
2021-03-30T17:47:55.804+0800: 28981.219: Total time for which application threads were stopped: 0.0005359 seconds, Stopping threads took: 0.0002941 seconds
2021-03-30T17:47:55.805+0800: 28981.220: Total time for which application threads were stopped: 0.0004313 seconds, Stopping threads took: 0.0000907 seconds
2021-03-30T17:47:55.807+0800: 28981.222: Total time for which application threads were stopped: 0.0004033 seconds, Stopping threads took: 0.0001389 seconds
2021-03-30T17:47:55.807+0800: 28981.222: Total time for which application threads were stopped: 0.0002860 seconds, Stopping threads took: 0.0000276 seconds
2021-03-30T17:47:55.809+0800: 28981.224: Total time for which application threads were stopped: 0.0002592 seconds, Stopping threads took: 0.0000388 seconds
2021-03-30T17:47:55.810+0800: 28981.225: Total time for which application threads were stopped: 0.0003799 seconds, Stopping threads took: 0.0001192 seconds
2021-03-30T17:47:55.811+0800: 28981.226: Total time for which application threads were stopped: 0.0002754 seconds, Stopping threads took: 0.0000398 seconds
2021-03-30T17:47:55.818+0800: 28981.233: Total time for which application threads were stopped: 0.0003391 seconds, Stopping threads took: 0.0000504 seconds
2021-03-30T17:47:55.818+0800: 28981.233: Total time for which application threads were stopped: 0.0002509 seconds, Stopping threads took: 0.0000303 seconds
2021-03-30T17:47:55.868+0800: 28981.283: Total time for which application threads were stopped: 0.0008149 seconds, Stopping threads took: 0.0001128 seconds
2021-03-30T17:47:55.869+0800: 28981.284: Total time for which application threads were stopped: 0.0008155 seconds, Stopping threads took: 0.0001851 seconds
2021-03-30T17:47:55.877+0800: 28981.291: Total time for which application threads were stopped: 0.0002746 seconds, Stopping threads took: 0.0000569 seconds
2021-03-30T17:47:55.877+0800: 28981.292: Total time for which application threads were stopped: 0.0002059 seconds, Stopping threads took: 0.0000376 seconds
2021-03-30T17:47:55.877+0800: 28981.292: Total time for which application threads were stopped: 0.0001399 seconds, Stopping threads took: 0.0000180 seconds
2021-03-30T17:47:55.879+0800: 28981.293: Total time for which application threads were stopped: 0.0002283 seconds, Stopping threads took: 0.0001105 seconds
2021-03-30T17:47:55.879+0800: 28981.293: Total time for which application threads were stopped: 0.0002335 seconds, Stopping threads took: 0.0001126 seconds
2021-03-30T17:47:55.879+0800: 28981.293: Total time for which application threads were stopped: 0.0002248 seconds, Stopping threads took: 0.0001085 seconds
2021-03-30T17:47:55.881+0800: 28981.295: Total time for which application threads were stopped: 0.0003578 seconds, Stopping threads took: 0.0001215 seconds
2021-03-30T17:47:55.882+0800: 28981.296: Total time for which application threads were stopped: 0.0003043 seconds, Stopping threads took: 0.0001116 seconds
2021-03-30T17:47:55.882+0800: 28981.296: Total time for which application threads were stopped: 0.0003102 seconds, Stopping threads took: 0.0001752 seconds
2021-03-30T17:47:55.882+0800: 28981.297: Total time for which application threads were stopped: 0.0002520 seconds, Stopping threads took: 0.0001073 seconds
2021-03-30T17:47:55.883+0800: 28981.297: Total time for which application threads were stopped: 0.0002581 seconds, Stopping threads took: 0.0000348 seconds
2021-03-30T17:47:55.883+0800: 28981.297: Total time for which application threads were stopped: 0.0001351 seconds, Stopping threads took: 0.0000187 seconds
2021-03-30T17:47:55.883+0800: 28981.297: Total time for which application threads were stopped: 0.0001703 seconds, Stopping threads took: 0.0000452 seconds
2021-03-30T17:47:55.884+0800: 28981.298: Total time for which application threads were stopped: 0.0002924 seconds, Stopping threads took: 0.0001620 seconds
2021-03-30T17:47:55.884+0800: 28981.299: Total time for which application threads were stopped: 0.0002077 seconds, Stopping threads took: 0.0000675 seconds
2021-03-30T17:47:55.885+0800: 28981.299: Total time for which application threads were stopped: 0.0002329 seconds, Stopping threads took: 0.0000900 seconds
2021-03-30T17:47:55.885+0800: 28981.300: Total time for which application threads were stopped: 0.0002938 seconds, Stopping threads took: 0.0001188 seconds
2021-03-30T17:47:55.886+0800: 28981.300: Total time for which application threads were stopped: 0.0001841 seconds, Stopping threads took: 0.0000432 seconds
2021-03-30T17:47:55.887+0800: 28981.301: Total time for which application threads were stopped: 0.0002826 seconds, Stopping threads took: 0.0001036 seconds
2021-03-30T17:47:55.899+0800: 28981.313: Total time for which application threads were stopped: 0.0003834 seconds, Stopping threads took: 0.0001381 seconds
2021-03-30T17:47:55.899+0800: 28981.313: Total time for which application threads were stopped: 0.0001950 seconds, Stopping threads took: 0.0000196 seconds
2021-03-30T17:47:55.900+0800: 28981.314: Total time for which application threads were stopped: 0.0003833 seconds, Stopping threads took: 0.0001341 seconds
2021-03-30T17:47:55.901+0800: 28981.315: Total time for which application threads were stopped: 0.0003039 seconds, Stopping threads took: 0.0001091 seconds
2021-03-30T17:47:55.902+0800: 28981.316: Total time for which application threads were stopped: 0.0003801 seconds, Stopping threads took: 0.0001755 seconds
2021-03-30T17:47:55.902+0800: 28981.317: Total time for which application threads were stopped: 0.0003086 seconds, Stopping threads took: 0.0001194 seconds
2021-03-30T17:47:55.929+0800: 28981.344: Total time for which application threads were stopped: 0.0004418 seconds, Stopping threads took: 0.0001690 seconds
2021-03-30T17:47:55.930+0800: 28981.344: Total time for which application threads were stopped: 0.0003212 seconds, Stopping threads took: 0.0001600 seconds
2021-03-30T17:47:55.931+0800: 28981.345: Total time for which application threads were stopped: 0.0003350 seconds, Stopping threads took: 0.0001544 seconds
2021-03-30T17:47:55.931+0800: 28981.345: Total time for which application threads were stopped: 0.0002867 seconds, Stopping threads took: 0.0001540 seconds
2021-03-30T17:47:55.932+0800: 28981.346: Total time for which application threads were stopped: 0.0003990 seconds, Stopping threads took: 0.0002654 seconds
2021-03-30T17:47:55.932+0800: 28981.346: Total time for which application threads were stopped: 0.0003162 seconds, Stopping threads took: 0.0001645 seconds
2021-03-30T17:47:55.933+0800: 28981.347: Total time for which application threads were stopped: 0.0008392 seconds, Stopping threads took: 0.0002222 seconds
2021-03-30T17:47:55.934+0800: 28981.348: Total time for which application threads were stopped: 0.0004072 seconds, Stopping threads took: 0.0002693 seconds
2021-03-30T17:47:55.934+0800: 28981.348: Total time for which application threads were stopped: 0.0002515 seconds, Stopping threads took: 0.0001240 seconds
2021-03-30T17:47:55.935+0800: 28981.350: Total time for which application threads were stopped: 0.0004543 seconds, Stopping threads took: 0.0002059 seconds
2021-03-30T17:47:55.938+0800: 28981.352: Total time for which application threads were stopped: 0.0005509 seconds, Stopping threads took: 0.0003023 seconds
2021-03-30T17:47:55.938+0800: 28981.352: Total time for which application threads were stopped: 0.0004353 seconds, Stopping threads took: 0.0002598 seconds
2021-03-30T17:47:55.940+0800: 28981.354: Total time for which application threads were stopped: 0.0005346 seconds, Stopping threads took: 0.0002501 seconds
2021-03-30T17:47:55.941+0800: 28981.355: Total time for which application threads were stopped: 0.0007882 seconds, Stopping threads took: 0.0000544 seconds
2021-03-30T17:47:55.970+0800: 28981.384: Total time for which application threads were stopped: 0.0004442 seconds, Stopping threads took: 0.0001220 seconds
2021-03-30T17:47:55.971+0800: 28981.385: Total time for which application threads were stopped: 0.0004304 seconds, Stopping threads took: 0.0000998 seconds
2021-03-30T17:47:55.974+0800: 28981.389: Total time for which application threads were stopped: 0.0004051 seconds, Stopping threads took: 0.0001174 seconds
2021-03-30T17:47:55.974+0800: 28981.389: Total time for which application threads were stopped: 0.0002933 seconds, Stopping threads took: 0.0000705 seconds
2021-03-30T17:47:55.975+0800: 28981.390: Total time for which application threads were stopped: 0.0008735 seconds, Stopping threads took: 0.0000946 seconds
2021-03-30T17:47:55.976+0800: 28981.390: Total time for which application threads were stopped: 0.0004063 seconds, Stopping threads took: 0.0001129 seconds
2021-03-30T17:47:55.976+0800: 28981.391: Total time for which application threads were stopped: 0.0003222 seconds, Stopping threads took: 0.0000863 seconds
2021-03-30T17:47:55.986+0800: 28981.401: Total time for which application threads were stopped: 0.0003644 seconds, Stopping threads took: 0.0000831 seconds
2021-03-30T17:47:55.988+0800: 28981.403: Total time for which application threads were stopped: 0.0003602 seconds, Stopping threads took: 0.0000735 seconds
2021-03-30T17:47:55.990+0800: 28981.404: Total time for which application threads were stopped: 0.0003765 seconds, Stopping threads took: 0.0000652 seconds
2021-03-30T17:47:55.992+0800: 28981.406: Total time for which application threads were stopped: 0.0004242 seconds, Stopping threads took: 0.0000877 seconds
2021-03-30T17:47:56.993+0800: 28982.407: Total time for which application threads were stopped: 0.0002404 seconds, Stopping threads took: 0.0000549 seconds
2021-03-30T17:47:59.475+0800: 28984.889: Total time for which application threads were stopped: 0.0004054 seconds, Stopping threads took: 0.0001446 seconds
2021-03-30T17:47:59.476+0800: 28984.891: Total time for which application threads were stopped: 0.0003562 seconds, Stopping threads took: 0.0001232 seconds
2021-03-30T17:47:59.477+0800: 28984.892: Total time for which application threads were stopped: 0.0003234 seconds, Stopping threads took: 0.0001037 seconds
2021-03-30T17:47:59.479+0800: 28984.893: Total time for which application threads were stopped: 0.0003640 seconds, Stopping threads took: 0.0001352 seconds
2021-03-30T17:48:24.329+0800: 29009.744: Total time for which application threads were stopped: 0.0008478 seconds, Stopping threads took: 0.0001726 seconds
2021-03-30T17:48:31.669+0800: 29017.083: Total time for which application threads were stopped: 0.0002486 seconds, Stopping threads took: 0.0000527 seconds
2021-03-30T17:49:25.162+0800: 29070.576: Total time for which application threads were stopped: 0.0003008 seconds, Stopping threads took: 0.0000438 seconds
2021-03-30T17:49:25.163+0800: 29070.577: Total time for which application threads were stopped: 0.0002713 seconds, Stopping threads took: 0.0000662 seconds
2021-03-30T17:49:25.213+0800: 29070.627: Total time for which application threads were stopped: 0.0002645 seconds, Stopping threads took: 0.0000404 seconds
2021-03-30T17:49:26.213+0800: 29071.628: Total time for which application threads were stopped: 0.0005616 seconds, Stopping threads took: 0.0000931 seconds
{Heap before GC invocations=19 (full 0):
 garbage-first heap   total 524288K, used 384640K [0x00000000e0000000, 0x00000000e0101000, 0x0000000100000000)
  region size 1024K, 307 young (314368K), 26 survivors (26624K)
 Metaspace       used 67658K, capacity 72208K, committed 72392K, reserved 1114112K
  class space    used 7916K, capacity 8681K, committed 8704K, reserved 1048576K
2021-03-30T17:53:17.079+0800: 29302.493: [GC pause (G1 Evacuation Pause) (young)
Desired survivor size 20447232 bytes, new threshold 15 (max 15)
- age   1:    8616736 bytes,    8616736 total
- age   2:    2679200 bytes,   11295936 total
- age   3:      45024 bytes,   11340960 total
- age   4:      98624 bytes,   11439584 total
- age   5:     139696 bytes,   11579280 total
- age   6:    1501672 bytes,   13080952 total
- age   7:    4283264 bytes,   17364216 total
, 0.0160579 secs]
   [Parallel Time: 10.1 ms, GC Workers: 8]
      [GC Worker Start (ms): Min: 29302494.0, Avg: 29302494.3, Max: 29302494.6, Diff: 0.6]
      [Ext Root Scanning (ms): Min: 1.3, Avg: 1.9, Max: 4.6, Diff: 3.3, Sum: 15.0]
      [Update RS (ms): Min: 0.2, Avg: 2.4, Max: 2.7, Diff: 2.5, Sum: 18.9]
         [Processed Buffers: Min: 1, Avg: 9.0, Max: 25, Diff: 24, Sum: 72]
      [Scan RS (ms): Min: 0.0, Avg: 0.0, Max: 0.1, Diff: 0.0, Sum: 0.2]
      [Code Root Scanning (ms): Min: 0.0, Avg: 0.7, Max: 1.4, Diff: 1.4, Sum: 5.8]
      [Object Copy (ms): Min: 3.7, Avg: 4.6, Max: 5.4, Diff: 1.7, Sum: 36.8]
      [Termination (ms): Min: 0.0, Avg: 0.0, Max: 0.1, Diff: 0.1, Sum: 0.3]
         [Termination Attempts: Min: 1, Avg: 12.5, Max: 16, Diff: 15, Sum: 100]
      [GC Worker Other (ms): Min: 0.0, Avg: 0.0, Max: 0.1, Diff: 0.0, Sum: 0.3]
      [GC Worker Total (ms): Min: 9.4, Avg: 9.6, Max: 10.0, Diff: 0.6, Sum: 77.2]
      [GC Worker End (ms): Min: 29302503.9, Avg: 29302503.9, Max: 29302503.9, Diff: 0.0]
   [Code Root Fixup: 0.1 ms]
   [Code Root Purge: 0.0 ms]
   [Clear CT: 0.1 ms]
   [Other: 5.7 ms]
      [Choose CSet: 0.0 ms]
      [Ref Proc: 4.5 ms]
      [Ref Enq: 0.2 ms]
      [Redirty Cards: 0.1 ms]
      [Humongous Register: 0.1 ms]
      [Humongous Reclaim: 0.0 ms]
      [Free CSet: 0.3 ms]
   [Eden: 281.0M(281.0M)->0.0B(287.0M) Survivors: 26.0M->20.0M Heap: 375.6M(512.0M)->88.1M(512.0M)]
Heap after GC invocations=20 (full 0):
 garbage-first heap   total 524288K, used 90240K [0x00000000e0000000, 0x00000000e0101000, 0x0000000100000000)
  region size 1024K, 20 young (20480K), 20 survivors (20480K)
 Metaspace       used 67658K, capacity 72208K, committed 72392K, reserved 1114112K
  class space    used 7916K, capacity 8681K, committed 8704K, reserved 1048576K
}
 [Times: user=0.00 sys=0.00, real=0.02 secs] 
2021-03-30T17:53:17.095+0800: 29302.510: Total time for which application threads were stopped: 0.0168682 seconds, Stopping threads took: 0.0000948 seconds
2021-03-30T17:53:17.095+0800: 29302.510: Total time for which application threads were stopped: 0.0001847 seconds, Stopping threads took: 0.0000215 seconds
2021-03-30T17:53:17.095+0800: 29302.510: Total time for which application threads were stopped: 0.0001352 seconds, Stopping threads took: 0.0000146 seconds
2021-03-30T17:53:17.096+0800: 29302.510: Total time for which application threads were stopped: 0.0001079 seconds, Stopping threads took: 0.0000138 seconds
2021-03-30T17:53:17.096+0800: 29302.510: Total time for which application threads were stopped: 0.0001030 seconds, Stopping threads took: 0.0000136 seconds
2021-03-30T17:53:17.096+0800: 29302.510: Total time for which application threads were stopped: 0.0001072 seconds, Stopping threads took: 0.0000134 seconds
2021-03-30T17:53:17.096+0800: 29302.511: Total time for which application threads were stopped: 0.0001238 seconds, Stopping threads took: 0.0000270 seconds
2021-03-30T17:53:17.096+0800: 29302.511: Total time for which application threads were stopped: 0.0001031 seconds, Stopping threads took: 0.0000138 seconds
2021-03-30T17:53:17.096+0800: 29302.511: Total time for which application threads were stopped: 0.0001046 seconds, Stopping threads took: 0.0000133 seconds
2021-03-30T17:53:17.096+0800: 29302.511: Total time for which application threads were stopped: 0.0001019 seconds, Stopping threads took: 0.0000136 seconds
2021-03-30T17:53:17.096+0800: 29302.511: Total time for which application threads were stopped: 0.0001010 seconds, Stopping threads took: 0.0000134 seconds
2021-03-30T17:53:17.097+0800: 29302.511: Total time for which application threads were stopped: 0.0001116 seconds, Stopping threads took: 0.0000188 seconds
2021-03-30T17:53:24.332+0800: 29309.746: Total time for which application threads were stopped: 0.0002367 seconds, Stopping threads took: 0.0000649 seconds
2021-03-30T17:53:25.170+0800: 29310.584: Total time for which application threads were stopped: 0.0006458 seconds, Stopping threads took: 0.0000958 seconds
2021-03-30T17:53:31.916+0800: 29317.330: Total time for which application threads were stopped: 0.0002576 seconds, Stopping threads took: 0.0000528 seconds
2021-03-30T17:58:24.334+0800: 29609.749: Total time for which application threads were stopped: 0.0004181 seconds, Stopping threads took: 0.0001116 seconds
2021-03-30T17:58:32.150+0800: 29617.564: Total time for which application threads were stopped: 0.0003457 seconds, Stopping threads took: 0.0001350 seconds
2021-03-30T18:02:39.762+0800: 29865.176: Total time for which application threads were stopped: 0.0008757 seconds, Stopping threads took: 0.0001995 seconds
2021-03-30T18:03:24.349+0800: 29909.763: Total time for which application threads were stopped: 0.0007281 seconds, Stopping threads took: 0.0001212 seconds
2021-03-30T18:03:32.345+0800: 29917.759: Total time for which application threads were stopped: 0.0002638 seconds, Stopping threads took: 0.0000394 seconds
2021-03-30T18:08:24.371+0800: 30209.786: Total time for which application threads were stopped: 0.0003337 seconds, Stopping threads took: 0.0001337 seconds
2021-03-30T18:08:32.581+0800: 30217.996: Total time for which application threads were stopped: 0.0002475 seconds, Stopping threads took: 0.0000425 seconds
2021-03-30T18:08:33.582+0800: 30218.996: Total time for which application threads were stopped: 0.0012631 seconds, Stopping threads took: 0.0002347 seconds
2021-03-30T18:09:32.693+0800: 30278.107: Total time for which application threads were stopped: 0.0002122 seconds, Stopping threads took: 0.0000381 seconds
2021-03-30T18:12:03.035+0800: 30428.450: Total time for which application threads were stopped: 0.0002867 seconds, Stopping threads took: 0.0000628 seconds
2021-03-30T18:13:24.375+0800: 30509.789: Total time for which application threads were stopped: 0.0009565 seconds, Stopping threads took: 0.0002803 seconds
2021-03-30T18:13:32.787+0800: 30518.202: Total time for which application threads were stopped: 0.0002800 seconds, Stopping threads took: 0.0000551 seconds
2021-03-30T18:17:33.085+0800: 30758.499: Total time for which application threads were stopped: 0.0002473 seconds, Stopping threads took: 0.0000449 seconds
2021-03-30T18:18:24.381+0800: 30809.795: Total time for which application threads were stopped: 0.0002251 seconds, Stopping threads took: 0.0000406 seconds
2021-03-30T18:18:32.990+0800: 30818.405: Total time for which application threads were stopped: 0.0002275 seconds, Stopping threads took: 0.0000369 seconds
2021-03-30T18:22:33.346+0800: 31058.761: Total time for which application threads were stopped: 0.0007418 seconds, Stopping threads took: 0.0001754 seconds
2021-03-30T18:23:24.396+0800: 31109.811: Total time for which application threads were stopped: 0.0002665 seconds, Stopping threads took: 0.0000531 seconds
2021-03-30T18:23:33.225+0800: 31118.639: Total time for which application threads were stopped: 0.0002582 seconds, Stopping threads took: 0.0000657 seconds
2021-03-30T18:28:24.407+0800: 31409.823: Total time for which application threads were stopped: 0.0012616 seconds, Stopping threads took: 0.0003364 seconds
2021-03-30T18:28:33.652+0800: 31419.067: Total time for which application threads were stopped: 0.0006866 seconds, Stopping threads took: 0.0001137 seconds
2021-03-30T18:32:35.079+0800: 31660.493: Total time for which application threads were stopped: 0.0006421 seconds, Stopping threads took: 0.0001195 seconds
2021-03-30T18:33:24.422+0800: 31709.836: Total time for which application threads were stopped: 0.0009343 seconds, Stopping threads took: 0.0001417 seconds
2021-03-30T18:33:34.226+0800: 31719.641: Total time for which application threads were stopped: 0.0006765 seconds, Stopping threads took: 0.0001046 seconds
2021-03-30T18:37:34.440+0800: 31959.854: Total time for which application threads were stopped: 0.0006965 seconds, Stopping threads took: 0.0001419 seconds
2021-03-30T18:37:34.625+0800: 31960.039: Total time for which application threads were stopped: 0.0025672 seconds, Stopping threads took: 0.0001054 seconds
2021-03-30T18:37:34.674+0800: 31960.088: Total time for which application threads were stopped: 0.0010945 seconds, Stopping threads took: 0.0001466 seconds
2021-03-30T18:41:35.114+0800: 32200.529: Total time for which application threads were stopped: 0.0009524 seconds, Stopping threads took: 0.0001877 seconds
2021-03-30T18:42:34.448+0800: 32259.863: Total time for which application threads were stopped: 0.0021736 seconds, Stopping threads took: 0.0002071 seconds
2021-03-30T18:42:35.257+0800: 32260.672: Total time for which application threads were stopped: 0.0006917 seconds, Stopping threads took: 0.0001123 seconds
2021-03-30T18:43:36.394+0800: 32321.809: Total time for which application threads were stopped: 0.0009503 seconds, Stopping threads took: 0.0001285 seconds
2021-03-30T18:45:36.600+0800: 32442.015: Total time for which application threads were stopped: 0.0006019 seconds, Stopping threads took: 0.0000992 seconds
2021-03-30T18:47:34.450+0800: 32559.864: Total time for which application threads were stopped: 0.0004744 seconds, Stopping threads took: 0.0000879 seconds
2021-03-30T18:47:35.868+0800: 32561.283: Total time for which application threads were stopped: 0.0004551 seconds, Stopping threads took: 0.0000771 seconds
2021-03-30T18:52:34.467+0800: 32859.882: Total time for which application threads were stopped: 0.0004644 seconds, Stopping threads took: 0.0000750 seconds
2021-03-30T18:52:36.434+0800: 32861.848: Total time for which application threads were stopped: 0.0011111 seconds, Stopping threads took: 0.0001435 seconds
2021-03-30T18:57:34.480+0800: 33159.895: Total time for which application threads were stopped: 0.0007863 seconds, Stopping threads took: 0.0001627 seconds
2021-03-30T18:57:37.039+0800: 33162.454: Total time for which application threads were stopped: 0.0008853 seconds, Stopping threads took: 0.0001083 seconds
2021-03-30T18:58:37.153+0800: 33222.567: Total time for which application threads were stopped: 0.0011627 seconds, Stopping threads took: 0.0001524 seconds
2021-03-30T19:02:34.485+0800: 33459.900: Total time for which application threads were stopped: 0.0018139 seconds, Stopping threads took: 0.0003281 seconds
2021-03-30T19:02:37.684+0800: 33463.098: Total time for which application threads were stopped: 0.0008679 seconds, Stopping threads took: 0.0001341 seconds
2021-03-30T19:07:34.498+0800: 33759.912: Total time for which application threads were stopped: 0.0007182 seconds, Stopping threads took: 0.0001356 seconds
2021-03-30T19:07:38.293+0800: 33763.708: Total time for which application threads were stopped: 0.0006683 seconds, Stopping threads took: 0.0000974 seconds
2021-03-30T19:12:34.504+0800: 34059.919: Total time for which application threads were stopped: 0.0014325 seconds, Stopping threads took: 0.0004170 seconds
2021-03-30T19:12:38.941+0800: 34064.356: Total time for which application threads were stopped: 0.0031212 seconds, Stopping threads took: 0.0001508 seconds
2021-03-30T19:13:39.027+0800: 34124.441: Total time for which application threads were stopped: 0.0007977 seconds, Stopping threads took: 0.0001242 seconds
2021-03-30T19:17:34.518+0800: 34359.932: Total time for which application threads were stopped: 0.0017555 seconds, Stopping threads took: 0.0004891 seconds
2021-03-30T19:17:39.634+0800: 34365.049: Total time for which application threads were stopped: 0.0004742 seconds, Stopping threads took: 0.0000716 seconds
2021-03-30T19:22:34.554+0800: 34659.969: Total time for which application threads were stopped: 0.0013914 seconds, Stopping threads took: 0.0002641 seconds
2021-03-30T19:22:40.319+0800: 34665.733: Total time for which application threads were stopped: 0.0009664 seconds, Stopping threads took: 0.0001124 seconds
2021-03-30T19:27:34.571+0800: 34959.986: Total time for which application threads were stopped: 0.0009616 seconds, Stopping threads took: 0.0001946 seconds
2021-03-30T19:27:35.573+0800: 34960.987: Total time for which application threads were stopped: 0.0009578 seconds, Stopping threads took: 0.0001595 seconds
2021-03-30T19:27:41.049+0800: 34966.464: Total time for which application threads were stopped: 0.0008103 seconds, Stopping threads took: 0.0001435 seconds
2021-03-30T19:32:34.590+0800: 35260.004: Total time for which application threads were stopped: 0.0016582 seconds, Stopping threads took: 0.0003392 seconds
2021-03-30T19:32:41.755+0800: 35267.169: Total time for which application threads were stopped: 0.0015474 seconds, Stopping threads took: 0.0001973 seconds
2021-03-30T19:35:42.105+0800: 35447.519: Total time for which application threads were stopped: 0.0006167 seconds, Stopping threads took: 0.0000972 seconds
2021-03-30T19:37:34.614+0800: 35560.028: Total time for which application threads were stopped: 0.0013315 seconds, Stopping threads took: 0.0002942 seconds
2021-03-30T19:37:35.616+0800: 35561.030: Total time for which application threads were stopped: 0.0006994 seconds, Stopping threads took: 0.0001133 seconds
2021-03-30T19:37:42.289+0800: 35567.704: Total time for which application threads were stopped: 0.0008766 seconds, Stopping threads took: 0.0001254 seconds
2021-03-30T19:42:34.634+0800: 35860.049: Total time for which application threads were stopped: 0.0015693 seconds, Stopping threads took: 0.0003186 seconds
2021-03-30T19:42:42.980+0800: 35868.394: Total time for which application threads were stopped: 0.0010979 seconds, Stopping threads took: 0.0001414 seconds
2021-03-30T19:45:17.199+0800: 36022.613: Total time for which application threads were stopped: 0.0012001 seconds, Stopping threads took: 0.0002542 seconds
2021-03-30T19:47:34.638+0800: 36160.053: Total time for which application threads were stopped: 0.0011290 seconds, Stopping threads took: 0.0002664 seconds
2021-03-30T19:47:43.660+0800: 36169.075: Total time for which application threads were stopped: 0.0009355 seconds, Stopping threads took: 0.0001237 seconds
2021-03-30T19:52:34.650+0800: 36460.065: Total time for which application threads were stopped: 0.0012442 seconds, Stopping threads took: 0.0003934 seconds
2021-03-30T19:52:44.302+0800: 36469.717: Total time for which application threads were stopped: 0.0003567 seconds, Stopping threads took: 0.0000721 seconds
2021-03-30T19:56:44.654+0800: 36710.069: Total time for which application threads were stopped: 0.0011747 seconds, Stopping threads took: 0.0001713 seconds
2021-03-30T19:56:44.767+0800: 36710.182: Total time for which application threads were stopped: 0.0008642 seconds, Stopping threads took: 0.0001230 seconds
2021-03-30T20:01:44.662+0800: 37010.077: Total time for which application threads were stopped: 0.0013773 seconds, Stopping threads took: 0.0004055 seconds
2021-03-30T20:01:45.404+0800: 37010.819: Total time for which application threads were stopped: 0.0007755 seconds, Stopping threads took: 0.0001036 seconds
2021-03-30T20:06:44.686+0800: 37310.101: Total time for which application threads were stopped: 0.0008573 seconds, Stopping threads took: 0.0001993 seconds
2021-03-30T20:06:45.940+0800: 37311.355: Total time for which application threads were stopped: 0.0007011 seconds, Stopping threads took: 0.0001014 seconds
2021-03-30T20:10:07.577+0800: 37523.498: Total time for which application threads were stopped: 0.0046043 seconds, Stopping threads took: 0.0027410 seconds
2021-03-30T20:10:07.594+0800: 37523.515: Total time for which application threads were stopped: 0.0070197 seconds, Stopping threads took: 0.0048756 seconds
2021-03-30T20:10:07.627+0800: 37523.549: Total time for which application threads were stopped: 0.0059924 seconds, Stopping threads took: 0.0053404 seconds
2021-03-30T20:10:07.635+0800: 37523.557: Total time for which application threads were stopped: 0.0004481 seconds, Stopping threads took: 0.0001186 seconds
2021-03-30T20:10:07.638+0800: 37523.560: Total time for which application threads were stopped: 0.0003517 seconds, Stopping threads took: 0.0000532 seconds
2021-03-30T20:10:07.641+0800: 37523.563: Total time for which application threads were stopped: 0.0004822 seconds, Stopping threads took: 0.0001506 seconds
2021-03-30T20:10:07.644+0800: 37523.566: Total time for which application threads were stopped: 0.0004068 seconds, Stopping threads took: 0.0000629 seconds
2021-03-30T20:10:08.645+0800: 37524.566: Total time for which application threads were stopped: 0.0002878 seconds, Stopping threads took: 0.0000483 seconds
2021-03-30T20:10:09.476+0800: 37525.397: Total time for which application threads were stopped: 0.0013581 seconds, Stopping threads took: 0.0006264 seconds
2021-03-30T20:10:09.490+0800: 37525.412: Total time for which application threads were stopped: 0.0012258 seconds, Stopping threads took: 0.0004415 seconds
2021-03-30T20:10:09.491+0800: 37525.412: Total time for which application threads were stopped: 0.0005073 seconds, Stopping threads took: 0.0001448 seconds
2021-03-30T20:10:09.492+0800: 37525.413: Total time for which application threads were stopped: 0.0006263 seconds, Stopping threads took: 0.0000947 seconds
2021-03-30T20:10:09.542+0800: 37525.463: Total time for which application threads were stopped: 0.0498284 seconds, Stopping threads took: 0.0392670 seconds
2021-03-30T20:10:09.545+0800: 37525.466: Total time for which application threads were stopped: 0.0018884 seconds, Stopping threads took: 0.0014737 seconds
2021-03-30T20:10:09.554+0800: 37525.475: Total time for which application threads were stopped: 0.0029670 seconds, Stopping threads took: 0.0023088 seconds
2021-03-30T20:10:09.558+0800: 37525.479: Total time for which application threads were stopped: 0.0024944 seconds, Stopping threads took: 0.0016874 seconds
2021-03-30T20:10:09.559+0800: 37525.480: Total time for which application threads were stopped: 0.0006966 seconds, Stopping threads took: 0.0002415 seconds
2021-03-30T20:10:09.563+0800: 37525.485: Total time for which application threads were stopped: 0.0006424 seconds, Stopping threads took: 0.0002306 seconds
2021-03-30T20:10:09.733+0800: 37525.654: Total time for which application threads were stopped: 0.0647095 seconds, Stopping threads took: 0.0636048 seconds
2021-03-30T20:10:09.830+0800: 37525.751: Total time for which application threads were stopped: 0.0007959 seconds, Stopping threads took: 0.0000791 seconds
2021-03-30T20:10:09.842+0800: 37525.764: Total time for which application threads were stopped: 0.0047973 seconds, Stopping threads took: 0.0043004 seconds
2021-03-30T20:10:09.965+0800: 37525.886: Total time for which application threads were stopped: 0.0145944 seconds, Stopping threads took: 0.0000864 seconds
2021-03-30T20:10:10.068+0800: 37525.989: Total time for which application threads were stopped: 0.0008138 seconds, Stopping threads took: 0.0000717 seconds
2021-03-30T20:10:10.155+0800: 37526.076: Total time for which application threads were stopped: 0.0007976 seconds, Stopping threads took: 0.0003031 seconds
2021-03-30T20:10:10.221+0800: 37526.143: Total time for which application threads were stopped: 0.0178073 seconds, Stopping threads took: 0.0099073 seconds
2021-03-30T20:10:10.224+0800: 37526.146: Total time for which application threads were stopped: 0.0005575 seconds, Stopping threads took: 0.0000792 seconds
2021-03-30T20:10:10.505+0800: 37526.426: Total time for which application threads were stopped: 0.0220821 seconds, Stopping threads took: 0.0177107 seconds
2021-03-30T20:10:10.533+0800: 37526.454: Total time for which application threads were stopped: 0.0239507 seconds, Stopping threads took: 0.0150258 seconds
2021-03-30T20:10:10.540+0800: 37526.461: Total time for which application threads were stopped: 0.0015751 seconds, Stopping threads took: 0.0005719 seconds
2021-03-30T20:10:10.645+0800: 37526.566: Total time for which application threads were stopped: 0.0390468 seconds, Stopping threads took: 0.0369120 seconds
2021-03-30T20:10:10.979+0800: 37526.901: Total time for which application threads were stopped: 0.0088083 seconds, Stopping threads took: 0.0006823 seconds
2021-03-30T20:10:11.083+0800: 37527.004: Total time for which application threads were stopped: 0.0404008 seconds, Stopping threads took: 0.0326728 seconds
2021-03-30T20:10:11.155+0800: 37527.076: Total time for which application threads were stopped: 0.0019798 seconds, Stopping threads took: 0.0007293 seconds
2021-03-30T20:10:11.173+0800: 37527.094: Total time for which application threads were stopped: 0.0182477 seconds, Stopping threads took: 0.0171314 seconds
2021-03-30T20:10:11.200+0800: 37527.121: Total time for which application threads were stopped: 0.0157936 seconds, Stopping threads took: 0.0001675 seconds
2021-03-30T20:10:11.252+0800: 37527.173: Total time for which application threads were stopped: 0.0124309 seconds, Stopping threads took: 0.0099893 seconds
2021-03-30T20:10:11.306+0800: 37527.227: Total time for which application threads were stopped: 0.0141400 seconds, Stopping threads took: 0.0132737 seconds
2021-03-30T20:10:11.350+0800: 37527.272: Total time for which application threads were stopped: 0.0106558 seconds, Stopping threads took: 0.0099446 seconds
2021-03-30T20:10:11.369+0800: 37527.291: Total time for which application threads were stopped: 0.0173163 seconds, Stopping threads took: 0.0011242 seconds
2021-03-30T20:10:11.916+0800: 37527.837: Total time for which application threads were stopped: 0.0006549 seconds, Stopping threads took: 0.0001106 seconds
2021-03-30T20:10:12.467+0800: 37528.389: Total time for which application threads were stopped: 0.0101228 seconds, Stopping threads took: 0.0095893 seconds
2021-03-30T20:10:12.586+0800: 37528.508: Total time for which application threads were stopped: 0.0004398 seconds, Stopping threads took: 0.0000979 seconds
2021-03-30T20:10:12.589+0800: 37528.510: Total time for which application threads were stopped: 0.0006467 seconds, Stopping threads took: 0.0001066 seconds
2021-03-30T20:10:12.590+0800: 37528.512: Total time for which application threads were stopped: 0.0007262 seconds, Stopping threads took: 0.0002060 seconds
2021-03-30T20:10:12.591+0800: 37528.513: Total time for which application threads were stopped: 0.0006427 seconds, Stopping threads took: 0.0001629 seconds
2021-03-30T20:10:12.594+0800: 37528.516: Total time for which application threads were stopped: 0.0021040 seconds, Stopping threads took: 0.0003138 seconds
2021-03-30T20:10:12.598+0800: 37528.520: Total time for which application threads were stopped: 0.0010606 seconds, Stopping threads took: 0.0005012 seconds
2021-03-30T20:10:12.601+0800: 37528.522: Total time for which application threads were stopped: 0.0013931 seconds, Stopping threads took: 0.0004016 seconds
2021-03-30T20:10:12.643+0800: 37528.564: Total time for which application threads were stopped: 0.0020908 seconds, Stopping threads took: 0.0006201 seconds
2021-03-30T20:10:12.837+0800: 37528.758: Total time for which application threads were stopped: 0.0011627 seconds, Stopping threads took: 0.0002873 seconds
2021-03-30T20:10:12.838+0800: 37528.760: Total time for which application threads were stopped: 0.0023000 seconds, Stopping threads took: 0.0000678 seconds
2021-03-30T20:10:12.856+0800: 37528.778: Total time for which application threads were stopped: 0.0157129 seconds, Stopping threads took: 0.0001005 seconds
2021-03-30T20:10:12.857+0800: 37528.779: Total time for which application threads were stopped: 0.0006762 seconds, Stopping threads took: 0.0001153 seconds
2021-03-30T20:10:13.858+0800: 37529.780: Total time for which application threads were stopped: 0.0002727 seconds, Stopping threads took: 0.0000492 seconds
2021-03-30T20:10:15.485+0800: 37531.406: Total time for which application threads were stopped: 0.0034482 seconds, Stopping threads took: 0.0003780 seconds
2021-03-30T20:10:15.496+0800: 37531.417: Total time for which application threads were stopped: 0.0008119 seconds, Stopping threads took: 0.0000892 seconds
2021-03-30T20:10:15.498+0800: 37531.420: Total time for which application threads were stopped: 0.0022308 seconds, Stopping threads took: 0.0002050 seconds
2021-03-30T20:10:15.515+0800: 37531.437: Total time for which application threads were stopped: 0.0011031 seconds, Stopping threads took: 0.0000998 seconds
2021-03-30T20:10:15.522+0800: 37531.443: Total time for which application threads were stopped: 0.0015026 seconds, Stopping threads took: 0.0000879 seconds
2021-03-30T20:10:15.523+0800: 37531.444: Total time for which application threads were stopped: 0.0006896 seconds, Stopping threads took: 0.0001917 seconds
2021-03-30T20:10:15.528+0800: 37531.449: Total time for which application threads were stopped: 0.0007902 seconds, Stopping threads took: 0.0000823 seconds
2021-03-30T20:10:15.530+0800: 37531.452: Total time for which application threads were stopped: 0.0013626 seconds, Stopping threads took: 0.0001802 seconds
2021-03-30T20:10:15.531+0800: 37531.452: Total time for which application threads were stopped: 0.0004581 seconds, Stopping threads took: 0.0001652 seconds
2021-03-30T20:10:15.535+0800: 37531.457: Total time for which application threads were stopped: 0.0004644 seconds, Stopping threads took: 0.0001127 seconds
2021-03-30T20:10:15.536+0800: 37531.458: Total time for which application threads were stopped: 0.0006443 seconds, Stopping threads took: 0.0000811 seconds
2021-03-30T20:10:15.538+0800: 37531.459: Total time for which application threads were stopped: 0.0011484 seconds, Stopping threads took: 0.0006397 seconds
2021-03-30T20:10:15.538+0800: 37531.460: Total time for which application threads were stopped: 0.0005554 seconds, Stopping threads took: 0.0002392 seconds
2021-03-30T20:10:15.540+0800: 37531.461: Total time for which application threads were stopped: 0.0006615 seconds, Stopping threads took: 0.0001249 seconds
2021-03-30T20:10:15.545+0800: 37531.467: Total time for which application threads were stopped: 0.0020386 seconds, Stopping threads took: 0.0001978 seconds
2021-03-30T20:10:15.546+0800: 37531.468: Total time for which application threads were stopped: 0.0007874 seconds, Stopping threads took: 0.0002596 seconds
2021-03-30T20:10:15.547+0800: 37531.468: Total time for which application threads were stopped: 0.0006835 seconds, Stopping threads took: 0.0002640 seconds
2021-03-30T20:10:15.553+0800: 37531.475: Total time for which application threads were stopped: 0.0027025 seconds, Stopping threads took: 0.0000833 seconds
2021-03-30T20:10:15.554+0800: 37531.476: Total time for which application threads were stopped: 0.0008384 seconds, Stopping threads took: 0.0002309 seconds
2021-03-30T20:10:15.607+0800: 37531.528: Total time for which application threads were stopped: 0.0008882 seconds, Stopping threads took: 0.0000721 seconds
2021-03-30T20:10:15.608+0800: 37531.530: Total time for which application threads were stopped: 0.0006715 seconds, Stopping threads took: 0.0000811 seconds
2021-03-30T20:10:15.609+0800: 37531.530: Total time for which application threads were stopped: 0.0003988 seconds, Stopping threads took: 0.0000678 seconds
2021-03-30T20:10:15.610+0800: 37531.531: Total time for which application threads were stopped: 0.0005909 seconds, Stopping threads took: 0.0000600 seconds
2021-03-30T20:10:15.610+0800: 37531.531: Total time for which application threads were stopped: 0.0005553 seconds, Stopping threads took: 0.0000564 seconds
2021-03-30T20:10:15.611+0800: 37531.532: Total time for which application threads were stopped: 0.0004920 seconds, Stopping threads took: 0.0000583 seconds
2021-03-30T20:10:15.612+0800: 37531.533: Total time for which application threads were stopped: 0.0005784 seconds, Stopping threads took: 0.0000661 seconds
2021-03-30T20:10:15.612+0800: 37531.533: Total time for which application threads were stopped: 0.0005252 seconds, Stopping threads took: 0.0000596 seconds
2021-03-30T20:10:15.613+0800: 37531.534: Total time for which application threads were stopped: 0.0005256 seconds, Stopping threads took: 0.0000628 seconds
2021-03-30T20:10:15.613+0800: 37531.535: Total time for which application threads were stopped: 0.0004999 seconds, Stopping threads took: 0.0000398 seconds
2021-03-30T20:10:15.614+0800: 37531.536: Total time for which application threads were stopped: 0.0008277 seconds, Stopping threads took: 0.0002315 seconds
2021-03-30T20:10:15.615+0800: 37531.537: Total time for which application threads were stopped: 0.0009116 seconds, Stopping threads took: 0.0002216 seconds
2021-03-30T20:10:15.617+0800: 37531.538: Total time for which application threads were stopped: 0.0007095 seconds, Stopping threads took: 0.0000811 seconds
2021-03-30T20:10:15.618+0800: 37531.539: Total time for which application threads were stopped: 0.0007156 seconds, Stopping threads took: 0.0001261 seconds
2021-03-30T20:10:15.619+0800: 37531.540: Total time for which application threads were stopped: 0.0005553 seconds, Stopping threads took: 0.0002154 seconds
2021-03-30T20:10:15.621+0800: 37531.542: Total time for which application threads were stopped: 0.0015108 seconds, Stopping threads took: 0.0002376 seconds
2021-03-30T20:10:15.628+0800: 37531.549: Total time for which application threads were stopped: 0.0023798 seconds, Stopping threads took: 0.0000632 seconds
2021-03-30T20:10:15.642+0800: 37531.563: Total time for which application threads were stopped: 0.0038859 seconds, Stopping threads took: 0.0001075 seconds
2021-03-30T20:10:15.894+0800: 37531.815: Total time for which application threads were stopped: 0.0011224 seconds, Stopping threads took: 0.0001577 seconds
2021-03-30T20:10:15.911+0800: 37531.832: Total time for which application threads were stopped: 0.0006947 seconds, Stopping threads took: 0.0000787 seconds
2021-03-30T20:10:15.948+0800: 37531.870: Total time for which application threads were stopped: 0.0075901 seconds, Stopping threads took: 0.0062360 seconds
2021-03-30T20:10:15.966+0800: 37531.887: Total time for which application threads were stopped: 0.0008133 seconds, Stopping threads took: 0.0002667 seconds
2021-03-30T20:10:16.000+0800: 37531.921: Total time for which application threads were stopped: 0.0007653 seconds, Stopping threads took: 0.0002750 seconds
2021-03-30T20:10:17.001+0800: 37532.923: Total time for which application threads were stopped: 0.0006592 seconds, Stopping threads took: 0.0000731 seconds
2021-03-30T20:10:37.026+0800: 37552.948: Total time for which application threads were stopped: 0.0002827 seconds, Stopping threads took: 0.0000707 seconds
2021-03-30T20:11:15.100+0800: 37591.021: Total time for which application threads were stopped: 0.0003180 seconds, Stopping threads took: 0.0000829 seconds
2021-03-30T20:11:23.178+0800: 37599.100: Total time for which application threads were stopped: 0.0010280 seconds, Stopping threads took: 0.0001178 seconds
2021-03-30T20:11:23.179+0800: 37599.101: Total time for which application threads were stopped: 0.0008349 seconds, Stopping threads took: 0.0000489 seconds
2021-03-30T20:11:58.227+0800: 37634.148: Total time for which application threads were stopped: 0.0002906 seconds, Stopping threads took: 0.0000613 seconds
2021-03-30T20:12:14.910+0800: 37650.831: Total time for which application threads were stopped: 0.0004225 seconds, Stopping threads took: 0.0000587 seconds
2021-03-30T20:12:15.910+0800: 37651.831: Total time for which application threads were stopped: 0.0002275 seconds, Stopping threads took: 0.0000416 seconds
2021-03-30T20:13:03.954+0800: 37699.875: Total time for which application threads were stopped: 0.0003075 seconds, Stopping threads took: 0.0000609 seconds
2021-03-30T20:13:14.959+0800: 37710.881: Total time for which application threads were stopped: 0.0003099 seconds, Stopping threads took: 0.0000489 seconds
2021-03-30T20:14:15.066+0800: 37770.987: Total time for which application threads were stopped: 0.0002132 seconds, Stopping threads took: 0.0000473 seconds
2021-03-30T20:14:47.630+0800: 37803.552: Total time for which application threads were stopped: 0.0002961 seconds, Stopping threads took: 0.0000479 seconds
2021-03-30T20:14:58.674+0800: 37814.595: Total time for which application threads were stopped: 0.0002939 seconds, Stopping threads took: 0.0000538 seconds
2021-03-30T20:14:58.675+0800: 37814.597: Total time for which application threads were stopped: 0.0002661 seconds, Stopping threads took: 0.0000396 seconds
2021-03-30T20:14:58.676+0800: 37814.597: Total time for which application threads were stopped: 0.0002040 seconds, Stopping threads took: 0.0000249 seconds
2021-03-30T20:14:58.676+0800: 37814.598: Total time for which application threads were stopped: 0.0002429 seconds, Stopping threads took: 0.0001107 seconds
2021-03-30T20:14:58.677+0800: 37814.598: Total time for which application threads were stopped: 0.0002061 seconds, Stopping threads took: 0.0000667 seconds
2021-03-30T20:14:58.677+0800: 37814.598: Total time for which application threads were stopped: 0.0001704 seconds, Stopping threads took: 0.0000370 seconds
2021-03-30T20:14:58.678+0800: 37814.599: Total time for which application threads were stopped: 0.0001790 seconds, Stopping threads took: 0.0000184 seconds
2021-03-30T20:14:58.678+0800: 37814.600: Total time for which application threads were stopped: 0.0006125 seconds, Stopping threads took: 0.0000206 seconds
2021-03-30T20:14:58.724+0800: 37814.645: Total time for which application threads were stopped: 0.0002840 seconds, Stopping threads took: 0.0000472 seconds
2021-03-30T20:14:58.724+0800: 37814.646: Total time for which application threads were stopped: 0.0001860 seconds, Stopping threads took: 0.0000196 seconds
2021-03-30T20:14:58.725+0800: 37814.646: Total time for which application threads were stopped: 0.0001826 seconds, Stopping threads took: 0.0000163 seconds
2021-03-30T20:14:58.725+0800: 37814.646: Total time for which application threads were stopped: 0.0001787 seconds, Stopping threads took: 0.0000285 seconds
2021-03-30T20:14:58.725+0800: 37814.646: Total time for which application threads were stopped: 0.0001360 seconds, Stopping threads took: 0.0000151 seconds
2021-03-30T20:14:58.725+0800: 37814.647: Total time for which application threads were stopped: 0.0001389 seconds, Stopping threads took: 0.0000227 seconds
2021-03-30T20:14:58.726+0800: 37814.647: Total time for which application threads were stopped: 0.0001375 seconds, Stopping threads took: 0.0000149 seconds
2021-03-30T20:15:03.130+0800: 37819.051: Total time for which application threads were stopped: 0.0003163 seconds, Stopping threads took: 0.0000493 seconds
2021-03-30T20:15:03.648+0800: 37819.569: Total time for which application threads were stopped: 0.0004064 seconds, Stopping threads took: 0.0000445 seconds
2021-03-30T20:15:04.649+0800: 37820.570: Total time for which application threads were stopped: 0.0002447 seconds, Stopping threads took: 0.0000423 seconds
2021-03-30T20:15:05.650+0800: 37821.571: Total time for which application threads were stopped: 0.0002272 seconds, Stopping threads took: 0.0000389 seconds
2021-03-30T20:15:06.182+0800: 37822.103: Total time for which application threads were stopped: 0.0029587 seconds, Stopping threads took: 0.0000664 seconds
2021-03-30T20:15:07.183+0800: 37823.104: Total time for which application threads were stopped: 0.0002649 seconds, Stopping threads took: 0.0000449 seconds
2021-03-30T20:15:09.391+0800: 37825.313: Total time for which application threads were stopped: 0.0004804 seconds, Stopping threads took: 0.0001054 seconds
2021-03-30T20:15:15.394+0800: 37831.315: Total time for which application threads were stopped: 0.0006827 seconds, Stopping threads took: 0.0001132 seconds
2021-03-30T20:15:44.003+0800: 37859.924: Total time for which application threads were stopped: 0.0003187 seconds, Stopping threads took: 0.0000487 seconds
2021-03-30T20:15:44.367+0800: 37860.289: Total time for which application threads were stopped: 0.0005915 seconds, Stopping threads took: 0.0000725 seconds
2021-03-30T20:15:44.374+0800: 37860.295: Total time for which application threads were stopped: 0.0005720 seconds, Stopping threads took: 0.0000739 seconds
2021-03-30T20:15:44.383+0800: 37860.305: Total time for which application threads were stopped: 0.0010099 seconds, Stopping threads took: 0.0000744 seconds
{Heap before GC invocations=20 (full 0):
 garbage-first heap   total 524288K, used 420993K [0x00000000e0000000, 0x00000000e0101000, 0x0000000100000000)
  region size 1024K, 307 young (314368K), 20 survivors (20480K)
 Metaspace       used 68246K, capacity 72824K, committed 73032K, reserved 1114112K
  class space    used 7976K, capacity 8749K, committed 8832K, reserved 1048576K
2021-03-30T20:15:44.535+0800: 37860.456: [GC pause (G1 Evacuation Pause) (young)
Desired survivor size 20447232 bytes, new threshold 15 (max 15)
- age   1:    4556096 bytes,    4556096 total
- age   2:    4718312 bytes,    9274408 total
- age   3:     361200 bytes,    9635608 total
- age   4:      45008 bytes,    9680616 total
- age   5:      87480 bytes,    9768096 total
- age   6:     112528 bytes,    9880624 total
- age   7:    1448088 bytes,   11328712 total
- age   8:    1733872 bytes,   13062584 total
, 0.0299613 secs]
   [Parallel Time: 23.2 ms, GC Workers: 8]
      [GC Worker Start (ms): Min: 37860457.8, Avg: 37860458.0, Max: 37860458.3, Diff: 0.6]
      [Ext Root Scanning (ms): Min: 1.1, Avg: 2.6, Max: 10.2, Diff: 9.1, Sum: 20.8]
      [Update RS (ms): Min: 0.0, Avg: 4.1, Max: 5.3, Diff: 5.3, Sum: 32.7]
         [Processed Buffers: Min: 0, Avg: 11.3, Max: 26, Diff: 26, Sum: 90]
      [Scan RS (ms): Min: 0.0, Avg: 0.0, Max: 0.1, Diff: 0.1, Sum: 0.4]
      [Code Root Scanning (ms): Min: 0.0, Avg: 1.4, Max: 2.8, Diff: 2.8, Sum: 10.9]
      [Object Copy (ms): Min: 12.6, Avg: 14.4, Max: 16.3, Diff: 3.8, Sum: 115.5]
      [Termination (ms): Min: 0.0, Avg: 0.1, Max: 0.2, Diff: 0.1, Sum: 1.0]
         [Termination Attempts: Min: 2, Avg: 89.9, Max: 124, Diff: 122, Sum: 719]
      [GC Worker Other (ms): Min: 0.0, Avg: 0.0, Max: 0.1, Diff: 0.0, Sum: 0.3]
      [GC Worker Total (ms): Min: 22.4, Avg: 22.7, Max: 23.0, Diff: 0.6, Sum: 181.6]
      [GC Worker End (ms): Min: 37860480.7, Avg: 37860480.7, Max: 37860480.7, Diff: 0.0]
   [Code Root Fixup: 0.1 ms]
   [Code Root Purge: 0.0 ms]
   [Clear CT: 0.4 ms]
   [Other: 6.3 ms]
      [Choose CSet: 0.0 ms]
      [Ref Proc: 3.7 ms]
      [Ref Enq: 0.2 ms]
      [Redirty Cards: 0.1 ms]
      [Humongous Register: 0.2 ms]
      [Humongous Reclaim: 0.3 ms]
      [Free CSet: 0.8 ms]
   [Eden: 287.0M(287.0M)->0.0B(286.0M) Survivors: 20.0M->21.0M Heap: 411.1M(512.0M)->89.6M(512.0M)]
Heap after GC invocations=21 (full 0):
 garbage-first heap   total 524288K, used 91776K [0x00000000e0000000, 0x00000000e0101000, 0x0000000100000000)
  region size 1024K, 21 young (21504K), 21 survivors (21504K)
 Metaspace       used 68246K, capacity 72824K, committed 73032K, reserved 1114112K
  class space    used 7976K, capacity 8749K, committed 8832K, reserved 1048576K
}
 [Times: user=0.09 sys=0.08, real=0.03 secs] 
2021-03-30T20:15:44.565+0800: 37860.487: Total time for which application threads were stopped: 0.0307559 seconds, Stopping threads took: 0.0000551 seconds
2021-03-30T20:15:44.566+0800: 37860.488: Total time for which application threads were stopped: 0.0011172 seconds, Stopping threads took: 0.0000518 seconds
2021-03-30T20:15:44.901+0800: 37860.823: Total time for which application threads were stopped: 0.0003667 seconds, Stopping threads took: 0.0000617 seconds
2021-03-30T20:15:45.072+0800: 37860.993: Total time for which application threads were stopped: 0.0002975 seconds, Stopping threads took: 0.0000553 seconds
2021-03-30T20:15:45.074+0800: 37860.995: Total time for which application threads were stopped: 0.0002949 seconds, Stopping threads took: 0.0000816 seconds
2021-03-30T20:15:45.075+0800: 37860.996: Total time for which application threads were stopped: 0.0001782 seconds, Stopping threads took: 0.0000201 seconds
2021-03-30T20:15:45.078+0800: 37861.000: Total time for which application threads were stopped: 0.0003121 seconds, Stopping threads took: 0.0000458 seconds
2021-03-30T20:15:45.183+0800: 37861.104: Total time for which application threads were stopped: 0.0003001 seconds, Stopping threads took: 0.0000466 seconds
2021-03-30T20:15:45.274+0800: 37861.195: Total time for which application threads were stopped: 0.0006707 seconds, Stopping threads took: 0.0002399 seconds
2021-03-30T20:15:45.279+0800: 37861.200: Total time for which application threads were stopped: 0.0027227 seconds, Stopping threads took: 0.0000466 seconds
2021-03-30T20:15:45.279+0800: 37861.201: Total time for which application threads were stopped: 0.0004842 seconds, Stopping threads took: 0.0001240 seconds
2021-03-30T20:15:45.280+0800: 37861.201: Total time for which application threads were stopped: 0.0003767 seconds, Stopping threads took: 0.0000440 seconds
2021-03-30T20:15:45.280+0800: 37861.202: Total time for which application threads were stopped: 0.0003916 seconds, Stopping threads took: 0.0000532 seconds
2021-03-30T20:15:45.282+0800: 37861.203: Total time for which application threads were stopped: 0.0004758 seconds, Stopping threads took: 0.0000495 seconds
2021-03-30T20:15:45.283+0800: 37861.204: Total time for which application threads were stopped: 0.0004636 seconds, Stopping threads took: 0.0000648 seconds
2021-03-30T20:15:45.283+0800: 37861.204: Total time for which application threads were stopped: 0.0003801 seconds, Stopping threads took: 0.0000341 seconds
2021-03-30T20:15:45.283+0800: 37861.205: Total time for which application threads were stopped: 0.0003489 seconds, Stopping threads took: 0.0000350 seconds
2021-03-30T20:15:45.284+0800: 37861.205: Total time for which application threads were stopped: 0.0003709 seconds, Stopping threads took: 0.0000325 seconds
2021-03-30T20:15:45.284+0800: 37861.206: Total time for which application threads were stopped: 0.0003538 seconds, Stopping threads took: 0.0000303 seconds
2021-03-30T20:15:45.285+0800: 37861.206: Total time for which application threads were stopped: 0.0003601 seconds, Stopping threads took: 0.0000299 seconds
2021-03-30T20:15:45.285+0800: 37861.206: Total time for which application threads were stopped: 0.0003485 seconds, Stopping threads took: 0.0000334 seconds
2021-03-30T20:15:46.285+0800: 37862.207: Total time for which application threads were stopped: 0.0007627 seconds, Stopping threads took: 0.0001113 seconds
2021-03-30T20:15:54.312+0800: 37870.233: Total time for which application threads were stopped: 0.0007865 seconds, Stopping threads took: 0.0001252 seconds
2021-03-30T20:15:58.862+0800: 37874.784: Total time for which application threads were stopped: 0.0003720 seconds, Stopping threads took: 0.0001109 seconds
2021-03-30T20:15:59.862+0800: 37875.784: Total time for which application threads were stopped: 0.0007095 seconds, Stopping threads took: 0.0001177 seconds
2021-03-30T20:16:15.080+0800: 37891.002: Total time for which application threads were stopped: 0.0047765 seconds, Stopping threads took: 0.0000723 seconds
2021-03-30T20:16:16.080+0800: 37892.001: Total time for which application threads were stopped: 0.0002744 seconds, Stopping threads took: 0.0000534 seconds
2021-03-30T20:16:34.124+0800: 37910.045: Total time for which application threads were stopped: 0.0002556 seconds, Stopping threads took: 0.0000542 seconds
2021-03-30T20:17:02.346+0800: 37938.267: Total time for which application threads were stopped: 0.0003871 seconds, Stopping threads took: 0.0001783 seconds
2021-03-30T20:17:02.346+0800: 37938.267: Total time for which application threads were stopped: 0.0003496 seconds, Stopping threads took: 0.0001583 seconds
2021-03-30T20:17:02.347+0800: 37938.268: Total time for which application threads were stopped: 0.0002383 seconds, Stopping threads took: 0.0001290 seconds
2021-03-30T20:17:02.347+0800: 37938.268: Total time for which application threads were stopped: 0.0001535 seconds, Stopping threads took: 0.0000291 seconds
2021-03-30T20:17:02.347+0800: 37938.269: Total time for which application threads were stopped: 0.0007010 seconds, Stopping threads took: 0.0001073 seconds
2021-03-30T20:17:02.348+0800: 37938.269: Total time for which application threads were stopped: 0.0002105 seconds, Stopping threads took: 0.0000837 seconds
2021-03-30T20:17:02.349+0800: 37938.271: Total time for which application threads were stopped: 0.0002327 seconds, Stopping threads took: 0.0000339 seconds
2021-03-30T20:17:02.350+0800: 37938.271: Total time for which application threads were stopped: 0.0002481 seconds, Stopping threads took: 0.0000748 seconds
2021-03-30T20:17:02.350+0800: 37938.272: Total time for which application threads were stopped: 0.0002670 seconds, Stopping threads took: 0.0001317 seconds
2021-03-30T20:17:02.351+0800: 37938.272: Total time for which application threads were stopped: 0.0001726 seconds, Stopping threads took: 0.0000180 seconds
2021-03-30T20:17:02.351+0800: 37938.273: Total time for which application threads were stopped: 0.0002728 seconds, Stopping threads took: 0.0001334 seconds
2021-03-30T20:17:02.352+0800: 37938.273: Total time for which application threads were stopped: 0.0001467 seconds, Stopping threads took: 0.0000182 seconds
2021-03-30T20:17:02.352+0800: 37938.273: Total time for which application threads were stopped: 0.0002012 seconds, Stopping threads took: 0.0000430 seconds
2021-03-30T20:17:02.352+0800: 37938.273: Total time for which application threads were stopped: 0.0002544 seconds, Stopping threads took: 0.0001164 seconds
2021-03-30T20:17:02.353+0800: 37938.274: Total time for which application threads were stopped: 0.0001798 seconds, Stopping threads took: 0.0000588 seconds
2021-03-30T20:17:02.353+0800: 37938.275: Total time for which application threads were stopped: 0.0002318 seconds, Stopping threads took: 0.0000863 seconds
2021-03-30T20:17:02.354+0800: 37938.275: Total time for which application threads were stopped: 0.0004847 seconds, Stopping threads took: 0.0003285 seconds
2021-03-30T20:17:02.355+0800: 37938.276: Total time for which application threads were stopped: 0.0002010 seconds, Stopping threads took: 0.0000216 seconds
2021-03-30T20:17:02.355+0800: 37938.276: Total time for which application threads were stopped: 0.0002493 seconds, Stopping threads took: 0.0000688 seconds
2021-03-30T20:17:02.357+0800: 37938.278: Total time for which application threads were stopped: 0.0003938 seconds, Stopping threads took: 0.0001460 seconds
2021-03-30T20:17:02.360+0800: 37938.281: Total time for which application threads were stopped: 0.0004394 seconds, Stopping threads took: 0.0000323 seconds
2021-03-30T20:17:15.136+0800: 37951.057: Total time for which application threads were stopped: 0.0003694 seconds, Stopping threads took: 0.0000525 seconds
2021-03-30T20:17:15.685+0800: 37951.607: Total time for which application threads were stopped: 0.0006908 seconds, Stopping threads took: 0.0002095 seconds
2021-03-30T20:17:16.685+0800: 37952.607: Total time for which application threads were stopped: 0.0002499 seconds, Stopping threads took: 0.0000468 seconds
2021-03-30T20:17:20.687+0800: 37956.609: Total time for which application threads were stopped: 0.0002576 seconds, Stopping threads took: 0.0000530 seconds
2021-03-30T20:17:29.819+0800: 37965.741: Total time for which application threads were stopped: 0.0003570 seconds, Stopping threads took: 0.0000858 seconds
2021-03-30T20:17:29.821+0800: 37965.743: Total time for which application threads were stopped: 0.0003877 seconds, Stopping threads took: 0.0001399 seconds
2021-03-30T20:17:30.822+0800: 37966.744: Total time for which application threads were stopped: 0.0008247 seconds, Stopping threads took: 0.0001473 seconds
2021-03-30T20:17:49.366+0800: 37985.287: Total time for which application threads were stopped: 0.0025822 seconds, Stopping threads took: 0.0000392 seconds
2021-03-30T20:17:49.367+0800: 37985.289: Total time for which application threads were stopped: 0.0003606 seconds, Stopping threads took: 0.0001199 seconds
2021-03-30T20:17:49.367+0800: 37985.289: Total time for which application threads were stopped: 0.0002910 seconds, Stopping threads took: 0.0000739 seconds
2021-03-30T20:17:49.371+0800: 37985.293: Total time for which application threads were stopped: 0.0002594 seconds, Stopping threads took: 0.0000442 seconds
2021-03-30T20:17:49.371+0800: 37985.293: Total time for which application threads were stopped: 0.0003385 seconds, Stopping threads took: 0.0001019 seconds
2021-03-30T20:17:49.372+0800: 37985.294: Total time for which application threads were stopped: 0.0006000 seconds, Stopping threads took: 0.0003600 seconds
2021-03-30T20:18:11.260+0800: 38007.182: Total time for which application threads were stopped: 0.0005239 seconds, Stopping threads took: 0.0002407 seconds
2021-03-30T20:18:12.261+0800: 38008.182: Total time for which application threads were stopped: 0.0002615 seconds, Stopping threads took: 0.0000690 seconds
2021-03-30T20:18:15.563+0800: 38011.485: Total time for which application threads were stopped: 0.0010929 seconds, Stopping threads took: 0.0001510 seconds
2021-03-30T20:18:15.564+0800: 38011.486: Total time for which application threads were stopped: 0.0004508 seconds, Stopping threads took: 0.0001564 seconds
2021-03-30T20:18:15.567+0800: 38011.489: Total time for which application threads were stopped: 0.0003966 seconds, Stopping threads took: 0.0000607 seconds
2021-03-30T20:18:15.568+0800: 38011.490: Total time for which application threads were stopped: 0.0003902 seconds, Stopping threads took: 0.0001230 seconds
2021-03-30T20:18:28.864+0800: 38024.785: Total time for which application threads were stopped: 0.0003444 seconds, Stopping threads took: 0.0000942 seconds
2021-03-30T20:18:29.864+0800: 38025.786: Total time for which application threads were stopped: 0.0002553 seconds, Stopping threads took: 0.0000437 seconds
2021-03-30T20:18:35.175+0800: 38031.096: Total time for which application threads were stopped: 0.0008885 seconds, Stopping threads took: 0.0004436 seconds
2021-03-30T20:18:36.175+0800: 38032.096: Total time for which application threads were stopped: 0.0002324 seconds, Stopping threads took: 0.0000425 seconds
2021-03-30T20:18:40.981+0800: 38036.902: Total time for which application threads were stopped: 0.0007671 seconds, Stopping threads took: 0.0001559 seconds
2021-03-30T20:18:40.983+0800: 38036.905: Total time for which application threads were stopped: 0.0003431 seconds, Stopping threads took: 0.0000863 seconds
2021-03-30T20:18:57.175+0800: 38053.096: Total time for which application threads were stopped: 0.0006032 seconds, Stopping threads took: 0.0000915 seconds
2021-03-30T20:18:57.213+0800: 38053.134: Total time for which application threads were stopped: 0.0003231 seconds, Stopping threads took: 0.0000594 seconds
2021-03-30T20:18:58.216+0800: 38054.138: Total time for which application threads were stopped: 0.0003045 seconds, Stopping threads took: 0.0000827 seconds
2021-03-30T20:18:59.229+0800: 38055.150: Total time for which application threads were stopped: 0.0002979 seconds, Stopping threads took: 0.0000468 seconds
2021-03-30T20:20:13.380+0800: 38129.301: Total time for which application threads were stopped: 0.0004481 seconds, Stopping threads took: 0.0000721 seconds
2021-03-30T20:20:32.681+0800: 38148.603: Total time for which application threads were stopped: 0.0003869 seconds, Stopping threads took: 0.0000564 seconds
2021-03-30T20:20:33.682+0800: 38149.603: Total time for which application threads were stopped: 0.0002191 seconds, Stopping threads took: 0.0000402 seconds
2021-03-30T20:22:13.229+0800: 38249.151: Total time for which application threads were stopped: 0.0003695 seconds, Stopping threads took: 0.0000507 seconds
2021-03-30T20:22:15.404+0800: 38251.325: Total time for which application threads were stopped: 0.0003545 seconds, Stopping threads took: 0.0000798 seconds
2021-03-30T20:25:27.791+0800: 38443.712: Total time for which application threads were stopped: 0.0003751 seconds, Stopping threads took: 0.0000911 seconds
2021-03-30T20:26:28.163+0800: 38504.084: Total time for which application threads were stopped: 0.0003115 seconds, Stopping threads took: 0.0000641 seconds
2021-03-30T20:26:29.163+0800: 38505.084: Total time for which application threads were stopped: 0.0002728 seconds, Stopping threads took: 0.0000503 seconds
2021-03-30T20:27:13.243+0800: 38549.164: Total time for which application threads were stopped: 0.0003443 seconds, Stopping threads took: 0.0000717 seconds
2021-03-30T20:27:15.657+0800: 38551.578: Total time for which application threads were stopped: 0.0002510 seconds, Stopping threads took: 0.0000375 seconds
2021-03-30T20:30:28.874+0800: 38744.796: Total time for which application threads were stopped: 0.0004950 seconds, Stopping threads took: 0.0000442 seconds
2021-03-30T20:30:28.875+0800: 38744.796: Total time for which application threads were stopped: 0.0001748 seconds, Stopping threads took: 0.0000195 seconds
2021-03-30T20:30:28.875+0800: 38744.797: Total time for which application threads were stopped: 0.0001783 seconds, Stopping threads took: 0.0000209 seconds
2021-03-30T20:30:28.876+0800: 38744.797: Total time for which application threads were stopped: 0.0001576 seconds, Stopping threads took: 0.0000269 seconds
2021-03-30T20:30:28.876+0800: 38744.797: Total time for which application threads were stopped: 0.0001278 seconds, Stopping threads took: 0.0000163 seconds
2021-03-30T20:30:28.877+0800: 38744.798: Total time for which application threads were stopped: 0.0001436 seconds, Stopping threads took: 0.0000171 seconds
2021-03-30T20:30:28.877+0800: 38744.798: Total time for which application threads were stopped: 0.0001574 seconds, Stopping threads took: 0.0000166 seconds
2021-03-30T20:30:28.877+0800: 38744.799: Total time for which application threads were stopped: 0.0001367 seconds, Stopping threads took: 0.0000164 seconds
2021-03-30T20:30:28.878+0800: 38744.800: Total time for which application threads were stopped: 0.0001543 seconds, Stopping threads took: 0.0000187 seconds
2021-03-30T20:30:28.878+0800: 38744.800: Total time for which application threads were stopped: 0.0001590 seconds, Stopping threads took: 0.0000168 seconds
2021-03-30T20:30:28.879+0800: 38744.800: Total time for which application threads were stopped: 0.0001442 seconds, Stopping threads took: 0.0000167 seconds
2021-03-30T20:30:28.879+0800: 38744.801: Total time for which application threads were stopped: 0.0001365 seconds, Stopping threads took: 0.0000162 seconds
2021-03-30T20:30:28.879+0800: 38744.801: Total time for which application threads were stopped: 0.0001433 seconds, Stopping threads took: 0.0000174 seconds
2021-03-30T20:30:28.880+0800: 38744.802: Total time for which application threads were stopped: 0.0001643 seconds, Stopping threads took: 0.0000273 seconds
2021-03-30T20:30:28.880+0800: 38744.802: Total time for which application threads were stopped: 0.0001555 seconds, Stopping threads took: 0.0000372 seconds
2021-03-30T20:30:28.881+0800: 38744.802: Total time for which application threads were stopped: 0.0001833 seconds, Stopping threads took: 0.0000400 seconds
2021-03-30T20:30:28.881+0800: 38744.803: Total time for which application threads were stopped: 0.0002007 seconds, Stopping threads took: 0.0000294 seconds
2021-03-30T20:30:28.882+0800: 38744.803: Total time for which application threads were stopped: 0.0001681 seconds, Stopping threads took: 0.0000166 seconds
2021-03-30T20:30:28.882+0800: 38744.803: Total time for which application threads were stopped: 0.0001320 seconds, Stopping threads took: 0.0000161 seconds
2021-03-30T20:30:28.883+0800: 38744.804: Total time for which application threads were stopped: 0.0006654 seconds, Stopping threads took: 0.0000164 seconds
2021-03-30T20:30:28.940+0800: 38744.862: Total time for which application threads were stopped: 0.0004699 seconds, Stopping threads took: 0.0000879 seconds
2021-03-30T20:30:28.941+0800: 38744.862: Total time for which application threads were stopped: 0.0005268 seconds, Stopping threads took: 0.0003252 seconds
2021-03-30T20:30:28.941+0800: 38744.863: Total time for which application threads were stopped: 0.0002818 seconds, Stopping threads took: 0.0000296 seconds
2021-03-30T20:30:28.942+0800: 38744.863: Total time for which application threads were stopped: 0.0002576 seconds, Stopping threads took: 0.0000399 seconds
2021-03-30T20:30:28.942+0800: 38744.863: Total time for which application threads were stopped: 0.0002316 seconds, Stopping threads took: 0.0000342 seconds
2021-03-30T20:30:28.942+0800: 38744.864: Total time for which application threads were stopped: 0.0003480 seconds, Stopping threads took: 0.0001622 seconds
2021-03-30T20:30:28.943+0800: 38744.864: Total time for which application threads were stopped: 0.0001979 seconds, Stopping threads took: 0.0000211 seconds
2021-03-30T20:30:28.949+0800: 38744.871: Total time for which application threads were stopped: 0.0002980 seconds, Stopping threads took: 0.0000543 seconds
2021-03-30T20:30:28.951+0800: 38744.872: Total time for which application threads were stopped: 0.0011905 seconds, Stopping threads took: 0.0002186 seconds
2021-03-30T20:30:28.952+0800: 38744.874: Total time for which application threads were stopped: 0.0010644 seconds, Stopping threads took: 0.0000865 seconds
2021-03-30T20:30:28.958+0800: 38744.879: Total time for which application threads were stopped: 0.0002897 seconds, Stopping threads took: 0.0000602 seconds
2021-03-30T20:30:28.970+0800: 38744.891: Total time for which application threads were stopped: 0.0011774 seconds, Stopping threads took: 0.0002100 seconds
2021-03-30T20:30:28.970+0800: 38744.892: Total time for which application threads were stopped: 0.0004719 seconds, Stopping threads took: 0.0000843 seconds
2021-03-30T20:30:28.971+0800: 38744.892: Total time for which application threads were stopped: 0.0004283 seconds, Stopping threads took: 0.0000592 seconds
2021-03-30T20:30:28.972+0800: 38744.893: Total time for which application threads were stopped: 0.0004107 seconds, Stopping threads took: 0.0000673 seconds
2021-03-30T20:30:28.979+0800: 38744.900: Total time for which application threads were stopped: 0.0010480 seconds, Stopping threads took: 0.0000548 seconds
2021-03-30T20:30:29.172+0800: 38745.093: Total time for which application threads were stopped: 0.0002885 seconds, Stopping threads took: 0.0000469 seconds
2021-03-30T20:30:29.172+0800: 38745.094: Total time for which application threads were stopped: 0.0001619 seconds, Stopping threads took: 0.0000204 seconds
2021-03-30T20:30:29.172+0800: 38745.094: Total time for which application threads were stopped: 0.0001236 seconds, Stopping threads took: 0.0000160 seconds
2021-03-30T20:30:29.172+0800: 38745.094: Total time for which application threads were stopped: 0.0001181 seconds, Stopping threads took: 0.0000160 seconds
2021-03-30T20:30:29.173+0800: 38745.094: Total time for which application threads were stopped: 0.0001172 seconds, Stopping threads took: 0.0000159 seconds
2021-03-30T20:30:29.173+0800: 38745.095: Total time for which application threads were stopped: 0.0001213 seconds, Stopping threads took: 0.0000198 seconds
2021-03-30T20:30:29.173+0800: 38745.095: Total time for which application threads were stopped: 0.0001153 seconds, Stopping threads took: 0.0000158 seconds
2021-03-30T20:30:29.173+0800: 38745.095: Total time for which application threads were stopped: 0.0001169 seconds, Stopping threads took: 0.0000161 seconds
2021-03-30T20:30:29.174+0800: 38745.096: Total time for which application threads were stopped: 0.0001407 seconds, Stopping threads took: 0.0000174 seconds
2021-03-30T20:30:29.174+0800: 38745.096: Total time for which application threads were stopped: 0.0001467 seconds, Stopping threads took: 0.0000163 seconds
2021-03-30T20:30:29.174+0800: 38745.096: Total time for which application threads were stopped: 0.0001195 seconds, Stopping threads took: 0.0000156 seconds
2021-03-30T20:30:29.175+0800: 38745.096: Total time for which application threads were stopped: 0.0001188 seconds, Stopping threads took: 0.0000172 seconds
2021-03-30T20:30:29.175+0800: 38745.097: Total time for which application threads were stopped: 0.0001188 seconds, Stopping threads took: 0.0000154 seconds
2021-03-30T20:30:29.175+0800: 38745.097: Total time for which application threads were stopped: 0.0001233 seconds, Stopping threads took: 0.0000157 seconds
2021-03-30T20:30:29.175+0800: 38745.097: Total time for which application threads were stopped: 0.0001228 seconds, Stopping threads took: 0.0000160 seconds
2021-03-30T20:30:29.176+0800: 38745.097: Total time for which application threads were stopped: 0.0001161 seconds, Stopping threads took: 0.0000156 seconds
2021-03-30T20:30:29.176+0800: 38745.098: Total time for which application threads were stopped: 0.0001159 seconds, Stopping threads took: 0.0000156 seconds
2021-03-30T20:30:29.176+0800: 38745.098: Total time for which application threads were stopped: 0.0001144 seconds, Stopping threads took: 0.0000154 seconds
2021-03-30T20:30:29.176+0800: 38745.098: Total time for which application threads were stopped: 0.0001148 seconds, Stopping threads took: 0.0000153 seconds
2021-03-30T20:30:29.177+0800: 38745.099: Total time for which application threads were stopped: 0.0005521 seconds, Stopping threads took: 0.0000156 seconds
2021-03-30T20:30:29.211+0800: 38745.133: Total time for which application threads were stopped: 0.0002846 seconds, Stopping threads took: 0.0000546 seconds
2021-03-30T20:30:29.211+0800: 38745.133: Total time for which application threads were stopped: 0.0001743 seconds, Stopping threads took: 0.0000306 seconds
2021-03-30T20:30:29.212+0800: 38745.133: Total time for which application threads were stopped: 0.0001389 seconds, Stopping threads took: 0.0000289 seconds
2021-03-30T20:30:29.212+0800: 38745.133: Total time for which application threads were stopped: 0.0001356 seconds, Stopping threads took: 0.0000287 seconds
2021-03-30T20:30:29.212+0800: 38745.134: Total time for which application threads were stopped: 0.0001326 seconds, Stopping threads took: 0.0000275 seconds
2021-03-30T20:30:29.212+0800: 38745.134: Total time for which application threads were stopped: 0.0001306 seconds, Stopping threads took: 0.0000267 seconds
2021-03-30T20:30:29.212+0800: 38745.134: Total time for which application threads were stopped: 0.0003412 seconds, Stopping threads took: 0.0002332 seconds
2021-03-30T20:30:29.218+0800: 38745.139: Total time for which application threads were stopped: 0.0002525 seconds, Stopping threads took: 0.0000573 seconds
2021-03-30T20:30:29.218+0800: 38745.140: Total time for which application threads were stopped: 0.0001704 seconds, Stopping threads took: 0.0000251 seconds
2021-03-30T20:30:29.219+0800: 38745.140: Total time for which application threads were stopped: 0.0001715 seconds, Stopping threads took: 0.0000271 seconds
2021-03-30T20:30:35.679+0800: 38751.601: Total time for which application threads were stopped: 0.0005109 seconds, Stopping threads took: 0.0000581 seconds
2021-03-30T20:30:35.688+0800: 38751.609: Total time for which application threads were stopped: 0.0022753 seconds, Stopping threads took: 0.0000722 seconds
2021-03-30T20:30:35.747+0800: 38751.668: Total time for which application threads were stopped: 0.0004208 seconds, Stopping threads took: 0.0000667 seconds
2021-03-30T20:30:39.053+0800: 38754.974: Total time for which application threads were stopped: 0.0002731 seconds, Stopping threads took: 0.0000560 seconds
2021-03-30T20:30:39.053+0800: 38754.975: Total time for which application threads were stopped: 0.0002199 seconds, Stopping threads took: 0.0000392 seconds
2021-03-30T20:30:39.053+0800: 38754.975: Total time for which application threads were stopped: 0.0001578 seconds, Stopping threads took: 0.0000309 seconds
2021-03-30T20:30:39.054+0800: 38754.976: Total time for which application threads were stopped: 0.0010689 seconds, Stopping threads took: 0.0000235 seconds
2021-03-30T20:30:39.097+0800: 38755.018: Total time for which application threads were stopped: 0.0010328 seconds, Stopping threads took: 0.0000632 seconds
2021-03-30T20:30:44.713+0800: 38760.634: Total time for which application threads were stopped: 0.0002468 seconds, Stopping threads took: 0.0000462 seconds
2021-03-30T20:30:44.713+0800: 38760.635: Total time for which application threads were stopped: 0.0001831 seconds, Stopping threads took: 0.0000209 seconds
2021-03-30T20:30:44.713+0800: 38760.635: Total time for which application threads were stopped: 0.0001263 seconds, Stopping threads took: 0.0000144 seconds
2021-03-30T20:30:45.713+0800: 38761.635: Total time for which application threads were stopped: 0.0008218 seconds, Stopping threads took: 0.0001365 seconds
2021-03-30T20:31:17.949+0800: 38793.871: Total time for which application threads were stopped: 0.0003901 seconds, Stopping threads took: 0.0001929 seconds
2021-03-30T20:31:17.950+0800: 38793.871: Total time for which application threads were stopped: 0.0003688 seconds, Stopping threads took: 0.0001409 seconds
2021-03-30T20:31:17.950+0800: 38793.872: Total time for which application threads were stopped: 0.0003260 seconds, Stopping threads took: 0.0001295 seconds
2021-03-30T20:31:17.951+0800: 38793.872: Total time for which application threads were stopped: 0.0002231 seconds, Stopping threads took: 0.0000829 seconds
2021-03-30T20:31:17.952+0800: 38793.873: Total time for which application threads were stopped: 0.0002368 seconds, Stopping threads took: 0.0000980 seconds
2021-03-30T20:31:17.953+0800: 38793.874: Total time for which application threads were stopped: 0.0006184 seconds, Stopping threads took: 0.0001110 seconds
2021-03-30T20:31:17.953+0800: 38793.875: Total time for which application threads were stopped: 0.0003529 seconds, Stopping threads took: 0.0001063 seconds
2021-03-30T20:31:17.953+0800: 38793.875: Total time for which application threads were stopped: 0.0002724 seconds, Stopping threads took: 0.0000587 seconds
2021-03-30T20:31:17.954+0800: 38793.876: Total time for which application threads were stopped: 0.0001839 seconds, Stopping threads took: 0.0000199 seconds
2021-03-30T20:31:17.954+0800: 38793.876: Total time for which application threads were stopped: 0.0002484 seconds, Stopping threads took: 0.0000947 seconds
2021-03-30T20:31:17.955+0800: 38793.876: Total time for which application threads were stopped: 0.0001894 seconds, Stopping threads took: 0.0000350 seconds
2021-03-30T20:31:17.955+0800: 38793.877: Total time for which application threads were stopped: 0.0006574 seconds, Stopping threads took: 0.0000151 seconds
2021-03-30T20:31:17.956+0800: 38793.878: Total time for which application threads were stopped: 0.0002891 seconds, Stopping threads took: 0.0001466 seconds
2021-03-30T20:31:17.956+0800: 38793.878: Total time for which application threads were stopped: 0.0002768 seconds, Stopping threads took: 0.0001411 seconds
2021-03-30T20:31:17.957+0800: 38793.879: Total time for which application threads were stopped: 0.0002884 seconds, Stopping threads took: 0.0001395 seconds
2021-03-30T20:31:17.957+0800: 38793.879: Total time for which application threads were stopped: 0.0002290 seconds, Stopping threads took: 0.0000892 seconds
2021-03-30T20:31:17.959+0800: 38793.880: Total time for which application threads were stopped: 0.0002814 seconds, Stopping threads took: 0.0000943 seconds
2021-03-30T20:31:18.959+0800: 38794.881: Total time for which application threads were stopped: 0.0008636 seconds, Stopping threads took: 0.0001290 seconds
2021-03-30T20:31:20.493+0800: 38796.414: Total time for which application threads were stopped: 0.0003108 seconds, Stopping threads took: 0.0000637 seconds
2021-03-30T20:31:20.495+0800: 38796.416: Total time for which application threads were stopped: 0.0004424 seconds, Stopping threads took: 0.0001122 seconds
2021-03-30T20:32:12.577+0800: 38848.498: Total time for which application threads were stopped: 0.0002792 seconds, Stopping threads took: 0.0000620 seconds
2021-03-30T20:32:13.260+0800: 38849.181: Total time for which application threads were stopped: 0.0002381 seconds, Stopping threads took: 0.0000441 seconds
2021-03-30T20:32:15.895+0800: 38851.816: Total time for which application threads were stopped: 0.0013106 seconds, Stopping threads took: 0.0011011 seconds
2021-03-30T20:32:57.982+0800: 38893.903: Total time for which application threads were stopped: 0.0002978 seconds, Stopping threads took: 0.0000735 seconds
2021-03-30T20:33:18.389+0800: 38914.310: Total time for which application threads were stopped: 0.0003821 seconds, Stopping threads took: 0.0001292 seconds
2021-03-30T20:33:18.391+0800: 38914.313: Total time for which application threads were stopped: 0.0004892 seconds, Stopping threads took: 0.0000769 seconds
2021-03-30T20:33:19.391+0800: 38915.312: Total time for which application threads were stopped: 0.0002629 seconds, Stopping threads took: 0.0000593 seconds
2021-03-30T20:33:27.909+0800: 38923.830: Total time for which application threads were stopped: 0.0003269 seconds, Stopping threads took: 0.0000651 seconds
2021-03-30T20:33:27.917+0800: 38923.839: Total time for which application threads were stopped: 0.0004648 seconds, Stopping threads took: 0.0001746 seconds
2021-03-30T20:33:27.919+0800: 38923.841: Total time for which application threads were stopped: 0.0004335 seconds, Stopping threads took: 0.0001756 seconds
2021-03-30T20:33:32.130+0800: 38928.051: Total time for which application threads were stopped: 0.0004172 seconds, Stopping threads took: 0.0001020 seconds
2021-03-30T20:33:32.136+0800: 38928.058: Total time for which application threads were stopped: 0.0005990 seconds, Stopping threads took: 0.0001757 seconds
2021-03-30T20:33:32.138+0800: 38928.060: Total time for which application threads were stopped: 0.0005314 seconds, Stopping threads took: 0.0001430 seconds
2021-03-30T20:33:38.315+0800: 38934.237: Total time for which application threads were stopped: 0.0004106 seconds, Stopping threads took: 0.0001261 seconds
{Heap before GC invocations=21 (full 0):
 garbage-first heap   total 524288K, used 384640K [0x00000000e0000000, 0x00000000e0101000, 0x0000000100000000)
  region size 1024K, 307 young (314368K), 21 survivors (21504K)
 Metaspace       used 68612K, capacity 73240K, committed 73288K, reserved 1114112K
  class space    used 7998K, capacity 8789K, committed 8832K, reserved 1048576K
2021-03-30T20:33:38.323+0800: 38934.244: [GC pause (G1 Evacuation Pause) (young)
Desired survivor size 20447232 bytes, new threshold 15 (max 15)
- age   1:    3481192 bytes,    3481192 total
- age   2:    2901400 bytes,    6382592 total
- age   3:    4475184 bytes,   10857776 total
- age   4:     360776 bytes,   11218552 total
- age   5:      44944 bytes,   11263496 total
- age   6:      85936 bytes,   11349432 total
- age   7:     112240 bytes,   11461672 total
- age   8:    1409944 bytes,   12871616 total
- age   9:    1718360 bytes,   14589976 total
, 0.0232720 secs]
   [Parallel Time: 19.0 ms, GC Workers: 8]
      [GC Worker Start (ms): Min: 38934244.2, Avg: 38934244.3, Max: 38934244.4, Diff: 0.2]
      [Ext Root Scanning (ms): Min: 0.3, Avg: 0.8, Max: 1.8, Diff: 1.5, Sum: 6.5]
      [Update RS (ms): Min: 0.1, Avg: 1.0, Max: 1.4, Diff: 1.3, Sum: 7.9]
         [Processed Buffers: Min: 1, Avg: 7.6, Max: 17, Diff: 16, Sum: 61]
      [Scan RS (ms): Min: 0.0, Avg: 0.0, Max: 0.1, Diff: 0.0, Sum: 0.2]
      [Code Root Scanning (ms): Min: 0.0, Avg: 0.8, Max: 1.6, Diff: 1.6, Sum: 6.0]
      [Object Copy (ms): Min: 15.2, Avg: 16.2, Max: 17.3, Diff: 2.1, Sum: 129.6]
      [Termination (ms): Min: 0.0, Avg: 0.0, Max: 0.0, Diff: 0.0, Sum: 0.0]
         [Termination Attempts: Min: 1, Avg: 1.1, Max: 2, Diff: 1, Sum: 9]
      [GC Worker Other (ms): Min: 0.0, Avg: 0.0, Max: 0.0, Diff: 0.0, Sum: 0.2]
      [GC Worker Total (ms): Min: 18.7, Avg: 18.8, Max: 18.9, Diff: 0.2, Sum: 150.5]
      [GC Worker End (ms): Min: 38934263.1, Avg: 38934263.1, Max: 38934263.2, Diff: 0.0]
   [Code Root Fixup: 0.2 ms]
   [Code Root Purge: 0.0 ms]
   [Clear CT: 0.1 ms]
   [Other: 4.0 ms]
      [Choose CSet: 0.0 ms]
      [Ref Proc: 3.3 ms]
      [Ref Enq: 0.1 ms]
      [Redirty Cards: 0.1 ms]
      [Humongous Register: 0.0 ms]
      [Humongous Reclaim: 0.0 ms]
      [Free CSet: 0.2 ms]
   [Eden: 286.0M(286.0M)->0.0B(274.0M) Survivors: 21.0M->33.0M Heap: 375.6M(512.0M)->101.6M(512.0M)]
Heap after GC invocations=22 (full 0):
 garbage-first heap   total 524288K, used 104064K [0x00000000e0000000, 0x00000000e0101000, 0x0000000100000000)
  region size 1024K, 33 young (33792K), 33 survivors (33792K)
 Metaspace       used 68612K, capacity 73240K, committed 73288K, reserved 1114112K
  class space    used 7998K, capacity 8789K, committed 8832K, reserved 1048576K
}
 [Times: user=0.17 sys=0.06, real=0.02 secs] 
2021-03-30T20:33:38.346+0800: 38934.268: Total time for which application threads were stopped: 0.0237040 seconds, Stopping threads took: 0.0000405 seconds
2021-03-30T20:33:38.347+0800: 38934.269: Total time for which application threads were stopped: 0.0005837 seconds, Stopping threads took: 0.0000519 seconds
2021-03-30T20:33:38.347+0800: 38934.269: Total time for which application threads were stopped: 0.0002550 seconds, Stopping threads took: 0.0000477 seconds
2021-03-30T20:33:38.348+0800: 38934.269: Total time for which application threads were stopped: 0.0002156 seconds, Stopping threads took: 0.0000477 seconds
2021-03-30T20:33:38.348+0800: 38934.270: Total time for which application threads were stopped: 0.0002017 seconds, Stopping threads took: 0.0000398 seconds
2021-03-30T20:33:38.348+0800: 38934.270: Total time for which application threads were stopped: 0.0001828 seconds, Stopping threads took: 0.0000347 seconds
2021-03-30T20:33:38.349+0800: 38934.270: Total time for which application threads were stopped: 0.0002778 seconds, Stopping threads took: 0.0000959 seconds
2021-03-30T20:33:38.349+0800: 38934.271: Total time for which application threads were stopped: 0.0001975 seconds, Stopping threads took: 0.0000557 seconds
2021-03-30T20:33:38.349+0800: 38934.271: Total time for which application threads were stopped: 0.0002113 seconds, Stopping threads took: 0.0000876 seconds
2021-03-30T20:33:38.351+0800: 38934.272: Total time for which application threads were stopped: 0.0002743 seconds, Stopping threads took: 0.0000333 seconds
2021-03-30T20:33:42.327+0800: 38938.248: Total time for which application threads were stopped: 0.0004117 seconds, Stopping threads took: 0.0001396 seconds
2021-03-30T20:33:42.335+0800: 38938.257: Total time for which application threads were stopped: 0.0003952 seconds, Stopping threads took: 0.0001604 seconds
2021-03-30T20:33:42.337+0800: 38938.259: Total time for which application threads were stopped: 0.0004117 seconds, Stopping threads took: 0.0001590 seconds
2021-03-30T20:33:42.339+0800: 38938.260: Total time for which application threads were stopped: 0.0004879 seconds, Stopping threads took: 0.0002314 seconds
2021-03-30T20:33:49.105+0800: 38945.026: Total time for which application threads were stopped: 0.0004199 seconds, Stopping threads took: 0.0001462 seconds
2021-03-30T20:33:50.105+0800: 38946.026: Total time for which application threads were stopped: 0.0003189 seconds, Stopping threads took: 0.0000563 seconds
2021-03-30T20:33:56.414+0800: 38952.336: Total time for which application threads were stopped: 0.0011389 seconds, Stopping threads took: 0.0001615 seconds
2021-03-30T20:33:56.416+0800: 38952.337: Total time for which application threads were stopped: 0.0002771 seconds, Stopping threads took: 0.0000462 seconds
2021-03-30T20:33:56.421+0800: 38952.343: Total time for which application threads were stopped: 0.0003618 seconds, Stopping threads took: 0.0001241 seconds
2021-03-30T20:36:23.993+0800: 39099.914: Total time for which application threads were stopped: 0.0002948 seconds, Stopping threads took: 0.0000648 seconds
2021-03-30T20:36:23.994+0800: 39099.916: Total time for which application threads were stopped: 0.0008365 seconds, Stopping threads took: 0.0000254 seconds
2021-03-30T20:36:23.994+0800: 39099.916: Total time for which application threads were stopped: 0.0002106 seconds, Stopping threads took: 0.0000899 seconds
2021-03-30T20:36:23.995+0800: 39099.916: Total time for which application threads were stopped: 0.0001723 seconds, Stopping threads took: 0.0000181 seconds
2021-03-30T20:36:23.996+0800: 39099.917: Total time for which application threads were stopped: 0.0005885 seconds, Stopping threads took: 0.0001353 seconds
2021-03-30T20:36:23.996+0800: 39099.917: Total time for which application threads were stopped: 0.0001690 seconds, Stopping threads took: 0.0000242 seconds
2021-03-30T20:36:23.998+0800: 39099.920: Total time for which application threads were stopped: 0.0002727 seconds, Stopping threads took: 0.0000918 seconds
2021-03-30T20:36:24.000+0800: 39099.922: Total time for which application threads were stopped: 0.0009576 seconds, Stopping threads took: 0.0002067 seconds
2021-03-30T20:36:24.001+0800: 39099.923: Total time for which application threads were stopped: 0.0002525 seconds, Stopping threads took: 0.0000267 seconds
2021-03-30T20:36:24.001+0800: 39099.923: Total time for which application threads were stopped: 0.0003069 seconds, Stopping threads took: 0.0001048 seconds
2021-03-30T20:36:24.004+0800: 39099.926: Total time for which application threads were stopped: 0.0003355 seconds, Stopping threads took: 0.0001159 seconds
2021-03-30T20:36:24.004+0800: 39099.926: Total time for which application threads were stopped: 0.0002936 seconds, Stopping threads took: 0.0000950 seconds
2021-03-30T20:36:24.005+0800: 39099.926: Total time for which application threads were stopped: 0.0002027 seconds, Stopping threads took: 0.0000682 seconds
2021-03-30T20:36:24.006+0800: 39099.928: Total time for which application threads were stopped: 0.0002972 seconds, Stopping threads took: 0.0001346 seconds
2021-03-30T20:36:24.007+0800: 39099.928: Total time for which application threads were stopped: 0.0002265 seconds, Stopping threads took: 0.0000928 seconds
2021-03-30T20:36:24.007+0800: 39099.928: Total time for which application threads were stopped: 0.0002257 seconds, Stopping threads took: 0.0001043 seconds
2021-03-30T20:36:24.007+0800: 39099.929: Total time for which application threads were stopped: 0.0002056 seconds, Stopping threads took: 0.0000585 seconds
2021-03-30T20:36:24.008+0800: 39099.930: Total time for which application threads were stopped: 0.0002514 seconds, Stopping threads took: 0.0000920 seconds
2021-03-30T20:36:24.008+0800: 39099.930: Total time for which application threads were stopped: 0.0001591 seconds, Stopping threads took: 0.0000309 seconds
2021-03-30T20:36:24.009+0800: 39099.931: Total time for which application threads were stopped: 0.0003731 seconds, Stopping threads took: 0.0002140 seconds
2021-03-30T20:36:24.010+0800: 39099.931: Total time for which application threads were stopped: 0.0001506 seconds, Stopping threads took: 0.0000156 seconds
2021-03-30T20:36:24.010+0800: 39099.932: Total time for which application threads were stopped: 0.0001772 seconds, Stopping threads took: 0.0000269 seconds
2021-03-30T20:36:24.012+0800: 39099.934: Total time for which application threads were stopped: 0.0002006 seconds, Stopping threads took: 0.0000363 seconds
2021-03-30T20:36:24.012+0800: 39099.934: Total time for which application threads were stopped: 0.0001697 seconds, Stopping threads took: 0.0000175 seconds
2021-03-30T20:36:24.012+0800: 39099.934: Total time for which application threads were stopped: 0.0001276 seconds, Stopping threads took: 0.0000172 seconds
2021-03-30T20:36:24.013+0800: 39099.935: Total time for which application threads were stopped: 0.0001605 seconds, Stopping threads took: 0.0000182 seconds
2021-03-30T20:36:24.014+0800: 39099.936: Total time for which application threads were stopped: 0.0001451 seconds, Stopping threads took: 0.0000162 seconds
2021-03-30T20:36:24.014+0800: 39099.936: Total time for which application threads were stopped: 0.0001293 seconds, Stopping threads took: 0.0000179 seconds
2021-03-30T20:36:24.015+0800: 39099.937: Total time for which application threads were stopped: 0.0001978 seconds, Stopping threads took: 0.0000241 seconds
2021-03-30T20:36:24.016+0800: 39099.938: Total time for which application threads were stopped: 0.0003044 seconds, Stopping threads took: 0.0001089 seconds
2021-03-30T20:36:24.016+0800: 39099.938: Total time for which application threads were stopped: 0.0002249 seconds, Stopping threads took: 0.0000878 seconds
2021-03-30T20:36:24.018+0800: 39099.940: Total time for which application threads were stopped: 0.0006432 seconds, Stopping threads took: 0.0001139 seconds
2021-03-30T20:36:24.019+0800: 39099.941: Total time for which application threads were stopped: 0.0006314 seconds, Stopping threads took: 0.0002107 seconds
2021-03-30T20:36:24.025+0800: 39099.947: Total time for which application threads were stopped: 0.0007325 seconds, Stopping threads took: 0.0001408 seconds
2021-03-30T20:36:24.026+0800: 39099.947: Total time for which application threads were stopped: 0.0002650 seconds, Stopping threads took: 0.0001058 seconds
2021-03-30T20:36:24.043+0800: 39099.965: Total time for which application threads were stopped: 0.0003222 seconds, Stopping threads took: 0.0000868 seconds
2021-03-30T20:36:24.044+0800: 39099.966: Total time for which application threads were stopped: 0.0002682 seconds, Stopping threads took: 0.0000510 seconds
2021-03-30T20:36:24.045+0800: 39099.967: Total time for which application threads were stopped: 0.0002848 seconds, Stopping threads took: 0.0000758 seconds
2021-03-30T20:36:24.046+0800: 39099.968: Total time for which application threads were stopped: 0.0002126 seconds, Stopping threads took: 0.0000477 seconds
2021-03-30T20:36:24.046+0800: 39099.968: Total time for which application threads were stopped: 0.0001457 seconds, Stopping threads took: 0.0000226 seconds
2021-03-30T20:36:24.051+0800: 39099.973: Total time for which application threads were stopped: 0.0003317 seconds, Stopping threads took: 0.0000613 seconds
2021-03-30T20:36:24.052+0800: 39099.974: Total time for which application threads were stopped: 0.0003375 seconds, Stopping threads took: 0.0001395 seconds
2021-03-30T20:36:24.052+0800: 39099.974: Total time for which application threads were stopped: 0.0002573 seconds, Stopping threads took: 0.0000404 seconds
2021-03-30T20:36:24.054+0800: 39099.976: Total time for which application threads were stopped: 0.0002272 seconds, Stopping threads took: 0.0000321 seconds
2021-03-30T20:36:24.057+0800: 39099.979: Total time for which application threads were stopped: 0.0003489 seconds, Stopping threads took: 0.0000484 seconds
2021-03-30T20:36:25.058+0800: 39100.979: Total time for which application threads were stopped: 0.0008091 seconds, Stopping threads took: 0.0001580 seconds
2021-03-30T20:36:27.058+0800: 39102.979: Total time for which application threads were stopped: 0.0003835 seconds, Stopping threads took: 0.0000632 seconds
2021-03-30T20:36:28.789+0800: 39104.710: Total time for which application threads were stopped: 0.0004636 seconds, Stopping threads took: 0.0001738 seconds
2021-03-30T20:36:28.790+0800: 39104.711: Total time for which application threads were stopped: 0.0002452 seconds, Stopping threads took: 0.0000230 seconds
2021-03-30T20:36:28.790+0800: 39104.711: Total time for which application threads were stopped: 0.0001403 seconds, Stopping threads took: 0.0000185 seconds
2021-03-30T20:36:28.790+0800: 39104.712: Total time for which application threads were stopped: 0.0001363 seconds, Stopping threads took: 0.0000144 seconds
2021-03-30T20:36:28.791+0800: 39104.712: Total time for which application threads were stopped: 0.0002516 seconds, Stopping threads took: 0.0000990 seconds
2021-03-30T20:36:28.791+0800: 39104.712: Total time for which application threads were stopped: 0.0001979 seconds, Stopping threads took: 0.0000723 seconds
2021-03-30T20:36:28.792+0800: 39104.713: Total time for which application threads were stopped: 0.0001834 seconds, Stopping threads took: 0.0000247 seconds
2021-03-30T20:36:28.793+0800: 39104.714: Total time for which application threads were stopped: 0.0002237 seconds, Stopping threads took: 0.0000440 seconds
2021-03-30T20:36:28.795+0800: 39104.716: Total time for which application threads were stopped: 0.0022717 seconds, Stopping threads took: 0.0001621 seconds
2021-03-30T20:36:28.795+0800: 39104.717: Total time for which application threads were stopped: 0.0002297 seconds, Stopping threads took: 0.0000885 seconds
2021-03-30T20:36:28.796+0800: 39104.717: Total time for which application threads were stopped: 0.0002405 seconds, Stopping threads took: 0.0000851 seconds
2021-03-30T20:36:28.796+0800: 39104.717: Total time for which application threads were stopped: 0.0002072 seconds, Stopping threads took: 0.0000662 seconds
2021-03-30T20:36:28.796+0800: 39104.718: Total time for which application threads were stopped: 0.0001940 seconds, Stopping threads took: 0.0000322 seconds
2021-03-30T20:36:28.797+0800: 39104.718: Total time for which application threads were stopped: 0.0001808 seconds, Stopping threads took: 0.0000381 seconds
2021-03-30T20:36:29.797+0800: 39105.718: Total time for which application threads were stopped: 0.0002420 seconds, Stopping threads took: 0.0000421 seconds
2021-03-30T20:37:05.037+0800: 39140.959: Total time for which application threads were stopped: 0.0003311 seconds, Stopping threads took: 0.0000945 seconds
2021-03-30T20:37:13.273+0800: 39149.194: Total time for which application threads were stopped: 0.0007778 seconds, Stopping threads took: 0.0001478 seconds
2021-03-30T20:37:16.142+0800: 39152.063: Total time for which application threads were stopped: 0.0002609 seconds, Stopping threads took: 0.0000412 seconds
2021-03-30T20:38:15.419+0800: 39211.340: Total time for which application threads were stopped: 0.0002939 seconds, Stopping threads took: 0.0000488 seconds
2021-03-30T20:38:15.432+0800: 39211.354: Total time for which application threads were stopped: 0.0002595 seconds, Stopping threads took: 0.0000464 seconds
2021-03-30T20:38:15.433+0800: 39211.355: Total time for which application threads were stopped: 0.0002899 seconds, Stopping threads took: 0.0000355 seconds
2021-03-30T20:38:15.434+0800: 39211.355: Total time for which application threads were stopped: 0.0002137 seconds, Stopping threads took: 0.0000214 seconds
2021-03-30T20:38:15.434+0800: 39211.356: Total time for which application threads were stopped: 0.0002345 seconds, Stopping threads took: 0.0000335 seconds
2021-03-30T20:38:15.435+0800: 39211.357: Total time for which application threads were stopped: 0.0002785 seconds, Stopping threads took: 0.0000314 seconds
2021-03-30T20:38:15.437+0800: 39211.358: Total time for which application threads were stopped: 0.0003605 seconds, Stopping threads took: 0.0000915 seconds
2021-03-30T20:38:15.437+0800: 39211.358: Total time for which application threads were stopped: 0.0002913 seconds, Stopping threads took: 0.0000969 seconds
2021-03-30T20:38:15.438+0800: 39211.359: Total time for which application threads were stopped: 0.0002505 seconds, Stopping threads took: 0.0000295 seconds
2021-03-30T20:38:15.439+0800: 39211.360: Total time for which application threads were stopped: 0.0002401 seconds, Stopping threads took: 0.0000271 seconds
2021-03-30T20:38:15.439+0800: 39211.360: Total time for which application threads were stopped: 0.0001906 seconds, Stopping threads took: 0.0000176 seconds
2021-03-30T20:38:15.441+0800: 39211.362: Total time for which application threads were stopped: 0.0002625 seconds, Stopping threads took: 0.0000399 seconds
2021-03-30T20:38:15.441+0800: 39211.363: Total time for which application threads were stopped: 0.0002807 seconds, Stopping threads took: 0.0000303 seconds
2021-03-30T20:38:15.442+0800: 39211.364: Total time for which application threads were stopped: 0.0002827 seconds, Stopping threads took: 0.0000432 seconds
2021-03-30T20:38:15.444+0800: 39211.365: Total time for which application threads were stopped: 0.0002490 seconds, Stopping threads took: 0.0000358 seconds
2021-03-30T20:38:15.445+0800: 39211.366: Total time for which application threads were stopped: 0.0006741 seconds, Stopping threads took: 0.0000162 seconds
2021-03-30T20:38:16.446+0800: 39212.367: Total time for which application threads were stopped: 0.0003960 seconds, Stopping threads took: 0.0001453 seconds
2021-03-30T20:38:29.454+0800: 39225.375: Total time for which application threads were stopped: 0.0007532 seconds, Stopping threads took: 0.0001359 seconds
2021-03-30T20:38:30.338+0800: 39226.260: Total time for which application threads were stopped: 0.0005920 seconds, Stopping threads took: 0.0000943 seconds
2021-03-30T20:38:54.415+0800: 39250.336: Total time for which application threads were stopped: 0.0003097 seconds, Stopping threads took: 0.0000503 seconds
2021-03-30T20:38:54.417+0800: 39250.338: Total time for which application threads were stopped: 0.0002502 seconds, Stopping threads took: 0.0000419 seconds
2021-03-30T20:38:54.418+0800: 39250.340: Total time for which application threads were stopped: 0.0003333 seconds, Stopping threads took: 0.0000380 seconds
2021-03-30T20:38:54.418+0800: 39250.340: Total time for which application threads were stopped: 0.0002460 seconds, Stopping threads took: 0.0000259 seconds
2021-03-30T20:38:54.419+0800: 39250.340: Total time for which application threads were stopped: 0.0001997 seconds, Stopping threads took: 0.0000270 seconds
2021-03-30T20:38:54.419+0800: 39250.341: Total time for which application threads were stopped: 0.0003296 seconds, Stopping threads took: 0.0001612 seconds
2021-03-30T20:38:54.421+0800: 39250.342: Total time for which application threads were stopped: 0.0004039 seconds, Stopping threads took: 0.0001175 seconds
2021-03-30T20:38:54.421+0800: 39250.342: Total time for which application threads were stopped: 0.0003040 seconds, Stopping threads took: 0.0000854 seconds
2021-03-30T20:38:54.421+0800: 39250.343: Total time for which application threads were stopped: 0.0003518 seconds, Stopping threads took: 0.0000957 seconds
2021-03-30T20:38:54.422+0800: 39250.344: Total time for which application threads were stopped: 0.0003743 seconds, Stopping threads took: 0.0001310 seconds
2021-03-30T20:38:54.424+0800: 39250.345: Total time for which application threads were stopped: 0.0003284 seconds, Stopping threads took: 0.0000896 seconds
2021-03-30T20:38:54.427+0800: 39250.348: Total time for which application threads were stopped: 0.0002612 seconds, Stopping threads took: 0.0000576 seconds
2021-03-30T20:38:55.222+0800: 39251.143: Total time for which application threads were stopped: 0.0008386 seconds, Stopping threads took: 0.0001990 seconds
2021-03-30T20:38:55.225+0800: 39251.146: Total time for which application threads were stopped: 0.0004166 seconds, Stopping threads took: 0.0001418 seconds
2021-03-30T20:38:55.303+0800: 39251.224: Total time for which application threads were stopped: 0.0012585 seconds, Stopping threads took: 0.0000940 seconds
2021-03-30T20:38:56.303+0800: 39252.225: Total time for which application threads were stopped: 0.0007302 seconds, Stopping threads took: 0.0000561 seconds
{Heap before GC invocations=22 (full 0):
 garbage-first heap   total 524288K, used 386421K [0x00000000e0000000, 0x00000000e0101000, 0x0000000100000000)
  region size 1024K, 307 young (314368K), 33 survivors (33792K)
 Metaspace       used 68774K, capacity 73372K, committed 73544K, reserved 1114112K
  class space    used 8006K, capacity 8789K, committed 8832K, reserved 1048576K
2021-03-30T20:38:56.359+0800: 39252.280: [GC pause (G1 Evacuation Pause) (young)
Desired survivor size 20447232 bytes, new threshold 4 (max 15)
- age   1:   13757120 bytes,   13757120 total
- age   2:    2958832 bytes,   16715952 total
- age   3:    2809480 bytes,   19525432 total
- age   4:    4441448 bytes,   23966880 total
- age   5:     358928 bytes,   24325808 total
- age   6:      44576 bytes,   24370384 total
- age   7:      85648 bytes,   24456032 total
- age   8:     112216 bytes,   24568248 total
- age   9:    1409136 bytes,   25977384 total
- age  10:    1718224 bytes,   27695608 total
, 0.0170685 secs]
   [Parallel Time: 13.2 ms, GC Workers: 8]
      [GC Worker Start (ms): Min: 39252280.4, Avg: 39252280.4, Max: 39252280.5, Diff: 0.1]
      [Ext Root Scanning (ms): Min: 0.5, Avg: 0.7, Max: 1.9, Diff: 1.4, Sum: 5.9]
      [Update RS (ms): Min: 0.0, Avg: 1.0, Max: 1.5, Diff: 1.5, Sum: 8.3]
         [Processed Buffers: Min: 0, Avg: 7.5, Max: 19, Diff: 19, Sum: 60]
      [Scan RS (ms): Min: 0.0, Avg: 0.0, Max: 0.1, Diff: 0.0, Sum: 0.2]
      [Code Root Scanning (ms): Min: 0.0, Avg: 0.8, Max: 1.7, Diff: 1.7, Sum: 6.0]
      [Object Copy (ms): Min: 9.4, Avg: 10.4, Max: 11.3, Diff: 1.9, Sum: 83.1]
      [Termination (ms): Min: 0.0, Avg: 0.0, Max: 0.1, Diff: 0.1, Sum: 0.4]
         [Termination Attempts: Min: 1, Avg: 3.1, Max: 6, Diff: 5, Sum: 25]
      [GC Worker Other (ms): Min: 0.0, Avg: 0.0, Max: 0.0, Diff: 0.0, Sum: 0.1]
      [GC Worker Total (ms): Min: 12.9, Avg: 13.0, Max: 13.1, Diff: 0.1, Sum: 104.1]
      [GC Worker End (ms): Min: 39252293.4, Avg: 39252293.4, Max: 39252293.4, Diff: 0.0]
   [Code Root Fixup: 0.2 ms]
   [Code Root Purge: 0.0 ms]
   [Clear CT: 0.2 ms]
   [Other: 3.5 ms]
      [Choose CSet: 0.0 ms]
      [Ref Proc: 2.6 ms]
      [Ref Enq: 0.2 ms]
      [Redirty Cards: 0.2 ms]
      [Humongous Register: 0.0 ms]
      [Humongous Reclaim: 0.0 ms]
      [Free CSet: 0.2 ms]
   [Eden: 274.0M(274.0M)->0.0B(274.0M) Survivors: 33.0M->33.0M Heap: 377.4M(512.0M)->109.0M(512.0M)]
Heap after GC invocations=23 (full 0):
 garbage-first heap   total 524288K, used 111612K [0x00000000e0000000, 0x00000000e0101000, 0x0000000100000000)
  region size 1024K, 33 young (33792K), 33 survivors (33792K)
 Metaspace       used 68774K, capacity 73372K, committed 73544K, reserved 1114112K
  class space    used 8006K, capacity 8789K, committed 8832K, reserved 1048576K
}
 [Times: user=0.01 sys=0.00, real=0.02 secs] 
2021-03-30T20:38:56.376+0800: 39252.297: Total time for which application threads were stopped: 0.0176768 seconds, Stopping threads took: 0.0000552 seconds
2021-03-30T20:38:56.377+0800: 39252.298: Total time for which application threads were stopped: 0.0007895 seconds, Stopping threads took: 0.0000766 seconds
2021-03-30T20:38:57.378+0800: 39253.299: Total time for which application threads were stopped: 0.0003357 seconds, Stopping threads took: 0.0000929 seconds
{Heap before GC invocations=23 (full 0):
 garbage-first heap   total 524288K, used 395790K [0x00000000e0000000, 0x00000000e0101000, 0x0000000100000000)
  region size 1024K, 307 young (314368K), 33 survivors (33792K)
 Metaspace       used 68775K, capacity 73372K, committed 73544K, reserved 1114112K
  class space    used 8006K, capacity 8789K, committed 8832K, reserved 1048576K
2021-03-30T20:38:57.588+0800: 39253.510: [GC pause (G1 Evacuation Pause) (young)
Desired survivor size 20447232 bytes, new threshold 2 (max 15)
- age   1:   10420456 bytes,   10420456 total
- age   2:   10631248 bytes,   21051704 total
- age   3:    2620832 bytes,   23672536 total
- age   4:    2632048 bytes,   26304584 total
, 0.0149120 secs]
   [Parallel Time: 12.7 ms, GC Workers: 8]
      [GC Worker Start (ms): Min: 39253510.1, Avg: 39253510.1, Max: 39253510.2, Diff: 0.1]
      [Ext Root Scanning (ms): Min: 0.4, Avg: 0.5, Max: 1.1, Diff: 0.7, Sum: 4.2]
      [Update RS (ms): Min: 2.2, Avg: 2.6, Max: 2.8, Diff: 0.7, Sum: 21.1]
         [Processed Buffers: Min: 6, Avg: 7.1, Max: 9, Diff: 3, Sum: 57]
      [Scan RS (ms): Min: 0.0, Avg: 0.0, Max: 0.1, Diff: 0.0, Sum: 0.2]
      [Code Root Scanning (ms): Min: 0.0, Avg: 0.1, Max: 0.3, Diff: 0.3, Sum: 0.8]
      [Object Copy (ms): Min: 9.1, Avg: 9.3, Max: 9.5, Diff: 0.3, Sum: 74.7]
      [Termination (ms): Min: 0.0, Avg: 0.0, Max: 0.0, Diff: 0.0, Sum: 0.0]
         [Termination Attempts: Min: 1, Avg: 1.0, Max: 1, Diff: 0, Sum: 8]
      [GC Worker Other (ms): Min: 0.0, Avg: 0.0, Max: 0.1, Diff: 0.0, Sum: 0.3]
      [GC Worker Total (ms): Min: 12.6, Avg: 12.6, Max: 12.7, Diff: 0.1, Sum: 101.2]
      [GC Worker End (ms): Min: 39253522.8, Avg: 39253522.8, Max: 39253522.8, Diff: 0.0]
   [Code Root Fixup: 0.0 ms]
   [Code Root Purge: 0.0 ms]
   [Clear CT: 0.1 ms]
   [Other: 2.0 ms]
      [Choose CSet: 0.0 ms]
      [Ref Proc: 1.5 ms]
      [Ref Enq: 0.1 ms]
      [Redirty Cards: 0.1 ms]
      [Humongous Register: 0.0 ms]
      [Humongous Reclaim: 0.0 ms]
      [Free CSet: 0.1 ms]
   [Eden: 274.0M(274.0M)->0.0B(284.0M) Survivors: 33.0M->23.0M Heap: 386.5M(512.0M)->118.6M(512.0M)]
Heap after GC invocations=24 (full 0):
 garbage-first heap   total 524288K, used 121413K [0x00000000e0000000, 0x00000000e0101000, 0x0000000100000000)
  region size 1024K, 23 young (23552K), 23 survivors (23552K)
 Metaspace       used 68775K, capacity 73372K, committed 73544K, reserved 1114112K
  class space    used 8006K, capacity 8789K, committed 8832K, reserved 1048576K
}
 [Times: user=0.13 sys=0.00, real=0.01 secs] 
2021-03-30T20:38:57.603+0800: 39253.525: Total time for which application threads were stopped: 0.0153571 seconds, Stopping threads took: 0.0000460 seconds
2021-03-30T20:38:57.844+0800: 39253.766: Total time for which application threads were stopped: 0.0003442 seconds, Stopping threads took: 0.0000532 seconds
2021-03-30T20:38:58.324+0800: 39254.245: Total time for which application threads were stopped: 0.0004872 seconds, Stopping threads took: 0.0000714 seconds
2021-03-30T20:38:58.367+0800: 39254.288: Total time for which application threads were stopped: 0.0003333 seconds, Stopping threads took: 0.0000517 seconds
2021-03-30T20:38:58.367+0800: 39254.288: Total time for which application threads were stopped: 0.0002589 seconds, Stopping threads took: 0.0000298 seconds
2021-03-30T20:38:58.367+0800: 39254.289: Total time for which application threads were stopped: 0.0003374 seconds, Stopping threads took: 0.0001748 seconds
2021-03-30T20:38:58.372+0800: 39254.294: Total time for which application threads were stopped: 0.0006681 seconds, Stopping threads took: 0.0000718 seconds
2021-03-30T20:38:58.373+0800: 39254.294: Total time for which application threads were stopped: 0.0005181 seconds, Stopping threads took: 0.0000530 seconds
{Heap before GC invocations=24 (full 0):
 garbage-first heap   total 524288K, used 413358K [0x00000000e0000000, 0x00000000e0101000, 0x0000000100000000)
  region size 1024K, 307 young (314368K), 23 survivors (23552K)
 Metaspace       used 68918K, capacity 73522K, committed 73800K, reserved 1114112K
  class space    used 8012K, capacity 8794K, committed 8832K, reserved 1048576K
2021-03-30T20:38:59.281+0800: 39255.202: [GC pause (G1 Evacuation Pause) (young)
Desired survivor size 20447232 bytes, new threshold 15 (max 15)
- age   1:   11276120 bytes,   11276120 total
- age   2:    8733040 bytes,   20009160 total
, 0.0071922 secs]
   [Parallel Time: 4.8 ms, GC Workers: 8]
      [GC Worker Start (ms): Min: 39255202.3, Avg: 39255202.3, Max: 39255202.4, Diff: 0.0]
      [Ext Root Scanning (ms): Min: 0.4, Avg: 0.5, Max: 1.0, Diff: 0.7, Sum: 4.0]
      [Update RS (ms): Min: 2.2, Avg: 2.7, Max: 2.9, Diff: 0.7, Sum: 21.4]
         [Processed Buffers: Min: 4, Avg: 7.3, Max: 14, Diff: 10, Sum: 58]
      [Scan RS (ms): Min: 0.0, Avg: 0.1, Max: 0.2, Diff: 0.2, Sum: 0.7]
      [Code Root Scanning (ms): Min: 0.0, Avg: 0.0, Max: 0.1, Diff: 0.1, Sum: 0.3]
      [Object Copy (ms): Min: 1.3, Avg: 1.4, Max: 1.5, Diff: 0.2, Sum: 11.3]
      [Termination (ms): Min: 0.0, Avg: 0.0, Max: 0.0, Diff: 0.0, Sum: 0.0]
         [Termination Attempts: Min: 1, Avg: 1.1, Max: 2, Diff: 1, Sum: 9]
      [GC Worker Other (ms): Min: 0.0, Avg: 0.0, Max: 0.1, Diff: 0.0, Sum: 0.3]
      [GC Worker Total (ms): Min: 4.7, Avg: 4.7, Max: 4.8, Diff: 0.1, Sum: 37.9]
      [GC Worker End (ms): Min: 39255207.1, Avg: 39255207.1, Max: 39255207.1, Diff: 0.0]
   [Code Root Fixup: 0.0 ms]
   [Code Root Purge: 0.0 ms]
   [Clear CT: 0.1 ms]
   [Other: 2.2 ms]
      [Choose CSet: 0.0 ms]
      [Ref Proc: 1.5 ms]
      [Ref Enq: 0.1 ms]
      [Redirty Cards: 0.1 ms]
      [Humongous Register: 0.0 ms]
      [Humongous Reclaim: 0.0 ms]
      [Free CSet: 0.1 ms]
   [Eden: 284.0M(284.0M)->0.0B(298.0M) Survivors: 23.0M->9216.0K Heap: 403.7M(512.0M)->104.6M(512.0M)]
Heap after GC invocations=25 (full 0):
 garbage-first heap   total 524288K, used 107077K [0x00000000e0000000, 0x00000000e0101000, 0x0000000100000000)
  region size 1024K, 9 young (9216K), 9 survivors (9216K)
 Metaspace       used 68918K, capacity 73522K, committed 73800K, reserved 1114112K
  class space    used 8012K, capacity 8794K, committed 8832K, reserved 1048576K
}
 [Times: user=0.00 sys=0.00, real=0.01 secs] 
2021-03-30T20:38:59.288+0800: 39255.209: Total time for which application threads were stopped: 0.0084329 seconds, Stopping threads took: 0.0000531 seconds
2021-03-30T20:38:59.884+0800: 39255.806: Total time for which application threads were stopped: 0.0004069 seconds, Stopping threads took: 0.0000448 seconds
{Heap before GC invocations=25 (full 0):
 garbage-first heap   total 524288K, used 412229K [0x00000000e0000000, 0x00000000e0101000, 0x0000000100000000)
  region size 1024K, 307 young (314368K), 9 survivors (9216K)
 Metaspace       used 68918K, capacity 73522K, committed 73800K, reserved 1114112K
  class space    used 8012K, capacity 8794K, committed 8832K, reserved 1048576K
2021-03-30T20:39:00.603+0800: 39256.524: [GC pause (G1 Evacuation Pause) (young)
Desired survivor size 20447232 bytes, new threshold 15 (max 15)
- age   1:    1915808 bytes,    1915808 total
- age   2:      20960 bytes,    1936768 total
- age   3:    2944656 bytes,    4881424 total
, 0.0069608 secs]
   [Parallel Time: 3.0 ms, GC Workers: 8]
      [GC Worker Start (ms): Min: 39256524.6, Avg: 39256524.7, Max: 39256524.8, Diff: 0.2]
      [Ext Root Scanning (ms): Min: 0.2, Avg: 0.5, Max: 1.3, Diff: 1.1, Sum: 4.3]
      [Update RS (ms): Min: 0.0, Avg: 0.3, Max: 0.6, Diff: 0.6, Sum: 2.4]
         [Processed Buffers: Min: 0, Avg: 1.8, Max: 6, Diff: 6, Sum: 14]
      [Scan RS (ms): Min: 0.0, Avg: 0.0, Max: 0.1, Diff: 0.1, Sum: 0.2]
      [Code Root Scanning (ms): Min: 0.0, Avg: 0.3, Max: 1.8, Diff: 1.8, Sum: 2.1]
      [Object Copy (ms): Min: 0.1, Avg: 1.5, Max: 2.4, Diff: 2.3, Sum: 12.1]
      [Termination (ms): Min: 0.0, Avg: 0.1, Max: 0.1, Diff: 0.1, Sum: 0.6]
         [Termination Attempts: Min: 1, Avg: 1.0, Max: 1, Diff: 0, Sum: 8]
      [GC Worker Other (ms): Min: 0.0, Avg: 0.0, Max: 0.0, Diff: 0.0, Sum: 0.1]
      [GC Worker Total (ms): Min: 2.7, Avg: 2.7, Max: 2.8, Diff: 0.1, Sum: 21.8]
      [GC Worker End (ms): Min: 39256527.4, Avg: 39256527.4, Max: 39256527.5, Diff: 0.0]
   [Code Root Fixup: 0.0 ms]
   [Code Root Purge: 0.0 ms]
   [Clear CT: 0.2 ms]
   [Other: 3.8 ms]
      [Choose CSet: 0.0 ms]
      [Ref Proc: 3.2 ms]
      [Ref Enq: 0.2 ms]
      [Redirty Cards: 0.1 ms]
      [Humongous Register: 0.0 ms]
      [Humongous Reclaim: 0.0 ms]
      [Free CSet: 0.1 ms]
   [Eden: 298.0M(298.0M)->0.0B(300.0M) Survivors: 9216.0K->7168.0K Heap: 402.6M(512.0M)->102.6M(512.0M)]
Heap after GC invocations=26 (full 0):
 garbage-first heap   total 524288K, used 105029K [0x00000000e0000000, 0x00000000e0101000, 0x0000000100000000)
  region size 1024K, 7 young (7168K), 7 survivors (7168K)
 Metaspace       used 68918K, capacity 73522K, committed 73800K, reserved 1114112K
  class space    used 8012K, capacity 8794K, committed 8832K, reserved 1048576K
}
 [Times: user=0.01 sys=0.00, real=0.01 secs] 
2021-03-30T20:39:00.610+0800: 39256.532: Total time for which application threads were stopped: 0.0074506 seconds, Stopping threads took: 0.0000569 seconds
2021-03-30T20:39:01.611+0800: 39257.533: Total time for which application threads were stopped: 0.0006343 seconds, Stopping threads took: 0.0001187 seconds
2021-03-30T20:39:11.285+0800: 39267.206: Total time for which application threads were stopped: 0.0003465 seconds, Stopping threads took: 0.0000563 seconds
2021-03-30T20:39:12.749+0800: 39268.670: Total time for which application threads were stopped: 0.0004347 seconds, Stopping threads took: 0.0000645 seconds
2021-03-30T20:39:12.750+0800: 39268.671: Total time for which application threads were stopped: 0.0003105 seconds, Stopping threads took: 0.0000609 seconds
2021-03-30T20:39:12.750+0800: 39268.672: Total time for which application threads were stopped: 0.0002840 seconds, Stopping threads took: 0.0000251 seconds
2021-03-30T20:39:12.751+0800: 39268.672: Total time for which application threads were stopped: 0.0002425 seconds, Stopping threads took: 0.0000208 seconds
2021-03-30T20:39:12.751+0800: 39268.672: Total time for which application threads were stopped: 0.0002636 seconds, Stopping threads took: 0.0000355 seconds
2021-03-30T20:39:12.751+0800: 39268.673: Total time for which application threads were stopped: 0.0002239 seconds, Stopping threads took: 0.0000218 seconds
2021-03-30T20:39:12.752+0800: 39268.673: Total time for which application threads were stopped: 0.0002713 seconds, Stopping threads took: 0.0001207 seconds
2021-03-30T20:39:12.753+0800: 39268.674: Total time for which application threads were stopped: 0.0006364 seconds, Stopping threads took: 0.0000316 seconds
2021-03-30T20:39:13.722+0800: 39269.644: Total time for which application threads were stopped: 0.0005387 seconds, Stopping threads took: 0.0003022 seconds
2021-03-30T20:40:16.852+0800: 39332.773: Total time for which application threads were stopped: 0.0002472 seconds, Stopping threads took: 0.0000421 seconds
2021-03-30T20:41:25.179+0800: 39401.100: Total time for which application threads were stopped: 0.0004717 seconds, Stopping threads took: 0.0000775 seconds
2021-03-30T20:42:13.287+0800: 39449.208: Total time for which application threads were stopped: 0.0004871 seconds, Stopping threads took: 0.0000804 seconds
2021-03-30T20:42:16.344+0800: 39452.266: Total time for which application threads were stopped: 0.0002564 seconds, Stopping threads took: 0.0000367 seconds
2021-03-30T20:45:16.788+0800: 39632.709: Total time for which application threads were stopped: 0.0003041 seconds, Stopping threads took: 0.0000587 seconds
2021-03-30T20:47:13.330+0800: 39749.251: Total time for which application threads were stopped: 0.0007077 seconds, Stopping threads took: 0.0001428 seconds
2021-03-30T20:47:16.577+0800: 39752.499: Total time for which application threads were stopped: 0.0002371 seconds, Stopping threads took: 0.0000403 seconds
2021-03-30T20:50:16.903+0800: 39932.824: Total time for which application threads were stopped: 0.0003829 seconds, Stopping threads took: 0.0000710 seconds
2021-03-30T20:52:13.332+0800: 40049.254: Total time for which application threads were stopped: 0.0003322 seconds, Stopping threads took: 0.0000786 seconds
2021-03-30T20:52:16.800+0800: 40052.722: Total time for which application threads were stopped: 0.0003974 seconds, Stopping threads took: 0.0000456 seconds
2021-03-30T20:53:14.119+0800: 40110.040: Total time for which application threads were stopped: 0.0002928 seconds, Stopping threads took: 0.0000528 seconds
2021-03-30T20:53:15.119+0800: 40111.041: Total time for which application threads were stopped: 0.0009158 seconds, Stopping threads took: 0.0003102 seconds
2021-03-30T20:53:21.921+0800: 40117.843: Total time for which application threads were stopped: 0.0007765 seconds, Stopping threads took: 0.0000876 seconds
2021-03-30T20:54:17.040+0800: 40172.961: Total time for which application threads were stopped: 0.0006994 seconds, Stopping threads took: 0.0001172 seconds
2021-03-30T20:55:17.167+0800: 40233.089: Total time for which application threads were stopped: 0.0007708 seconds, Stopping threads took: 0.0001124 seconds
2021-03-30T20:57:13.336+0800: 40349.257: Total time for which application threads were stopped: 0.0008556 seconds, Stopping threads took: 0.0001223 seconds
2021-03-30T20:57:17.014+0800: 40352.936: Total time for which application threads were stopped: 0.0002416 seconds, Stopping threads took: 0.0000380 seconds
2021-03-30T21:02:13.344+0800: 40649.266: Total time for which application threads were stopped: 0.0003221 seconds, Stopping threads took: 0.0000443 seconds
2021-03-30T21:02:17.213+0800: 40653.135: Total time for which application threads were stopped: 0.0008049 seconds, Stopping threads took: 0.0000402 seconds
2021-03-30T21:03:17.269+0800: 40713.190: Total time for which application threads were stopped: 0.0002821 seconds, Stopping threads took: 0.0000455 seconds
2021-03-30T21:07:13.358+0800: 40949.279: Total time for which application threads were stopped: 0.0013081 seconds, Stopping threads took: 0.0002883 seconds
2021-03-30T21:07:17.454+0800: 40953.375: Total time for which application threads were stopped: 0.0002815 seconds, Stopping threads took: 0.0000389 seconds
2021-03-30T21:08:18.158+0800: 41014.080: Total time for which application threads were stopped: 0.0007842 seconds, Stopping threads took: 0.0001199 seconds
2021-03-30T21:08:18.163+0800: 41014.084: Total time for which application threads were stopped: 0.0002690 seconds, Stopping threads took: 0.0000316 seconds
2021-03-30T21:08:18.163+0800: 41014.085: Total time for which application threads were stopped: 0.0002112 seconds, Stopping threads took: 0.0000240 seconds
2021-03-30T21:08:18.165+0800: 41014.087: Total time for which application threads were stopped: 0.0003864 seconds, Stopping threads took: 0.0001764 seconds
2021-03-30T21:08:18.174+0800: 41014.096: Total time for which application threads were stopped: 0.0003687 seconds, Stopping threads took: 0.0001240 seconds
2021-03-30T21:08:18.260+0800: 41014.181: Total time for which application threads were stopped: 0.0002892 seconds, Stopping threads took: 0.0000541 seconds
2021-03-30T21:08:29.270+0800: 41025.192: Total time for which application threads were stopped: 0.0007074 seconds, Stopping threads took: 0.0001098 seconds
2021-03-30T21:08:30.606+0800: 41026.527: Total time for which application threads were stopped: 0.0004052 seconds, Stopping threads took: 0.0000685 seconds
2021-03-30T21:08:38.608+0800: 41034.530: Total time for which application threads were stopped: 0.0008009 seconds, Stopping threads took: 0.0001246 seconds
2021-03-30T21:08:44.609+0800: 41040.531: Total time for which application threads were stopped: 0.0007792 seconds, Stopping threads took: 0.0001305 seconds
2021-03-30T21:12:13.363+0800: 41249.285: Total time for which application threads were stopped: 0.0008755 seconds, Stopping threads took: 0.0001738 seconds
2021-03-30T21:12:17.648+0800: 41253.569: Total time for which application threads were stopped: 0.0002754 seconds, Stopping threads took: 0.0000400 seconds
2021-03-30T21:13:29.770+0800: 41325.691: Total time for which application threads were stopped: 0.0002878 seconds, Stopping threads took: 0.0000478 seconds
2021-03-30T21:15:16.774+0800: 41432.696: Total time for which application threads were stopped: 0.0003029 seconds, Stopping threads took: 0.0000500 seconds
2021-03-30T21:15:17.786+0800: 41433.707: Total time for which application threads were stopped: 0.0005082 seconds, Stopping threads took: 0.0000858 seconds
2021-03-30T21:15:37.310+0800: 41453.231: Total time for which application threads were stopped: 0.0003256 seconds, Stopping threads took: 0.0000740 seconds
2021-03-30T21:15:37.313+0800: 41453.234: Total time for which application threads were stopped: 0.0004275 seconds, Stopping threads took: 0.0001777 seconds
2021-03-30T21:17:13.395+0800: 41549.316: Total time for which application threads were stopped: 0.0010914 seconds, Stopping threads took: 0.0002419 seconds
2021-03-30T21:17:17.915+0800: 41553.837: Total time for which application threads were stopped: 0.0004082 seconds, Stopping threads took: 0.0000528 seconds
2021-03-30T21:20:31.306+0800: 41747.227: Total time for which application threads were stopped: 0.0008184 seconds, Stopping threads took: 0.0001529 seconds
2021-03-30T21:20:33.221+0800: 41749.143: Total time for which application threads were stopped: 0.0005682 seconds, Stopping threads took: 0.0000748 seconds
2021-03-30T21:20:33.226+0800: 41749.148: Total time for which application threads were stopped: 0.0004327 seconds, Stopping threads took: 0.0001388 seconds
2021-03-30T21:20:33.240+0800: 41749.162: Total time for which application threads were stopped: 0.0002970 seconds, Stopping threads took: 0.0000437 seconds
2021-03-30T21:20:33.241+0800: 41749.163: Total time for which application threads were stopped: 0.0003185 seconds, Stopping threads took: 0.0000402 seconds
2021-03-30T21:20:34.255+0800: 41750.176: Total time for which application threads were stopped: 0.0003929 seconds, Stopping threads took: 0.0001207 seconds
{Heap before GC invocations=26 (full 0):
 garbage-first heap   total 524288K, used 414610K [0x00000000e0000000, 0x00000000e0101000, 0x0000000100000000)
  region size 1024K, 307 young (314368K), 7 survivors (7168K)
 Metaspace       used 68962K, capacity 73530K, committed 73800K, reserved 1114112K
  class space    used 8012K, capacity 8794K, committed 8832K, reserved 1048576K
2021-03-30T21:20:34.577+0800: 41750.498: [GC pause (G1 Evacuation Pause) (young)
Desired survivor size 20447232 bytes, new threshold 15 (max 15)
- age   1:    1666520 bytes,    1666520 total
- age   2:     311384 bytes,    1977904 total
- age   3:      20960 bytes,    1998864 total
- age   4:    2944656 bytes,    4943520 total
, 0.0068224 secs]
   [Parallel Time: 4.6 ms, GC Workers: 8]
      [GC Worker Start (ms): Min: 41750498.0, Avg: 41750498.1, Max: 41750498.2, Diff: 0.2]
      [Ext Root Scanning (ms): Min: 0.3, Avg: 0.6, Max: 1.4, Diff: 1.1, Sum: 4.5]
      [Update RS (ms): Min: 0.0, Avg: 0.6, Max: 0.8, Diff: 0.8, Sum: 4.7]
         [Processed Buffers: Min: 0, Avg: 7.1, Max: 16, Diff: 16, Sum: 57]
      [Scan RS (ms): Min: 0.0, Avg: 0.0, Max: 0.1, Diff: 0.1, Sum: 0.2]
      [Code Root Scanning (ms): Min: 0.0, Avg: 0.0, Max: 0.1, Diff: 0.1, Sum: 0.3]
      [Object Copy (ms): Min: 3.0, Avg: 3.1, Max: 3.3, Diff: 0.3, Sum: 25.2]
      [Termination (ms): Min: 0.0, Avg: 0.1, Max: 0.1, Diff: 0.1, Sum: 0.6]
         [Termination Attempts: Min: 1, Avg: 1.0, Max: 1, Diff: 0, Sum: 8]
      [GC Worker Other (ms): Min: 0.0, Avg: 0.0, Max: 0.0, Diff: 0.0, Sum: 0.2]
      [GC Worker Total (ms): Min: 4.4, Avg: 4.5, Max: 4.5, Diff: 0.2, Sum: 35.6]
      [GC Worker End (ms): Min: 41750502.5, Avg: 41750502.5, Max: 41750502.6, Diff: 0.0]
   [Code Root Fixup: 0.0 ms]
   [Code Root Purge: 0.0 ms]
   [Clear CT: 0.1 ms]
   [Other: 2.1 ms]
      [Choose CSet: 0.0 ms]
      [Ref Proc: 1.5 ms]
      [Ref Enq: 0.1 ms]
      [Redirty Cards: 0.1 ms]
      [Humongous Register: 0.0 ms]
      [Humongous Reclaim: 0.0 ms]
      [Free CSet: 0.1 ms]
   [Eden: 300.0M(300.0M)->0.0B(285.0M) Survivors: 7168.0K->22.0M Heap: 404.9M(512.0M)->117.6M(512.0M)]
Heap after GC invocations=27 (full 0):
 garbage-first heap   total 524288K, used 120389K [0x00000000e0000000, 0x00000000e0101000, 0x0000000100000000)
  region size 1024K, 22 young (22528K), 22 survivors (22528K)
 Metaspace       used 68962K, capacity 73530K, committed 73800K, reserved 1114112K
  class space    used 8012K, capacity 8794K, committed 8832K, reserved 1048576K
}
 [Times: user=0.00 sys=0.00, real=0.01 secs] 
2021-03-30T21:20:34.584+0800: 41750.505: Total time for which application threads were stopped: 0.0072873 seconds, Stopping threads took: 0.0000448 seconds
2021-03-30T21:20:35.597+0800: 41751.518: Total time for which application threads were stopped: 0.0004025 seconds, Stopping threads took: 0.0001776 seconds
{Heap before GC invocations=27 (full 0):
 garbage-first heap   total 524288K, used 415832K [0x00000000e0000000, 0x00000000e0101000, 0x0000000100000000)
  region size 1024K, 307 young (314368K), 22 survivors (22528K)
 Metaspace       used 68962K, capacity 73530K, committed 73800K, reserved 1114112K
  class space    used 8012K, capacity 8794K, committed 8832K, reserved 1048576K
2021-03-30T21:20:35.762+0800: 41751.683: [GC pause (G1 Evacuation Pause) (young)
Desired survivor size 20447232 bytes, new threshold 15 (max 15)
- age   1:   11318464 bytes,   11318464 total
- age   2:      12400 bytes,   11330864 total
- age   3:      21744 bytes,   11352608 total
- age   4:      20800 bytes,   11373408 total
- age   5:    2729688 bytes,   14103096 total
, 0.0092173 secs]
   [Parallel Time: 6.3 ms, GC Workers: 8]
      [GC Worker Start (ms): Min: 41751683.4, Avg: 41751683.5, Max: 41751683.6, Diff: 0.2]
      [Ext Root Scanning (ms): Min: 0.3, Avg: 0.5, Max: 1.0, Diff: 0.7, Sum: 4.0]
      [Update RS (ms): Min: 0.0, Avg: 0.4, Max: 0.7, Diff: 0.6, Sum: 3.6]
         [Processed Buffers: Min: 1, Avg: 3.4, Max: 7, Diff: 6, Sum: 27]
      [Scan RS (ms): Min: 0.0, Avg: 0.0, Max: 0.0, Diff: 0.0, Sum: 0.2]
      [Code Root Scanning (ms): Min: 0.0, Avg: 0.0, Max: 0.1, Diff: 0.1, Sum: 0.2]
      [Object Copy (ms): Min: 4.8, Avg: 4.8, Max: 4.9, Diff: 0.1, Sum: 38.7]
      [Termination (ms): Min: 0.0, Avg: 0.0, Max: 0.0, Diff: 0.0, Sum: 0.0]
         [Termination Attempts: Min: 1, Avg: 1.0, Max: 1, Diff: 0, Sum: 8]
      [GC Worker Other (ms): Min: 0.0, Avg: 0.0, Max: 0.1, Diff: 0.1, Sum: 0.3]
      [GC Worker Total (ms): Min: 5.8, Avg: 5.9, Max: 6.0, Diff: 0.2, Sum: 47.1]
      [GC Worker End (ms): Min: 41751689.4, Avg: 41751689.4, Max: 41751689.4, Diff: 0.0]
   [Code Root Fixup: 0.0 ms]
   [Code Root Purge: 0.0 ms]
   [Clear CT: 0.1 ms]
   [Other: 2.8 ms]
      [Choose CSet: 0.0 ms]
      [Ref Proc: 2.4 ms]
      [Ref Enq: 0.1 ms]
      [Redirty Cards: 0.1 ms]
      [Humongous Register: 0.0 ms]
      [Humongous Reclaim: 0.0 ms]
      [Free CSet: 0.1 ms]
   [Eden: 285.0M(285.0M)->0.0B(278.0M) Survivors: 22.0M->29.0M Heap: 406.1M(512.0M)->124.6M(512.0M)]
Heap after GC invocations=28 (full 0):
 garbage-first heap   total 524288K, used 127557K [0x00000000e0000000, 0x00000000e0101000, 0x0000000100000000)
  region size 1024K, 29 young (29696K), 29 survivors (29696K)
 Metaspace       used 68962K, capacity 73530K, committed 73800K, reserved 1114112K
  class space    used 8012K, capacity 8794K, committed 8832K, reserved 1048576K
}
 [Times: user=0.13 sys=0.00, real=0.01 secs] 
2021-03-30T21:20:35.771+0800: 41751.693: Total time for which application threads were stopped: 0.0096575 seconds, Stopping threads took: 0.0000716 seconds
2021-03-30T21:20:36.235+0800: 41752.156: Total time for which application threads were stopped: 0.0003203 seconds, Stopping threads took: 0.0000534 seconds
2021-03-30T21:20:36.235+0800: 41752.156: Total time for which application threads were stopped: 0.0002893 seconds, Stopping threads took: 0.0000543 seconds
2021-03-30T21:20:36.239+0800: 41752.160: Total time for which application threads were stopped: 0.0003653 seconds, Stopping threads took: 0.0000592 seconds
2021-03-30T21:20:36.239+0800: 41752.161: Total time for which application threads were stopped: 0.0002517 seconds, Stopping threads took: 0.0000287 seconds
2021-03-30T21:20:48.536+0800: 41764.457: Total time for which application threads were stopped: 0.0002606 seconds, Stopping threads took: 0.0000485 seconds
2021-03-30T21:20:49.536+0800: 41765.457: Total time for which application threads were stopped: 0.0005822 seconds, Stopping threads took: 0.0001034 seconds
2021-03-30T21:21:47.689+0800: 41823.610: Total time for which application threads were stopped: 0.0002367 seconds, Stopping threads took: 0.0000651 seconds
2021-03-30T21:22:13.423+0800: 41849.345: Total time for which application threads were stopped: 0.0008991 seconds, Stopping threads took: 0.0001661 seconds
2021-03-30T21:22:18.161+0800: 41854.083: Total time for which application threads were stopped: 0.0002514 seconds, Stopping threads took: 0.0000387 seconds
2021-03-30T21:23:01.264+0800: 41897.186: Total time for which application threads were stopped: 0.0007108 seconds, Stopping threads took: 0.0001230 seconds
2021-03-30T21:24:19.007+0800: 41974.929: Total time for which application threads were stopped: 0.0004451 seconds, Stopping threads took: 0.0000512 seconds
2021-03-30T21:24:19.017+0800: 41974.939: Total time for which application threads were stopped: 0.0003194 seconds, Stopping threads took: 0.0000465 seconds
2021-03-30T21:24:19.064+0800: 41974.986: Total time for which application threads were stopped: 0.0003330 seconds, Stopping threads took: 0.0000710 seconds
2021-03-30T21:24:19.092+0800: 41975.014: Total time for which application threads were stopped: 0.0002631 seconds, Stopping threads took: 0.0000389 seconds
2021-03-30T21:24:20.093+0800: 41976.015: Total time for which application threads were stopped: 0.0002746 seconds, Stopping threads took: 0.0000394 seconds
2021-03-30T21:25:00.143+0800: 42016.065: Total time for which application threads were stopped: 0.0007525 seconds, Stopping threads took: 0.0001058 seconds
2021-03-30T21:26:05.895+0800: 42081.817: Total time for which application threads were stopped: 0.0004600 seconds, Stopping threads took: 0.0000700 seconds
2021-03-30T21:27:13.460+0800: 42149.381: Total time for which application threads were stopped: 0.0004604 seconds, Stopping threads took: 0.0001558 seconds
2021-03-30T21:27:18.430+0800: 42154.351: Total time for which application threads were stopped: 0.0004016 seconds, Stopping threads took: 0.0000578 seconds
2021-03-30T21:32:13.464+0800: 42449.386: Total time for which application threads were stopped: 0.0003646 seconds, Stopping threads took: 0.0000852 seconds
2021-03-30T21:32:18.635+0800: 42454.556: Total time for which application threads were stopped: 0.0002715 seconds, Stopping threads took: 0.0000429 seconds
2021-03-30T21:35:37.715+0800: 42653.636: Total time for which application threads were stopped: 0.0004101 seconds, Stopping threads took: 0.0001139 seconds
2021-03-30T21:36:09.004+0800: 42684.925: Total time for which application threads were stopped: 0.0008646 seconds, Stopping threads took: 0.0000472 seconds
2021-03-30T21:36:09.274+0800: 42685.196: Total time for which application threads were stopped: 0.0003226 seconds, Stopping threads took: 0.0000694 seconds
2021-03-30T21:36:09.289+0800: 42685.210: Total time for which application threads were stopped: 0.0002871 seconds, Stopping threads took: 0.0000375 seconds
2021-03-30T21:36:09.289+0800: 42685.211: Total time for which application threads were stopped: 0.0002200 seconds, Stopping threads took: 0.0000188 seconds
{Heap before GC invocations=28 (full 0):
 garbage-first heap   total 524288K, used 414538K [0x00000000e0000000, 0x00000000e0101000, 0x0000000100000000)
  region size 1024K, 307 young (314368K), 29 survivors (29696K)
 Metaspace       used 69006K, capacity 73594K, committed 73800K, reserved 1114112K
  class space    used 8012K, capacity 8794K, committed 8832K, reserved 1048576K
2021-03-30T21:36:10.175+0800: 42686.097: [GC pause (G1 Evacuation Pause) (young)
Desired survivor size 20447232 bytes, new threshold 2 (max 15)
- age   1:   11194360 bytes,   11194360 total
- age   2:    9448968 bytes,   20643328 total
- age   3:      12400 bytes,   20655728 total
- age   4:      19280 bytes,   20675008 total
- age   5:      20800 bytes,   20695808 total
- age   6:    2704016 bytes,   23399824 total
, 0.0091641 secs]
   [Parallel Time: 5.0 ms, GC Workers: 8]
      [GC Worker Start (ms): Min: 42686096.7, Avg: 42686096.8, Max: 42686096.9, Diff: 0.2]
      [Ext Root Scanning (ms): Min: 0.5, Avg: 0.7, Max: 1.6, Diff: 1.0, Sum: 5.9]
      [Update RS (ms): Min: 0.0, Avg: 0.5, Max: 0.7, Diff: 0.7, Sum: 4.1]
         [Processed Buffers: Min: 0, Avg: 6.4, Max: 18, Diff: 18, Sum: 51]
      [Scan RS (ms): Min: 0.0, Avg: 0.0, Max: 0.1, Diff: 0.0, Sum: 0.2]
      [Code Root Scanning (ms): Min: 0.0, Avg: 0.0, Max: 0.1, Diff: 0.1, Sum: 0.3]
      [Object Copy (ms): Min: 3.2, Avg: 3.3, Max: 3.4, Diff: 0.2, Sum: 26.8]
      [Termination (ms): Min: 0.0, Avg: 0.0, Max: 0.1, Diff: 0.1, Sum: 0.3]
         [Termination Attempts: Min: 1, Avg: 1.0, Max: 1, Diff: 0, Sum: 8]
      [GC Worker Other (ms): Min: 0.0, Avg: 0.0, Max: 0.0, Diff: 0.0, Sum: 0.1]
      [GC Worker Total (ms): Min: 4.7, Avg: 4.7, Max: 4.8, Diff: 0.2, Sum: 37.8]
      [GC Worker End (ms): Min: 42686101.6, Avg: 42686101.6, Max: 42686101.6, Diff: 0.0]
   [Code Root Fixup: 0.0 ms]
   [Code Root Purge: 0.0 ms]
   [Clear CT: 0.2 ms]
   [Other: 3.9 ms]
      [Choose CSet: 0.0 ms]
      [Ref Proc: 3.1 ms]
      [Ref Enq: 0.1 ms]
      [Redirty Cards: 0.1 ms]
      [Humongous Register: 0.0 ms]
      [Humongous Reclaim: 0.0 ms]
      [Free CSet: 0.4 ms]
   [Eden: 278.0M(278.0M)->0.0B(293.0M) Survivors: 29.0M->14.0M Heap: 404.8M(512.0M)->112.9M(512.0M)]
Heap after GC invocations=29 (full 0):
 garbage-first heap   total 524288K, used 115562K [0x00000000e0000000, 0x00000000e0101000, 0x0000000100000000)
  region size 1024K, 14 young (14336K), 14 survivors (14336K)
 Metaspace       used 69006K, capacity 73594K, committed 73800K, reserved 1114112K
  class space    used 8012K, capacity 8794K, committed 8832K, reserved 1048576K
}
 [Times: user=0.00 sys=0.00, real=0.01 secs] 
2021-03-30T21:36:10.184+0800: 42686.106: Total time for which application threads were stopped: 0.0096028 seconds, Stopping threads took: 0.0000404 seconds
2021-03-30T21:36:11.185+0800: 42687.106: Total time for which application threads were stopped: 0.0003433 seconds, Stopping threads took: 0.0001339 seconds
{Heap before GC invocations=29 (full 0):
 garbage-first heap   total 524288K, used 419196K [0x00000000e0000000, 0x00000000e0101000, 0x0000000100000000)
  region size 1024K, 307 young (314368K), 14 survivors (14336K)
 Metaspace       used 69006K, capacity 73594K, committed 73800K, reserved 1114112K
  class space    used 8012K, capacity 8794K, committed 8832K, reserved 1048576K
2021-03-30T21:36:11.236+0800: 42687.158: [GC pause (G1 Evacuation Pause) (young)
Desired survivor size 20447232 bytes, new threshold 15 (max 15)
- age   1:    8400248 bytes,    8400248 total
- age   2:        240 bytes,    8400488 total
, 0.0100903 secs]
   [Parallel Time: 6.5 ms, GC Workers: 8]
      [GC Worker Start (ms): Min: 42687157.7, Avg: 42687157.8, Max: 42687157.8, Diff: 0.1]
      [Ext Root Scanning (ms): Min: 0.4, Avg: 0.5, Max: 1.0, Diff: 0.6, Sum: 4.3]
      [Update RS (ms): Min: 0.6, Avg: 1.0, Max: 1.3, Diff: 0.7, Sum: 8.3]
         [Processed Buffers: Min: 2, Avg: 3.8, Max: 6, Diff: 4, Sum: 30]
      [Scan RS (ms): Min: 0.0, Avg: 0.0, Max: 0.1, Diff: 0.1, Sum: 0.2]
      [Code Root Scanning (ms): Min: 0.0, Avg: 0.0, Max: 0.0, Diff: 0.0, Sum: 0.0]
      [Object Copy (ms): Min: 4.5, Avg: 4.7, Max: 4.8, Diff: 0.3, Sum: 37.8]
      [Termination (ms): Min: 0.0, Avg: 0.1, Max: 0.1, Diff: 0.1, Sum: 0.5]
         [Termination Attempts: Min: 1, Avg: 1.8, Max: 2, Diff: 1, Sum: 14]
      [GC Worker Other (ms): Min: 0.0, Avg: 0.0, Max: 0.0, Diff: 0.0, Sum: 0.2]
      [GC Worker Total (ms): Min: 6.4, Avg: 6.4, Max: 6.5, Diff: 0.1, Sum: 51.3]
      [GC Worker End (ms): Min: 42687164.2, Avg: 42687164.2, Max: 42687164.2, Diff: 0.0]
   [Code Root Fixup: 0.0 ms]
   [Code Root Purge: 0.0 ms]
   [Clear CT: 0.1 ms]
   [Other: 3.4 ms]
      [Choose CSet: 0.0 ms]
      [Ref Proc: 2.9 ms]
      [Ref Enq: 0.1 ms]
      [Redirty Cards: 0.2 ms]
      [Humongous Register: 0.0 ms]
      [Humongous Reclaim: 0.0 ms]
      [Free CSet: 0.1 ms]
   [Eden: 293.0M(293.0M)->0.0B(284.0M) Survivors: 14.0M->23.0M Heap: 409.4M(512.0M)->121.9M(512.0M)]
Heap after GC invocations=30 (full 0):
 garbage-first heap   total 524288K, used 124778K [0x00000000e0000000, 0x00000000e0101000, 0x0000000100000000)
  region size 1024K, 23 young (23552K), 23 survivors (23552K)
 Metaspace       used 69006K, capacity 73594K, committed 73800K, reserved 1114112K
  class space    used 8012K, capacity 8794K, committed 8832K, reserved 1048576K
}
 [Times: user=0.00 sys=0.00, real=0.01 secs] 
2021-03-30T21:36:11.247+0800: 42687.168: Total time for which application threads were stopped: 0.0105275 seconds, Stopping threads took: 0.0000520 seconds
2021-03-30T21:36:11.820+0800: 42687.741: Total time for which application threads were stopped: 0.0004891 seconds, Stopping threads took: 0.0001231 seconds
2021-03-30T21:36:11.820+0800: 42687.741: Total time for which application threads were stopped: 0.0002677 seconds, Stopping threads took: 0.0000271 seconds
2021-03-30T21:36:11.822+0800: 42687.743: Total time for which application threads were stopped: 0.0003595 seconds, Stopping threads took: 0.0000537 seconds
2021-03-30T21:36:11.822+0800: 42687.743: Total time for which application threads were stopped: 0.0002850 seconds, Stopping threads took: 0.0000439 seconds
2021-03-30T21:36:11.823+0800: 42687.744: Total time for which application threads were stopped: 0.0002725 seconds, Stopping threads took: 0.0000799 seconds
2021-03-30T21:36:11.823+0800: 42687.745: Total time for which application threads were stopped: 0.0002487 seconds, Stopping threads took: 0.0000760 seconds
2021-03-30T21:36:11.824+0800: 42687.746: Total time for which application threads were stopped: 0.0002357 seconds, Stopping threads took: 0.0000444 seconds
2021-03-30T21:36:11.825+0800: 42687.746: Total time for which application threads were stopped: 0.0002066 seconds, Stopping threads took: 0.0000191 seconds
2021-03-30T21:36:11.826+0800: 42687.747: Total time for which application threads were stopped: 0.0002087 seconds, Stopping threads took: 0.0000222 seconds
2021-03-30T21:36:11.826+0800: 42687.747: Total time for which application threads were stopped: 0.0002461 seconds, Stopping threads took: 0.0000242 seconds
2021-03-30T21:36:11.827+0800: 42687.748: Total time for which application threads were stopped: 0.0002244 seconds, Stopping threads took: 0.0000296 seconds
2021-03-30T21:36:11.827+0800: 42687.748: Total time for which application threads were stopped: 0.0001988 seconds, Stopping threads took: 0.0000209 seconds
2021-03-30T21:36:12.827+0800: 42688.748: Total time for which application threads were stopped: 0.0002289 seconds, Stopping threads took: 0.0000444 seconds
2021-03-30T21:36:46.981+0800: 42722.903: Total time for which application threads were stopped: 0.0002590 seconds, Stopping threads took: 0.0000427 seconds
2021-03-30T21:36:46.983+0800: 42722.904: Total time for which application threads were stopped: 0.0002087 seconds, Stopping threads took: 0.0000241 seconds
2021-03-30T21:36:47.034+0800: 42722.956: Total time for which application threads were stopped: 0.0002906 seconds, Stopping threads took: 0.0000376 seconds
{Heap before GC invocations=30 (full 0):
 garbage-first heap   total 524288K, used 418503K [0x00000000e0000000, 0x00000000e0101000, 0x0000000100000000)
  region size 1024K, 307 young (314368K), 23 survivors (23552K)
 Metaspace       used 69010K, capacity 73594K, committed 73800K, reserved 1114112K
  class space    used 8013K, capacity 8794K, committed 8832K, reserved 1048576K
2021-03-30T21:36:47.944+0800: 42723.866: [GC pause (G1 Evacuation Pause) (young)
Desired survivor size 20447232 bytes, new threshold 15 (max 15)
- age   1:   11750768 bytes,   11750768 total
- age   2:    6788320 bytes,   18539088 total
- age   3:        240 bytes,   18539328 total
, 0.0069097 secs]
   [Parallel Time: 2.6 ms, GC Workers: 8]
      [GC Worker Start (ms): Min: 42723865.6, Avg: 42723865.7, Max: 42723865.8, Diff: 0.1]
      [Ext Root Scanning (ms): Min: 0.4, Avg: 0.6, Max: 1.1, Diff: 0.7, Sum: 4.4]
      [Update RS (ms): Min: 0.0, Avg: 0.1, Max: 0.2, Diff: 0.2, Sum: 1.0]
         [Processed Buffers: Min: 0, Avg: 5.6, Max: 14, Diff: 14, Sum: 45]
      [Scan RS (ms): Min: 0.0, Avg: 0.0, Max: 0.0, Diff: 0.0, Sum: 0.2]
      [Code Root Scanning (ms): Min: 0.0, Avg: 0.0, Max: 0.0, Diff: 0.0, Sum: 0.0]
      [Object Copy (ms): Min: 1.1, Avg: 1.4, Max: 1.5, Diff: 0.3, Sum: 11.2]
      [Termination (ms): Min: 0.0, Avg: 0.0, Max: 0.0, Diff: 0.0, Sum: 0.2]
         [Termination Attempts: Min: 1, Avg: 1.0, Max: 1, Diff: 0, Sum: 8]
      [GC Worker Other (ms): Min: 0.0, Avg: 0.0, Max: 0.0, Diff: 0.0, Sum: 0.1]
      [GC Worker Total (ms): Min: 2.1, Avg: 2.1, Max: 2.2, Diff: 0.1, Sum: 17.2]
      [GC Worker End (ms): Min: 42723867.8, Avg: 42723867.9, Max: 42723867.9, Diff: 0.0]
   [Code Root Fixup: 0.0 ms]
   [Code Root Purge: 0.0 ms]
   [Clear CT: 0.1 ms]
   [Other: 4.2 ms]
      [Choose CSet: 0.0 ms]
      [Ref Proc: 3.7 ms]
      [Ref Enq: 0.1 ms]
      [Redirty Cards: 0.1 ms]
      [Humongous Register: 0.0 ms]
      [Humongous Reclaim: 0.0 ms]
      [Free CSet: 0.1 ms]
   [Eden: 284.0M(284.0M)->0.0B(294.0M) Survivors: 23.0M->13.0M Heap: 408.7M(512.0M)->111.9M(512.0M)]
Heap after GC invocations=31 (full 0):
 garbage-first heap   total 524288K, used 114538K [0x00000000e0000000, 0x00000000e0101000, 0x0000000100000000)
  region size 1024K, 13 young (13312K), 13 survivors (13312K)
 Metaspace       used 69010K, capacity 73594K, committed 73800K, reserved 1114112K
  class space    used 8013K, capacity 8794K, committed 8832K, reserved 1048576K
}
 [Times: user=0.02 sys=0.00, real=0.01 secs] 
2021-03-30T21:36:47.951+0800: 42723.873: Total time for which application threads were stopped: 0.0073185 seconds, Stopping threads took: 0.0000375 seconds
{Heap before GC invocations=31 (full 0):
 garbage-first heap   total 524288K, used 419796K [0x00000000e0000000, 0x00000000e0101000, 0x0000000100000000)
  region size 1024K, 307 young (314368K), 13 survivors (13312K)
 Metaspace       used 69010K, capacity 73594K, committed 73800K, reserved 1114112K
  class space    used 8013K, capacity 8794K, committed 8832K, reserved 1048576K
2021-03-30T21:36:48.839+0800: 42724.760: [GC pause (G1 Evacuation Pause) (young)
Desired survivor size 20447232 bytes, new threshold 15 (max 15)
- age   1:    8282296 bytes,    8282296 total
- age   3:     258848 bytes,    8541144 total
- age   4:        240 bytes,    8541384 total
, 0.0074351 secs]
   [Parallel Time: 4.5 ms, GC Workers: 8]
      [GC Worker Start (ms): Min: 42724760.5, Avg: 42724760.6, Max: 42724760.7, Diff: 0.2]
      [Ext Root Scanning (ms): Min: 0.4, Avg: 0.5, Max: 1.2, Diff: 0.8, Sum: 4.4]
      [Update RS (ms): Min: 0.0, Avg: 0.2, Max: 0.5, Diff: 0.5, Sum: 1.2]
         [Processed Buffers: Min: 0, Avg: 2.4, Max: 7, Diff: 7, Sum: 19]
      [Scan RS (ms): Min: 0.0, Avg: 0.0, Max: 0.1, Diff: 0.1, Sum: 0.2]
      [Code Root Scanning (ms): Min: 0.0, Avg: 0.0, Max: 0.0, Diff: 0.0, Sum: 0.0]
      [Object Copy (ms): Min: 2.9, Avg: 3.3, Max: 3.5, Diff: 0.5, Sum: 26.2]
      [Termination (ms): Min: 0.0, Avg: 0.1, Max: 0.1, Diff: 0.1, Sum: 0.7]
         [Termination Attempts: Min: 1, Avg: 1.0, Max: 1, Diff: 0, Sum: 8]
      [GC Worker Other (ms): Min: 0.0, Avg: 0.0, Max: 0.0, Diff: 0.0, Sum: 0.1]
      [GC Worker Total (ms): Min: 4.0, Avg: 4.1, Max: 4.2, Diff: 0.2, Sum: 32.8]
      [GC Worker End (ms): Min: 42724764.7, Avg: 42724764.7, Max: 42724764.7, Diff: 0.0]
   [Code Root Fixup: 0.0 ms]
   [Code Root Purge: 0.0 ms]
   [Clear CT: 0.1 ms]
   [Other: 2.8 ms]
      [Choose CSet: 0.0 ms]
      [Ref Proc: 2.4 ms]
      [Ref Enq: 0.1 ms]
      [Redirty Cards: 0.1 ms]
      [Humongous Register: 0.0 ms]
      [Humongous Reclaim: 0.0 ms]
      [Free CSet: 0.1 ms]
   [Eden: 294.0M(294.0M)->0.0B(284.0M) Survivors: 13.0M->23.0M Heap: 410.0M(512.0M)->122.4M(512.0M)]
Heap after GC invocations=32 (full 0):
 garbage-first heap   total 524288K, used 125290K [0x00000000e0000000, 0x00000000e0101000, 0x0000000100000000)
  region size 1024K, 23 young (23552K), 23 survivors (23552K)
 Metaspace       used 69010K, capacity 73594K, committed 73800K, reserved 1114112K
  class space    used 8013K, capacity 8794K, committed 8832K, reserved 1048576K
}
 [Times: user=0.13 sys=0.00, real=0.01 secs] 
2021-03-30T21:36:48.847+0800: 42724.768: Total time for which application threads were stopped: 0.0078450 seconds, Stopping threads took: 0.0000378 seconds
2021-03-30T21:36:49.293+0800: 42725.214: Total time for which application threads were stopped: 0.0004113 seconds, Stopping threads took: 0.0001316 seconds
2021-03-30T21:36:49.293+0800: 42725.215: Total time for which application threads were stopped: 0.0002542 seconds, Stopping threads took: 0.0000306 seconds
2021-03-30T21:36:49.295+0800: 42725.216: Total time for which application threads were stopped: 0.0002743 seconds, Stopping threads took: 0.0000408 seconds
2021-03-30T21:36:49.295+0800: 42725.217: Total time for which application threads were stopped: 0.0002094 seconds, Stopping threads took: 0.0000215 seconds
2021-03-30T21:37:13.487+0800: 42749.409: Total time for which application threads were stopped: 0.0013079 seconds, Stopping threads took: 0.0001183 seconds
2021-03-30T21:37:18.868+0800: 42754.789: Total time for which application threads were stopped: 0.0002556 seconds, Stopping threads took: 0.0000471 seconds
2021-03-30T21:39:41.374+0800: 42897.296: Total time for which application threads were stopped: 0.0008489 seconds, Stopping threads took: 0.0000707 seconds
2021-03-30T21:39:42.275+0800: 42898.196: Total time for which application threads were stopped: 0.0002617 seconds, Stopping threads took: 0.0000457 seconds
2021-03-30T21:39:56.596+0800: 42912.518: Total time for which application threads were stopped: 0.0009500 seconds, Stopping threads took: 0.0005523 seconds
2021-03-30T21:40:12.347+0800: 42928.268: Total time for which application threads were stopped: 0.0002786 seconds, Stopping threads took: 0.0000407 seconds
2021-03-30T21:40:13.347+0800: 42929.268: Total time for which application threads were stopped: 0.0002241 seconds, Stopping threads took: 0.0000441 seconds
2021-03-30T21:40:28.396+0800: 42944.318: Total time for which application threads were stopped: 0.0002440 seconds, Stopping threads took: 0.0000403 seconds
2021-03-30T21:42:13.518+0800: 43049.439: Total time for which application threads were stopped: 0.0002720 seconds, Stopping threads took: 0.0000507 seconds
2021-03-30T21:42:19.051+0800: 43054.973: Total time for which application threads were stopped: 0.0002580 seconds, Stopping threads took: 0.0000444 seconds
2021-03-30T21:43:47.528+0800: 43143.450: Total time for which application threads were stopped: 0.0003602 seconds, Stopping threads took: 0.0001173 seconds
2021-03-30T21:43:47.536+0800: 43143.458: Total time for which application threads were stopped: 0.0004376 seconds, Stopping threads took: 0.0000653 seconds
2021-03-30T21:43:48.537+0800: 43144.459: Total time for which application threads were stopped: 0.0002757 seconds, Stopping threads took: 0.0000460 seconds
2021-03-30T21:45:31.258+0800: 43247.179: Total time for which application threads were stopped: 0.0007573 seconds, Stopping threads took: 0.0000515 seconds
2021-03-30T21:47:13.522+0800: 43349.443: Total time for which application threads were stopped: 0.0009396 seconds, Stopping threads took: 0.0001410 seconds
2021-03-30T21:47:19.187+0800: 43355.109: Total time for which application threads were stopped: 0.0003361 seconds, Stopping threads took: 0.0000495 seconds
2021-03-30T21:47:19.188+0800: 43355.109: Total time for which application threads were stopped: 0.0002734 seconds, Stopping threads took: 0.0000736 seconds
2021-03-30T21:47:19.315+0800: 43355.236: Total time for which application threads were stopped: 0.0002643 seconds, Stopping threads took: 0.0000526 seconds
2021-03-30T21:47:33.747+0800: 43369.668: Total time for which application threads were stopped: 0.0004403 seconds, Stopping threads took: 0.0000875 seconds
2021-03-30T21:50:03.190+0800: 43519.112: Total time for which application threads were stopped: 0.0003359 seconds, Stopping threads took: 0.0000886 seconds
2021-03-30T21:52:13.556+0800: 43649.477: Total time for which application threads were stopped: 0.0008287 seconds, Stopping threads took: 0.0001269 seconds
2021-03-30T21:52:19.510+0800: 43655.431: Total time for which application threads were stopped: 0.0003434 seconds, Stopping threads took: 0.0000490 seconds
2021-03-30T21:56:07.337+0800: 43883.259: Total time for which application threads were stopped: 0.0004229 seconds, Stopping threads took: 0.0001386 seconds
2021-03-30T21:56:07.337+0800: 43883.259: Total time for which application threads were stopped: 0.0001800 seconds, Stopping threads took: 0.0000274 seconds
2021-03-30T21:56:07.341+0800: 43883.263: Total time for which application threads were stopped: 0.0002257 seconds, Stopping threads took: 0.0000354 seconds
2021-03-30T21:56:07.409+0800: 43883.331: Total time for which application threads were stopped: 0.0002877 seconds, Stopping threads took: 0.0000471 seconds
2021-03-30T21:56:07.409+0800: 43883.331: Total time for which application threads were stopped: 0.0001763 seconds, Stopping threads took: 0.0000254 seconds
2021-03-30T21:56:07.512+0800: 43883.434: Total time for which application threads were stopped: 0.0003294 seconds, Stopping threads took: 0.0000535 seconds
2021-03-30T21:56:07.513+0800: 43883.434: Total time for which application threads were stopped: 0.0002509 seconds, Stopping threads took: 0.0000676 seconds
2021-03-30T21:56:07.590+0800: 43883.512: Total time for which application threads were stopped: 0.0006546 seconds, Stopping threads took: 0.0000407 seconds
2021-03-30T21:56:07.591+0800: 43883.512: Total time for which application threads were stopped: 0.0002696 seconds, Stopping threads took: 0.0001176 seconds
2021-03-30T21:56:07.703+0800: 43883.624: Total time for which application threads were stopped: 0.0004218 seconds, Stopping threads took: 0.0001393 seconds
2021-03-30T21:56:07.703+0800: 43883.625: Total time for which application threads were stopped: 0.0002573 seconds, Stopping threads took: 0.0000592 seconds
2021-03-30T21:56:07.800+0800: 43883.721: Total time for which application threads were stopped: 0.0002909 seconds, Stopping threads took: 0.0000715 seconds
2021-03-30T21:56:07.800+0800: 43883.722: Total time for which application threads were stopped: 0.0002765 seconds, Stopping threads took: 0.0000777 seconds
2021-03-30T21:56:07.959+0800: 43883.880: Total time for which application threads were stopped: 0.0009062 seconds, Stopping threads took: 0.0001112 seconds
2021-03-30T21:56:07.959+0800: 43883.880: Total time for which application threads were stopped: 0.0002033 seconds, Stopping threads took: 0.0000271 seconds
2021-03-30T21:56:08.062+0800: 43883.983: Total time for which application threads were stopped: 0.0009879 seconds, Stopping threads took: 0.0000839 seconds
2021-03-30T21:56:08.193+0800: 43884.115: Total time for which application threads were stopped: 0.0002972 seconds, Stopping threads took: 0.0000514 seconds
2021-03-30T21:56:08.194+0800: 43884.116: Total time for which application threads were stopped: 0.0009146 seconds, Stopping threads took: 0.0000813 seconds
2021-03-30T21:56:08.194+0800: 43884.116: Total time for which application threads were stopped: 0.0001420 seconds, Stopping threads took: 0.0000203 seconds
2021-03-30T21:56:08.195+0800: 43884.117: Total time for which application threads were stopped: 0.0004155 seconds, Stopping threads took: 0.0001039 seconds
2021-03-30T21:56:08.195+0800: 43884.117: Total time for which application threads were stopped: 0.0002052 seconds, Stopping threads took: 0.0000903 seconds
2021-03-30T21:56:08.196+0800: 43884.118: Total time for which application threads were stopped: 0.0006593 seconds, Stopping threads took: 0.0001219 seconds
2021-03-30T21:56:08.218+0800: 43884.140: Total time for which application threads were stopped: 0.0005301 seconds, Stopping threads took: 0.0000833 seconds
2021-03-30T21:56:08.291+0800: 43884.212: Total time for which application threads were stopped: 0.0005308 seconds, Stopping threads took: 0.0001371 seconds
2021-03-30T21:56:08.296+0800: 43884.218: Total time for which application threads were stopped: 0.0003673 seconds, Stopping threads took: 0.0000887 seconds
2021-03-30T21:56:08.296+0800: 43884.218: Total time for which application threads were stopped: 0.0003170 seconds, Stopping threads took: 0.0001332 seconds
2021-03-30T21:56:08.297+0800: 43884.219: Total time for which application threads were stopped: 0.0002100 seconds, Stopping threads took: 0.0000821 seconds
2021-03-30T21:56:08.297+0800: 43884.219: Total time for which application threads were stopped: 0.0001547 seconds, Stopping threads took: 0.0000348 seconds
2021-03-30T21:56:08.299+0800: 43884.220: Total time for which application threads were stopped: 0.0002253 seconds, Stopping threads took: 0.0001005 seconds
2021-03-30T21:56:08.299+0800: 43884.220: Total time for which application threads were stopped: 0.0002393 seconds, Stopping threads took: 0.0001054 seconds
2021-03-30T21:56:08.300+0800: 43884.221: Total time for which application threads were stopped: 0.0001993 seconds, Stopping threads took: 0.0000892 seconds
2021-03-30T21:56:08.300+0800: 43884.222: Total time for which application threads were stopped: 0.0002606 seconds, Stopping threads took: 0.0001114 seconds
2021-03-30T21:56:08.301+0800: 43884.222: Total time for which application threads were stopped: 0.0002011 seconds, Stopping threads took: 0.0000897 seconds
2021-03-30T21:56:08.302+0800: 43884.223: Total time for which application threads were stopped: 0.0002119 seconds, Stopping threads took: 0.0000894 seconds
2021-03-30T21:56:09.302+0800: 43885.224: Total time for which application threads were stopped: 0.0004780 seconds, Stopping threads took: 0.0000742 seconds
2021-03-30T21:56:20.347+0800: 43896.268: Total time for which application threads were stopped: 0.0007962 seconds, Stopping threads took: 0.0001497 seconds
2021-03-30T21:57:05.416+0800: 43941.337: Total time for which application threads were stopped: 0.0003073 seconds, Stopping threads took: 0.0000583 seconds
2021-03-30T21:57:13.560+0800: 43949.481: Total time for which application threads were stopped: 0.0009090 seconds, Stopping threads took: 0.0002541 seconds
2021-03-30T21:57:19.726+0800: 43955.648: Total time for which application threads were stopped: 0.0002878 seconds, Stopping threads took: 0.0000456 seconds
2021-03-30T21:58:19.813+0800: 44015.735: Total time for which application threads were stopped: 0.0007361 seconds, Stopping threads took: 0.0001305 seconds
2021-03-30T21:59:15.242+0800: 44071.164: Total time for which application threads were stopped: 0.0004420 seconds, Stopping threads took: 0.0001239 seconds
2021-03-30T22:00:36.871+0800: 44152.792: Total time for which application threads were stopped: 0.0006115 seconds, Stopping threads took: 0.0000766 seconds
2021-03-30T22:00:37.871+0800: 44153.792: Total time for which application threads were stopped: 0.0002266 seconds, Stopping threads took: 0.0000408 seconds
2021-03-30T22:00:44.310+0800: 44160.232: Total time for which application threads were stopped: 0.0002426 seconds, Stopping threads took: 0.0000520 seconds
2021-03-30T22:00:44.314+0800: 44160.236: Total time for which application threads were stopped: 0.0023083 seconds, Stopping threads took: 0.0000545 seconds
2021-03-30T22:00:44.314+0800: 44160.236: Total time for which application threads were stopped: 0.0003206 seconds, Stopping threads took: 0.0000663 seconds
2021-03-30T22:00:44.315+0800: 44160.236: Total time for which application threads were stopped: 0.0003805 seconds, Stopping threads took: 0.0000645 seconds
2021-03-30T22:00:44.315+0800: 44160.237: Total time for which application threads were stopped: 0.0002816 seconds, Stopping threads took: 0.0000876 seconds
2021-03-30T22:00:44.315+0800: 44160.237: Total time for which application threads were stopped: 0.0002932 seconds, Stopping threads took: 0.0000423 seconds
2021-03-30T22:00:44.317+0800: 44160.238: Total time for which application threads were stopped: 0.0003810 seconds, Stopping threads took: 0.0001280 seconds
2021-03-30T22:00:44.317+0800: 44160.239: Total time for which application threads were stopped: 0.0003168 seconds, Stopping threads took: 0.0000383 seconds
2021-03-30T22:00:44.317+0800: 44160.239: Total time for which application threads were stopped: 0.0001895 seconds, Stopping threads took: 0.0000273 seconds
2021-03-30T22:00:44.318+0800: 44160.240: Total time for which application threads were stopped: 0.0004360 seconds, Stopping threads took: 0.0000336 seconds
2021-03-30T22:00:44.318+0800: 44160.240: Total time for which application threads were stopped: 0.0001788 seconds, Stopping threads took: 0.0000387 seconds
2021-03-30T22:00:44.318+0800: 44160.240: Total time for which application threads were stopped: 0.0001921 seconds, Stopping threads took: 0.0000174 seconds
2021-03-30T22:00:44.319+0800: 44160.240: Total time for which application threads were stopped: 0.0002327 seconds, Stopping threads took: 0.0000983 seconds
2021-03-30T22:00:44.319+0800: 44160.241: Total time for which application threads were stopped: 0.0001752 seconds, Stopping threads took: 0.0000453 seconds
2021-03-30T22:00:44.345+0800: 44160.267: Total time for which application threads were stopped: 0.0005206 seconds, Stopping threads took: 0.0000675 seconds
2021-03-30T22:00:44.386+0800: 44160.307: Total time for which application threads were stopped: 0.0002641 seconds, Stopping threads took: 0.0000616 seconds
2021-03-30T22:00:53.630+0800: 44169.552: Total time for which application threads were stopped: 0.0006104 seconds, Stopping threads took: 0.0000617 seconds
2021-03-30T22:00:53.633+0800: 44169.555: Total time for which application threads were stopped: 0.0003277 seconds, Stopping threads took: 0.0000498 seconds
2021-03-30T22:00:53.633+0800: 44169.555: Total time for which application threads were stopped: 0.0003391 seconds, Stopping threads took: 0.0000621 seconds
2021-03-30T22:00:53.634+0800: 44169.556: Total time for which application threads were stopped: 0.0010690 seconds, Stopping threads took: 0.0001587 seconds
2021-03-30T22:00:53.636+0800: 44169.558: Total time for which application threads were stopped: 0.0008596 seconds, Stopping threads took: 0.0000486 seconds
2021-03-30T22:00:53.650+0800: 44169.571: Total time for which application threads were stopped: 0.0003275 seconds, Stopping threads took: 0.0000532 seconds
2021-03-30T22:00:53.650+0800: 44169.572: Total time for which application threads were stopped: 0.0003494 seconds, Stopping threads took: 0.0000283 seconds
2021-03-30T22:00:53.651+0800: 44169.572: Total time for which application threads were stopped: 0.0002865 seconds, Stopping threads took: 0.0000243 seconds
2021-03-30T22:00:53.651+0800: 44169.573: Total time for which application threads were stopped: 0.0003429 seconds, Stopping threads took: 0.0001211 seconds
2021-03-30T22:00:53.654+0800: 44169.575: Total time for which application threads were stopped: 0.0003698 seconds, Stopping threads took: 0.0000733 seconds
2021-03-30T22:00:53.664+0800: 44169.586: Total time for which application threads were stopped: 0.0004954 seconds, Stopping threads took: 0.0001706 seconds
2021-03-30T22:00:53.812+0800: 44169.734: Total time for which application threads were stopped: 0.0002941 seconds, Stopping threads took: 0.0000389 seconds
2021-03-30T22:00:54.813+0800: 44170.734: Total time for which application threads were stopped: 0.0002429 seconds, Stopping threads took: 0.0000420 seconds
2021-03-30T22:01:08.865+0800: 44184.786: Total time for which application threads were stopped: 0.0002583 seconds, Stopping threads took: 0.0000536 seconds
2021-03-30T22:02:13.583+0800: 44249.504: Total time for which application threads were stopped: 0.0003056 seconds, Stopping threads took: 0.0000881 seconds
2021-03-30T22:02:13.584+0800: 44249.505: Total time for which application threads were stopped: 0.0002485 seconds, Stopping threads took: 0.0000332 seconds
2021-03-30T22:02:13.584+0800: 44249.505: Total time for which application threads were stopped: 0.0001595 seconds, Stopping threads took: 0.0000302 seconds
2021-03-30T22:02:13.584+0800: 44249.505: Total time for which application threads were stopped: 0.0001389 seconds, Stopping threads took: 0.0000207 seconds
2021-03-30T22:02:13.584+0800: 44249.505: Total time for which application threads were stopped: 0.0001211 seconds, Stopping threads took: 0.0000174 seconds
2021-03-30T22:02:19.942+0800: 44255.863: Total time for which application threads were stopped: 0.0002852 seconds, Stopping threads took: 0.0000453 seconds
2021-03-30T22:07:13.600+0800: 44549.521: Total time for which application threads were stopped: 0.0014035 seconds, Stopping threads took: 0.0004115 seconds
2021-03-30T22:07:20.118+0800: 44556.039: Total time for which application threads were stopped: 0.0002688 seconds, Stopping threads took: 0.0000432 seconds
2021-03-30T22:07:54.090+0800: 44590.011: Total time for which application threads were stopped: 0.0003424 seconds, Stopping threads took: 0.0000588 seconds
2021-03-30T22:07:54.106+0800: 44590.028: Total time for which application threads were stopped: 0.0004961 seconds, Stopping threads took: 0.0002543 seconds
2021-03-30T22:07:54.111+0800: 44590.032: Total time for which application threads were stopped: 0.0003289 seconds, Stopping threads took: 0.0001283 seconds
2021-03-30T22:07:54.111+0800: 44590.032: Total time for which application threads were stopped: 0.0002907 seconds, Stopping threads took: 0.0001274 seconds
2021-03-30T22:07:54.111+0800: 44590.033: Total time for which application threads were stopped: 0.0002530 seconds, Stopping threads took: 0.0001103 seconds
2021-03-30T22:07:54.112+0800: 44590.033: Total time for which application threads were stopped: 0.0001548 seconds, Stopping threads took: 0.0000338 seconds
2021-03-30T22:07:54.112+0800: 44590.034: Total time for which application threads were stopped: 0.0002225 seconds, Stopping threads took: 0.0000989 seconds
2021-03-30T22:07:54.167+0800: 44590.088: Total time for which application threads were stopped: 0.0002439 seconds, Stopping threads took: 0.0000402 seconds
2021-03-30T22:07:54.169+0800: 44590.090: Total time for which application threads were stopped: 0.0007520 seconds, Stopping threads took: 0.0000327 seconds
2021-03-30T22:07:54.171+0800: 44590.093: Total time for which application threads were stopped: 0.0002433 seconds, Stopping threads took: 0.0000337 seconds
2021-03-30T22:07:54.174+0800: 44590.095: Total time for which application threads were stopped: 0.0002903 seconds, Stopping threads took: 0.0000446 seconds
2021-03-30T22:07:54.175+0800: 44590.097: Total time for which application threads were stopped: 0.0001854 seconds, Stopping threads took: 0.0000196 seconds
2021-03-30T22:07:54.178+0800: 44590.099: Total time for which application threads were stopped: 0.0004841 seconds, Stopping threads took: 0.0002521 seconds
2021-03-30T22:07:54.178+0800: 44590.100: Total time for which application threads were stopped: 0.0004439 seconds, Stopping threads took: 0.0000860 seconds
2021-03-30T22:07:54.179+0800: 44590.100: Total time for which application threads were stopped: 0.0005028 seconds, Stopping threads took: 0.0001091 seconds
2021-03-30T22:07:54.179+0800: 44590.101: Total time for which application threads were stopped: 0.0002804 seconds, Stopping threads took: 0.0001469 seconds
2021-03-30T22:07:54.180+0800: 44590.101: Total time for which application threads were stopped: 0.0002098 seconds, Stopping threads took: 0.0000934 seconds
2021-03-30T22:07:54.180+0800: 44590.102: Total time for which application threads were stopped: 0.0003889 seconds, Stopping threads took: 0.0002609 seconds
2021-03-30T22:07:54.181+0800: 44590.102: Total time for which application threads were stopped: 0.0002108 seconds, Stopping threads took: 0.0000986 seconds
2021-03-30T22:07:54.183+0800: 44590.105: Total time for which application threads were stopped: 0.0002602 seconds, Stopping threads took: 0.0000660 seconds
2021-03-30T22:07:54.194+0800: 44590.115: Total time for which application threads were stopped: 0.0002246 seconds, Stopping threads took: 0.0000490 seconds
2021-03-30T22:07:54.286+0800: 44590.208: Total time for which application threads were stopped: 0.0002239 seconds, Stopping threads took: 0.0000296 seconds
2021-03-30T22:07:54.287+0800: 44590.208: Total time for which application threads were stopped: 0.0001333 seconds, Stopping threads took: 0.0000423 seconds
2021-03-30T22:07:54.288+0800: 44590.209: Total time for which application threads were stopped: 0.0001848 seconds, Stopping threads took: 0.0000987 seconds
2021-03-30T22:07:54.288+0800: 44590.209: Total time for which application threads were stopped: 0.0002232 seconds, Stopping threads took: 0.0001597 seconds
2021-03-30T22:07:54.289+0800: 44590.210: Total time for which application threads were stopped: 0.0001466 seconds, Stopping threads took: 0.0000601 seconds
Heap
 garbage-first heap   total 524288K, used 406394K [0x00000000e0000000, 0x00000000e0101000, 0x0000000100000000)
  region size 1024K, 298 young (305152K), 23 survivors (23552K)
 Metaspace       used 69465K, capacity 74122K, committed 74440K, reserved 1114112K
  class space    used 8053K, capacity 8856K, committed 8960K, reserved 1048576K
